10.32.12.5 - - [29/Apr/2024:06:14:53 +0000] "POST /v1.0/cert/device/status/bf8dcf19-7297-47d7-8ddf-fcbb58dc4163 HTTP/1.1" 200 94 "-" "go-resty/2.7.0 (https://github.com/go-resty/resty)" 601 0.005 [edge365-api-cert-revoke-80] [] 10.32.12.95:3000 94 0.008 200 d237e8dd0c1f08e5a1c95c5a061fcab8
10.32.12.5 - - [29/Apr/2024:06:14:59 +0000] "POST /v1.0/cert/device/status/04852cee-5961-4b71-ac2d-5c9076e790ad HTTP/1.1" 200 94 "-" "go-resty/2.7.0 (https://github.com/go-resty/resty)" 601 0.007 [edge365-api-cert-revoke-80] [] 10.32.12.95:3000 94 0.004 200 8835d8ccebd05898f6f479b6f002a67d
10.32.12.5 - - [29/Apr/2024:06:15:08 +0000] "POST /v1.0/cert/device/status/3623afdf-88db-42cc-a56a-8ab928fb7f7e HTTP/1.1" 200 94 "-" "go-resty/2.7.0 (https://github.com/go-resty/resty)" 601 0.010 [edge365-api-cert-revoke-80] [] 10.32.12.95:3000 94 0.008 200 79792aece3a8a9fefb72fa605bc69f76
10.32.12.5 - - [29/Apr/2024:06:15:10 +0000] "POST /object/alarm/status HTTP/1.1" 499 0 "-" "Apache-HttpClient/4.5.9 (Java/1.8.0_282)" 454 4.995 [edge365-wise-mplus-userfunctions-80] [] 10.32.12.75:8080 0 4.992 - 41454cbdb6fcf2da28861270bdcd4378
10.32.12.5 - - [29/Apr/2024:06:15:12 +0000] "POST /v1.0/cert/device/status/69a7f7f4-f74d-4df8-863f-346e73073c85 HTTP/1.1" 200 94 "-" "go-resty/2.7.0 (https://github.com/go-resty/resty)" 601 0.004 [edge365-api-cert-revoke-80] [] 10.32.12.95:3000 94 0.004 200 6ddbbb45c1ae2871f4fb6da4032d5b7f
10.32.12.5 - - [29/Apr/2024:06:15:14 +0000] "POST /v1.0/cert/device/status/69a7f7f4-f74d-4df8-863f-346e73073c85 HTTP/1.1" 200 94 "-" "go-resty/2.7.0 (https://github.com/go-resty/resty)" 601 0.005 [edge365-api-cert-revoke-80] [] 10.32.12.95:3000 94 0.004 200 4f62ba2802835a5147c9219c7154a966
10.32.12.5 - - [29/Apr/2024:06:15:15 +0000] "POST /v1.0/cert/device/status/f4d15f76-b79b-4cc9-aa5b-74291ab489be HTTP/1.1" 200 94 "-" "go-resty/2.7.0 (https://github.com/go-resty/resty)" 529 0.009 [edge365-api-cert-revoke-80] [] 10.32.12.95:3000 94 0.008 200 c9deab0f6d61e5e168cbb03aa3d0b2ef
10.32.12.68 - - [29/Apr/2024:06:15:18 +0000] "POST /v1.0/cert/device/status/33bd5e9e-e880-42b7-96c7-7bee1ec3840c HTTP/1.1" 200 94 "-" "go-resty/2.7.0 (https://github.com/go-resty/resty)" 601 0.006 [edge365-api-cert-revoke-80] [] 10.32.12.95:3000 94 0.008 200 ed24ee173878ff3521c819af202e1cbe
10.32.12.68 - - [29/Apr/2024:06:15:19 +0000] "POST /v1.0/cert/device/status/33bd5e9e-e880-42b7-96c7-7bee1ec3840c HTTP/1.1" 200 94 "-" "go-resty/2.7.0 (https://github.com/go-resty/resty)" 601 0.005 [edge365-api-cert-revoke-80] [] 10.32.12.95:3000 94 0.008 200 cffd4a78d830d93d43ca4d986f97cce8
10.32.12.131 - - [29/Apr/2024:06:15:20 +0000] "POST /object/alarm/status HTTP/1.1" 499 0 "-" "Apache-HttpClient/4.5.9 (Java/1.8.0_282)" 454 5.001 [edge365-wise-mplus-userfunctions-80] [] 10.32.12.75:8080 0 5.000 - 8ca7fab7bcafd4bc92555ac7594e3bea
10.32.12.5 - - [29/Apr/2024:06:15:22 +0000] "GET /v4.0/health HTTP/1.1" 200 62 "-" "axios/0.18.0" 160 0.006 [ensaas-service-sso-http] [] 10.32.12.107:8080 62 0.004 200 c21e491fca69ecea7255204fb844338e
10.32.12.68 - - [29/Apr/2024:06:15:23 +0000] "POST /v1.0/cert/device/status/46427a01-7efe-4fc5-b1f9-dd01e6ed0433 HTTP/1.1" 200 94 "-" "go-resty/2.7.0 (https://github.com/go-resty/resty)" 601 0.010 [edge365-api-cert-revoke-80] [] 10.32.12.95:3000 94 0.008 200 0c0d7d01a19f6649c057293b0e709db7
10.32.12.131 - - [29/Apr/2024:06:15:35 +0000] "POST /object/alarm/status HTTP/1.1" 499 0 "-" "Apache-HttpClient/4.5.9 (Java/1.8.0_282)" 454 5.318 [edge365-wise-mplus-userfunctions-80] [] 10.32.12.75:8080 0 5.321 - 159238cf6ece71cbe092780bc4f24863
10.32.12.131 - - [29/Apr/2024:06:15:40 +0000] "POST /object/alarm/status HTTP/1.1" 499 0 "-" "Apache-HttpClient/4.5.9 (Java/1.8.0_282)" 454 5.001 [edge365-wise-mplus-userfunctions-80] [] 10.32.12.75:8080 0 5.004 - 277f63497bacce5080714ecf730cef7d
10.32.12.5 - - [29/Apr/2024:06:15:41 +0000] "POST /group/alarm/status HTTP/1.1" 200 101 "-" "Apache-HttpClient/4.5.9 (Java/1.8.0_282)" 452 0.016 [edge365-wise-mplus-userfunctions-80] [] 10.32.12.75:8080 101 0.020 200 39ad8e988d273196b132384b5c5312c8
10.32.12.131 - - [29/Apr/2024:06:15:41 +0000] "POST /group/alarm/status HTTP/1.1" 200 101 "-" "Apache-HttpClient/4.5.9 (Java/1.8.0_282)" 452 0.006 [edge365-wise-mplus-userfunctions-80] [] 10.32.12.75:8080 101 0.008 200 8b9eab43935bea5dd5b4c5506530075a
10.32.12.68 - - [29/Apr/2024:06:15:41 +0000] "POST /group/param/sum HTTP/1.1" 200 98 "-" "Apache-HttpClient/4.5.9 (Java/1.8.0_282)" 460 0.008 [edge365-wise-mplus-userfunctions-80] [] 10.32.12.75:8080 98 0.008 200 a7b9d0c649fbdb76d029dadf8422cec4
10.32.12.68 - - [29/Apr/2024:06:15:41 +0000] "POST /group/alarm/status HTTP/1.1" 200 101 "-" "Apache-HttpClient/4.5.9 (Java/1.8.0_282)" 452 0.006 [edge365-wise-mplus-userfunctions-80] [] 10.32.12.75:8080 101 0.008 200 5bb90e1f5bfadaebdb163e910df114b2
10.32.12.131 - - [29/Apr/2024:06:15:41 +0000] "POST /object/alarm/status HTTP/1.1" 200 102 "-" "Apache-HttpClient/4.5.9 (Java/1.8.0_282)" 454 0.006 [edge365-wise-mplus-userfunctions-80] [] 10.32.12.75:8080 102 0.004 200 2cba279394dda20cd1e27a2aadcf3f21
10.32.12.5 - - [29/Apr/2024:06:15:41 +0000] "POST /object/alarm/status HTTP/1.1" 200 102 "-" "Apache-HttpClient/4.5.9 (Java/1.8.0_282)" 454 0.005 [edge365-wise-mplus-userfunctions-80] [] 10.32.12.75:8080 102 0.004 200 c62f2a3a32d367afce9c4c275cb2dc94
10.32.12.131 - - [29/Apr/2024:06:15:41 +0000] "POST /object/alarm/status HTTP/1.1" 200 102 "-" "Apache-HttpClient/4.5.9 (Java/1.8.0_282)" 454 0.005 [edge365-wise-mplus-userfunctions-80] [] 10.32.12.75:8080 102 0.008 200 9e868e86ba7bb8cc03002e08bcd40854
10.32.12.5 - - [29/Apr/2024:06:15:42 +0000] "POST /object/alarm/status HTTP/1.1" 200 102 "-" "Apache-HttpClient/4.5.9 (Java/1.8.0_282)" 453 0.007 [edge365-wise-mplus-userfunctions-80] [] 10.32.12.75:8080 102 0.008 200 99f7b8b57f515bdefbd3a7c042be763a
10.32.12.5 - - [29/Apr/2024:06:15:42 +0000] "POST /object/alarm/status HTTP/1.1" 200 102 "-" "Apache-HttpClient/4.5.9 (Java/1.8.0_282)" 453 0.007 [edge365-wise-mplus-userfunctions-80] [] 10.32.12.75:8080 102 0.008 200 e42bbe66c4f57a39555b38ce71158543
10.32.12.131 - - [29/Apr/2024:06:15:42 +0000] "POST /object/alarm/status HTTP/1.1" 200 102 "-" "Apache-HttpClient/4.5.9 (Java/1.8.0_282)" 454 0.005 [edge365-wise-mplus-userfunctions-80] [] 10.32.12.75:8080 102 0.004 200 80bbb9264a74a02f6449f46a75015b93
10.32.12.5 - - [29/Apr/2024:06:15:42 +0000] "POST /object/alarm/status HTTP/1.1" 200 102 "-" "Apache-HttpClient/4.5.9 (Java/1.8.0_282)" 454 0.007 [edge365-wise-mplus-userfunctions-80] [] 10.32.12.75:8080 102 0.008 200 c4ec57c941f7ef9b1bd93179a5669720
10.32.12.131 - - [29/Apr/2024:06:15:42 +0000] "POST /object/alarm/status HTTP/1.1" 200 102 "-" "Apache-HttpClient/4.5.9 (Java/1.8.0_282)" 454 0.006 [edge365-wise-mplus-userfunctions-80] [] 10.32.12.75:8080 102 0.008 200 f646cded3777a3eee5d8ef90529105ba
10.32.12.5 - - [29/Apr/2024:06:15:42 +0000] "POST /object/alarm/status HTTP/1.1" 200 102 "-" "Apache-HttpClient/4.5.9 (Java/1.8.0_282)" 454 0.005 [edge365-wise-mplus-userfunctions-80] [] 10.32.12.75:8080 102 0.004 200 ec441fb823d86d5dd6d7244771924703
10.32.12.131 - - [29/Apr/2024:06:15:42 +0000] "POST /object/alarm/status HTTP/1.1" 200 102 "-" "Apache-HttpClient/4.5.9 (Java/1.8.0_282)" 454 0.006 [edge365-wise-mplus-userfunctions-80] [] 10.32.12.75:8080 102 0.004 200 2c23a92a3f93ca5f386c92413405d6fa
10.32.12.68 - - [29/Apr/2024:06:15:42 +0000] "POST /object/alarm/status HTTP/1.1" 200 102 "-" "Apache-HttpClient/4.5.9 (Java/1.8.0_282)" 454 0.007 [edge365-wise-mplus-userfunctions-80] [] 10.32.12.75:8080 102 0.008 200 09d98b57bb866be62abd0e44d8699d81
10.32.12.68 - - [29/Apr/2024:06:15:42 +0000] "POST /object/alarm/status HTTP/1.1" 200 102 "-" "Apache-HttpClient/4.5.9 (Java/1.8.0_282)" 454 0.006 [edge365-wise-mplus-userfunctions-80] [] 10.32.12.75:8080 102 0.008 200 0e1608455d1c2cf9d39c3e86f82fd9fc
10.32.12.195 - - [29/Apr/2024:06:15:42 +0000] "POST /group/param/sum HTTP/1.1" 200 103 "-" "Apache-HttpClient/4.5.9 (Java/1.8.0_282)" 456 0.011 [edge365-wise-mplus-userfunctions-80] [] 10.32.12.75:8080 103 0.012 200 082aa5261bbcb9e1cd05f5717bc6159e
10.32.12.68 - - [29/Apr/2024:06:15:42 +0000] "POST /group/param/sum HTTP/1.1" 200 103 "-" "Apache-HttpClient/4.5.9 (Java/1.8.0_282)" 457 0.011 [edge365-wise-mplus-userfunctions-80] [] 10.32.12.75:8080 103 0.012 200 a68a565d7bca85cde5ab54579fb8bbe0
10.32.12.68 - - [29/Apr/2024:06:15:42 +0000] "POST /group/param/sum HTTP/1.1" 200 103 "-" "Apache-HttpClient/4.5.9 (Java/1.8.0_282)" 459 0.007 [edge365-wise-mplus-userfunctions-80] [] 10.32.12.75:8080 103 0.008 200 f18105f0574337531deca598c2099335
10.32.12.131 - - [29/Apr/2024:06:15:42 +0000] "POST /v1.0/cert/device/status/f969ba00-f059-4836-8795-05d9b56e8f87 HTTP/1.1" 200 94 "-" "go-resty/2.7.0 (https://github.com/go-resty/resty)" 601 0.009 [edge365-api-cert-revoke-80] [] 10.32.12.95:3000 94 0.008 200 6147535222922ef3dd75d29c2eba16b6
10.32.12.131 - - [29/Apr/2024:06:15:42 +0000] "POST /group/alarm/status HTTP/1.1" 200 101 "-" "Apache-HttpClient/4.5.9 (Java/1.8.0_282)" 452 0.006 [edge365-wise-mplus-userfunctions-80] [] 10.32.12.75:8080 101 0.008 200 3f7a490f1f985b1f1820b24e8cd5d5db
10.32.12.5 - - [29/Apr/2024:06:15:43 +0000] "POST /group/param/sum HTTP/1.1" 200 100 "-" "Apache-HttpClient/4.5.9 (Java/1.8.0_282)" 456 0.008 [edge365-wise-mplus-userfunctions-80] [] 10.32.12.75:8080 100 0.008 200 b6a375ebf959ff851951feb7d28f4aa7
10.32.12.5 - - [29/Apr/2024:06:15:43 +0000] "POST /group/param/sum HTTP/1.1" 200 104 "-" "Apache-HttpClient/4.5.9 (Java/1.8.0_282)" 456 0.011 [edge365-wise-mplus-userfunctions-80] [] 10.32.12.75:8080 104 0.008 200 8bacd1327997384fa127c39d7c88a76f
10.32.12.5 - - [29/Apr/2024:06:15:43 +0000] "POST /group/alarm/status HTTP/1.1" 200 101 "-" "Apache-HttpClient/4.5.9 (Java/1.8.0_282)" 452 0.006 [edge365-wise-mplus-userfunctions-80] [] 10.32.12.75:8080 101 0.008 200 f1d53097f712cc4882a163a85f39632b
10.32.12.131 - - [29/Apr/2024:06:15:44 +0000] "POST /group/param/sum HTTP/1.1" 200 98 "-" "Apache-HttpClient/4.5.9 (Java/1.8.0_282)" 459 0.004 [edge365-wise-mplus-userfunctions-80] [] 10.32.12.75:8080 98 0.004 200 a590dff51521ae7d6ea6c18bf9fbb5f4
10.32.12.68 - - [29/Apr/2024:06:15:44 +0000] "POST /group/alarm/status HTTP/1.1" 200 101 "-" "Apache-HttpClient/4.5.9 (Java/1.8.0_282)" 451 0.006 [edge365-wise-mplus-userfunctions-80] [] 10.32.12.75:8080 101 0.004 200 25dc4dbdc55f1c5847c2e457a7e0ddf9
10.32.12.195 - - [29/Apr/2024:06:15:44 +0000] "POST /group/alarm/status HTTP/1.1" 200 101 "-" "Apache-HttpClient/4.5.9 (Java/1.8.0_282)" 451 0.005 [edge365-wise-mplus-userfunctions-80] [] 10.32.12.75:8080 101 0.004 200 7e7acf85ab99b123dfe296f8d38042fd
10.32.12.195 - - [29/Apr/2024:06:15:44 +0000] "POST /group/alarm/status HTTP/1.1" 200 101 "-" "Apache-HttpClient/4.5.9 (Java/1.8.0_282)" 451 0.005 [edge365-wise-mplus-userfunctions-80] [] 10.32.12.75:8080 101 0.008 200 d4fb0f9ce5505777b669b46627d71571
10.32.12.68 - - [29/Apr/2024:06:15:44 +0000] "POST /object/alarm/status HTTP/1.1" 200 102 "-" "Apache-HttpClient/4.5.9 (Java/1.8.0_282)" 454 0.006 [edge365-wise-mplus-userfunctions-80] [] 10.32.12.75:8080 102 0.008 200 c1a43532d0a9b542fee6205024143b1e
10.32.12.195 - - [29/Apr/2024:06:15:44 +0000] "POST /object/alarm/status HTTP/1.1" 200 102 "-" "Apache-HttpClient/4.5.9 (Java/1.8.0_282)" 454 0.005 [edge365-wise-mplus-userfunctions-80] [] 10.32.12.75:8080 102 0.004 200 31d221b9cc3a0229928c7d7228e2142f
10.32.12.195 - - [29/Apr/2024:06:15:44 +0000] "POST /object/alarm/status HTTP/1.1" 200 102 "-" "Apache-HttpClient/4.5.9 (Java/1.8.0_282)" 454 0.005 [edge365-wise-mplus-userfunctions-80] [] 10.32.12.75:8080 102 0.004 200 c144d2f6cb6e8bf12a0c55ff4a0c5985
10.32.12.195 - - [29/Apr/2024:06:15:44 +0000] "POST /object/alarm/status HTTP/1.1" 200 102 "-" "Apache-HttpClient/4.5.9 (Java/1.8.0_282)" 454 0.006 [edge365-wise-mplus-userfunctions-80] [] 10.32.12.75:8080 102 0.008 200 869b1f4308c5d2e147a9a335ef7230e5
10.32.12.195 - - [29/Apr/2024:06:15:44 +0000] "POST /group/param/sum HTTP/1.1" 200 113 "-" "Apache-HttpClient/4.5.9 (Java/1.8.0_282)" 458 0.008 [edge365-wise-mplus-userfunctions-80] [] 10.32.12.75:8080 113 0.008 200 9f16af3c94cf92f09db4c6797445cd51
10.32.12.195 - - [29/Apr/2024:06:15:44 +0000] "POST /group/param/sum HTTP/1.1" 200 103 "-" "Apache-HttpClient/4.5.9 (Java/1.8.0_282)" 459 0.008 [edge365-wise-mplus-userfunctions-80] [] 10.32.12.75:8080 103 0.008 200 9bcf83471c3c35802a73b40555c4812b
10.32.12.195 - - [29/Apr/2024:06:15:44 +0000] "POST /group/param/sum HTTP/1.1" 200 103 "-" "Apache-HttpClient/4.5.9 (Java/1.8.0_282)" 455 0.007 [edge365-wise-mplus-userfunctions-80] [] 10.32.12.75:8080 103 0.008 200 6bfb141be4029838e520085fc5d7f007
10.32.12.195 - - [29/Apr/2024:06:15:44 +0000] "POST /group/param/sum HTTP/1.1" 200 100 "-" "Apache-HttpClient/4.5.9 (Java/1.8.0_282)" 456 0.008 [edge365-wise-mplus-userfunctions-80] [] 10.32.12.75:8080 100 0.008 200 2875eff1a19602b2e936a259d1bd91fa
10.32.12.5 - - [29/Apr/2024:06:15:45 +0000] "POST /v4.0/tokenvalidation HTTP/1.1" 200 658 "-" "axios/0.18.0" 791 0.006 [ensaas-service-sso-http] [] 10.32.12.107:8080 658 0.004 200 aec6fd8eb431162200972322b5caa129
10.32.12.195 - - [29/Apr/2024:06:15:45 +0000] "POST /portal-proxy/edge/status HTTP/1.1" 200 211 "https://portal-dpm-edge365-solarscada.sembcorp.net/" "Mozilla/5.0 (Windows NT 10.0; Win64; x64) AppleWebKit/537.36 (KHTML, like Gecko) Chrome/123.0.0.0 Safari/537.36" 2303 0.088 [edge365-portal-dpm-80] [] 10.32.12.121:8080 211 0.088 200 d1171da5f8fc95c4abb2186e30df9f2c
10.32.12.195 - - [29/Apr/2024:06:15:45 +0000] "POST /group/alarm/status HTTP/1.1" 200 101 "-" "Apache-HttpClient/4.5.9 (Java/1.8.0_282)" 452 0.006 [edge365-wise-mplus-userfunctions-80] [] 10.32.12.75:8080 101 0.008 200 6a2481c58a29393ec011b2a48b7aa430
10.32.12.68 - - [29/Apr/2024:06:15:45 +0000] "POST /group/param/sum HTTP/1.1" 200 98 "-" "Apache-HttpClient/4.5.9 (Java/1.8.0_282)" 460 0.003 [edge365-wise-mplus-userfunctions-80] [] 10.32.12.75:8080 98 0.004 200 8c87e7a43104df1c38dcef1eb36aacb7
10.32.12.68 - - [29/Apr/2024:06:15:45 +0000] "POST /object/alarm/status HTTP/1.1" 200 102 "-" "Apache-HttpClient/4.5.9 (Java/1.8.0_282)" 454 0.009 [edge365-wise-mplus-userfunctions-80] [] 10.32.12.75:8080 102 0.008 200 16d16a6c81ac76dd324896121d8d2626
10.32.12.68 - - [29/Apr/2024:06:15:45 +0000] "POST /object/alarm/status HTTP/1.1" 200 102 "-" "Apache-HttpClient/4.5.9 (Java/1.8.0_282)" 454 0.006 [edge365-wise-mplus-userfunctions-80] [] 10.32.12.75:8080 102 0.004 200 6b38ca97ffd0ac5889cfbcb251356447
10.32.12.68 - - [29/Apr/2024:06:15:45 +0000] "POST /object/alarm/status HTTP/1.1" 200 102 "-" "Apache-HttpClient/4.5.9 (Java/1.8.0_282)" 454 0.007 [edge365-wise-mplus-userfunctions-80] [] 10.32.12.75:8080 102 0.004 200 ee89e2185d7f889a6e5771afc6255185
10.32.12.195 - - [29/Apr/2024:06:15:45 +0000] "POST /object/alarm/status HTTP/1.1" 200 102 "-" "Apache-HttpClient/4.5.9 (Java/1.8.0_282)" 454 0.006 [edge365-wise-mplus-userfunctions-80] [] 10.32.12.75:8080 102 0.008 200 16dc6a3ca52e8a247af8f583b005da45
10.32.12.195 - - [29/Apr/2024:06:15:45 +0000] "POST /object/alarm/status HTTP/1.1" 200 102 "-" "Apache-HttpClient/4.5.9 (Java/1.8.0_282)" 454 0.011 [edge365-wise-mplus-userfunctions-80] [] 10.32.12.75:8080 102 0.012 200 7fb63e0c44fcb0620bfdb05964ba0ba9
10.32.12.195 - - [29/Apr/2024:06:15:45 +0000] "POST /object/alarm/status HTTP/1.1" 200 102 "-" "Apache-HttpClient/4.5.9 (Java/1.8.0_282)" 454 0.006 [edge365-wise-mplus-userfunctions-80] [] 10.32.12.75:8080 102 0.004 200 ec2345e14bb1527e470f522c0772b7e2
10.32.12.68 - - [29/Apr/2024:06:15:45 +0000] "POST /object/alarm/status HTTP/1.1" 200 102 "-" "Apache-HttpClient/4.5.9 (Java/1.8.0_282)" 454 0.008 [edge365-wise-mplus-userfunctions-80] [] 10.32.12.75:8080 102 0.008 200 0d1c3078c7d7dba32a184784de274c75
10.32.12.68 - - [29/Apr/2024:06:15:46 +0000] "POST /group/alarm/status HTTP/1.1" 200 101 "-" "Apache-HttpClient/4.5.9 (Java/1.8.0_282)" 452 0.007 [edge365-wise-mplus-userfunctions-80] [] 10.32.12.75:8080 101 0.008 200 4bd0cb3e3482487c8b1a1ca64cb811e1
10.32.12.68 - - [29/Apr/2024:06:15:46 +0000] "POST /group/alarm/status HTTP/1.1" 200 101 "-" "Apache-HttpClient/4.5.9 (Java/1.8.0_282)" 452 0.007 [edge365-wise-mplus-userfunctions-80] [] 10.32.12.75:8080 101 0.008 200 e5a0a1faa2e498c395801542bfa10566
10.32.12.5 - - [29/Apr/2024:06:15:46 +0000] "POST /group/alarm/status HTTP/1.1" 200 101 "-" "Apache-HttpClient/4.5.9 (Java/1.8.0_282)" 452 0.007 [edge365-wise-mplus-userfunctions-80] [] 10.32.12.75:8080 101 0.004 200 d612e71f6bf64dda305d95d7f708bf56
10.32.12.5 - - [29/Apr/2024:06:15:46 +0000] "POST /group/param/sum HTTP/1.1" 200 98 "-" "Apache-HttpClient/4.5.9 (Java/1.8.0_282)" 460 0.008 [edge365-wise-mplus-userfunctions-80] [] 10.32.12.75:8080 98 0.012 200 7d80f1e55739be932d98228ef31211e6
10.32.12.5 - - [29/Apr/2024:06:15:46 +0000] "POST /group/param/sum HTTP/1.1" 200 98 "-" "Apache-HttpClient/4.5.9 (Java/1.8.0_282)" 460 0.004 [edge365-wise-mplus-userfunctions-80] [] 10.32.12.75:8080 98 0.004 200 47d765d00ddc44482014dcc24b301d8a
10.32.12.5 - - [29/Apr/2024:06:15:46 +0000] "POST /group/alarm/status HTTP/1.1" 200 101 "-" "Apache-HttpClient/4.5.9 (Java/1.8.0_282)" 452 0.009 [edge365-wise-mplus-userfunctions-80] [] 10.32.12.75:8080 101 0.004 200 905609e8ec6f740cece3600bcece911d
10.32.12.131 - - [29/Apr/2024:06:15:46 +0000] "POST /group/alarm/status HTTP/1.1" 200 101 "-" "Apache-HttpClient/4.5.9 (Java/1.8.0_282)" 452 0.006 [edge365-wise-mplus-userfunctions-80] [] 10.32.12.75:8080 101 0.008 200 72a5ed1f7f62fef18ab18ed704f701f6
10.32.12.5 - - [29/Apr/2024:06:15:47 +0000] "POST /object/alarm/status HTTP/1.1" 200 102 "-" "Apache-HttpClient/4.5.9 (Java/1.8.0_282)" 453 0.005 [edge365-wise-mplus-userfunctions-80] [] 10.32.12.75:8080 102 0.004 200 d74421c19867dc8078f97c0c6b3cc4ec
10.32.12.5 - - [29/Apr/2024:06:15:47 +0000] "POST /object/alarm/status HTTP/1.1" 200 102 "-" "Apache-HttpClient/4.5.9 (Java/1.8.0_282)" 453 0.006 [edge365-wise-mplus-userfunctions-80] [] 10.32.12.75:8080 102 0.008 200 49bcd06fa8a4d90d0fdfb88288ed0aac
10.32.12.5 - - [29/Apr/2024:06:15:47 +0000] "POST /object/alarm/status HTTP/1.1" 200 102 "-" "Apache-HttpClient/4.5.9 (Java/1.8.0_282)" 454 0.006 [edge365-wise-mplus-userfunctions-80] [] 10.32.12.75:8080 102 0.008 200 5061276f59284772e061a0c2adbb65b5
10.32.12.5 - - [29/Apr/2024:06:15:47 +0000] "POST /object/alarm/status HTTP/1.1" 200 102 "-" "Apache-HttpClient/4.5.9 (Java/1.8.0_282)" 454 0.006 [edge365-wise-mplus-userfunctions-80] [] 10.32.12.75:8080 102 0.004 200 fb5cadcfc02882969ebc519f530c5dc2
10.32.12.131 - - [29/Apr/2024:06:15:47 +0000] "POST /v1.0/cert/device/status/872eae8b-ee9e-4434-842c-928b0cbf55d6 HTTP/1.1" 200 94 "-" "go-resty/2.7.0 (https://github.com/go-resty/resty)" 601 0.005 [edge365-api-cert-revoke-80] [] 10.32.12.95:3000 94 0.004 200 e36c4c5efa802ed20a23ecc9907d4cbc
10.32.12.5 - - [29/Apr/2024:06:15:47 +0000] "POST /object/alarm/status HTTP/1.1" 200 102 "-" "Apache-HttpClient/4.5.9 (Java/1.8.0_282)" 454 0.008 [edge365-wise-mplus-userfunctions-80] [] 10.32.12.75:8080 102 0.008 200 14609ad537eb34319918b7e5c6b1fa81
10.32.12.5 - - [29/Apr/2024:06:15:47 +0000] "POST /object/alarm/status HTTP/1.1" 200 102 "-" "Apache-HttpClient/4.5.9 (Java/1.8.0_282)" 454 0.007 [edge365-wise-mplus-userfunctions-80] [] 10.32.12.75:8080 102 0.008 200 3003222c91256eab45b8b74d3199bb9d
10.32.12.5 - - [29/Apr/2024:06:15:47 +0000] "POST /object/alarm/status HTTP/1.1" 200 102 "-" "Apache-HttpClient/4.5.9 (Java/1.8.0_282)" 454 0.006 [edge365-wise-mplus-userfunctions-80] [] 10.32.12.75:8080 102 0.008 200 80aa8558960bd845f68bd9e3b0534002
10.32.12.5 - - [29/Apr/2024:06:15:47 +0000] "POST /object/alarm/status HTTP/1.1" 200 102 "-" "Apache-HttpClient/4.5.9 (Java/1.8.0_282)" 454 0.006 [edge365-wise-mplus-userfunctions-80] [] 10.32.12.75:8080 102 0.004 200 2b423eafc5b3451c6f0fe2007c4a2838
10.32.12.131 - - [29/Apr/2024:06:15:47 +0000] "POST /object/alarm/status HTTP/1.1" 200 102 "-" "Apache-HttpClient/4.5.9 (Java/1.8.0_282)" 454 0.006 [edge365-wise-mplus-userfunctions-80] [] 10.32.12.75:8080 102 0.008 200 8cc80401c1292dd423d48fa5fbf8437b
10.32.12.5 - - [29/Apr/2024:06:15:47 +0000] "POST /group/param/sum HTTP/1.1" 200 103 "-" "Apache-HttpClient/4.5.9 (Java/1.8.0_282)" 456 0.012 [edge365-wise-mplus-userfunctions-80] [] 10.32.12.75:8080 103 0.012 200 c66139c06952734cdcdc2471f4767a57
10.32.12.131 - - [29/Apr/2024:06:15:47 +0000] "POST /group/param/sum HTTP/1.1" 200 103 "-" "Apache-HttpClient/4.5.9 (Java/1.8.0_282)" 459 0.007 [edge365-wise-mplus-userfunctions-80] [] 10.32.12.75:8080 103 0.008 200 1aaaf289f38d4b6c469a81a218f9baec
10.32.12.131 - - [29/Apr/2024:06:15:47 +0000] "POST /group/param/sum HTTP/1.1" 200 103 "-" "Apache-HttpClient/4.5.9 (Java/1.8.0_282)" 455 0.010 [edge365-wise-mplus-userfunctions-80] [] 10.32.12.75:8080 103 0.008 200 2abad5c06c9a71c5848813e904d73903
10.32.12.5 - - [29/Apr/2024:06:15:47 +0000] "POST /object/alarm/status HTTP/1.1" 200 102 "-" "Apache-HttpClient/4.5.9 (Java/1.8.0_282)" 454 0.011 [edge365-wise-mplus-userfunctions-80] [] 10.32.12.75:8080 102 0.012 200 67ba2a3ee1b2b1ea4210b1f1776c7362
10.32.12.131 - - [29/Apr/2024:06:15:48 +0000] "POST /group/param/sum HTTP/1.1" 200 103 "-" "Apache-HttpClient/4.5.9 (Java/1.8.0_282)" 455 0.010 [edge365-wise-mplus-userfunctions-80] [] 10.32.12.75:8080 103 0.012 200 59720b56949bebcb36acec418fa49e8c
10.32.12.131 - - [29/Apr/2024:06:15:48 +0000] "POST /group/alarm/status HTTP/1.1" 200 101 "-" "Apache-HttpClient/4.5.9 (Java/1.8.0_282)" 451 0.010 [edge365-wise-mplus-userfunctions-80] [] 10.32.12.75:8080 101 0.012 200 34691d584d686b0b9a041f3dd7ba7308
10.32.12.5 - - [29/Apr/2024:06:15:48 +0000] "POST /group/param/sum HTTP/1.1" 200 98 "-" "Apache-HttpClient/4.5.9 (Java/1.8.0_282)" 459 0.008 [edge365-wise-mplus-userfunctions-80] [] 10.32.12.75:8080 98 0.008 200 157acd72a53b5525ea98543d29f91113
10.32.12.131 - - [29/Apr/2024:06:15:48 +0000] "POST /group/alarm/status HTTP/1.1" 200 101 "-" "Apache-HttpClient/4.5.9 (Java/1.8.0_282)" 452 0.008 [edge365-wise-mplus-userfunctions-80] [] 10.32.12.75:8080 101 0.008 200 b6641263052d4d0336072f25e5d57afd
10.32.12.131 - - [29/Apr/2024:06:15:48 +0000] "POST /group/alarm/status HTTP/1.1" 200 101 "-" "Apache-HttpClient/4.5.9 (Java/1.8.0_282)" 452 0.007 [edge365-wise-mplus-userfunctions-80] [] 10.32.12.75:8080 101 0.004 200 858e9615fecced1466c9419340a031c3
10.32.12.195 - - [29/Apr/2024:06:15:48 +0000] "POST /object/alarm/status HTTP/1.1" 200 102 "-" "Apache-HttpClient/4.5.9 (Java/1.8.0_282)" 454 0.014 [edge365-wise-mplus-userfunctions-80] [] 10.32.12.75:8080 102 0.016 200 64e97ba3a2d886cfbd34d55201ee0163
10.32.12.195 - - [29/Apr/2024:06:15:48 +0000] "POST /object/alarm/status HTTP/1.1" 200 102 "-" "Apache-HttpClient/4.5.9 (Java/1.8.0_282)" 454 0.006 [edge365-wise-mplus-userfunctions-80] [] 10.32.12.75:8080 102 0.004 200 db9e9111a016e902b4e657b92ecdf936
10.32.12.5 - - [29/Apr/2024:06:15:48 +0000] "POST /group/param/sum HTTP/1.1" 200 115 "-" "Apache-HttpClient/4.5.9 (Java/1.8.0_282)" 456 0.012 [edge365-wise-mplus-userfunctions-80] [] 10.32.12.75:8080 115 0.012 200 ebbe8c70fee587db84cb59929ba2f71f
10.32.12.195 - - [29/Apr/2024:06:15:53 +0000] "POST /object/alarm/status HTTP/1.1" 499 0 "-" "Apache-HttpClient/4.5.9 (Java/1.8.0_282)" 454 4.995 [edge365-wise-mplus-userfunctions-80] [] 10.32.12.75:8080 0 4.996 - a6e46dc86f99907ffe923830f0a55810
10.32.12.131 - - [29/Apr/2024:06:15:55 +0000] "POST /v1.0/cert/device/status/bf8dcf19-7297-47d7-8ddf-fcbb58dc4163 HTTP/1.1" 200 94 "-" "go-resty/2.7.0 (https://github.com/go-resty/resty)" 601 0.008 [edge365-api-cert-revoke-80] [] 10.32.12.95:3000 94 0.008 200 900e28dc522baa1e99c822143529dada
10.32.12.5 - - [29/Apr/2024:06:15:58 +0000] "POST /v1.0/cert/device/status/bf8dcf19-7297-47d7-8ddf-fcbb58dc4163 HTTP/1.1" 200 94 "-" "go-resty/2.7.0 (https://github.com/go-resty/resty)" 601 0.006 [edge365-api-cert-revoke-80] [] 10.32.12.95:3000 94 0.008 200 d47c51b288fa767842e1fd57d9b4c5b0
10.32.12.131 - - [29/Apr/2024:06:15:58 +0000] "POST /group/alarm/status HTTP/1.1" 499 0 "-" "Apache-HttpClient/4.5.9 (Java/1.8.0_282)" 452 5.001 [edge365-wise-mplus-userfunctions-80] [] 10.32.12.75:8080 0 5.000 - 080b80e5a4e9268630517feda556d0d2
10.32.12.68 - - [29/Apr/2024:06:16:03 +0000] "POST /group/param/sum HTTP/1.1" 200 100 "-" "Apache-HttpClient/4.5.9 (Java/1.8.0_282)" 456 0.011 [edge365-wise-mplus-userfunctions-80] [] 10.32.12.75:8080 100 0.012 200 a38ab3ea5f503c4a661f92894916ba5e
10.32.12.5 - - [29/Apr/2024:06:16:07 +0000] "POST /v1.0/cert/device/status/04852cee-5961-4b71-ac2d-5c9076e790ad HTTP/1.1" 200 94 "-" "go-resty/2.7.0 (https://github.com/go-resty/resty)" 601 0.007 [edge365-api-cert-revoke-80] [] 10.32.12.95:3000 94 0.008 200 7fee6f28e1cac561f7860bc2334714e5
10.32.12.195 - - [29/Apr/2024:06:16:09 +0000] "POST /v1.0/cert/device/status/57fcc025-dbf6-4cc3-ba57-482f4ab6d3db HTTP/1.1" 200 94 "-" "go-resty/2.7.0 (https://github.com/go-resty/resty)" 601 0.005 [edge365-api-cert-revoke-80] [] 10.32.12.95:3000 94 0.004 200 498c02de06ad7bf14ff0a6053bff1686
10.32.12.131 - - [29/Apr/2024:06:16:14 +0000] "POST /group/alarm/status HTTP/1.1" 499 0 "-" "Apache-HttpClient/4.5.9 (Java/1.8.0_282)" 452 5.002 [edge365-wise-mplus-userfunctions-80] [] 10.32.12.75:8080 0 5.004 - 601b3e7a19ae26fe515c663b8d651753
10.32.12.5 - - [29/Apr/2024:06:16:14 +0000] "POST /group/param/sum HTTP/1.1" 200 98 "-" "Apache-HttpClient/4.5.9 (Java/1.8.0_282)" 460 0.006 [edge365-wise-mplus-userfunctions-80] [] 10.32.12.75:8080 98 0.004 200 530684aa13de8f7b7a1a588d5594b362
10.32.12.131 - - [29/Apr/2024:06:16:14 +0000] "POST /group/param/sum HTTP/1.1" 200 98 "-" "Apache-HttpClient/4.5.9 (Java/1.8.0_282)" 460 0.003 [edge365-wise-mplus-userfunctions-80] [] 10.32.12.75:8080 98 0.004 200 fd629c05d84001e1770d0d0464eb237a
10.32.12.68 - - [29/Apr/2024:06:16:18 +0000] "POST /v1.0/cert/device/status/57fcc025-dbf6-4cc3-ba57-482f4ab6d3db HTTP/1.1" 200 94 "-" "go-resty/2.7.0 (https://github.com/go-resty/resty)" 601 0.006 [edge365-api-cert-revoke-80] [] 10.32.12.95:3000 94 0.008 200 6e2701be1e2c92f8895924bda079d417
10.32.12.131 - - [29/Apr/2024:06:16:19 +0000] "POST /group/alarm/status HTTP/1.1" 499 0 "-" "Apache-HttpClient/4.5.9 (Java/1.8.0_282)" 452 5.002 [edge365-wise-mplus-userfunctions-80] [] 10.32.12.75:8080 0 5.000 - 0226d7c0ff00a3b1507808fa1551e68d
10.32.12.5 - - [29/Apr/2024:06:16:20 +0000] "POST /v1.0/cert/device/status/33bd5e9e-e880-42b7-96c7-7bee1ec3840c HTTP/1.1" 200 94 "-" "go-resty/2.7.0 (https://github.com/go-resty/resty)" 601 0.005 [edge365-api-cert-revoke-80] [] 10.32.12.95:3000 94 0.008 200 813066207194e178a8e4667dc8bd1a36
10.32.12.5 - - [29/Apr/2024:06:16:22 +0000] "GET /v1/health/liveness HTTP/1.1" 404 19 "-" "axios/0.18.0" 166 0.005 [ensaas-service-kubeensaas-80] [] 10.32.12.118:8080 19 0.004 404 0bf1bc9da4c168d1da431db643bbfeef
10.32.12.5 - - [29/Apr/2024:06:16:22 +0000] "GET / HTTP/1.1" 200 519 "-" "axios/0.18.0" 148 0.002 [ensaas-service-kubeensaas-80] [] 10.32.12.118:8080 519 0.000 200 e0b289c7db5a16521d0359ab5ca25e88
10.32.12.195 - - [29/Apr/2024:06:16:34 +0000] "POST /object/alarm/status HTTP/1.1" 499 0 "-" "Apache-HttpClient/4.5.9 (Java/1.8.0_282)" 454 5.000 [edge365-wise-mplus-userfunctions-80] [] 10.32.12.75:8080 0 5.000 - c5c9c0dce7f075bcb12db79bbffe08d7
10.32.12.5 - - [29/Apr/2024:06:16:45 +0000] "POST /v4.0/tokenvalidation HTTP/1.1" 200 658 "-" "axios/0.18.0" 791 0.008 [ensaas-service-sso-http] [] 10.32.12.107:8080 658 0.008 200 5651f133f57b2f9b72e09616475a78ee
10.32.12.68 - - [29/Apr/2024:06:16:45 +0000] "GET /dm-proxy/v1.1/org/41/device/list HTTP/1.1" 200 5710 "https://portal-dpm-edge365-solarscada.sembcorp.net/" "Mozilla/5.0 (Windows NT 10.0; Win64; x64) AppleWebKit/537.36 (KHTML, like Gecko) Chrome/123.0.0.0 Safari/537.36" 2218 0.134 [edge365-portal-dpm-80] [] 10.32.12.121:8080 5690 0.132 200 55c74ada562ac14509ae04ae824d2082
10.32.12.68 - - [29/Apr/2024:06:16:49 +0000] "POST /v1.0/cert/device/status/872eae8b-ee9e-4434-842c-928b0cbf55d6 HTTP/1.1" 200 94 "-" "go-resty/2.7.0 (https://github.com/go-resty/resty)" 601 0.008 [edge365-api-cert-revoke-80] [] 10.32.12.95:3000 94 0.008 200 c8e9bbca0e1e590358fb6476eada6241
10.32.12.5 - - [29/Apr/2024:06:17:04 +0000] "POST /object/alarm/status HTTP/1.1" 499 0 "-" "Apache-HttpClient/4.5.9 (Java/1.8.0_282)" 454 4.999 [edge365-wise-mplus-userfunctions-80] [] 10.32.12.75:8080 0 5.000 - abe63d981be68b3339b9086acf1c90cc
10.32.12.131 - - [29/Apr/2024:06:17:09 +0000] "POST /v1.0/cert/device/status/04852cee-5961-4b71-ac2d-5c9076e790ad HTTP/1.1" 200 94 "-" "go-resty/2.7.0 (https://github.com/go-resty/resty)" 601 0.008 [edge365-api-cert-revoke-80] [] 10.32.12.95:3000 94 0.008 200 32a85ba437b3c8ff09a21b20c409c845
10.32.12.5 - - [29/Apr/2024:06:17:14 +0000] "POST /v1.0/cert/device/status/3623afdf-88db-42cc-a56a-8ab928fb7f7e HTTP/1.1" 200 94 "-" "go-resty/2.7.0 (https://github.com/go-resty/resty)" 601 0.011 [edge365-api-cert-revoke-80] [] 10.32.12.95:3000 94 0.012 200 c4495668558948e206698b54f217b7a5
10.32.12.131 - - [29/Apr/2024:06:17:16 +0000] "POST /v1.0/cert/device/status/69a7f7f4-f74d-4df8-863f-346e73073c85 HTTP/1.1" 200 94 "-" "go-resty/2.7.0 (https://github.com/go-resty/resty)" 601 0.005 [edge365-api-cert-revoke-80] [] 10.32.12.95:3000 94 0.008 200 dda4ef576b3157543fe0e871f6cb371c
10.32.12.5 - - [29/Apr/2024:06:17:19 +0000] "POST /object/alarm/status HTTP/1.1" 499 0 "-" "Apache-HttpClient/4.5.9 (Java/1.8.0_282)" 454 5.001 [edge365-wise-mplus-userfunctions-80] [] 10.32.12.75:8080 0 5.001 - cb1bdfc0c266e975740c40736bfb819b
10.32.12.131 - - [29/Apr/2024:06:17:34 +0000] "POST /group/param/sum HTTP/1.1" 200 115 "-" "Apache-HttpClient/4.5.9 (Java/1.8.0_282)" 456 0.017 [edge365-wise-mplus-userfunctions-80] [] 10.32.12.75:8080 115 0.016 200 ba735ff1ec4c7119853bcfcd272feaef
10.32.12.131 - - [29/Apr/2024:06:17:34 +0000] "POST /group/param/sum HTTP/1.1" 200 98 "-" "Apache-HttpClient/4.5.9 (Java/1.8.0_282)" 458 0.008 [edge365-wise-mplus-userfunctions-80] [] 10.32.12.75:8080 98 0.008 200 2ae633888cf905689fd52470f796f033
10.32.12.5 - - [29/Apr/2024:06:17:34 +0000] "POST /group/param/sum HTTP/1.1" 200 115 "-" "Apache-HttpClient/4.5.9 (Java/1.8.0_282)" 459 0.009 [edge365-wise-mplus-userfunctions-80] [] 10.32.12.75:8080 115 0.008 200 1a686b8a3a7f6e228230b21b077791a8
10.32.12.5 - - [29/Apr/2024:06:17:35 +0000] "POST /group/alarm/status HTTP/1.1" 200 101 "-" "Apache-HttpClient/4.5.9 (Java/1.8.0_282)" 452 0.006 [edge365-wise-mplus-userfunctions-80] [] 10.32.12.75:8080 101 0.008 200 5ce8442130cdf67d480e7abedd81b5d4
10.32.12.131 - - [29/Apr/2024:06:17:35 +0000] "POST /group/param/sum HTTP/1.1" 200 107 "-" "Apache-HttpClient/4.5.9 (Java/1.8.0_282)" 456 0.018 [edge365-wise-mplus-userfunctions-80] [] 10.32.12.75:8080 107 0.020 200 f89298debe708bb4ca4c80f891a457b2
10.32.12.5 - - [29/Apr/2024:06:17:35 +0000] "POST /group/alarm/status HTTP/1.1" 200 101 "-" "Apache-HttpClient/4.5.9 (Java/1.8.0_282)" 452 0.006 [edge365-wise-mplus-userfunctions-80] [] 10.32.12.75:8080 101 0.008 200 901df7e5668c88f06ec40f5df5f5cbd8
10.32.12.131 - - [29/Apr/2024:06:17:35 +0000] "POST /group/param/sum HTTP/1.1" 200 98 "-" "Apache-HttpClient/4.5.9 (Java/1.8.0_282)" 460 0.010 [edge365-wise-mplus-userfunctions-80] [] 10.32.12.75:8080 98 0.008 200 3876569bfdcc0d79433b20d03b7ea659
10.32.12.131 - - [29/Apr/2024:06:17:35 +0000] "POST /group/param/sum HTTP/1.1" 200 98 "-" "Apache-HttpClient/4.5.9 (Java/1.8.0_282)" 460 0.003 [edge365-wise-mplus-userfunctions-80] [] 10.32.12.75:8080 98 0.004 200 e81f23668f1876a48a1b75be1723dd97
10.32.12.131 - - [29/Apr/2024:06:17:35 +0000] "POST /group/alarm/status HTTP/1.1" 200 101 "-" "Apache-HttpClient/4.5.9 (Java/1.8.0_282)" 452 0.006 [edge365-wise-mplus-userfunctions-80] [] 10.32.12.75:8080 101 0.004 200 e20eb69bd1e8a7c4fa206fedee65b313
10.32.12.68 - - [29/Apr/2024:06:17:35 +0000] "POST /object/alarm/status HTTP/1.1" 200 102 "-" "Apache-HttpClient/4.5.9 (Java/1.8.0_282)" 454 0.007 [edge365-wise-mplus-userfunctions-80] [] 10.32.12.75:8080 102 0.008 200 60f6ed25239f64efbc56a37f5e2848f7
10.32.12.195 - - [29/Apr/2024:06:17:36 +0000] "POST /object/alarm/status HTTP/1.1" 200 102 "-" "Apache-HttpClient/4.5.9 (Java/1.8.0_282)" 454 0.006 [edge365-wise-mplus-userfunctions-80] [] 10.32.12.75:8080 102 0.008 200 9c7a21ddb90c3de4e89250666a5e819f
10.32.12.68 - - [29/Apr/2024:06:17:36 +0000] "POST /group/param/sum HTTP/1.1" 200 115 "-" "Apache-HttpClient/4.5.9 (Java/1.8.0_282)" 458 0.024 [edge365-wise-mplus-userfunctions-80] [] 10.32.12.75:8080 115 0.024 200 252ea09b14767e8590ba704376792c98
10.32.12.195 - - [29/Apr/2024:06:17:41 +0000] "POST /group/alarm/status HTTP/1.1" 499 0 "-" "Apache-HttpClient/4.5.9 (Java/1.8.0_282)" 452 4.998 [edge365-wise-mplus-userfunctions-80] [] 10.32.12.75:8080 0 5.000 - bee0f91d08f147b0bfc11d00ea52061c
10.32.12.5 - - [29/Apr/2024:06:17:45 +0000] "POST /v4.0/tokenvalidation HTTP/1.1" 200 658 "-" "axios/0.18.0" 791 0.004 [ensaas-service-sso-http] [] 10.32.12.107:8080 658 0.004 200 44800ad599376fb061b4f2143b3a3f3e
10.32.12.131 - - [29/Apr/2024:06:17:47 +0000] "POST /group/param/sum HTTP/1.1" 200 98 "-" "Apache-HttpClient/4.5.9 (Java/1.8.0_282)" 459 0.009 [edge365-wise-mplus-userfunctions-80] [] 10.32.12.75:8080 98 0.008 200 ef7401d94670038c3e52a62916756729
10.32.12.131 - - [29/Apr/2024:06:17:47 +0000] "POST /group/param/sum HTTP/1.1" 200 98 "-" "Apache-HttpClient/4.5.9 (Java/1.8.0_282)" 460 0.003 [edge365-wise-mplus-userfunctions-80] [] 10.32.12.75:8080 98 0.000 200 d27cec8fa06ab79d0040f8d01a52cb2c
10.32.12.5 - - [29/Apr/2024:06:17:52 +0000] "GET /v1/health/liveness HTTP/1.1" 404 19 "-" "axios/0.18.0" 166 0.005 [ensaas-service-kubeensaas-80] [] 10.32.12.118:8080 19 0.008 404 f16ccd32005f2ea0bad1680a3dd2afba
10.32.12.5 - - [29/Apr/2024:06:17:52 +0000] "GET / HTTP/1.1" 200 519 "-" "axios/0.18.0" 148 0.002 [ensaas-service-kubeensaas-80] [] 10.32.12.118:8080 519 0.004 200 eeeab8552d79d577641bbf7933e752a0
10.32.12.195 - - [29/Apr/2024:06:17:56 +0000] "POST /v1.0/cert/device/status/f969ba00-f059-4836-8795-05d9b56e8f87 HTTP/1.1" 200 94 "-" "go-resty/2.7.0 (https://github.com/go-resty/resty)" 601 0.009 [edge365-api-cert-revoke-80] [] 10.32.12.95:3000 94 0.008 200 d74901af719904961bfb6404b8f21572
10.32.12.68 - - [29/Apr/2024:06:17:59 +0000] "POST /v1.0/cert/device/status/bf8dcf19-7297-47d7-8ddf-fcbb58dc4163 HTTP/1.1" 200 94 "-" "go-resty/2.7.0 (https://github.com/go-resty/resty)" 601 0.004 [edge365-api-cert-revoke-80] [] 10.32.12.95:3000 94 0.004 200 a0667da9c43452a8a4ccfa7cb6e8910c
10.32.12.68 - - [29/Apr/2024:06:18:17 +0000] "POST /v1.0/cert/device/status/3623afdf-88db-42cc-a56a-8ab928fb7f7e HTTP/1.1" 200 94 "-" "go-resty/2.7.0 (https://github.com/go-resty/resty)" 601 0.007 [edge365-api-cert-revoke-80] [] 10.32.12.95:3000 94 0.004 200 261b5c2851f6e533754a8eef665d7250
10.32.12.68 - - [29/Apr/2024:06:18:18 +0000] "POST /v1.0/cert/device/status/69a7f7f4-f74d-4df8-863f-346e73073c85 HTTP/1.1" 200 94 "-" "go-resty/2.7.0 (https://github.com/go-resty/resty)" 601 0.005 [edge365-api-cert-revoke-80] [] 10.32.12.95:3000 94 0.008 200 38f43e25799994f79d2b1a7a4721dc36
10.32.12.68 - - [29/Apr/2024:06:18:20 +0000] "POST /v1.0/cert/device/status/69a7f7f4-f74d-4df8-863f-346e73073c85 HTTP/1.1" 200 94 "-" "go-resty/2.7.0 (https://github.com/go-resty/resty)" 601 0.005 [edge365-api-cert-revoke-80] [] 10.32.12.95:3000 94 0.004 200 6601fb3575c2b39727db7d2c3f2e1337
10.32.12.5 - - [29/Apr/2024:06:18:22 +0000] "GET /v1/health/liveness HTTP/1.1" 404 19 "-" "axios/0.18.0" 166 0.003 [ensaas-service-kubeensaas-80] [] 10.32.12.118:8080 19 0.000 404 653c44310ddf643b56fe422c272da799
10.32.12.5 - - [29/Apr/2024:06:18:22 +0000] "GET / HTTP/1.1" 200 519 "-" "axios/0.18.0" 148 0.007 [ensaas-service-kubeensaas-80] [] 10.32.12.118:8080 519 0.008 200 2818eb6c3542c663e99a9457f6aba90e
10.32.12.195 - - [29/Apr/2024:06:18:24 +0000] "POST /v1.0/cert/device/status/f4d15f76-b79b-4cc9-aa5b-74291ab489be HTTP/1.1" 200 94 "-" "go-resty/2.7.0 (https://github.com/go-resty/resty)" 529 0.005 [edge365-api-cert-revoke-80] [] 10.32.12.95:3000 94 0.008 200 380a3654b8190cef0a30206b117da1eb
10.32.12.195 - - [29/Apr/2024:06:18:24 +0000] "POST /v1.0/cert/device/status/33bd5e9e-e880-42b7-96c7-7bee1ec3840c HTTP/1.1" 200 94 "-" "go-resty/2.7.0 (https://github.com/go-resty/resty)" 601 0.008 [edge365-api-cert-revoke-80] [] 10.32.12.95:3000 94 0.008 200 2828318e554da3631e5a8a0caa0e6a4e
10.32.12.195 - - [29/Apr/2024:06:18:26 +0000] "POST /v1.0/cert/device/status/33bd5e9e-e880-42b7-96c7-7bee1ec3840c HTTP/1.1" 200 94 "-" "go-resty/2.7.0 (https://github.com/go-resty/resty)" 601 0.005 [edge365-api-cert-revoke-80] [] 10.32.12.95:3000 94 0.004 200 fbfb0bd593c7ff48d47799af12ab459e
10.32.12.195 - - [29/Apr/2024:06:18:27 +0000] "POST /object/alarm/status HTTP/1.1" 499 0 "-" "Apache-HttpClient/4.5.9 (Java/1.8.0_282)" 454 5.001 [edge365-wise-mplus-userfunctions-80] [] 10.32.12.75:8080 0 5.000 - 95d6e8368903cb4941635a51740c5f22
10.32.12.68 - - [29/Apr/2024:06:18:42 +0000] "POST /object/alarm/status HTTP/1.1" 499 0 "-" "Apache-HttpClient/4.5.9 (Java/1.8.0_282)" 454 4.998 [edge365-wise-mplus-userfunctions-80] [] 10.32.12.75:8080 0 4.996 - 8eb1a8df0cfadacf9c611f29b0a4c3ea
10.32.12.68 - - [29/Apr/2024:06:18:45 +0000] "GET /dm-proxy/v1.1/org/41/device/list HTTP/1.1" 200 5721 "https://portal-dpm-edge365-solarscada.sembcorp.net/" "Mozilla/5.0 (Windows NT 10.0; Win64; x64) AppleWebKit/537.36 (KHTML, like Gecko) Chrome/123.0.0.0 Safari/537.36" 2218 0.112 [edge365-portal-dpm-80] [] 10.32.12.121:8080 5695 0.112 200 6656b9f0cbb66c7b96e3d69643659fc1
10.32.12.195 - - [29/Apr/2024:06:18:53 +0000] "POST /v1.0/cert/device/status/872eae8b-ee9e-4434-842c-928b0cbf55d6 HTTP/1.1" 200 94 "-" "go-resty/2.7.0 (https://github.com/go-resty/resty)" 601 0.009 [edge365-api-cert-revoke-80] [] 10.32.12.95:3000 94 0.008 200 ec5d4f99b60ae8ceee118ab37f9aefeb
10.32.12.5 - - [29/Apr/2024:06:18:57 +0000] "POST /object/alarm/status HTTP/1.1" 499 0 "-" "Apache-HttpClient/4.5.9 (Java/1.8.0_282)" 454 4.995 [edge365-wise-mplus-userfunctions-80] [] 10.32.12.75:8080 0 4.996 - 946bd890e8c2cceb66d24e61c12106e2
10.32.12.131 - - [29/Apr/2024:06:19:01 +0000] "POST /v1.0/cert/device/status/bf8dcf19-7297-47d7-8ddf-fcbb58dc4163 HTTP/1.1" 200 94 "-" "go-resty/2.7.0 (https://github.com/go-resty/resty)" 601 0.010 [edge365-api-cert-revoke-80] [] 10.32.12.95:3000 94 0.008 200 4e0a979e073479330cc13d56a74bd757
10.32.12.195 - - [29/Apr/2024:06:19:15 +0000] "POST /v1.0/cert/device/status/57fcc025-dbf6-4cc3-ba57-482f4ab6d3db HTTP/1.1" 200 94 "-" "go-resty/2.7.0 (https://github.com/go-resty/resty)" 601 0.008 [edge365-api-cert-revoke-80] [] 10.32.12.95:3000 94 0.008 200 9cfba7f4d6b743f26b682566040d8bd1
10.32.12.5 - - [29/Apr/2024:06:19:17 +0000] "POST /object/alarm/status HTTP/1.1" 499 0 "-" "Apache-HttpClient/4.5.9 (Java/1.8.0_282)" 454 4.995 [edge365-wise-mplus-userfunctions-80] [] 10.32.12.75:8080 0 4.996 - fe8fca9de6a5c99c0bf254868dcbc47f
10.32.12.68 - - [29/Apr/2024:06:19:17 +0000] "POST /v1.0/cert/device/status/3623afdf-88db-42cc-a56a-8ab928fb7f7e HTTP/1.1" 200 94 "-" "go-resty/2.7.0 (https://github.com/go-resty/resty)" 601 0.006 [edge365-api-cert-revoke-80] [] 10.32.12.95:3000 94 0.008 200 0e30e3c8a5e4ec39a38a59b763a16093
10.32.12.5 - - [29/Apr/2024:06:19:22 +0000] "GET /v1/health/liveness HTTP/1.1" 404 19 "-" "axios/0.18.0" 166 0.002 [ensaas-service-kubeensaas-80] [] 10.32.12.118:8080 19 0.004 404 c41a826643899b1f41bd4ba39f7f45de
10.32.12.5 - - [29/Apr/2024:06:19:22 +0000] "GET / HTTP/1.1" 200 519 "-" "axios/0.18.0" 148 0.004 [ensaas-service-kubeensaas-80] [] 10.32.12.118:8080 519 0.004 200 87a3e52c2b61d93c38ef73d57a6f6d69
10.32.12.5 - - [29/Apr/2024:06:19:22 +0000] "GET /v4.0/health HTTP/1.1" 200 62 "-" "axios/0.18.0" 160 0.008 [ensaas-service-sso-http] [] 10.32.12.107:8080 62 0.008 200 5a2acd49c85629297bdf832b5a66f6b3
10.32.12.195 - - [29/Apr/2024:06:19:23 +0000] "POST /v1.0/cert/device/status/f4d15f76-b79b-4cc9-aa5b-74291ab489be HTTP/1.1" 200 94 "-" "go-resty/2.7.0 (https://github.com/go-resty/resty)" 529 0.008 [edge365-api-cert-revoke-80] [] 10.32.12.95:3000 94 0.008 200 13a7b6b010199e4e0d4698f5fc3132f0
10.32.12.195 - - [29/Apr/2024:06:19:35 +0000] "POST /v1.0/cert/device/status/46427a01-7efe-4fc5-b1f9-dd01e6ed0433 HTTP/1.1" 200 94 "-" "go-resty/2.7.0 (https://github.com/go-resty/resty)" 601 0.009 [edge365-api-cert-revoke-80] [] 10.32.12.95:3000 94 0.008 200 9943269af79b21cb894283530eddbc38
10.32.12.195 - - [29/Apr/2024:06:19:50 +0000] "POST /v1.0/cert/device/status/f969ba00-f059-4836-8795-05d9b56e8f87 HTTP/1.1" 200 94 "-" "go-resty/2.7.0 (https://github.com/go-resty/resty)" 601 0.007 [edge365-api-cert-revoke-80] [] 10.32.12.95:3000 94 0.008 200 59389c6f5d36e1cae40f8cc70e91300c
10.32.12.195 - - [29/Apr/2024:06:19:51 +0000] "POST /v1.0/cert/device/status/cd096b75-b04e-4ccf-8162-1f251855693c HTTP/1.1" 200 94 "-" "go-resty/2.7.0 (https://github.com/go-resty/resty)" 601 0.007 [edge365-api-cert-revoke-80] [] 10.32.12.95:3000 94 0.008 200 bf9e498f2618db42a30e17957c456850
10.32.12.5 - - [29/Apr/2024:06:19:52 +0000] "GET /v1/health/liveness HTTP/1.1" 404 19 "-" "axios/0.18.0" 166 0.003 [ensaas-service-kubeensaas-80] [] 10.32.12.118:8080 19 0.000 404 588d59fea7fe9ae254ddb231672a1bfb
10.32.12.5 - - [29/Apr/2024:06:19:52 +0000] "GET / HTTP/1.1" 200 519 "-" "axios/0.18.0" 148 0.003 [ensaas-service-kubeensaas-80] [] 10.32.12.118:8080 519 0.000 200 009d8970e38412818e7eb69347d1f4ed
10.32.12.5 - - [29/Apr/2024:06:19:55 +0000] "POST /v1.0/cert/device/status/872eae8b-ee9e-4434-842c-928b0cbf55d6 HTTP/1.1" 200 94 "-" "go-resty/2.7.0 (https://github.com/go-resty/resty)" 601 0.005 [edge365-api-cert-revoke-80] [] 10.32.12.95:3000 94 0.004 200 817130adef6c0ec9a278e1a02567b26b
10.32.12.5 - - [29/Apr/2024:06:20:00 +0000] "POST /v1.0/cert/device/status/f969ba00-f059-4836-8795-05d9b56e8f87 HTTP/1.1" 200 94 "-" "go-resty/2.7.0 (https://github.com/go-resty/resty)" 601 0.005 [edge365-api-cert-revoke-80] [] 10.32.12.95:3000 94 0.004 200 65de58073d86d7cbf9229ade7000c322
10.32.12.68 - - [29/Apr/2024:06:20:07 +0000] "POST /object/alarm/status HTTP/1.1" 499 0 "-" "Apache-HttpClient/4.5.9 (Java/1.8.0_282)" 454 5.002 [edge365-wise-mplus-userfunctions-80] [] 10.32.12.75:8080 0 5.000 - 8ba1dd95610e555edd195e749d8780d7
10.32.12.195 - - [29/Apr/2024:06:20:11 +0000] "POST /v1.0/cert/device/status/04852cee-5961-4b71-ac2d-5c9076e790ad HTTP/1.1" 200 94 "-" "go-resty/2.7.0 (https://github.com/go-resty/resty)" 601 0.008 [edge365-api-cert-revoke-80] [] 10.32.12.95:3000 94 0.008 200 51626ad439961cc37eb18e31dacbc2bb
10.32.12.68 - - [29/Apr/2024:06:20:15 +0000] "POST /v1.0/cert/device/status/04852cee-5961-4b71-ac2d-5c9076e790ad HTTP/1.1" 200 94 "-" "go-resty/2.7.0 (https://github.com/go-resty/resty)" 601 0.005 [edge365-api-cert-revoke-80] [] 10.32.12.95:3000 94 0.008 200 adcdf7d56e7e59ae5b07709c5293cef6
10.32.12.68 - - [29/Apr/2024:06:20:17 +0000] "POST /object/alarm/status HTTP/1.1" 499 0 "-" "Apache-HttpClient/4.5.9 (Java/1.8.0_282)" 454 4.996 [edge365-wise-mplus-userfunctions-80] [] 10.32.12.75:8080 0 4.996 - e5d691448808637b4d0246261eb01e0b
10.32.12.131 - - [29/Apr/2024:06:20:20 +0000] "POST /v1.0/cert/device/status/3623afdf-88db-42cc-a56a-8ab928fb7f7e HTTP/1.1" 200 94 "-" "go-resty/2.7.0 (https://github.com/go-resty/resty)" 601 0.017 [edge365-api-cert-revoke-80] [] 10.32.12.95:3000 94 0.016 200 1dc0428028d25d4bd2545f81e7347f8d
10.32.12.5 - - [29/Apr/2024:06:20:22 +0000] "GET /v1/health/liveness HTTP/1.1" 404 19 "-" "axios/0.18.0" 166 0.003 [ensaas-service-kubeensaas-80] [] 10.32.12.118:8080 19 0.004 404 73c6989cab3d3373d77c1f1af5bbca0c
10.32.12.5 - - [29/Apr/2024:06:20:22 +0000] "GET / HTTP/1.1" 200 519 "-" "axios/0.18.0" 148 0.002 [ensaas-service-kubeensaas-80] [] 10.32.12.118:8080 519 0.004 200 bacf05cc5647a38ca1f24c978ae1725d
10.32.12.131 - - [29/Apr/2024:06:20:27 +0000] "POST /object/alarm/status HTTP/1.1" 499 0 "-" "Apache-HttpClient/4.5.9 (Java/1.8.0_282)" 454 5.000 [edge365-wise-mplus-userfunctions-80] [] 10.32.12.75:8080 0 5.004 - 556c8011b6865bc9e0ee3448f3b7e4b5
10.32.12.195 - - [29/Apr/2024:06:20:28 +0000] "POST /v1.0/cert/device/status/33bd5e9e-e880-42b7-96c7-7bee1ec3840c HTTP/1.1" 200 94 "-" "go-resty/2.7.0 (https://github.com/go-resty/resty)" 601 0.007 [edge365-api-cert-revoke-80] [] 10.32.12.95:3000 94 0.008 200 e25a8a2e60456f923e09462f0c5effe9
10.32.12.195 - - [29/Apr/2024:06:20:31 +0000] "POST /v1.0/cert/device/status/33bd5e9e-e880-42b7-96c7-7bee1ec3840c HTTP/1.1" 200 94 "-" "go-resty/2.7.0 (https://github.com/go-resty/resty)" 601 0.006 [edge365-api-cert-revoke-80] [] 10.32.12.95:3000 94 0.008 200 09d30ecab405e374ccc002bbcadc78b0
10.32.12.195 - - [29/Apr/2024:06:20:32 +0000] "POST /object/alarm/status HTTP/1.1" 499 0 "-" "Apache-HttpClient/4.5.9 (Java/1.8.0_282)" 454 4.996 [edge365-wise-mplus-userfunctions-80] [] 10.32.12.75:8080 0 4.996 - 399a1af384f95414216a6652879433fe
10.32.12.195 - - [29/Apr/2024:06:20:37 +0000] "POST /object/alarm/status HTTP/1.1" 499 0 "-" "Apache-HttpClient/4.5.9 (Java/1.8.0_282)" 454 4.995 [edge365-wise-mplus-userfunctions-80] [] 10.32.12.75:8080 0 4.996 - 3bfd10411341ea23a78343aeaf01179d
10.32.12.131 - - [29/Apr/2024:06:20:45 +0000] "POST /v4.0/tokenvalidation HTTP/1.1" 200 658 "-" "axios/0.21.4" 772 0.015 [ensaas-service-sso-http] [] 10.32.12.107:8080 658 0.012 200 adce76861cae31909bc815dff02978f5
10.32.12.195 - - [29/Apr/2024:06:20:47 +0000] "POST /object/alarm/status HTTP/1.1" 499 0 "-" "Apache-HttpClient/4.5.9 (Java/1.8.0_282)" 454 4.995 [edge365-wise-mplus-userfunctions-80] [] 10.32.12.75:8080 0 4.996 - 761e9d58dd4fcc950064779a6fb0602b
10.32.12.68 - - [29/Apr/2024:06:20:47 +0000] "POST /group/param/sum HTTP/1.1" 200 101 "-" "Apache-HttpClient/4.5.9 (Java/1.8.0_282)" 456 0.011 [edge365-wise-mplus-userfunctions-80] [] 10.32.12.75:8080 101 0.008 200 0660f60e32108c371bb33ebe06a5ce95
10.32.12.68 - - [29/Apr/2024:06:20:47 +0000] "POST /group/param/sum HTTP/1.1" 200 98 "-" "Apache-HttpClient/4.5.9 (Java/1.8.0_282)" 460 0.008 [edge365-wise-mplus-userfunctions-80] [] 10.32.12.75:8080 98 0.008 200 4e63460c4717360f233ab203bae76ccd
10.32.12.195 - - [29/Apr/2024:06:20:47 +0000] "POST /group/param/sum HTTP/1.1" 200 98 "-" "Apache-HttpClient/4.5.9 (Java/1.8.0_282)" 460 0.005 [edge365-wise-mplus-userfunctions-80] [] 10.32.12.75:8080 98 0.004 200 dfa97abf877c6442cbe1f7f23fbfe9a5
10.32.12.5 - - [29/Apr/2024:06:21:17 +0000] "POST /v4.0/tokenvalidation HTTP/1.1" 200 658 "-" "axios/0.18.0" 791 0.004 [ensaas-service-sso-http] [] 10.32.12.107:8080 658 0.004 200 847cfa31d3084056f9e78e5b22635f36
10.32.12.5 - - [29/Apr/2024:06:21:17 +0000] "POST /v4.0/token HTTP/1.1" 200 658 "-" "axios/0.18.0" 274 0.012 [ensaas-service-sso-http] [] 10.32.12.107:8080 658 0.008 200 f05301ba31a85d9d955e8cfdd320c3f4
10.32.12.68 - - [29/Apr/2024:06:21:17 +0000] "POST /portal-proxy/edge/status HTTP/1.1" 200 211 "https://portal-dpm-edge365-solarscada.sembcorp.net/" "Mozilla/5.0 (Windows NT 10.0; Win64; x64) AppleWebKit/537.36 (KHTML, like Gecko) Chrome/123.0.0.0 Safari/537.36" 2303 0.088 [edge365-portal-dpm-80] [] 10.32.12.121:8080 211 0.088 200 64815e62348536177316aebd1e9cc0b6
10.32.12.195 - - [29/Apr/2024:06:21:19 +0000] "POST /portal-proxy/edge/status HTTP/1.1" 200 211 "https://portal-dpm-edge365-solarscada.sembcorp.net/" "Mozilla/5.0 (Windows NT 10.0; Win64; x64) AppleWebKit/537.36 (KHTML, like Gecko) Chrome/123.0.0.0 Safari/537.36" 2303 0.026 [edge365-portal-dpm-80] [] 10.32.12.121:8080 211 0.028 200 e7b11c43e5017e86165d6d6796e66dd2
10.32.12.68 - - [29/Apr/2024:06:21:19 +0000] "GET /dm-proxy/v1.1/org/41/device/list HTTP/1.1" 200 5697 "https://portal-dpm-edge365-solarscada.sembcorp.net/" "Mozilla/5.0 (Windows NT 10.0; Win64; x64) AppleWebKit/537.36 (KHTML, like Gecko) Chrome/123.0.0.0 Safari/537.36" 2218 0.093 [edge365-portal-dpm-80] [] 10.32.12.121:8080 5684 0.092 200 31bf9d6df866d8eb4659bd99fe19406b
10.32.12.68 - - [29/Apr/2024:06:21:20 +0000] "GET /img/btn-tab-config-ota-n.74f7d6f0.svg HTTP/1.1" 304 0 "https://portal-dpm-edge365-solarscada.sembcorp.net/" "Mozilla/5.0 (Windows NT 10.0; Win64; x64) AppleWebKit/537.36 (KHTML, like Gecko) Chrome/123.0.0.0 Safari/537.36" 2306 0.007 [edge365-portal-dpm-80] [] 10.32.12.121:8080 0 0.008 304 8c862f965eb9f20bc4c1078551b7adb2
10.32.12.131 - - [29/Apr/2024:06:21:20 +0000] "GET /img/btn-main-link-connection-gray-h.e0f83386.svg HTTP/1.1" 304 0 "https://portal-dpm-edge365-solarscada.sembcorp.net/" "Mozilla/5.0 (Windows NT 10.0; Win64; x64) AppleWebKit/537.36 (KHTML, like Gecko) Chrome/123.0.0.0 Safari/537.36" 2317 0.003 [edge365-portal-dpm-80] [] 10.32.12.121:8080 0 0.000 304 97977fc5588fc69a285b2863f1ecd4a1
10.32.12.131 - - [29/Apr/2024:06:21:23 +0000] "POST /portal-proxy/edge/status HTTP/1.1" 200 745 "https://portal-dpm-edge365-solarscada.sembcorp.net/" "Mozilla/5.0 (Windows NT 10.0; Win64; x64) AppleWebKit/537.36 (KHTML, like Gecko) Chrome/123.0.0.0 Safari/537.36" 2549 0.034 [edge365-portal-dpm-80] [] 10.32.12.121:8080 745 0.036 200 2f99d5b1330b14143e292d15b67bd4a0
10.32.12.5 - - [29/Apr/2024:06:21:23 +0000] "POST /dm-proxy/v1.1/device/metadata HTTP/1.1" 200 255 "https://portal-dpm-edge365-solarscada.sembcorp.net/" "Mozilla/5.0 (Windows NT 10.0; Win64; x64) AppleWebKit/537.36 (KHTML, like Gecko) Chrome/123.0.0.0 Safari/537.36" 2536 0.038 [edge365-portal-dpm-80] [] 10.32.12.121:8080 255 0.040 200 276a8e1bdc84d67da18d9f56ced105af
10.32.12.5 - - [29/Apr/2024:06:21:24 +0000] "POST /dm-proxy/v1.1/device/info HTTP/1.1" 200 1395 "https://portal-dpm-edge365-solarscada.sembcorp.net/" "Mozilla/5.0 (Windows NT 10.0; Win64; x64) AppleWebKit/537.36 (KHTML, like Gecko) Chrome/123.0.0.0 Safari/537.36" 2549 0.042 [edge365-portal-dpm-80] [] 10.32.12.121:8080 1395 0.044 200 3a0cb01808638b5ccae717b32f9ad181
10.32.12.5 - - [29/Apr/2024:06:21:24 +0000] "POST /v1.0/cert/device/status/69a7f7f4-f74d-4df8-863f-346e73073c85 HTTP/1.1" 200 94 "-" "go-resty/2.7.0 (https://github.com/go-resty/resty)" 601 0.010 [edge365-api-cert-revoke-80] [] 10.32.12.95:3000 94 0.012 200 9228aa1018b9b1d115c4902540bbf8f5
