10.32.12.195 - - [29/Apr/2024:06:51:45 +0000] "POST /group/param/sum HTTP/1.1" 200 115 "-" "Apache-HttpClient/4.5.9 (Java/1.8.0_282)" 455 0.025 [edge365-wise-mplus-userfunctions-80] [] 10.32.12.75:8080 115 0.028 200 a0727d2dd127435d32e3d7500bdc6762
10.32.12.195 - - [29/Apr/2024:06:51:45 +0000] "POST /group/param/sum HTTP/1.1" 200 107 "-" "Apache-HttpClient/4.5.9 (Java/1.8.0_282)" 456 0.017 [edge365-wise-mplus-userfunctions-80] [] 10.32.12.75:8080 107 0.016 200 24c383b1241dee0e268bf904fe5cd32a
10.32.12.195 - - [29/Apr/2024:06:51:45 +0000] "POST /group/param/sum HTTP/1.1" 200 106 "-" "Apache-HttpClient/4.5.9 (Java/1.8.0_282)" 457 0.018 [edge365-wise-mplus-userfunctions-80] [] 10.32.12.75:8080 106 0.016 200 9a57e887ee58e80a03905591b47a5ad0
10.32.12.195 - - [29/Apr/2024:06:51:45 +0000] "POST /group/param/sum HTTP/1.1" 200 103 "-" "Apache-HttpClient/4.5.9 (Java/1.8.0_282)" 458 0.019 [edge365-wise-mplus-userfunctions-80] [] 10.32.12.75:8080 103 0.020 200 a9dac6f4fb8b34b7b4d15193b53a4d91
10.32.12.131 - - [29/Apr/2024:06:51:46 +0000] "POST /group/param/sum HTTP/1.1" 200 104 "-" "Apache-HttpClient/4.5.9 (Java/1.8.0_282)" 454 0.006 [edge365-wise-mplus-userfunctions-80] [] 10.32.12.75:8080 104 0.008 200 08b69d1d8585ac023251f7588f6d2a97
10.32.12.5 - - [29/Apr/2024:06:51:46 +0000] "POST /group/alarm/status HTTP/1.1" 200 101 "-" "Apache-HttpClient/4.5.9 (Java/1.8.0_282)" 450 0.003 [edge365-wise-mplus-userfunctions-80] [] 10.32.12.75:8080 101 0.004 200 52e32f2cf85587930d18208dd074532f
10.32.12.131 - - [29/Apr/2024:06:51:47 +0000] "POST /group/alarm/status HTTP/1.1" 200 101 "-" "Apache-HttpClient/4.5.9 (Java/1.8.0_282)" 451 0.003 [edge365-wise-mplus-userfunctions-80] [] 10.32.12.75:8080 101 0.004 200 59922f7fd5ce23fa84674d311c3200b9
10.32.12.5 - - [29/Apr/2024:06:51:47 +0000] "POST /group/alarm/status HTTP/1.1" 200 101 "-" "Apache-HttpClient/4.5.9 (Java/1.8.0_282)" 451 0.005 [edge365-wise-mplus-userfunctions-80] [] 10.32.12.75:8080 101 0.004 200 fdbf818b4ff0ea9905b6e658ecedfd09
10.32.12.5 - - [29/Apr/2024:06:51:47 +0000] "POST /object/alarm/status HTTP/1.1" 200 102 "-" "Apache-HttpClient/4.5.9 (Java/1.8.0_282)" 453 0.003 [edge365-wise-mplus-userfunctions-80] [] 10.32.12.75:8080 102 0.004 200 2c067da523f26f73979435a967d9b3f3
10.32.12.195 - - [29/Apr/2024:06:51:47 +0000] "POST /object/alarm/status HTTP/1.1" 200 102 "-" "Apache-HttpClient/4.5.9 (Java/1.8.0_282)" 453 0.005 [edge365-wise-mplus-userfunctions-80] [] 10.32.12.75:8080 102 0.004 200 4373a496c6d1b9ba5c6739ebe8aaf37d
10.32.12.195 - - [29/Apr/2024:06:51:47 +0000] "POST /object/alarm/status HTTP/1.1" 200 102 "-" "Apache-HttpClient/4.5.9 (Java/1.8.0_282)" 453 0.003 [edge365-wise-mplus-userfunctions-80] [] 10.32.12.75:8080 102 0.004 200 ddc298a7f9ebe035f4920badda315235
10.32.12.68 - - [29/Apr/2024:06:51:47 +0000] "POST /object/alarm/status HTTP/1.1" 200 102 "-" "Apache-HttpClient/4.5.9 (Java/1.8.0_282)" 453 0.003 [edge365-wise-mplus-userfunctions-80] [] 10.32.12.75:8080 102 0.004 200 2a22c96ee41e5afcec550bd9720c8eed
10.32.12.195 - - [29/Apr/2024:06:51:47 +0000] "GET /dm-proxy/v1.1/org/41/device/list HTTP/1.1" 200 5694 "https://portal-dpm-edge365-solarscada.sembcorp.net/" "Mozilla/5.0 (Windows NT 10.0; Win64; x64) AppleWebKit/537.36 (KHTML, like Gecko) Chrome/123.0.0.0 Safari/537.36" 1665 2.629 [edge365-portal-dpm-80] [] 10.32.12.121:8080 5688 2.628 200 4f29f3f2ded3964052c60a08eb26c118
10.32.12.68 - - [29/Apr/2024:06:51:47 +0000] "POST /group/param/sum HTTP/1.1" 200 103 "-" "Apache-HttpClient/4.5.9 (Java/1.8.0_282)" 455 0.013 [edge365-wise-mplus-userfunctions-80] [] 10.32.12.75:8080 103 0.016 200 46c800c684fe2ee6b4c37c0d57154681
10.32.12.195 - - [29/Apr/2024:06:51:47 +0000] "POST /group/param/sum HTTP/1.1" 200 103 "-" "Apache-HttpClient/4.5.9 (Java/1.8.0_282)" 458 0.006 [edge365-wise-mplus-userfunctions-80] [] 10.32.12.75:8080 103 0.004 200 8c1e22a6c81f02cd2fb0ebacfbe22607
10.32.12.195 - - [29/Apr/2024:06:51:48 +0000] "POST /group/param/sum HTTP/1.1" 200 100 "-" "Apache-HttpClient/4.5.9 (Java/1.8.0_282)" 455 0.006 [edge365-wise-mplus-userfunctions-80] [] 10.32.12.75:8080 100 0.008 200 743bbc8684aec2513ace75deef7167ec
10.32.12.68 - - [29/Apr/2024:06:51:48 +0000] "POST /group/alarm/status HTTP/1.1" 200 101 "-" "Apache-HttpClient/4.5.9 (Java/1.8.0_282)" 451 0.003 [edge365-wise-mplus-userfunctions-80] [] 10.32.12.75:8080 101 0.000 200 b0148de6ec8350b503b0954df6d8e2bf
10.32.12.195 - - [29/Apr/2024:06:51:48 +0000] "POST /object/alarm/status HTTP/1.1" 200 102 "-" "Apache-HttpClient/4.5.9 (Java/1.8.0_282)" 453 0.003 [edge365-wise-mplus-userfunctions-80] [] 10.32.12.75:8080 102 0.004 200 3778da3299c3c978805f3f99493705a0
10.32.12.68 - - [29/Apr/2024:06:51:48 +0000] "POST /object/alarm/status HTTP/1.1" 200 102 "-" "Apache-HttpClient/4.5.9 (Java/1.8.0_282)" 453 0.003 [edge365-wise-mplus-userfunctions-80] [] 10.32.12.75:8080 102 0.004 200 50c1eadd1db58420c807afabce80c7da
10.32.12.195 - - [29/Apr/2024:06:51:48 +0000] "POST /object/alarm/status HTTP/1.1" 200 102 "-" "Apache-HttpClient/4.5.9 (Java/1.8.0_282)" 453 0.004 [edge365-wise-mplus-userfunctions-80] [] 10.32.12.75:8080 102 0.004 200 42e821dd119d32172b5e1856cfb39fee
10.32.12.131 - - [29/Apr/2024:06:51:48 +0000] "POST /object/alarm/status HTTP/1.1" 200 102 "-" "Apache-HttpClient/4.5.9 (Java/1.8.0_282)" 453 0.003 [edge365-wise-mplus-userfunctions-80] [] 10.32.12.75:8080 102 0.004 200 9e4fd5fee62be55c060d72eb35d1c3b6
10.32.12.5 - - [29/Apr/2024:06:51:48 +0000] "POST /object/alarm/status HTTP/1.1" 200 102 "-" "Apache-HttpClient/4.5.9 (Java/1.8.0_282)" 453 0.003 [edge365-wise-mplus-userfunctions-80] [] 10.32.12.75:8080 102 0.004 200 522112f273fe2ae2d7cfe9067791b5cf
10.32.12.68 - - [29/Apr/2024:06:51:48 +0000] "POST /object/alarm/status HTTP/1.1" 200 102 "-" "Apache-HttpClient/4.5.9 (Java/1.8.0_282)" 453 0.003 [edge365-wise-mplus-userfunctions-80] [] 10.32.12.75:8080 102 0.000 200 5d5454dcd05d19236ce091a35b660585
10.32.12.68 - - [29/Apr/2024:06:51:48 +0000] "POST /object/alarm/status HTTP/1.1" 200 102 "-" "Apache-HttpClient/4.5.9 (Java/1.8.0_282)" 453 0.003 [edge365-wise-mplus-userfunctions-80] [] 10.32.12.75:8080 102 0.000 200 16496df9fd56f55e94b9489f8773a3d1
10.32.12.68 - - [29/Apr/2024:06:51:48 +0000] "POST /object/alarm/status HTTP/1.1" 200 102 "-" "Apache-HttpClient/4.5.9 (Java/1.8.0_282)" 453 0.003 [edge365-wise-mplus-userfunctions-80] [] 10.32.12.75:8080 102 0.004 200 300c6fea15c477d0f2cb0e702a23b16a
10.32.12.195 - - [29/Apr/2024:06:51:48 +0000] "POST /object/alarm/status HTTP/1.1" 200 102 "-" "Apache-HttpClient/4.5.9 (Java/1.8.0_282)" 453 0.003 [edge365-wise-mplus-userfunctions-80] [] 10.32.12.75:8080 102 0.004 200 1821cc69f81f2fb8b644ac1954bd856e
10.32.12.68 - - [29/Apr/2024:06:51:48 +0000] "POST /object/alarm/status HTTP/1.1" 200 102 "-" "Apache-HttpClient/4.5.9 (Java/1.8.0_282)" 453 0.003 [edge365-wise-mplus-userfunctions-80] [] 10.32.12.75:8080 102 0.004 200 168bfcee4fa52d8bf56739d2b98e9307
10.32.12.195 - - [29/Apr/2024:06:51:48 +0000] "POST /group/param/sum HTTP/1.1" 200 107 "-" "Apache-HttpClient/4.5.9 (Java/1.8.0_282)" 456 0.025 [edge365-wise-mplus-userfunctions-80] [] 10.32.12.75:8080 107 0.024 200 7af96514b2cdeb331c41b0453f2a1a89
10.32.12.5 - - [29/Apr/2024:06:51:52 +0000] "GET /v1/health/liveness HTTP/1.1" 404 19 "-" "axios/0.18.0" 166 0.000 [ensaas-service-kubeensaas-80] [] 10.32.12.118:8080 19 0.000 404 4bc33d9fe04a7dd31ade4d08f276f099
10.32.12.5 - - [29/Apr/2024:06:51:52 +0000] "GET / HTTP/1.1" 200 519 "-" "axios/0.18.0" 148 0.000 [ensaas-service-kubeensaas-80] [] 10.32.12.118:8080 519 0.000 200 5f62ea6f2778a528ba9a215de6a85430
10.32.12.195 - - [29/Apr/2024:06:51:57 +0000] "POST /v1.0/cert/device/status/cd096b75-b04e-4ccf-8162-1f251855693c HTTP/1.1" 200 94 "-" "go-resty/2.7.0 (https://github.com/go-resty/resty)" 601 0.003 [edge365-api-cert-revoke-80] [] 10.32.12.95:3000 94 0.004 200 6cce9aec13668b827d4b14268a2e8d3a
10.32.12.5 - - [29/Apr/2024:06:52:02 +0000] "POST /v1.0/cert/device/status/f969ba00-f059-4836-8795-05d9b56e8f87 HTTP/1.1" 200 94 "-" "go-resty/2.7.0 (https://github.com/go-resty/resty)" 601 0.004 [edge365-api-cert-revoke-80] [] 10.32.12.95:3000 94 0.004 200 d795e98a301d4c79ea05e25ad2e90583
10.32.12.131 - - [29/Apr/2024:06:52:04 +0000] "GET /api/v1/namespaces/edge365/pods/api-dbmaster-wise-mplus-57b7dcb99d-csxkp HTTP/1.1" 200 7684 "-" "kubectl/v1.27.2 (linux/amd64) kubernetes/7f6f68f" 563 0.089 [ensaas-service-clusteragent-proxy-9000] [] 10.32.12.147:8000 7657 0.088 200 44b4b738a88be560368e67e1e1ef5f24
10.32.12.131 - - [29/Apr/2024:06:52:04 +0000] "POST /group/param/sum HTTP/1.1" 200 100 "-" "Apache-HttpClient/4.5.9 (Java/1.8.0_282)" 455 0.005 [edge365-wise-mplus-userfunctions-80] [] 10.32.12.75:8080 100 0.004 200 dd04cca653810e664db8aaf63eefb2c2
10.32.12.5 - - [29/Apr/2024:06:52:10 +0000] "POST /group/alarm/status HTTP/1.1" 499 0 "-" "Apache-HttpClient/4.5.9 (Java/1.8.0_282)" 451 5.000 [edge365-wise-mplus-userfunctions-80] [] 10.32.12.75:8080 0 5.000 - 1a5f0a3b011732da3b78336743d5630f
10.32.12.131 - - [29/Apr/2024:06:52:15 +0000] "POST /group/param/sum HTTP/1.1" 200 107 "-" "Apache-HttpClient/4.5.9 (Java/1.8.0_282)" 459 0.008 [edge365-wise-mplus-userfunctions-80] [] 10.32.12.75:8080 107 0.008 200 3390450b21d4ae99fadb87cd10b28e85
10.32.12.131 - - [29/Apr/2024:06:52:19 +0000] "POST /v1.0/cert/device/status/57fcc025-dbf6-4cc3-ba57-482f4ab6d3db HTTP/1.1" 200 94 "-" "go-resty/2.7.0 (https://github.com/go-resty/resty)" 601 0.003 [edge365-api-cert-revoke-80] [] 10.32.12.95:3000 94 0.004 200 6e4956b14b2bc1ca5cf308ef00c8760e
10.32.12.5 - - [29/Apr/2024:06:52:22 +0000] "GET /v1/health/liveness HTTP/1.1" 404 19 "-" "axios/0.18.0" 166 0.001 [ensaas-service-kubeensaas-80] [] 10.32.12.118:8080 19 0.000 404 f5996fef6ff94f7527c2ccdb8dc812cf
10.32.12.5 - - [29/Apr/2024:06:52:22 +0000] "GET / HTTP/1.1" 200 519 "-" "axios/0.18.0" 148 0.000 [ensaas-service-kubeensaas-80] [] 10.32.12.118:8080 519 0.000 200 40b1e2a399964e2d8f5b3aaf82499d26
10.32.12.131 - - [29/Apr/2024:06:52:30 +0000] "GET /api/get/EIToken/information HTTP/1.1" 200 246 "-" "Mozilla/5.0 (Windows NT 10.0; Win64; x64) AppleWebKit/537.36 (KHTML, like Gecko) Chrome/123.0.0.0 Safari/537.36" 1819 0.078 [edge365-dashboard-pro-edge365-http] [] 10.32.12.166:8080 246 0.076 200 b47fd7fe6bd36418fddac70a4749fe9b
10.32.12.195 - - [29/Apr/2024:06:52:31 +0000] "POST /v1.0/cert/device/status/3623afdf-88db-42cc-a56a-8ab928fb7f7e HTTP/1.1" 200 94 "-" "go-resty/2.7.0 (https://github.com/go-resty/resty)" 601 0.003 [edge365-api-cert-revoke-80] [] 10.32.12.95:3000 94 0.004 200 6041ca9f712edfacfb5a75eba1b93c1c
10.32.12.68 - - [29/Apr/2024:06:52:33 +0000] "POST /v1.0/cert/device/status/69a7f7f4-f74d-4df8-863f-346e73073c85 HTTP/1.1" 200 94 "-" "go-resty/2.7.0 (https://github.com/go-resty/resty)" 601 0.003 [edge365-api-cert-revoke-80] [] 10.32.12.95:3000 94 0.004 200 53c27d695aa8dd2e19cab24cd053dd10
10.32.12.195 - - [29/Apr/2024:06:52:38 +0000] "POST /v1.0/cert/device/status/33bd5e9e-e880-42b7-96c7-7bee1ec3840c HTTP/1.1" 200 94 "-" "go-resty/2.7.0 (https://github.com/go-resty/resty)" 601 0.004 [edge365-api-cert-revoke-80] [] 10.32.12.95:3000 94 0.004 200 04015bbeb53a2b481d203abe6cbdff8d
10.32.12.195 - - [29/Apr/2024:06:52:41 +0000] "POST /v1.0/cert/device/status/33bd5e9e-e880-42b7-96c7-7bee1ec3840c HTTP/1.1" 200 94 "-" "go-resty/2.7.0 (https://github.com/go-resty/resty)" 601 0.003 [edge365-api-cert-revoke-80] [] 10.32.12.95:3000 94 0.000 200 ca476fca5b4bbe20732511a868e88e7c
10.32.12.5 - - [29/Apr/2024:06:52:44 +0000] "POST /v1.0/cert/device/status/46427a01-7efe-4fc5-b1f9-dd01e6ed0433 HTTP/1.1" 200 94 "-" "go-resty/2.7.0 (https://github.com/go-resty/resty)" 601 0.004 [edge365-api-cert-revoke-80] [] 10.32.12.95:3000 94 0.004 200 df36bf53ab05e01a8943f4f39be1a6c7
10.32.12.68 - - [29/Apr/2024:06:52:45 +0000] "POST /dm-proxy/v1.1/device/metadata HTTP/1.1" 200 56 "https://portal-dpm-edge365-solarscada.sembcorp.net/" "Mozilla/5.0 (Windows NT 10.0; Win64; x64) AppleWebKit/537.36 (KHTML, like Gecko) Chrome/123.0.0.0 Safari/537.36" 1737 0.062 [edge365-portal-dpm-80] [] 10.32.12.121:8080 56 0.064 200 2a417f0b9b7e77aeb1205d835f669bc9
10.32.12.5 - - [29/Apr/2024:06:52:45 +0000] "POST /v4.0/tokenvalidation HTTP/1.1" 200 658 "-" "axios/0.18.0" 791 0.002 [ensaas-service-sso-http] [] 10.32.12.107:8080 658 0.000 200 2c9205846fb791ff29236c30f3109bfa
10.32.12.5 - - [29/Apr/2024:06:52:50 +0000] "POST /object/alarm/status HTTP/1.1" 499 0 "-" "Apache-HttpClient/4.5.9 (Java/1.8.0_282)" 453 4.998 [edge365-wise-mplus-userfunctions-80] [] 10.32.12.75:8080 0 5.000 - 6db7718b3a31d6612426c2fab73047e3
10.32.12.131 - - [29/Apr/2024:06:53:00 +0000] "POST /v1.0/cert/device/status/cd096b75-b04e-4ccf-8162-1f251855693c HTTP/1.1" 200 94 "-" "go-resty/2.7.0 (https://github.com/go-resty/resty)" 601 0.004 [edge365-api-cert-revoke-80] [] 10.32.12.95:3000 94 0.004 200 9ffeb8e13534fc4cf8499cf81afc36e5
10.32.12.68 - - [29/Apr/2024:06:53:00 +0000] "POST /object/alarm/status HTTP/1.1" 499 0 "-" "Apache-HttpClient/4.5.9 (Java/1.8.0_282)" 453 5.001 [edge365-wise-mplus-userfunctions-80] [] 10.32.12.75:8080 0 5.000 - 2aa4267a9652b03658a58b671d158189
10.32.12.195 - - [29/Apr/2024:06:53:06 +0000] "POST /v1.0/cert/device/status/872eae8b-ee9e-4434-842c-928b0cbf55d6 HTTP/1.1" 200 94 "-" "go-resty/2.7.0 (https://github.com/go-resty/resty)" 601 0.004 [edge365-api-cert-revoke-80] [] 10.32.12.95:3000 94 0.004 200 6bb283b110e6c5c11087ee882508dcf2
10.32.12.195 - - [29/Apr/2024:06:53:09 +0000] "POST /v1.0/cert/device/status/872eae8b-ee9e-4434-842c-928b0cbf55d6 HTTP/1.1" 200 94 "-" "go-resty/2.7.0 (https://github.com/go-resty/resty)" 601 0.003 [edge365-api-cert-revoke-80] [] 10.32.12.95:3000 94 0.004 200 3cfedb4b9b3c8dc818d6d82402e2b2cc
10.32.12.68 - - [29/Apr/2024:06:53:10 +0000] "POST /object/alarm/status HTTP/1.1" 499 0 "-" "Apache-HttpClient/4.5.9 (Java/1.8.0_282)" 453 5.000 [edge365-wise-mplus-userfunctions-80] [] 10.32.12.75:8080 0 5.000 - d442f03b9858fbee63f6e3294479ca03
10.32.12.68 - - [29/Apr/2024:06:53:11 +0000] "POST /v1.0/cert/device/status/bf8dcf19-7297-47d7-8ddf-fcbb58dc4163 HTTP/1.1" 200 94 "-" "go-resty/2.7.0 (https://github.com/go-resty/resty)" 601 0.003 [edge365-api-cert-revoke-80] [] 10.32.12.95:3000 94 0.004 200 d7406cb08245f776985c20561dbb59eb
10.32.12.195 - - [29/Apr/2024:06:53:15 +0000] "POST /object/alarm/status HTTP/1.1" 499 0 "-" "Apache-HttpClient/4.5.9 (Java/1.8.0_282)" 453 4.995 [edge365-wise-mplus-userfunctions-80] [] 10.32.12.75:8080 0 4.993 - 5c9cbec6d46af9e044ff2826941f8cdb
10.32.12.195 - - [29/Apr/2024:06:53:19 +0000] "POST /v1.0/cert/device/status/04852cee-5961-4b71-ac2d-5c9076e790ad HTTP/1.1" 200 94 "-" "go-resty/2.7.0 (https://github.com/go-resty/resty)" 601 0.003 [edge365-api-cert-revoke-80] [] 10.32.12.95:3000 94 0.004 200 62e9b5fa55f4b869d0d54d7d83b142ff
10.32.12.68 - - [29/Apr/2024:06:53:20 +0000] "POST /object/alarm/status HTTP/1.1" 499 0 "-" "Apache-HttpClient/4.5.9 (Java/1.8.0_282)" 453 5.002 [edge365-wise-mplus-userfunctions-80] [] 10.32.12.75:8080 0 5.004 - 4d3e8bf6fd178db0f8c055be4d3e0555
10.32.12.5 - - [29/Apr/2024:06:53:22 +0000] "GET /v4.0/health HTTP/1.1" 200 62 "-" "axios/0.18.0" 160 0.007 [ensaas-service-sso-http] [] 10.32.12.107:8080 62 0.008 200 c3994bcbdaf03176c7aeba2cadbb23c1
10.32.12.5 - - [29/Apr/2024:06:53:22 +0000] "POST /v1.0/cert/device/status/04852cee-5961-4b71-ac2d-5c9076e790ad HTTP/1.1" 200 94 "-" "go-resty/2.7.0 (https://github.com/go-resty/resty)" 601 0.004 [edge365-api-cert-revoke-80] [] 10.32.12.95:3000 94 0.004 200 3eda5e65762715f59cb9d3804df52f59
10.32.12.5 - - [29/Apr/2024:06:53:25 +0000] "POST /object/alarm/status HTTP/1.1" 499 0 "-" "Apache-HttpClient/4.5.9 (Java/1.8.0_282)" 453 4.998 [edge365-wise-mplus-userfunctions-80] [] 10.32.12.75:8080 0 5.000 - 9bd57250bac979873a920b291f14b9e7
10.32.12.195 - - [29/Apr/2024:06:53:29 +0000] "POST /v1.0/cert/device/status/57fcc025-dbf6-4cc3-ba57-482f4ab6d3db HTTP/1.1" 200 94 "-" "go-resty/2.7.0 (https://github.com/go-resty/resty)" 601 0.004 [edge365-api-cert-revoke-80] [] 10.32.12.95:3000 94 0.000 200 77c0982a7718bd4271c801ffb143d72b
10.32.12.5 - - [29/Apr/2024:06:53:30 +0000] "POST /object/alarm/status HTTP/1.1" 499 0 "-" "Apache-HttpClient/4.5.9 (Java/1.8.0_282)" 453 4.999 [edge365-wise-mplus-userfunctions-80] [] 10.32.12.75:8080 0 5.000 - d891cb4ef52964a14458378811d3170f
10.32.12.68 - - [29/Apr/2024:06:53:33 +0000] "POST /v1.0/cert/device/status/3623afdf-88db-42cc-a56a-8ab928fb7f7e HTTP/1.1" 200 94 "-" "go-resty/2.7.0 (https://github.com/go-resty/resty)" 601 0.005 [edge365-api-cert-revoke-80] [] 10.32.12.95:3000 94 0.004 200 758cfa4d37707256d5ed95efd4812ed9
10.32.12.5 - - [29/Apr/2024:06:53:43 +0000] "POST /v1.0/cert/device/status/33bd5e9e-e880-42b7-96c7-7bee1ec3840c HTTP/1.1" 200 94 "-" "go-resty/2.7.0 (https://github.com/go-resty/resty)" 601 0.003 [edge365-api-cert-revoke-80] [] 10.32.12.95:3000 94 0.004 200 9b7305c28cefb2dfabee63640f8b36af
10.32.12.68 - - [29/Apr/2024:06:53:56 +0000] "POST /object/alarm/status HTTP/1.1" 200 102 "-" "Apache-HttpClient/4.5.9 (Java/1.8.0_282)" 453 0.004 [edge365-wise-mplus-userfunctions-80] [] 10.32.12.75:8080 102 0.004 200 683319cb16b4c9a365c5e52c299511cb
10.32.12.195 - - [29/Apr/2024:06:53:56 +0000] "POST /object/alarm/status HTTP/1.1" 200 102 "-" "Apache-HttpClient/4.5.9 (Java/1.8.0_282)" 453 0.004 [edge365-wise-mplus-userfunctions-80] [] 10.32.12.75:8080 102 0.004 200 d618f12e0adaa9d383f082146deca78a
10.32.12.68 - - [29/Apr/2024:06:53:56 +0000] "POST /object/alarm/status HTTP/1.1" 200 102 "-" "Apache-HttpClient/4.5.9 (Java/1.8.0_282)" 453 0.003 [edge365-wise-mplus-userfunctions-80] [] 10.32.12.75:8080 102 0.004 200 22ee3da1a9f2b4c42ba725278df458fc
10.32.12.68 - - [29/Apr/2024:06:53:56 +0000] "POST /object/alarm/status HTTP/1.1" 200 102 "-" "Apache-HttpClient/4.5.9 (Java/1.8.0_282)" 453 0.008 [edge365-wise-mplus-userfunctions-80] [] 10.32.12.75:8080 102 0.008 200 d937279ae0a55c016cffb7e43d50eac7
10.32.12.195 - - [29/Apr/2024:06:53:56 +0000] "POST /group/param/sum HTTP/1.1" 200 115 "-" "Apache-HttpClient/4.5.9 (Java/1.8.0_282)" 456 0.021 [edge365-wise-mplus-userfunctions-80] [] 10.32.12.75:8080 115 0.020 200 5154105ab02ed45c19533b00dafa9086
10.32.12.195 - - [29/Apr/2024:06:53:56 +0000] "POST /group/param/sum HTTP/1.1" 200 115 "-" "Apache-HttpClient/4.5.9 (Java/1.8.0_282)" 458 0.026 [edge365-wise-mplus-userfunctions-80] [] 10.32.12.75:8080 115 0.024 200 b0e6a0e229b72fbdeb40c4021767248d
10.32.12.68 - - [29/Apr/2024:06:53:57 +0000] "POST /v1.0/cert/device/status/f969ba00-f059-4836-8795-05d9b56e8f87 HTTP/1.1" 200 94 "-" "go-resty/2.7.0 (https://github.com/go-resty/resty)" 601 0.004 [edge365-api-cert-revoke-80] [] 10.32.12.95:3000 94 0.004 200 0993b1c3b6755004049f55a591f45376
10.32.12.68 - - [29/Apr/2024:06:54:02 +0000] "POST /object/alarm/status HTTP/1.1" 499 0 "-" "Apache-HttpClient/4.5.9 (Java/1.8.0_282)" 453 4.986 [edge365-wise-mplus-userfunctions-80] [] 10.32.12.75:8080 0 4.988 - 6046d7c609c140a0688b6f3fba61c8c1
10.32.12.68 - - [29/Apr/2024:06:54:07 +0000] "POST /group/alarm/status HTTP/1.1" 499 0 "-" "Apache-HttpClient/4.5.9 (Java/1.8.0_282)" 451 4.998 [edge365-wise-mplus-userfunctions-80] [] 10.32.12.75:8080 0 4.997 - dda8ef9de4a41a8a63168680ba60fcc3
10.32.12.131 - - [29/Apr/2024:06:54:08 +0000] "POST /v1.0/cert/device/status/872eae8b-ee9e-4434-842c-928b0cbf55d6 HTTP/1.1" 200 94 "-" "go-resty/2.7.0 (https://github.com/go-resty/resty)" 601 0.004 [edge365-api-cert-revoke-80] [] 10.32.12.95:3000 94 0.004 200 e1217e639a42390258378a712f902c9e
10.32.12.131 - - [29/Apr/2024:06:54:23 +0000] "POST /group/alarm/status HTTP/1.1" 499 0 "-" "Apache-HttpClient/4.5.9 (Java/1.8.0_282)" 451 4.998 [edge365-wise-mplus-userfunctions-80] [] 10.32.12.75:8080 0 4.996 - 3c0936fd1db749e7798cbaf29e26295e
10.32.12.5 - - [29/Apr/2024:06:54:23 +0000] "POST /group/param/sum HTTP/1.1" 200 98 "-" "Apache-HttpClient/4.5.9 (Java/1.8.0_282)" 459 0.001 [edge365-wise-mplus-userfunctions-80] [] 10.32.12.75:8080 98 0.000 200 9cf030dc545a2458891154988f66c932
10.32.12.131 - - [29/Apr/2024:06:54:24 +0000] "POST /v1.0/cert/device/status/04852cee-5961-4b71-ac2d-5c9076e790ad HTTP/1.1" 200 94 "-" "go-resty/2.7.0 (https://github.com/go-resty/resty)" 601 0.003 [edge365-api-cert-revoke-80] [] 10.32.12.95:3000 94 0.004 200 2bf7e2dfb64ea164ab7b07ca84a8d4d7
10.32.12.5 - - [29/Apr/2024:06:54:33 +0000] "POST /group/alarm/status HTTP/1.1" 499 0 "-" "Apache-HttpClient/4.5.9 (Java/1.8.0_282)" 451 5.040 [edge365-wise-mplus-userfunctions-80] [] 10.32.12.75:8080 0 5.041 - 3ceb89860518197f838f96c4cad61b34
10.32.12.68 - - [29/Apr/2024:06:54:33 +0000] "POST /group/param/sum HTTP/1.1" 200 107 "-" "Apache-HttpClient/4.5.9 (Java/1.8.0_282)" 456 0.006 [edge365-wise-mplus-userfunctions-80] [] 10.32.12.75:8080 107 0.004 200 23e45ed7f74d0564f5790779e2bc31a3
10.32.12.68 - - [29/Apr/2024:06:54:33 +0000] "POST /group/param/sum HTTP/1.1" 200 106 "-" "Apache-HttpClient/4.5.9 (Java/1.8.0_282)" 457 0.021 [edge365-wise-mplus-userfunctions-80] [] 10.32.12.75:8080 106 0.020 200 0d437a1c568f59e506cd6bef575f9b24
10.32.12.195 - - [29/Apr/2024:06:54:34 +0000] "POST /group/alarm/status HTTP/1.1" 200 101 "-" "Apache-HttpClient/4.5.9 (Java/1.8.0_282)" 451 0.003 [edge365-wise-mplus-userfunctions-80] [] 10.32.12.75:8080 101 0.004 200 3805355a4f57c186324ec74965c1e9fc
10.32.12.195 - - [29/Apr/2024:06:54:34 +0000] "POST /group/param/sum HTTP/1.1" 200 100 "-" "Apache-HttpClient/4.5.9 (Java/1.8.0_282)" 455 0.007 [edge365-wise-mplus-userfunctions-80] [] 10.32.12.75:8080 100 0.004 200 1812fa978e147991c1aa24d42465f143
10.32.12.195 - - [29/Apr/2024:06:54:35 +0000] "POST /group/param/sum HTTP/1.1" 200 107 "-" "Apache-HttpClient/4.5.9 (Java/1.8.0_282)" 455 0.005 [edge365-wise-mplus-userfunctions-80] [] 10.32.12.75:8080 107 0.004 200 cf14bd39c19a5eedcc0e0abe42b1195e
10.32.12.195 - - [29/Apr/2024:06:54:35 +0000] "POST /group/alarm/status HTTP/1.1" 200 101 "-" "Apache-HttpClient/4.5.9 (Java/1.8.0_282)" 451 0.003 [edge365-wise-mplus-userfunctions-80] [] 10.32.12.75:8080 101 0.004 200 f482cd443c67c34e17255d8686f016f2
10.32.12.68 - - [29/Apr/2024:06:54:35 +0000] "POST /v1.0/cert/device/status/69a7f7f4-f74d-4df8-863f-346e73073c85 HTTP/1.1" 200 94 "-" "go-resty/2.7.0 (https://github.com/go-resty/resty)" 601 0.004 [edge365-api-cert-revoke-80] [] 10.32.12.95:3000 94 0.004 200 2fff0948170d6e159de88a3c1488962a
10.32.12.68 - - [29/Apr/2024:06:54:35 +0000] "POST /group/param/sum HTTP/1.1" 200 98 "-" "Apache-HttpClient/4.5.9 (Java/1.8.0_282)" 459 0.001 [edge365-wise-mplus-userfunctions-80] [] 10.32.12.75:8080 98 0.004 200 468b85dcb3464b242b97076401fd4536
10.32.12.131 - - [29/Apr/2024:06:54:35 +0000] "POST /group/alarm/status HTTP/1.1" 200 101 "-" "Apache-HttpClient/4.5.9 (Java/1.8.0_282)" 451 0.004 [edge365-wise-mplus-userfunctions-80] [] 10.32.12.75:8080 101 0.004 200 4b86cacc17f8492867f8e1851d13f1fa
10.32.12.5 - - [29/Apr/2024:06:54:35 +0000] "POST /group/param/sum HTTP/1.1" 200 115 "-" "Apache-HttpClient/4.5.9 (Java/1.8.0_282)" 456 0.004 [edge365-wise-mplus-userfunctions-80] [] 10.32.12.75:8080 115 0.004 200 6592f1a80b6fad6ef217025b59c8537d
10.32.12.131 - - [29/Apr/2024:06:54:35 +0000] "POST /group/param/sum HTTP/1.1" 200 104 "-" "Apache-HttpClient/4.5.9 (Java/1.8.0_282)" 458 0.004 [edge365-wise-mplus-userfunctions-80] [] 10.32.12.75:8080 104 0.004 200 853400d4fbba0e7056c3be0d8d3b5bb3
10.32.12.5 - - [29/Apr/2024:06:54:36 +0000] "POST /group/param/sum HTTP/1.1" 200 104 "-" "Apache-HttpClient/4.5.9 (Java/1.8.0_282)" 454 0.004 [edge365-wise-mplus-userfunctions-80] [] 10.32.12.75:8080 104 0.004 200 357b21bb8b30c8e2046b2e3af7cb18f8
10.32.12.195 - - [29/Apr/2024:06:54:37 +0000] "POST /v1.0/cert/device/status/3623afdf-88db-42cc-a56a-8ab928fb7f7e HTTP/1.1" 200 94 "-" "go-resty/2.7.0 (https://github.com/go-resty/resty)" 601 0.003 [edge365-api-cert-revoke-80] [] 10.32.12.95:3000 94 0.000 200 4f8e204b1a126c69e0d6e5aec8ce6131
10.32.12.68 - - [29/Apr/2024:06:54:45 +0000] "POST /v1.0/cert/device/status/46427a01-7efe-4fc5-b1f9-dd01e6ed0433 HTTP/1.1" 200 94 "-" "go-resty/2.7.0 (https://github.com/go-resty/resty)" 601 0.003 [edge365-api-cert-revoke-80] [] 10.32.12.95:3000 94 0.000 200 ef4a4733b24bdbeba0d19626f21d3998
10.32.12.195 - - [29/Apr/2024:06:54:48 +0000] "POST /v1.0/cert/device/status/46427a01-7efe-4fc5-b1f9-dd01e6ed0433 HTTP/1.1" 200 94 "-" "go-resty/2.7.0 (https://github.com/go-resty/resty)" 601 0.003 [edge365-api-cert-revoke-80] [] 10.32.12.95:3000 94 0.004 200 61981128ce6b84c980395b0507fcffeb
10.32.12.5 - - [29/Apr/2024:06:54:52 +0000] "GET /v4.0/health HTTP/1.1" 200 62 "-" "axios/0.18.0" 160 0.003 [ensaas-service-sso-http] [] 10.32.12.107:8080 62 0.004 200 5cc638f975353f98543f89f5b7999533
10.32.12.68 - - [29/Apr/2024:06:54:52 +0000] "POST /group/param/sum HTTP/1.1" 200 115 "-" "Apache-HttpClient/4.5.9 (Java/1.8.0_282)" 455 0.005 [edge365-wise-mplus-userfunctions-80] [] 10.32.12.75:8080 115 0.004 200 7652de042c82a032e3935a1e97baabfd
10.32.12.195 - - [29/Apr/2024:06:54:59 +0000] "POST /v1.0/cert/device/status/f969ba00-f059-4836-8795-05d9b56e8f87 HTTP/1.1" 200 94 "-" "go-resty/2.7.0 (https://github.com/go-resty/resty)" 601 0.004 [edge365-api-cert-revoke-80] [] 10.32.12.95:3000 94 0.004 200 565a36e88673ea062bd267562305a9cb
10.32.12.68 - - [29/Apr/2024:06:55:05 +0000] "POST /v1.0/cert/device/status/cd096b75-b04e-4ccf-8162-1f251855693c HTTP/1.1" 200 94 "-" "go-resty/2.7.0 (https://github.com/go-resty/resty)" 601 0.004 [edge365-api-cert-revoke-80] [] 10.32.12.95:3000 94 0.004 200 458f4ae5cf7abb162b09f93a3027e7ff
10.32.12.131 - - [29/Apr/2024:06:55:12 +0000] "POST /group/param/sum HTTP/1.1" 200 107 "-" "Apache-HttpClient/4.5.9 (Java/1.8.0_282)" 456 0.028 [edge365-wise-mplus-userfunctions-80] [] 10.32.12.75:8080 107 0.028 200 27fb17f4a2e71695f02a9b0d9edbe847
10.32.12.131 - - [29/Apr/2024:06:55:13 +0000] "POST /group/param/sum HTTP/1.1" 200 104 "-" "Apache-HttpClient/4.5.9 (Java/1.8.0_282)" 454 0.009 [edge365-wise-mplus-userfunctions-80] [] 10.32.12.75:8080 104 0.008 200 0c22cf7431dbafb40bf3e3bed8fe4642
10.32.12.5 - - [29/Apr/2024:06:55:19 +0000] "POST /v4.0/tokenvalidation HTTP/1.1" 200 658 "-" "axios/0.18.0" 791 0.002 [ensaas-service-sso-http] [] 10.32.12.107:8080 658 0.004 200 d32389b6722c1b8e676c2fcc877cad59
10.32.12.131 - - [29/Apr/2024:06:55:20 +0000] "POST /v4.0/tokenvalidation HTTP/1.1" 200 658 "-" "fasthttp" 706 0.002 [ensaas-service-sso-http] [] 10.32.12.107:8080 658 0.004 200 f6351988b023f5951328125c02395965
10.32.12.131 - - [29/Apr/2024:06:55:20 +0000] "GET /v4.0/users/me HTTP/1.1" 200 897 "-" "fasthttp" 689 0.029 [ensaas-service-sso-http] [] 10.32.12.107:8080 897 0.028 200 9a3602122826ab9167451210c1235059
10.32.12.131 - - [29/Apr/2024:06:55:20 +0000] "POST /v4.0/tokenvalidation HTTP/1.1" 200 658 "-" "fasthttp" 706 0.002 [ensaas-service-sso-http] [] 10.32.12.107:8080 658 0.004 200 3bc933aa843ea6129e52bc55149bbd6b
10.32.12.131 - - [29/Apr/2024:06:55:20 +0000] "POST /v4.0/tokenvalidation HTTP/1.1" 200 658 "-" "axios/0.21.4" 772 0.007 [ensaas-service-sso-http] [] 10.32.12.107:8080 658 0.004 200 93a04994109433bd848626c4ebe01c05
10.32.12.131 - - [29/Apr/2024:06:55:20 +0000] "GET /v4.0/users/me HTTP/1.1" 200 897 "-" "fasthttp" 689 0.022 [ensaas-service-sso-http] [] 10.32.12.107:8080 897 0.024 200 2081aaeefa5a52452cd76935382c8b97
10.32.12.131 - - [29/Apr/2024:06:55:20 +0000] "POST /v4.0/tokenvalidation HTTP/1.1" 200 658 "-" "fasthttp" 706 0.002 [ensaas-service-sso-http] [] 10.32.12.107:8080 658 0.004 200 13887177b5ab83d43bc1e870493e71b1
10.32.12.131 - - [29/Apr/2024:06:55:20 +0000] "GET /v4.0/users/me HTTP/1.1" 200 897 "-" "fasthttp" 689 0.025 [ensaas-service-sso-http] [] 10.32.12.107:8080 897 0.028 200 e9819e523698c4445cad3a98871d9e1f
10.32.12.131 - - [29/Apr/2024:06:55:20 +0000] "POST /v4.0/tokenvalidation HTTP/1.1" 200 658 "-" "axios/0.21.4" 772 0.009 [ensaas-service-sso-http] [] 10.32.12.107:8080 658 0.004 200 0199e1a926234aaa620e959496d9d9f7
10.32.12.131 - - [29/Apr/2024:06:55:21 +0000] "POST /v4.0/tokenvalidation HTTP/1.1" 200 658 "-" "axios/0.21.4" 772 0.014 [ensaas-service-sso-http] [] 10.32.12.107:8080 658 0.000 200 bdbe357cda74591514aa3d1f29280f11
10.32.12.5 - - [29/Apr/2024:06:55:22 +0000] "GET /v4.0/health HTTP/1.1" 200 62 "-" "axios/0.18.0" 160 0.003 [ensaas-service-sso-http] [] 10.32.12.107:8080 62 0.000 200 6cb821722ce9a2e13ffeaaee6d783fc9
10.32.12.5 - - [29/Apr/2024:06:55:23 +0000] "POST /group/alarm/status HTTP/1.1" 499 0 "-" "Apache-HttpClient/4.5.9 (Java/1.8.0_282)" 451 4.998 [edge365-wise-mplus-userfunctions-80] [] 10.32.12.75:8080 0 5.000 - e4fd7bc57f38ae1b897749ee1752b6aa
10.32.12.131 - - [29/Apr/2024:06:55:28 +0000] "POST /group/alarm/status HTTP/1.1" 499 0 "-" "Apache-HttpClient/4.5.9 (Java/1.8.0_282)" 451 4.997 [edge365-wise-mplus-userfunctions-80] [] 10.32.12.75:8080 0 4.997 - 5a7d3b4df8f2c937d31866a9d814d436
10.32.12.68 - - [29/Apr/2024:06:55:31 +0000] "GET /dm-proxy/v1.1/org/41/device/list HTTP/1.1" 200 5674 "https://portal-dpm-edge365-solarscada.sembcorp.net/" "Mozilla/5.0 (Windows NT 10.0; Win64; x64) AppleWebKit/537.36 (KHTML, like Gecko) Chrome/123.0.0.0 Safari/537.36" 1665 1.750 [edge365-portal-dpm-80] [] 10.32.12.121:8080 5668 1.752 200 6af3f3d23fb8dfe398f3896954e5446d
10.32.12.195 - - [29/Apr/2024:06:55:34 +0000] "POST /group/param/sum HTTP/1.1" 499 0 "-" "Apache-HttpClient/4.5.9 (Java/1.8.0_282)" 455 5.000 [edge365-wise-mplus-userfunctions-80] [] 10.32.12.75:8080 0 5.000 - 2f35806dacad4579f34e5605f9c05850
10.32.12.5 - - [29/Apr/2024:06:55:40 +0000] "POST /v4.0/tokenvalidation HTTP/1.1" 200 658 "-" "axios/0.18.0" 791 0.004 [ensaas-service-sso-http] [] 10.32.12.107:8080 658 0.004 200 248ade6b011f729e8c878957f9e01480
10.32.12.5 - - [29/Apr/2024:06:55:40 +0000] "POST /api/datasources/proxy/45/query?lang=en-US HTTP/1.1" 200 2904 "-" "Mozilla/5.0 (Windows NT 10.0; Win64; x64) AppleWebKit/537.36 (KHTML, like Gecko) Chrome/123.0.0.0 Safari/537.36" 3063 19.518 [edge365-dashboard-pro-edge365-http] [] 10.32.12.166:8080 2904 19.517 200 68904eedc6cc79149e81d7d57494ead2
10.32.12.68 - - [29/Apr/2024:06:55:41 +0000] "POST /v1.0/cert/device/status/69a7f7f4-f74d-4df8-863f-346e73073c85 HTTP/1.1" 200 94 "-" "go-resty/2.7.0 (https://github.com/go-resty/resty)" 601 0.003 [edge365-api-cert-revoke-80] [] 10.32.12.95:3000 94 0.004 200 ce583cf64ef373a978f0015663d4cb1c
10.32.12.5 - - [29/Apr/2024:06:55:44 +0000] "GET /dm-proxy/v1.1/org/41/device/list HTTP/1.1" 200 5499 "https://portal-dpm-edge365-solarscada.sembcorp.net/" "Mozilla/5.0 (Windows NT 10.0; Win64; x64) AppleWebKit/537.36 (KHTML, like Gecko) Chrome/123.0.0.0 Safari/537.36" 1665 4.135 [edge365-portal-dpm-80] [] 10.32.12.121:8080 5493 4.132 200 74a25891ca6fb1a790ac72ca6109f26c
10.32.12.131 - - [29/Apr/2024:06:55:44 +0000] "POST /v1.0/cert/device/status/33bd5e9e-e880-42b7-96c7-7bee1ec3840c HTTP/1.1" 200 94 "-" "go-resty/2.7.0 (https://github.com/go-resty/resty)" 601 0.003 [edge365-api-cert-revoke-80] [] 10.32.12.95:3000 94 0.004 200 929a0adbf1b7a65e8b0a120876378fdb
10.32.12.68 - - [29/Apr/2024:06:55:44 +0000] "POST /group/alarm/status HTTP/1.1" 499 0 "-" "Apache-HttpClient/4.5.9 (Java/1.8.0_282)" 451 4.998 [edge365-wise-mplus-userfunctions-80] [] 10.32.12.75:8080 0 5.000 - dd29ca3ad2a6f591c7a2a57acbf07ce0
10.32.12.195 - - [29/Apr/2024:06:55:47 +0000] "POST /v1.0/cert/device/status/46427a01-7efe-4fc5-b1f9-dd01e6ed0433 HTTP/1.1" 200 94 "-" "go-resty/2.7.0 (https://github.com/go-resty/resty)" 601 0.003 [edge365-api-cert-revoke-80] [] 10.32.12.95:3000 94 0.004 200 3782ec22dae84542a7040d0aa28307dd
10.32.12.5 - - [29/Apr/2024:06:55:50 +0000] "POST /v4.0/tokenvalidation HTTP/1.1" 200 658 "-" "axios/0.18.0" 791 0.002 [ensaas-service-sso-http] [] 10.32.12.107:8080 658 0.000 200 9e6155f304cd4441a35f629c4d829d93
10.32.12.5 - - [29/Apr/2024:06:55:50 +0000] "POST /portal-proxy/edge/status HTTP/1.1" 200 211 "https://portal-dpm-edge365-solarscada.sembcorp.net/" "Mozilla/5.0 (Windows NT 10.0; Win64; x64) AppleWebKit/537.36 (KHTML, like Gecko) Chrome/123.0.0.0 Safari/537.36" 1750 0.303 [edge365-portal-dpm-80] [] 10.32.12.121:8080 211 0.300 200 f944991ac1ab0bdac1d0019b836825b4
10.32.12.195 - - [29/Apr/2024:06:55:51 +0000] "POST /v1.0/cert/device/status/46427a01-7efe-4fc5-b1f9-dd01e6ed0433 HTTP/1.1" 200 94 "-" "go-resty/2.7.0 (https://github.com/go-resty/resty)" 601 0.003 [edge365-api-cert-revoke-80] [] 10.32.12.95:3000 94 0.004 200 e8ece3ad35bca42421808c40315a45ca
10.32.12.5 - - [29/Apr/2024:06:55:52 +0000] "GET /v4.0/health HTTP/1.1" 200 62 "-" "axios/0.18.0" 160 0.003 [ensaas-service-sso-http] [] 10.32.12.107:8080 62 0.004 200 3ec2f81ed9eb8cb25deecce75b3fb559
10.32.12.5 - - [29/Apr/2024:06:55:55 +0000] "POST /v4.0/tokenvalidation HTTP/1.1" 200 651 "-" "axios/0.18.0" 784 0.002 [ensaas-service-sso-http] [] 10.32.12.107:8080 651 0.004 200 bed77884836512ec9d3e4be95c968072
10.32.12.5 - - [29/Apr/2024:06:55:55 +0000] "POST /v4.0/tokenvalidation HTTP/1.1" 200 651 "-" "axios/0.18.0" 784 0.002 [ensaas-service-sso-http] [] 10.32.12.107:8080 651 0.004 200 db4dc582c8cf6fd3e173d0a77db6431e
10.32.12.5 - - [29/Apr/2024:06:55:57 +0000] "POST /v4.0/tokenvalidation HTTP/1.1" 200 651 "-" "axios/0.18.0" 784 0.002 [ensaas-service-sso-http] [] 10.32.12.107:8080 651 0.004 200 559ac5051043880f66b6b8e643c153e3
10.32.12.5 - - [29/Apr/2024:06:55:57 +0000] "POST /v4.0/tokenvalidation HTTP/1.1" 200 651 "-" "axios/0.18.0" 784 0.002 [ensaas-service-sso-http] [] 10.32.12.107:8080 651 0.000 200 7ffd44fb3961e183600181297ca75589
10.32.12.5 - - [29/Apr/2024:06:55:57 +0000] "POST /v4.0/tokenvalidation HTTP/1.1" 200 651 "-" "axios/0.18.0" 784 0.002 [ensaas-service-sso-http] [] 10.32.12.107:8080 651 0.004 200 0153e60ec2c7c4a472a8810318e5e15c
10.32.12.131 - - [29/Apr/2024:06:55:57 +0000] "POST /graphql HTTP/1.1" 200 133 "https://portal-dataconnect-edge365-solarscada.sembcorp.net/?v=1713320674048&IFPLang=en-US" "Mozilla/5.0 (Windows NT 10.0; Win64; x64) AppleWebKit/537.36 (KHTML, like Gecko) Chrome/123.0.0.0 Safari/537.36" 2193 0.125 [edge365-portal-dataconnect-80] [] 10.32.12.48:8080 133 0.124 200 be0d269200256d5eacc447aeef4c3d32
10.32.12.5 - - [29/Apr/2024:06:55:59 +0000] "GET /api/v1/namespaces/edge365/pods/api-dbmaster-wise-mplus-57b7dcb99d-csxkp HTTP/1.1" 200 7663 "-" "kubectl/v1.27.2 (linux/amd64) kubernetes/7f6f68f" 563 0.067 [ensaas-service-clusteragent-proxy-9000] [] 10.32.12.147:8000 7657 0.068 200 bcaf32cfa362b272a19baa1b67a864e3
10.32.12.5 - - [29/Apr/2024:06:56:00 +0000] "POST /v4.0/tokenvalidation HTTP/1.1" 200 658 "-" "axios/0.18.0" 791 0.007 [ensaas-service-sso-http] [] 10.32.12.107:8080 658 0.008 200 c85cba8809755d3839cbe1776480c61c
10.32.12.131 - - [29/Apr/2024:06:56:04 +0000] "POST /v1.0/cert/device/status/cd096b75-b04e-4ccf-8162-1f251855693c HTTP/1.1" 200 94 "-" "go-resty/2.7.0 (https://github.com/go-resty/resty)" 601 0.003 [edge365-api-cert-revoke-80] [] 10.32.12.95:3000 94 0.004 200 affa6b1eceba1db765575e9580a0ad8a
10.32.12.131 - - [29/Apr/2024:06:56:04 +0000] "POST /group/param/sum HTTP/1.1" 499 0 "-" "Apache-HttpClient/4.5.9 (Java/1.8.0_282)" 459 4.998 [edge365-wise-mplus-userfunctions-80] [] 10.32.12.75:8080 0 5.000 - 0c5fe2c7da596e64331dfca252469fbd
10.32.12.131 - - [29/Apr/2024:06:56:09 +0000] "POST /group/alarm/status HTTP/1.1" 499 0 "-" "Apache-HttpClient/4.5.9 (Java/1.8.0_282)" 451 4.996 [edge365-wise-mplus-userfunctions-80] [] 10.32.12.75:8080 0 4.992 - 7519b7910350e6d910b5e55f5f095a01
10.32.12.5 - - [29/Apr/2024:06:56:11 +0000] "POST /v1.0/cert/device/status/f969ba00-f059-4836-8795-05d9b56e8f87 HTTP/1.1" 200 94 "-" "go-resty/2.7.0 (https://github.com/go-resty/resty)" 601 0.003 [edge365-api-cert-revoke-80] [] 10.32.12.95:3000 94 0.004 200 70b73f8221123850a105722b24d03669
10.32.12.195 - - [29/Apr/2024:06:56:14 +0000] "POST /v1.0/cert/device/status/bf8dcf19-7297-47d7-8ddf-fcbb58dc4163 HTTP/1.1" 200 94 "-" "go-resty/2.7.0 (https://github.com/go-resty/resty)" 601 0.003 [edge365-api-cert-revoke-80] [] 10.32.12.95:3000 94 0.004 200 3caa4789085230a9f13332a5058adca5
10.32.12.68 - - [29/Apr/2024:06:56:15 +0000] "POST /v1.0/cert/device/status/872eae8b-ee9e-4434-842c-928b0cbf55d6 HTTP/1.1" 200 94 "-" "go-resty/2.7.0 (https://github.com/go-resty/resty)" 601 0.003 [edge365-api-cert-revoke-80] [] 10.32.12.95:3000 94 0.000 200 1279ff557e12dcc91d3b800e12baf54a
10.32.12.131 - - [29/Apr/2024:06:56:20 +0000] "POST /object/alarm/status HTTP/1.1" 499 0 "-" "Apache-HttpClient/4.5.9 (Java/1.8.0_282)" 453 4.999 [edge365-wise-mplus-userfunctions-80] [] 10.32.12.75:8080 0 5.000 - 80cba43a2c90e617359d4ffbec5155c9
10.32.12.68 - - [29/Apr/2024:06:56:20 +0000] "POST /portal-proxy/edge/status HTTP/1.1" 200 211 "https://portal-dpm-edge365-solarscada.sembcorp.net/" "Mozilla/5.0 (Windows NT 10.0; Win64; x64) AppleWebKit/537.36 (KHTML, like Gecko) Chrome/123.0.0.0 Safari/537.36" 1750 0.100 [edge365-portal-dpm-80] [] 10.32.12.121:8080 211 0.100 200 a091f8223714ebd27dc12327373094b7
2024/04/29 06:56:20 [error] 148#148: *170541335 upstream timed out (110: Operation timed out) while reading response header from upstream, client: 10.32.12.131, server: dashboard.edge365.solarscada.en.internal, request: "POST /api/datasources/proxy/45/query?lang=en-US HTTP/1.1", upstream: "http://10.32.12.166:8080/api/datasources/proxy/45/query?lang=en-US", host: "dashboard.edge365.solarscada.en.internal"
10.32.12.131 - - [29/Apr/2024:06:56:20 +0000] "POST /api/datasources/proxy/45/query?lang=en-US HTTP/1.1" 504 562 "-" "Mozilla/5.0 (Windows NT 10.0; Win64; x64) AppleWebKit/537.36 (KHTML, like Gecko) Chrome/123.0.0.0 Safari/537.36" 3320 60.007 [edge365-dashboard-pro-edge365-http] [] 10.32.12.166:8080 0 60.007 504 675dc748a3363e9ad7aee7df17923c68
2024/04/29 06:56:20 [error] 148#148: *170541337 upstream timed out (110: Operation timed out) while reading response header from upstream, client: 10.32.12.5, server: dashboard.edge365.solarscada.en.internal, request: "POST /api/datasources/proxy/45/query?lang=en-US HTTP/1.1", upstream: "http://10.32.12.166:8080/api/datasources/proxy/45/query?lang=en-US", host: "dashboard.edge365.solarscada.en.internal"
10.32.12.5 - - [29/Apr/2024:06:56:20 +0000] "POST /api/datasources/proxy/45/query?lang=en-US HTTP/1.1" 504 562 "-" "Mozilla/5.0 (Windows NT 10.0; Win64; x64) AppleWebKit/537.36 (KHTML, like Gecko) Chrome/123.0.0.0 Safari/537.36" 3251 60.007 [edge365-dashboard-pro-edge365-http] [] 10.32.12.166:8080 0 60.007 504 3ceced175ec246b8e2d87cc7634d00ca
10.32.12.68 - - [29/Apr/2024:06:56:25 +0000] "POST /v1.0/cert/device/status/04852cee-5961-4b71-ac2d-5c9076e790ad HTTP/1.1" 200 94 "-" "go-resty/2.7.0 (https://github.com/go-resty/resty)" 601 0.004 [edge365-api-cert-revoke-80] [] 10.32.12.95:3000 94 0.004 200 ca6b9c529c2dd54bd20976bf7c6ffa2d
10.32.12.5 - - [29/Apr/2024:06:56:39 +0000] "POST /v1.0/cert/device/status/69a7f7f4-f74d-4df8-863f-346e73073c85 HTTP/1.1" 200 94 "-" "go-resty/2.7.0 (https://github.com/go-resty/resty)" 601 0.003 [edge365-api-cert-revoke-80] [] 10.32.12.95:3000 94 0.000 200 22f74520ee8c1da34f5e8a7ec59646d9
10.32.12.5 - - [29/Apr/2024:06:56:45 +0000] "GET /dm-proxy/v1.1/label/device?id=2482 HTTP/1.1" 304 0 "https://portal-dpm-edge365-solarscada.sembcorp.net/" "Mozilla/5.0 (Windows NT 10.0; Win64; x64) AppleWebKit/537.36 (KHTML, like Gecko) Chrome/123.0.0.0 Safari/537.36" 1664 0.055 [edge365-portal-dpm-80] [] 10.32.12.121:8080 0 0.052 304 bf78e5b368555c50709032e31d16fd67
10.32.12.195 - - [29/Apr/2024:06:56:46 +0000] "POST /v1.0/cert/device/status/33bd5e9e-e880-42b7-96c7-7bee1ec3840c HTTP/1.1" 200 94 "-" "go-resty/2.7.0 (https://github.com/go-resty/resty)" 601 0.003 [edge365-api-cert-revoke-80] [] 10.32.12.95:3000 94 0.004 200 c16f6d606fbce3c2cb4918efd35eac5d
10.32.12.5 - - [29/Apr/2024:06:56:52 +0000] "GET /v1/health/liveness HTTP/1.1" 404 19 "-" "axios/0.18.0" 166 0.001 [ensaas-service-kubeensaas-80] [] 10.32.12.118:8080 19 0.004 404 64590024d5b89b8b206cd05b1b1a41e7
10.32.12.5 - - [29/Apr/2024:06:56:52 +0000] "GET / HTTP/1.1" 200 519 "-" "axios/0.18.0" 148 0.000 [ensaas-service-kubeensaas-80] [] 10.32.12.118:8080 519 0.000 200 ae35e755a32b90bbe612faf6991804f1
10.32.12.131 - - [29/Apr/2024:06:56:55 +0000] "POST /object/alarm/status HTTP/1.1" 499 0 "-" "Apache-HttpClient/4.5.9 (Java/1.8.0_282)" 453 5.006 [edge365-wise-mplus-userfunctions-80] [] 10.32.12.75:8080 0 5.008 - 2f55f9ba36e25788d096bf636ad0bc50
10.32.12.5 - - [29/Apr/2024:06:57:04 +0000] "POST /v1.0/cert/device/status/f969ba00-f059-4836-8795-05d9b56e8f87 HTTP/1.1" 200 94 "-" "go-resty/2.7.0 (https://github.com/go-resty/resty)" 601 0.003 [edge365-api-cert-revoke-80] [] 10.32.12.95:3000 94 0.004 200 20314d40bda156886abdb9fe0dd96236
10.32.12.131 - - [29/Apr/2024:06:57:13 +0000] "POST /v1.0/cert/device/status/f969ba00-f059-4836-8795-05d9b56e8f87 HTTP/1.1" 200 94 "-" "go-resty/2.7.0 (https://github.com/go-resty/resty)" 601 0.002 [edge365-api-cert-revoke-80] [] 10.32.12.95:3000 94 0.004 200 854409e597cd2d735ddc791de4397cfe
10.32.12.5 - - [29/Apr/2024:06:57:14 +0000] "POST /v1.0/cert/device/status/872eae8b-ee9e-4434-842c-928b0cbf55d6 HTTP/1.1" 200 94 "-" "go-resty/2.7.0 (https://github.com/go-resty/resty)" 601 0.004 [edge365-api-cert-revoke-80] [] 10.32.12.95:3000 94 0.000 200 157613ce004d0a0a129684183d4a6302
10.32.12.131 - - [29/Apr/2024:06:57:14 +0000] "GET /api/v1/namespaces/edge365/pods?limit=500 HTTP/1.1" 200 21916 "-" "kubectl/v1.27.2 (linux/amd64) kubernetes/7f6f68f" 621 0.070 [ensaas-service-clusteragent-proxy-9000] [] 10.32.12.147:8000 21826 0.068 200 41ac9a5eaca3856a352045f6386e694d
10.32.12.131 - - [29/Apr/2024:06:57:15 +0000] "POST /object/alarm/status HTTP/1.1" 499 0 "-" "Apache-HttpClient/4.5.9 (Java/1.8.0_282)" 453 4.999 [edge365-wise-mplus-userfunctions-80] [] 10.32.12.75:8080 0 5.001 - 7e5527011bbc56574ed9599f7f5532f1
10.32.12.5 - - [29/Apr/2024:06:57:17 +0000] "POST /v1.0/cert/device/status/872eae8b-ee9e-4434-842c-928b0cbf55d6 HTTP/1.1" 200 94 "-" "go-resty/2.7.0 (https://github.com/go-resty/resty)" 601 0.003 [edge365-api-cert-revoke-80] [] 10.32.12.95:3000 94 0.000 200 6bac97fefd485751581dd6747eb454f8
10.32.12.5 - - [29/Apr/2024:06:57:25 +0000] "POST /object/alarm/status HTTP/1.1" 499 0 "-" "Apache-HttpClient/4.5.9 (Java/1.8.0_282)" 453 5.002 [edge365-wise-mplus-userfunctions-80] [] 10.32.12.75:8080 0 5.004 - 5dd1275f24de5cd44c01789667b73bdd
10.32.12.195 - - [29/Apr/2024:06:57:30 +0000] "POST /v1.0/cert/device/status/04852cee-5961-4b71-ac2d-5c9076e790ad HTTP/1.1" 200 94 "-" "go-resty/2.7.0 (https://github.com/go-resty/resty)" 601 0.003 [edge365-api-cert-revoke-80] [] 10.32.12.95:3000 94 0.004 200 d6e76b1e877638cf107e1b249cac4837
10.32.12.131 - - [29/Apr/2024:06:57:33 +0000] "GET /api/v1/namespaces/edge365/pods/redis-7c1c6a75-2888-4d70-9b9e-82c261ab9063-master-0/log?container=redis HTTP/1.1" 200 905 "-" "kubectl/v1.27.2 (linux/amd64) kubernetes/7f6f68f" 594 0.060 [ensaas-service-clusteragent-proxy-9000] [] 10.32.12.147:8000 905 0.060 200 38cda854ef8d059a258843673873e583
10.32.12.131 - - [29/Apr/2024:06:57:38 +0000] "POST /v1.0/cert/device/status/57fcc025-dbf6-4cc3-ba57-482f4ab6d3db HTTP/1.1" 200 94 "-" "go-resty/2.7.0 (https://github.com/go-resty/resty)" 601 0.004 [edge365-api-cert-revoke-80] [] 10.32.12.95:3000 94 0.004 200 bdbac410c1f870407b8d556dee5a317c
10.32.12.5 - - [29/Apr/2024:06:57:41 +0000] "POST /group/param/sum HTTP/1.1" 200 114 "-" "Apache-HttpClient/4.5.9 (Java/1.8.0_282)" 458 1.060 [edge365-wise-mplus-userfunctions-80] [] 10.32.12.75:8080 114 1.060 200 95908e47dba22349a531b62fe3b97177
10.32.12.5 - - [29/Apr/2024:06:57:42 +0000] "POST /v1.0/cert/device/status/3623afdf-88db-42cc-a56a-8ab928fb7f7e HTTP/1.1" 200 94 "-" "go-resty/2.7.0 (https://github.com/go-resty/resty)" 601 0.003 [edge365-api-cert-revoke-80] [] 10.32.12.95:3000 94 0.005 200 c73f38fc4cde9d5db4b364400498921b
10.32.12.131 - - [29/Apr/2024:06:57:42 +0000] "POST /v1.0/cert/device/status/69a7f7f4-f74d-4df8-863f-346e73073c85 HTTP/1.1" 200 94 "-" "go-resty/2.7.0 (https://github.com/go-resty/resty)" 601 0.003 [edge365-api-cert-revoke-80] [] 10.32.12.95:3000 94 0.004 200 04ef91a53bc7570035a4e73edaa99202
10.32.12.131 - - [29/Apr/2024:06:57:43 +0000] "POST /group/alarm/status HTTP/1.1" 200 101 "-" "Apache-HttpClient/4.5.9 (Java/1.8.0_282)" 451 0.004 [edge365-wise-mplus-userfunctions-80] [] 10.32.12.75:8080 101 0.004 200 6ea10e6d7e2cd54d7cc5483abe468079
10.32.12.131 - - [29/Apr/2024:06:57:43 +0000] "POST /object/alarm/status HTTP/1.1" 200 102 "-" "Apache-HttpClient/4.5.9 (Java/1.8.0_282)" 453 0.003 [edge365-wise-mplus-userfunctions-80] [] 10.32.12.75:8080 102 0.004 200 a2f726dfbd36b5da9d1e353bb1701c77
10.32.12.5 - - [29/Apr/2024:06:57:43 +0000] "POST /object/alarm/status HTTP/1.1" 200 102 "-" "Apache-HttpClient/4.5.9 (Java/1.8.0_282)" 453 0.003 [edge365-wise-mplus-userfunctions-80] [] 10.32.12.75:8080 102 0.000 200 e615a24acb8e7e7832541002d717f0f5
10.32.12.5 - - [29/Apr/2024:06:57:43 +0000] "POST /object/alarm/status HTTP/1.1" 200 102 "-" "Apache-HttpClient/4.5.9 (Java/1.8.0_282)" 453 0.004 [edge365-wise-mplus-userfunctions-80] [] 10.32.12.75:8080 102 0.004 200 2d425f5499ab74344fd3a2de35da1f69
10.32.12.5 - - [29/Apr/2024:06:57:43 +0000] "POST /object/alarm/status HTTP/1.1" 200 102 "-" "Apache-HttpClient/4.5.9 (Java/1.8.0_282)" 453 0.004 [edge365-wise-mplus-userfunctions-80] [] 10.32.12.75:8080 102 0.004 200 07552493062fd3abd0e971c4bdfe56c6
10.32.12.5 - - [29/Apr/2024:06:57:43 +0000] "POST /object/alarm/status HTTP/1.1" 200 102 "-" "Apache-HttpClient/4.5.9 (Java/1.8.0_282)" 453 0.004 [edge365-wise-mplus-userfunctions-80] [] 10.32.12.75:8080 102 0.004 200 5f14d436eaea33052c1e6fcbb50cc0f4
10.32.12.5 - - [29/Apr/2024:06:57:43 +0000] "POST /object/alarm/status HTTP/1.1" 200 102 "-" "Apache-HttpClient/4.5.9 (Java/1.8.0_282)" 453 0.003 [edge365-wise-mplus-userfunctions-80] [] 10.32.12.75:8080 102 0.000 200 a6b061a3bed66763d1de47ecf726f734
10.32.12.131 - - [29/Apr/2024:06:57:43 +0000] "POST /object/alarm/status HTTP/1.1" 200 102 "-" "Apache-HttpClient/4.5.9 (Java/1.8.0_282)" 453 0.004 [edge365-wise-mplus-userfunctions-80] [] 10.32.12.75:8080 102 0.004 200 e7d7ecd8749af4e13d4d201367c97392
10.32.12.68 - - [29/Apr/2024:06:57:44 +0000] "POST /group/alarm/status HTTP/1.1" 200 101 "-" "Apache-HttpClient/4.5.9 (Java/1.8.0_282)" 450 0.008 [edge365-wise-mplus-userfunctions-80] [] 10.32.12.75:8080 101 0.008 200 6d97341f7f74857859d294cfdeace92f
10.32.12.68 - - [29/Apr/2024:06:57:44 +0000] "POST /group/param/sum HTTP/1.1" 200 106 "-" "Apache-HttpClient/4.5.9 (Java/1.8.0_282)" 455 0.004 [edge365-wise-mplus-userfunctions-80] [] 10.32.12.75:8080 106 0.004 200 3f1d5df27394e17311a01252bbc46901
10.32.12.195 - - [29/Apr/2024:06:57:44 +0000] "POST /group/alarm/status HTTP/1.1" 200 101 "-" "Apache-HttpClient/4.5.9 (Java/1.8.0_282)" 451 0.003 [edge365-wise-mplus-userfunctions-80] [] 10.32.12.75:8080 101 0.004 200 30ebbd440d4e964bd9c5920da96a40c0
10.32.12.5 - - [29/Apr/2024:06:57:44 +0000] "POST /group/param/sum HTTP/1.1" 200 115 "-" "Apache-HttpClient/4.5.9 (Java/1.8.0_282)" 456 0.021 [edge365-wise-mplus-userfunctions-80] [] 10.32.12.75:8080 115 0.024 200 89674b28108077ca751aabda35e04a35
10.32.12.5 - - [29/Apr/2024:06:57:44 +0000] "POST /group/param/sum HTTP/1.1" 200 103 "-" "Apache-HttpClient/4.5.9 (Java/1.8.0_282)" 458 0.018 [edge365-wise-mplus-userfunctions-80] [] 10.32.12.75:8080 103 0.016 200 4b8a9911822796de295ff248b776ebbf
10.32.12.131 - - [29/Apr/2024:06:57:44 +0000] "POST /group/param/sum HTTP/1.1" 200 104 "-" "Apache-HttpClient/4.5.9 (Java/1.8.0_282)" 454 0.006 [edge365-wise-mplus-userfunctions-80] [] 10.32.12.75:8080 104 0.004 200 fc98a67fd4dea72299f8cf415a93089c
10.32.12.5 - - [29/Apr/2024:06:57:45 +0000] "POST /object/alarm/status HTTP/1.1" 200 102 "-" "Apache-HttpClient/4.5.9 (Java/1.8.0_282)" 453 0.013 [edge365-wise-mplus-userfunctions-80] [] 10.32.12.75:8080 102 0.016 200 02060b15b5060b83ddc03086d7226067
10.32.12.131 - - [29/Apr/2024:06:57:45 +0000] "POST /group/alarm/status HTTP/1.1" 200 101 "-" "Apache-HttpClient/4.5.9 (Java/1.8.0_282)" 450 0.005 [edge365-wise-mplus-userfunctions-80] [] 10.32.12.75:8080 101 0.008 200 364422b6420e255e1847de753183a528
10.32.12.5 - - [29/Apr/2024:06:57:45 +0000] "POST /group/alarm/status HTTP/1.1" 200 101 "-" "Apache-HttpClient/4.5.9 (Java/1.8.0_282)" 450 0.004 [edge365-wise-mplus-userfunctions-80] [] 10.32.12.75:8080 101 0.004 200 db000083151f1b5ad44bf319efe1cb67
10.32.12.195 - - [29/Apr/2024:06:57:45 +0000] "POST /v1.0/cert/device/status/f4d15f76-b79b-4cc9-aa5b-74291ab489be HTTP/1.1" 200 94 "-" "go-resty/2.7.0 (https://github.com/go-resty/resty)" 529 0.003 [edge365-api-cert-revoke-80] [] 10.32.12.95:3000 94 0.004 200 e2adbdf719cd919ba50c3b7b4c9e9e7e
10.32.12.5 - - [29/Apr/2024:06:57:45 +0000] "POST /group/param/sum HTTP/1.1" 200 100 "-" "Apache-HttpClient/4.5.9 (Java/1.8.0_282)" 455 0.006 [edge365-wise-mplus-userfunctions-80] [] 10.32.12.75:8080 100 0.008 200 66e601a6806a5e8d52d1fc682b63fb4f
10.32.12.131 - - [29/Apr/2024:06:57:45 +0000] "POST /group/alarm/status HTTP/1.1" 200 101 "-" "Apache-HttpClient/4.5.9 (Java/1.8.0_282)" 451 0.004 [edge365-wise-mplus-userfunctions-80] [] 10.32.12.75:8080 101 0.004 200 9cec685016fb86921a9d4caae06e0408
10.32.12.131 - - [29/Apr/2024:06:57:45 +0000] "POST /group/param/sum HTTP/1.1" 200 107 "-" "Apache-HttpClient/4.5.9 (Java/1.8.0_282)" 459 0.006 [edge365-wise-mplus-userfunctions-80] [] 10.32.12.75:8080 107 0.008 200 9da454128743d45f96ba286706d2c1cb
10.32.12.131 - - [29/Apr/2024:06:57:46 +0000] "POST /group/alarm/status HTTP/1.1" 200 101 "-" "Apache-HttpClient/4.5.9 (Java/1.8.0_282)" 451 0.004 [edge365-wise-mplus-userfunctions-80] [] 10.32.12.75:8080 101 0.004 200 c2fb053a010c5268f2e48fef2b6f9add
10.32.12.195 - - [29/Apr/2024:06:57:46 +0000] "POST /object/alarm/status HTTP/1.1" 200 102 "-" "Apache-HttpClient/4.5.9 (Java/1.8.0_282)" 453 0.004 [edge365-wise-mplus-userfunctions-80] [] 10.32.12.75:8080 102 0.004 200 35e064c354a567b046782158b3f04f32
10.32.12.195 - - [29/Apr/2024:06:57:47 +0000] "POST /group/alarm/status HTTP/1.1" 200 101 "-" "Apache-HttpClient/4.5.9 (Java/1.8.0_282)" 451 0.003 [edge365-wise-mplus-userfunctions-80] [] 10.32.12.75:8080 101 0.004 200 fddb91d6068d40acefbeef101c71b397
