10.32.12.131 - - [29/Apr/2024:06:15:42 +0000] "POST /object/alarm/status HTTP/1.1" 200 102 "-" "Apache-HttpClient/4.5.9 (Java/1.8.0_282)" 454 0.004 [edge365-wise-mplus-userfunctions-80] [] 10.32.12.75:8080 102 0.004 200 851f64b8b73fe0c977211c96d92a6158
10.32.12.131 - - [29/Apr/2024:06:15:42 +0000] "POST /group/alarm/status HTTP/1.1" 200 101 "-" "Apache-HttpClient/4.5.9 (Java/1.8.0_282)" 452 0.004 [edge365-wise-mplus-userfunctions-80] [] 10.32.12.75:8080 101 0.004 200 2ab0d080bdc8dd1210ee2e07a1fbbdcb
10.32.12.5 - - [29/Apr/2024:06:15:42 +0000] "POST /v1.0/cert/device/status/cd096b75-b04e-4ccf-8162-1f251855693c HTTP/1.1" 200 94 "-" "go-resty/2.7.0 (https://github.com/go-resty/resty)" 601 0.006 [edge365-api-cert-revoke-80] [] 10.32.12.95:3000 94 0.008 200 558a32e14f8f3a58dcec77e7c05faa11
10.32.12.5 - - [29/Apr/2024:06:15:43 +0000] "POST /group/alarm/status HTTP/1.1" 200 101 "-" "Apache-HttpClient/4.5.9 (Java/1.8.0_282)" 452 0.004 [edge365-wise-mplus-userfunctions-80] [] 10.32.12.75:8080 101 0.004 200 9dad38b91df775e0a04ae76bf2e63893
10.32.12.131 - - [29/Apr/2024:06:15:44 +0000] "POST /group/param/sum HTTP/1.1" 200 98 "-" "Apache-HttpClient/4.5.9 (Java/1.8.0_282)" 460 0.004 [edge365-wise-mplus-userfunctions-80] [] 10.32.12.75:8080 98 0.004 200 e1fcb40417d2298e7f63194b575cd7dc
10.32.12.195 - - [29/Apr/2024:06:15:44 +0000] "POST /object/alarm/status HTTP/1.1" 200 102 "-" "Apache-HttpClient/4.5.9 (Java/1.8.0_282)" 454 0.003 [edge365-wise-mplus-userfunctions-80] [] 10.32.12.75:8080 102 0.004 200 5803834ee71c4395a25f06d172b053a2
10.32.12.195 - - [29/Apr/2024:06:15:44 +0000] "POST /object/alarm/status HTTP/1.1" 200 102 "-" "Apache-HttpClient/4.5.9 (Java/1.8.0_282)" 454 0.004 [edge365-wise-mplus-userfunctions-80] [] 10.32.12.75:8080 102 0.004 200 32a3e1ed410241acbf381f5124ebb775
10.32.12.195 - - [29/Apr/2024:06:15:44 +0000] "POST /object/alarm/status HTTP/1.1" 200 102 "-" "Apache-HttpClient/4.5.9 (Java/1.8.0_282)" 454 0.004 [edge365-wise-mplus-userfunctions-80] [] 10.32.12.75:8080 102 0.004 200 a55ed5ef7d7c34882ceac5e0a748236a
10.32.12.195 - - [29/Apr/2024:06:15:44 +0000] "POST /group/param/sum HTTP/1.1" 200 114 "-" "Apache-HttpClient/4.5.9 (Java/1.8.0_282)" 456 0.027 [edge365-wise-mplus-userfunctions-80] [] 10.32.12.75:8080 114 0.024 200 4814522217306f1da90c36ad7485d8d2
10.32.12.68 - - [29/Apr/2024:06:15:44 +0000] "POST /group/param/sum HTTP/1.1" 200 114 "-" "Apache-HttpClient/4.5.9 (Java/1.8.0_282)" 457 0.006 [edge365-wise-mplus-userfunctions-80] [] 10.32.12.75:8080 114 0.004 200 c12c066d22b22562f7ded055e818ad83
10.32.12.68 - - [29/Apr/2024:06:15:44 +0000] "POST /object/alarm/status HTTP/1.1" 200 102 "-" "Apache-HttpClient/4.5.9 (Java/1.8.0_282)" 454 0.003 [edge365-wise-mplus-userfunctions-80] [] 10.32.12.75:8080 102 0.004 200 8d96e1d45afd0ce1f5ee713093ffbe48
10.32.12.68 - - [29/Apr/2024:06:15:45 +0000] "GET /dm-proxy/v1.1/org/41/device/list HTTP/1.1" 200 5679 "https://portal-dpm-edge365-solarscada.sembcorp.net/" "Mozilla/5.0 (Windows NT 10.0; Win64; x64) AppleWebKit/537.36 (KHTML, like Gecko) Chrome/123.0.0.0 Safari/537.36" 2218 0.127 [edge365-portal-dpm-80] [] 10.32.12.121:8080 5673 0.128 200 5750a11443ffa22a65e0e5174fc3df0f
10.32.12.68 - - [29/Apr/2024:06:15:45 +0000] "POST /group/param/sum HTTP/1.1" 200 103 "-" "Apache-HttpClient/4.5.9 (Java/1.8.0_282)" 456 0.006 [edge365-wise-mplus-userfunctions-80] [] 10.32.12.75:8080 103 0.008 200 306d8feb03faab7a185d6ba01276e3e8
10.32.12.68 - - [29/Apr/2024:06:15:45 +0000] "POST /group/param/sum HTTP/1.1" 200 98 "-" "Apache-HttpClient/4.5.9 (Java/1.8.0_282)" 460 0.005 [edge365-wise-mplus-userfunctions-80] [] 10.32.12.75:8080 98 0.004 200 75cb0f11957e668653886a9a614c7e3c
10.32.12.68 - - [29/Apr/2024:06:15:45 +0000] "POST /group/param/sum HTTP/1.1" 200 98 "-" "Apache-HttpClient/4.5.9 (Java/1.8.0_282)" 460 0.001 [edge365-wise-mplus-userfunctions-80] [] 10.32.12.75:8080 98 0.000 200 d6458ea7677aff031d7bcd3e486bc047
10.32.12.68 - - [29/Apr/2024:06:15:45 +0000] "POST /group/alarm/status HTTP/1.1" 200 101 "-" "Apache-HttpClient/4.5.9 (Java/1.8.0_282)" 452 0.004 [edge365-wise-mplus-userfunctions-80] [] 10.32.12.75:8080 101 0.004 200 319632b706435fbcc0489e69a8023f8a
10.32.12.195 - - [29/Apr/2024:06:15:45 +0000] "POST /object/alarm/status HTTP/1.1" 200 102 "-" "Apache-HttpClient/4.5.9 (Java/1.8.0_282)" 454 0.003 [edge365-wise-mplus-userfunctions-80] [] 10.32.12.75:8080 102 0.004 200 62ea3547801c952ddf522f9c5fb6efaa
10.32.12.195 - - [29/Apr/2024:06:15:45 +0000] "POST /object/alarm/status HTTP/1.1" 200 102 "-" "Apache-HttpClient/4.5.9 (Java/1.8.0_282)" 454 0.005 [edge365-wise-mplus-userfunctions-80] [] 10.32.12.75:8080 102 0.004 200 ee17975c2dbb46531bf7234f19419e1d
10.32.12.68 - - [29/Apr/2024:06:15:45 +0000] "POST /object/alarm/status HTTP/1.1" 200 102 "-" "Apache-HttpClient/4.5.9 (Java/1.8.0_282)" 454 0.004 [edge365-wise-mplus-userfunctions-80] [] 10.32.12.75:8080 102 0.004 200 d9fb58a830e8ba154242d1d5634acd32
10.32.12.68 - - [29/Apr/2024:06:15:45 +0000] "POST /object/alarm/status HTTP/1.1" 200 102 "-" "Apache-HttpClient/4.5.9 (Java/1.8.0_282)" 454 0.004 [edge365-wise-mplus-userfunctions-80] [] 10.32.12.75:8080 102 0.004 200 6de9f60533d648cec5dbf9b721167bfe
10.32.12.131 - - [29/Apr/2024:06:15:45 +0000] "POST /object/alarm/status HTTP/1.1" 200 102 "-" "Apache-HttpClient/4.5.9 (Java/1.8.0_282)" 454 0.008 [edge365-wise-mplus-userfunctions-80] [] 10.32.12.75:8080 102 0.008 200 2d8c1004e7c3bacb17c2db33ca1cd86e
10.32.12.131 - - [29/Apr/2024:06:15:45 +0000] "POST /group/param/sum HTTP/1.1" 200 114 "-" "Apache-HttpClient/4.5.9 (Java/1.8.0_282)" 458 0.005 [edge365-wise-mplus-userfunctions-80] [] 10.32.12.75:8080 114 0.004 200 2deddc011721b6b0d164bb4f126e5cc1
10.32.12.195 - - [29/Apr/2024:06:15:46 +0000] "POST /group/param/sum HTTP/1.1" 200 103 "-" "Apache-HttpClient/4.5.9 (Java/1.8.0_282)" 456 0.007 [edge365-wise-mplus-userfunctions-80] [] 10.32.12.75:8080 103 0.004 200 0357546f0b202be0b6300b3960b7a184
10.32.12.131 - - [29/Apr/2024:06:15:46 +0000] "POST /group/alarm/status HTTP/1.1" 200 101 "-" "Apache-HttpClient/4.5.9 (Java/1.8.0_282)" 452 0.005 [edge365-wise-mplus-userfunctions-80] [] 10.32.12.75:8080 101 0.004 200 55cd174b4551d04ba2653928b2198110
10.32.12.131 - - [29/Apr/2024:06:15:46 +0000] "POST /object/alarm/status HTTP/1.1" 200 102 "-" "Apache-HttpClient/4.5.9 (Java/1.8.0_282)" 454 0.004 [edge365-wise-mplus-userfunctions-80] [] 10.32.12.75:8080 102 0.004 200 bc1cdac4f7b72d2a6ddc8117b499e340
10.32.12.131 - - [29/Apr/2024:06:15:47 +0000] "POST /object/alarm/status HTTP/1.1" 200 102 "-" "Apache-HttpClient/4.5.9 (Java/1.8.0_282)" 454 0.005 [edge365-wise-mplus-userfunctions-80] [] 10.32.12.75:8080 102 0.004 200 a9d224fbae02199770e92c7856f58da5
10.32.12.5 - - [29/Apr/2024:06:15:47 +0000] "POST /object/alarm/status HTTP/1.1" 200 102 "-" "Apache-HttpClient/4.5.9 (Java/1.8.0_282)" 453 0.004 [edge365-wise-mplus-userfunctions-80] [] 10.32.12.75:8080 102 0.004 200 383b026dde7d4d82025ba661c85828f3
10.32.12.131 - - [29/Apr/2024:06:15:47 +0000] "POST /object/alarm/status HTTP/1.1" 200 102 "-" "Apache-HttpClient/4.5.9 (Java/1.8.0_282)" 454 0.004 [edge365-wise-mplus-userfunctions-80] [] 10.32.12.75:8080 102 0.004 200 02dff762737f41d92a798d5550deb526
10.32.12.131 - - [29/Apr/2024:06:15:47 +0000] "POST /object/alarm/status HTTP/1.1" 200 102 "-" "Apache-HttpClient/4.5.9 (Java/1.8.0_282)" 454 0.004 [edge365-wise-mplus-userfunctions-80] [] 10.32.12.75:8080 102 0.004 200 6094b3472d2e99495a09ac0c9cc38bd4
10.32.12.5 - - [29/Apr/2024:06:15:47 +0000] "POST /object/alarm/status HTTP/1.1" 200 102 "-" "Apache-HttpClient/4.5.9 (Java/1.8.0_282)" 454 0.004 [edge365-wise-mplus-userfunctions-80] [] 10.32.12.75:8080 102 0.004 200 5cbfd28a44b5ca83b99c18ac64a6eba6
10.32.12.131 - - [29/Apr/2024:06:15:47 +0000] "POST /group/param/sum HTTP/1.1" 200 104 "-" "Apache-HttpClient/4.5.9 (Java/1.8.0_282)" 457 0.006 [edge365-wise-mplus-userfunctions-80] [] 10.32.12.75:8080 104 0.004 200 766cc6226f6a9fce1fb09e5c5e6c74e4
10.32.12.5 - - [29/Apr/2024:06:15:47 +0000] "POST /group/alarm/status HTTP/1.1" 200 101 "-" "Apache-HttpClient/4.5.9 (Java/1.8.0_282)" 452 0.004 [edge365-wise-mplus-userfunctions-80] [] 10.32.12.75:8080 101 0.004 200 9e503af93681b3f24e64c2411f88a6cc
10.32.12.5 - - [29/Apr/2024:06:15:48 +0000] "POST /group/param/sum HTTP/1.1" 200 98 "-" "Apache-HttpClient/4.5.9 (Java/1.8.0_282)" 460 0.001 [edge365-wise-mplus-userfunctions-80] [] 10.32.12.75:8080 98 0.000 200 8f7cafc28ac5f0ed46c836e10d885979
10.32.12.5 - - [29/Apr/2024:06:15:48 +0000] "POST /object/alarm/status HTTP/1.1" 200 102 "-" "Apache-HttpClient/4.5.9 (Java/1.8.0_282)" 454 0.004 [edge365-wise-mplus-userfunctions-80] [] 10.32.12.75:8080 102 0.004 200 cd03f540f228918f4b491081931cb84a
10.32.12.68 - - [29/Apr/2024:06:15:48 +0000] "POST /object/alarm/status HTTP/1.1" 200 102 "-" "Apache-HttpClient/4.5.9 (Java/1.8.0_282)" 454 0.004 [edge365-wise-mplus-userfunctions-80] [] 10.32.12.75:8080 102 0.004 200 bba8e4d5bcefbf079c8ca54b5713be70
10.32.12.68 - - [29/Apr/2024:06:15:48 +0000] "POST /object/alarm/status HTTP/1.1" 200 102 "-" "Apache-HttpClient/4.5.9 (Java/1.8.0_282)" 454 0.003 [edge365-wise-mplus-userfunctions-80] [] 10.32.12.75:8080 102 0.000 200 bb399a8e2c200ae241569e09b4885f09
10.32.12.68 - - [29/Apr/2024:06:15:48 +0000] "POST /object/alarm/status HTTP/1.1" 200 102 "-" "Apache-HttpClient/4.5.9 (Java/1.8.0_282)" 454 0.004 [edge365-wise-mplus-userfunctions-80] [] 10.32.12.75:8080 102 0.004 200 51bd7cf52661e5c058517197d6286510
10.32.12.5 - - [29/Apr/2024:06:15:48 +0000] "POST /group/param/sum HTTP/1.1" 200 101 "-" "Apache-HttpClient/4.5.9 (Java/1.8.0_282)" 459 0.006 [edge365-wise-mplus-userfunctions-80] [] 10.32.12.75:8080 101 0.004 200 803981ab05224a18d1b4959366ca0e7f
10.32.12.68 - - [29/Apr/2024:06:15:51 +0000] "POST /v1.0/cert/device/status/872eae8b-ee9e-4434-842c-928b0cbf55d6 HTTP/1.1" 200 94 "-" "go-resty/2.7.0 (https://github.com/go-resty/resty)" 601 0.003 [edge365-api-cert-revoke-80] [] 10.32.12.95:3000 94 0.004 200 fdc2aca791eec63d72b01273080622a7
10.32.12.5 - - [29/Apr/2024:06:15:52 +0000] "GET /v4.0/health HTTP/1.1" 200 62 "-" "axios/0.18.0" 160 0.004 [ensaas-service-sso-http] [] 10.32.12.107:8080 62 0.004 200 71f4e342a3ef7d5ef2528562b1aefa49
10.32.12.5 - - [29/Apr/2024:06:16:03 +0000] "POST /group/alarm/status HTTP/1.1" 499 0 "-" "Apache-HttpClient/4.5.9 (Java/1.8.0_282)" 452 4.998 [edge365-wise-mplus-userfunctions-80] [] 10.32.12.75:8080 0 5.000 - 1f17ffeb21195f0d3a701fa79eab961f
10.32.12.195 - - [29/Apr/2024:06:16:04 +0000] "POST /group/param/sum HTTP/1.1" 200 103 "-" "Apache-HttpClient/4.5.9 (Java/1.8.0_282)" 455 0.005 [edge365-wise-mplus-userfunctions-80] [] 10.32.12.75:8080 103 0.004 200 a47088399882b205f42616ae520abbf3
10.32.12.68 - - [29/Apr/2024:06:16:09 +0000] "POST /group/alarm/status HTTP/1.1" 499 0 "-" "Apache-HttpClient/4.5.9 (Java/1.8.0_282)" 452 5.305 [edge365-wise-mplus-userfunctions-80] [] 10.32.12.75:8080 0 5.305 - 2c118ba005bf0bdb738d7435f9013192
10.32.12.5 - - [29/Apr/2024:06:16:11 +0000] "POST /v1.0/cert/device/status/3623afdf-88db-42cc-a56a-8ab928fb7f7e HTTP/1.1" 200 94 "-" "go-resty/2.7.0 (https://github.com/go-resty/resty)" 601 0.003 [edge365-api-cert-revoke-80] [] 10.32.12.95:3000 94 0.004 200 dc0111e4c515dedefb9b737a74ea3a83
10.32.12.131 - - [29/Apr/2024:06:16:14 +0000] "POST /v1.0/cert/device/status/69a7f7f4-f74d-4df8-863f-346e73073c85 HTTP/1.1" 200 94 "-" "go-resty/2.7.0 (https://github.com/go-resty/resty)" 601 0.003 [edge365-api-cert-revoke-80] [] 10.32.12.95:3000 94 0.000 200 2004cc09b4145b211958e15e8d2ac493
10.32.12.5 - - [29/Apr/2024:06:16:17 +0000] "POST /v1.0/cert/device/status/f4d15f76-b79b-4cc9-aa5b-74291ab489be HTTP/1.1" 200 94 "-" "go-resty/2.7.0 (https://github.com/go-resty/resty)" 529 0.004 [edge365-api-cert-revoke-80] [] 10.32.12.95:3000 94 0.004 200 eeea53f51e98bcaebb46b90fc5f0a621
10.32.12.195 - - [29/Apr/2024:06:16:28 +0000] "POST /v1.0/cert/device/status/46427a01-7efe-4fc5-b1f9-dd01e6ed0433 HTTP/1.1" 200 94 "-" "go-resty/2.7.0 (https://github.com/go-resty/resty)" 601 0.004 [edge365-api-cert-revoke-80] [] 10.32.12.95:3000 94 0.004 200 04acae2f536abb27ca439061fcccc206
10.32.12.68 - - [29/Apr/2024:06:16:44 +0000] "POST /object/alarm/status HTTP/1.1" 499 0 "-" "Apache-HttpClient/4.5.9 (Java/1.8.0_282)" 454 5.096 [edge365-wise-mplus-userfunctions-80] [] 10.32.12.75:8080 0 5.096 - a3e5b3230328c86d24a11379c3d1c05f
10.32.12.68 - - [29/Apr/2024:06:16:49 +0000] "POST /object/alarm/status HTTP/1.1" 499 0 "-" "Apache-HttpClient/4.5.9 (Java/1.8.0_282)" 454 5.002 [edge365-wise-mplus-userfunctions-80] [] 10.32.12.75:8080 0 5.000 - 508f3d578e07883184add1a07b6a3846
10.32.12.195 - - [29/Apr/2024:06:16:53 +0000] "POST /v1.0/cert/device/status/872eae8b-ee9e-4434-842c-928b0cbf55d6 HTTP/1.1" 200 94 "-" "go-resty/2.7.0 (https://github.com/go-resty/resty)" 601 0.004 [edge365-api-cert-revoke-80] [] 10.32.12.95:3000 94 0.004 200 370ddb314b263a55c3cef66fb4abfca0
10.32.12.68 - - [29/Apr/2024:06:16:54 +0000] "POST /object/alarm/status HTTP/1.1" 499 0 "-" "Apache-HttpClient/4.5.9 (Java/1.8.0_282)" 454 5.013 [edge365-wise-mplus-userfunctions-80] [] 10.32.12.75:8080 0 5.016 - 213b995fdfb8a664070f26435b01b9fa
10.32.12.195 - - [29/Apr/2024:06:16:57 +0000] "POST /v1.0/cert/device/status/bf8dcf19-7297-47d7-8ddf-fcbb58dc4163 HTTP/1.1" 200 94 "-" "go-resty/2.7.0 (https://github.com/go-resty/resty)" 601 0.003 [edge365-api-cert-revoke-80] [] 10.32.12.95:3000 94 0.004 200 7e382ab360dd074f60d67bbcabae031e
10.32.12.195 - - [29/Apr/2024:06:17:00 +0000] "POST /v1.0/cert/device/status/bf8dcf19-7297-47d7-8ddf-fcbb58dc4163 HTTP/1.1" 200 94 "-" "go-resty/2.7.0 (https://github.com/go-resty/resty)" 601 0.003 [edge365-api-cert-revoke-80] [] 10.32.12.95:3000 94 0.004 200 31d1dbd023736cd2ce67435cb132571c
10.32.12.5 - - [29/Apr/2024:06:17:09 +0000] "POST /object/alarm/status HTTP/1.1" 499 0 "-" "Apache-HttpClient/4.5.9 (Java/1.8.0_282)" 454 4.996 [edge365-wise-mplus-userfunctions-80] [] 10.32.12.75:8080 0 4.996 - f6b375d776697db393627202685854f2
10.32.12.68 - - [29/Apr/2024:06:17:11 +0000] "POST /v1.0/cert/device/status/57fcc025-dbf6-4cc3-ba57-482f4ab6d3db HTTP/1.1" 200 94 "-" "go-resty/2.7.0 (https://github.com/go-resty/resty)" 601 0.004 [edge365-api-cert-revoke-80] [] 10.32.12.95:3000 94 0.004 200 8cb9b191006ec68b78ced36c66ca48eb
10.32.12.195 - - [29/Apr/2024:06:17:14 +0000] "POST /object/alarm/status HTTP/1.1" 499 0 "-" "Apache-HttpClient/4.5.9 (Java/1.8.0_282)" 454 4.999 [edge365-wise-mplus-userfunctions-80] [] 10.32.12.75:8080 0 4.996 - a49a1512d057d83f9ad410fc1163eccb
10.32.12.195 - - [29/Apr/2024:06:17:19 +0000] "POST /v1.0/cert/device/status/f4d15f76-b79b-4cc9-aa5b-74291ab489be HTTP/1.1" 200 94 "-" "go-resty/2.7.0 (https://github.com/go-resty/resty)" 529 0.005 [edge365-api-cert-revoke-80] [] 10.32.12.95:3000 94 0.004 200 b403cc59e16be07f1ef8027c1c8ef6db
10.32.12.195 - - [29/Apr/2024:06:17:20 +0000] "POST /v1.0/cert/device/status/57fcc025-dbf6-4cc3-ba57-482f4ab6d3db HTTP/1.1" 200 94 "-" "go-resty/2.7.0 (https://github.com/go-resty/resty)" 601 0.003 [edge365-api-cert-revoke-80] [] 10.32.12.95:3000 94 0.004 200 13fa2f65da5e97580c3483e3fdca8b48
10.32.12.5 - - [29/Apr/2024:06:17:22 +0000] "GET /v1/health/liveness HTTP/1.1" 404 19 "-" "axios/0.18.0" 166 0.001 [ensaas-service-kubeensaas-80] [] 10.32.12.118:8080 19 0.000 404 6dc10fc5ab54a1eef0395aa81e5363c4
10.32.12.5 - - [29/Apr/2024:06:17:22 +0000] "GET / HTTP/1.1" 200 519 "-" "axios/0.18.0" 148 0.000 [ensaas-service-kubeensaas-80] [] 10.32.12.118:8080 519 0.004 200 23f1577f54e1d6c1402e4fea4b71bd5a
10.32.12.5 - - [29/Apr/2024:06:17:22 +0000] "GET /v4.0/health HTTP/1.1" 200 62 "-" "axios/0.18.0" 160 0.005 [ensaas-service-sso-http] [] 10.32.12.107:8080 62 0.004 200 b7071a7acf5a07bede3e6b1dbf62812c
10.32.12.68 - - [29/Apr/2024:06:17:24 +0000] "POST /v1.0/cert/device/status/33bd5e9e-e880-42b7-96c7-7bee1ec3840c HTTP/1.1" 200 94 "-" "go-resty/2.7.0 (https://github.com/go-resty/resty)" 601 0.003 [edge365-api-cert-revoke-80] [] 10.32.12.95:3000 94 0.000 200 14f5d1af93dbbfbcd9fa91bada895874
10.32.12.195 - - [29/Apr/2024:06:17:24 +0000] "POST /object/alarm/status HTTP/1.1" 499 0 "-" "Apache-HttpClient/4.5.9 (Java/1.8.0_282)" 454 5.000 [edge365-wise-mplus-userfunctions-80] [] 10.32.12.75:8080 0 5.000 - be54d5fac6da70d7421035ff4a86684a
10.32.12.5 - - [29/Apr/2024:06:17:28 +0000] "POST /v1.0/cert/device/status/46427a01-7efe-4fc5-b1f9-dd01e6ed0433 HTTP/1.1" 200 94 "-" "go-resty/2.7.0 (https://github.com/go-resty/resty)" 601 0.004 [edge365-api-cert-revoke-80] [] 10.32.12.95:3000 94 0.000 200 52cded4a381697c5790fb5ba7a9db2fe
10.32.12.68 - - [29/Apr/2024:06:17:34 +0000] "POST /object/alarm/status HTTP/1.1" 499 0 "-" "Apache-HttpClient/4.5.9 (Java/1.8.0_282)" 454 5.001 [edge365-wise-mplus-userfunctions-80] [] 10.32.12.75:8080 0 5.000 - b9cb7d0d50bc47cc8789e674906ef4ae
10.32.12.131 - - [29/Apr/2024:06:17:35 +0000] "POST /object/alarm/status HTTP/1.1" 200 102 "-" "Apache-HttpClient/4.5.9 (Java/1.8.0_282)" 454 0.014 [edge365-wise-mplus-userfunctions-80] [] 10.32.12.75:8080 102 0.012 200 fdbd446a710fa0879c81ba4f15a59f47
10.32.12.131 - - [29/Apr/2024:06:17:35 +0000] "POST /group/alarm/status HTTP/1.1" 200 101 "-" "Apache-HttpClient/4.5.9 (Java/1.8.0_282)" 452 0.004 [edge365-wise-mplus-userfunctions-80] [] 10.32.12.75:8080 101 0.004 200 4afcb4eb9a229abfd05aa0bad2c2d804
10.32.12.131 - - [29/Apr/2024:06:17:35 +0000] "POST /group/param/sum HTTP/1.1" 200 100 "-" "Apache-HttpClient/4.5.9 (Java/1.8.0_282)" 456 0.006 [edge365-wise-mplus-userfunctions-80] [] 10.32.12.75:8080 100 0.004 200 9a75eb9e62d0b95a37443b23b35b5295
10.32.12.5 - - [29/Apr/2024:06:17:35 +0000] "POST /group/alarm/status HTTP/1.1" 200 101 "-" "Apache-HttpClient/4.5.9 (Java/1.8.0_282)" 452 0.004 [edge365-wise-mplus-userfunctions-80] [] 10.32.12.75:8080 101 0.004 200 a8c913231d59ce34535dad0503ccc678
10.32.12.5 - - [29/Apr/2024:06:17:35 +0000] "POST /group/param/sum HTTP/1.1" 200 98 "-" "Apache-HttpClient/4.5.9 (Java/1.8.0_282)" 460 0.001 [edge365-wise-mplus-userfunctions-80] [] 10.32.12.75:8080 98 0.000 200 0f522b2516ca7116723c01ea0b87931b
10.32.12.5 - - [29/Apr/2024:06:17:35 +0000] "POST /group/alarm/status HTTP/1.1" 200 101 "-" "Apache-HttpClient/4.5.9 (Java/1.8.0_282)" 452 0.004 [edge365-wise-mplus-userfunctions-80] [] 10.32.12.75:8080 101 0.004 200 e991db0179ac9a942e8ea0c4078e2978
10.32.12.5 - - [29/Apr/2024:06:17:35 +0000] "POST /object/alarm/status HTTP/1.1" 200 102 "-" "Apache-HttpClient/4.5.9 (Java/1.8.0_282)" 454 0.016 [edge365-wise-mplus-userfunctions-80] [] 10.32.12.75:8080 102 0.016 200 2a4950ec3a45cc1220f90f7ff71ae419
10.32.12.68 - - [29/Apr/2024:06:17:35 +0000] "POST /object/alarm/status HTTP/1.1" 200 102 "-" "Apache-HttpClient/4.5.9 (Java/1.8.0_282)" 454 0.004 [edge365-wise-mplus-userfunctions-80] [] 10.32.12.75:8080 102 0.004 200 ed687dec69da1bdd3a3311e082bcf0e4
10.32.12.195 - - [29/Apr/2024:06:17:36 +0000] "POST /object/alarm/status HTTP/1.1" 200 102 "-" "Apache-HttpClient/4.5.9 (Java/1.8.0_282)" 453 0.005 [edge365-wise-mplus-userfunctions-80] [] 10.32.12.75:8080 102 0.004 200 84881afdcb0b244a9fc56cc3eea58d3c
10.32.12.68 - - [29/Apr/2024:06:17:36 +0000] "POST /object/alarm/status HTTP/1.1" 200 102 "-" "Apache-HttpClient/4.5.9 (Java/1.8.0_282)" 453 0.004 [edge365-wise-mplus-userfunctions-80] [] 10.32.12.75:8080 102 0.004 200 1d5a99178ae33a652b40df86d91b296b
10.32.12.68 - - [29/Apr/2024:06:17:36 +0000] "POST /object/alarm/status HTTP/1.1" 200 102 "-" "Apache-HttpClient/4.5.9 (Java/1.8.0_282)" 454 0.005 [edge365-wise-mplus-userfunctions-80] [] 10.32.12.75:8080 102 0.004 200 74df194e11cb48b7ce181a2f96fcadeb
10.32.12.68 - - [29/Apr/2024:06:17:36 +0000] "POST /object/alarm/status HTTP/1.1" 200 102 "-" "Apache-HttpClient/4.5.9 (Java/1.8.0_282)" 454 0.003 [edge365-wise-mplus-userfunctions-80] [] 10.32.12.75:8080 102 0.004 200 5529315fe6674e2f971c2aca450a2fe2
10.32.12.68 - - [29/Apr/2024:06:17:36 +0000] "POST /object/alarm/status HTTP/1.1" 200 102 "-" "Apache-HttpClient/4.5.9 (Java/1.8.0_282)" 454 0.003 [edge365-wise-mplus-userfunctions-80] [] 10.32.12.75:8080 102 0.004 200 8e95e71f6d7726517789e42a37b165f3
10.32.12.68 - - [29/Apr/2024:06:17:36 +0000] "POST /group/param/sum HTTP/1.1" 200 104 "-" "Apache-HttpClient/4.5.9 (Java/1.8.0_282)" 459 0.006 [edge365-wise-mplus-userfunctions-80] [] 10.32.12.75:8080 104 0.004 200 c0525a0f2a563eb599203b7fc6a29bde
10.32.12.68 - - [29/Apr/2024:06:17:36 +0000] "POST /group/param/sum HTTP/1.1" 200 102 "-" "Apache-HttpClient/4.5.9 (Java/1.8.0_282)" 455 0.006 [edge365-wise-mplus-userfunctions-80] [] 10.32.12.75:8080 102 0.008 200 d7785aa1e4371a48c3c39fdd9e83bfe1
10.32.12.5 - - [29/Apr/2024:06:17:46 +0000] "POST /group/param/sum HTTP/1.1" 200 100 "-" "Apache-HttpClient/4.5.9 (Java/1.8.0_282)" 456 0.007 [edge365-wise-mplus-userfunctions-80] [] 10.32.12.75:8080 100 0.008 200 ec3810137f6a32755c4199e75907f192
10.32.12.5 - - [29/Apr/2024:06:17:47 +0000] "POST /group/param/sum HTTP/1.1" 200 98 "-" "Apache-HttpClient/4.5.9 (Java/1.8.0_282)" 460 0.012 [edge365-wise-mplus-userfunctions-80] [] 10.32.12.75:8080 98 0.012 200 eb69aa48dacc68a853c83c828b2496d3
10.32.12.131 - - [29/Apr/2024:06:17:47 +0000] "POST /v1.0/cert/device/status/cd096b75-b04e-4ccf-8162-1f251855693c HTTP/1.1" 200 94 "-" "go-resty/2.7.0 (https://github.com/go-resty/resty)" 601 0.004 [edge365-api-cert-revoke-80] [] 10.32.12.95:3000 94 0.004 200 88d36999b55dc990681e67abeebd90b8
10.32.12.5 - - [29/Apr/2024:06:17:50 +0000] "POST /v1.0/cert/device/status/cd096b75-b04e-4ccf-8162-1f251855693c HTTP/1.1" 200 94 "-" "go-resty/2.7.0 (https://github.com/go-resty/resty)" 601 0.003 [edge365-api-cert-revoke-80] [] 10.32.12.95:3000 94 0.004 200 ba40c7389329acec697a8dc9507cc0ff
10.32.12.68 - - [29/Apr/2024:06:17:55 +0000] "POST /v1.0/cert/device/status/872eae8b-ee9e-4434-842c-928b0cbf55d6 HTTP/1.1" 200 94 "-" "go-resty/2.7.0 (https://github.com/go-resty/resty)" 601 0.003 [edge365-api-cert-revoke-80] [] 10.32.12.95:3000 94 0.004 200 059a2abde31b52727d8889d5c8069988
10.32.12.68 - - [29/Apr/2024:06:18:02 +0000] "POST /object/alarm/status HTTP/1.1" 499 0 "-" "Apache-HttpClient/4.5.9 (Java/1.8.0_282)" 454 4.998 [edge365-wise-mplus-userfunctions-80] [] 10.32.12.75:8080 0 4.996 - ad97d518e45b8dd0e19793e808a54a28
10.32.12.195 - - [29/Apr/2024:06:18:07 +0000] "POST /object/alarm/status HTTP/1.1" 499 0 "-" "Apache-HttpClient/4.5.9 (Java/1.8.0_282)" 454 4.994 [edge365-wise-mplus-userfunctions-80] [] 10.32.12.75:8080 0 4.992 - 3733354ad56d637ff9cef178c2de8553
10.32.12.131 - - [29/Apr/2024:06:18:11 +0000] "POST /v1.0/cert/device/status/04852cee-5961-4b71-ac2d-5c9076e790ad HTTP/1.1" 200 94 "-" "go-resty/2.7.0 (https://github.com/go-resty/resty)" 601 0.003 [edge365-api-cert-revoke-80] [] 10.32.12.95:3000 94 0.004 200 916a67c9386e38609d28f3dc888b735c
10.32.12.131 - - [29/Apr/2024:06:18:17 +0000] "POST /object/alarm/status HTTP/1.1" 499 0 "-" "Apache-HttpClient/4.5.9 (Java/1.8.0_282)" 454 5.000 [edge365-wise-mplus-userfunctions-80] [] 10.32.12.75:8080 0 5.000 - ce631b0d1055aa275124dee5d3f1c988
10.32.12.68 - - [29/Apr/2024:06:18:21 +0000] "POST /v1.0/cert/device/status/57fcc025-dbf6-4cc3-ba57-482f4ab6d3db HTTP/1.1" 200 94 "-" "go-resty/2.7.0 (https://github.com/go-resty/resty)" 601 0.003 [edge365-api-cert-revoke-80] [] 10.32.12.95:3000 94 0.004 200 c2fb9c4680065d4a33a193a676b24cf8
10.32.12.5 - - [29/Apr/2024:06:18:22 +0000] "GET /v4.0/health HTTP/1.1" 200 62 "-" "axios/0.18.0" 160 0.003 [ensaas-service-sso-http] [] 10.32.12.107:8080 62 0.004 200 0eb53eed1cbe29e57f32e1347e1322b5
10.32.12.68 - - [29/Apr/2024:06:18:30 +0000] "POST /v1.0/cert/device/status/46427a01-7efe-4fc5-b1f9-dd01e6ed0433 HTTP/1.1" 200 94 "-" "go-resty/2.7.0 (https://github.com/go-resty/resty)" 601 0.003 [edge365-api-cert-revoke-80] [] 10.32.12.95:3000 94 0.004 200 d8d3a9e6b77ff45da84c54b16652715f
10.32.12.68 - - [29/Apr/2024:06:18:32 +0000] "POST /object/alarm/status HTTP/1.1" 499 0 "-" "Apache-HttpClient/4.5.9 (Java/1.8.0_282)" 454 5.001 [edge365-wise-mplus-userfunctions-80] [] 10.32.12.75:8080 0 5.000 - df9b229236b01f853542033b9f8e1c7e
10.32.12.195 - - [29/Apr/2024:06:18:33 +0000] "POST /v1.0/cert/device/status/46427a01-7efe-4fc5-b1f9-dd01e6ed0433 HTTP/1.1" 200 94 "-" "go-resty/2.7.0 (https://github.com/go-resty/resty)" 601 0.003 [edge365-api-cert-revoke-80] [] 10.32.12.95:3000 94 0.004 200 5c2432e5b02132a4ffb461ba65bf2901
10.32.12.195 - - [29/Apr/2024:06:18:37 +0000] "POST /object/alarm/status HTTP/1.1" 499 0 "-" "Apache-HttpClient/4.5.9 (Java/1.8.0_282)" 454 4.987 [edge365-wise-mplus-userfunctions-80] [] 10.32.12.75:8080 0 4.988 - 81f0e19f319d4a483cbf8d6367f8f764
10.32.12.5 - - [29/Apr/2024:06:18:45 +0000] "POST /v4.0/tokenvalidation HTTP/1.1" 200 658 "-" "axios/0.18.0" 791 0.004 [ensaas-service-sso-http] [] 10.32.12.107:8080 658 0.004 200 57f267f7437721b076da6b36090361bd
10.32.12.68 - - [29/Apr/2024:06:18:45 +0000] "POST /portal-proxy/edge/status HTTP/1.1" 200 211 "https://portal-dpm-edge365-solarscada.sembcorp.net/" "Mozilla/5.0 (Windows NT 10.0; Win64; x64) AppleWebKit/537.36 (KHTML, like Gecko) Chrome/123.0.0.0 Safari/537.36" 2303 0.068 [edge365-portal-dpm-80] [] 10.32.12.121:8080 211 0.068 200 9248d66243d5ada5a48205089ac228f8
10.32.12.68 - - [29/Apr/2024:06:18:47 +0000] "POST /object/alarm/status HTTP/1.1" 499 0 "-" "Apache-HttpClient/4.5.9 (Java/1.8.0_282)" 454 5.002 [edge365-wise-mplus-userfunctions-80] [] 10.32.12.75:8080 0 5.001 - 539acee7191abb411d847ab38581ee38
10.32.12.5 - - [29/Apr/2024:06:18:52 +0000] "POST /v1.0/cert/device/status/cd096b75-b04e-4ccf-8162-1f251855693c HTTP/1.1" 200 94 "-" "go-resty/2.7.0 (https://github.com/go-resty/resty)" 601 0.003 [edge365-api-cert-revoke-80] [] 10.32.12.95:3000 94 0.004 200 829152c2b7d26bca6e88cee68ba60b41
10.32.12.5 - - [29/Apr/2024:06:18:52 +0000] "GET /v4.0/health HTTP/1.1" 200 62 "-" "axios/0.18.0" 160 0.003 [ensaas-service-sso-http] [] 10.32.12.107:8080 62 0.004 200 b07ef1f23096a655e3e036dadda78e58
10.32.12.5 - - [29/Apr/2024:06:18:52 +0000] "GET /v1/health/liveness HTTP/1.1" 404 19 "-" "axios/0.18.0" 166 0.000 [ensaas-service-kubeensaas-80] [] 10.32.12.118:8080 19 0.000 404 baf29a2a1360f692a18941af66948b48
10.32.12.5 - - [29/Apr/2024:06:18:52 +0000] "GET / HTTP/1.1" 200 519 "-" "axios/0.18.0" 148 0.000 [ensaas-service-kubeensaas-80] [] 10.32.12.118:8080 519 0.000 200 ba579650be69813e0567ce20a507452b
10.32.12.68 - - [29/Apr/2024:06:18:57 +0000] "POST /v1.0/cert/device/status/872eae8b-ee9e-4434-842c-928b0cbf55d6 HTTP/1.1" 200 94 "-" "go-resty/2.7.0 (https://github.com/go-resty/resty)" 601 0.003 [edge365-api-cert-revoke-80] [] 10.32.12.95:3000 94 0.004 200 0afeecec31a1f9639ffd8641f3b3059f
10.32.12.68 - - [29/Apr/2024:06:18:58 +0000] "POST /v1.0/cert/device/status/f969ba00-f059-4836-8795-05d9b56e8f87 HTTP/1.1" 200 94 "-" "go-resty/2.7.0 (https://github.com/go-resty/resty)" 601 0.004 [edge365-api-cert-revoke-80] [] 10.32.12.95:3000 94 0.000 200 772ebced9c73486adeb0cae1948da8f1
10.32.12.131 - - [29/Apr/2024:06:19:04 +0000] "POST /v1.0/cert/device/status/bf8dcf19-7297-47d7-8ddf-fcbb58dc4163 HTTP/1.1" 200 94 "-" "go-resty/2.7.0 (https://github.com/go-resty/resty)" 601 0.004 [edge365-api-cert-revoke-80] [] 10.32.12.95:3000 94 0.004 200 6d3a3f55b8c09c054f1a9a7d861b26bc
10.32.12.195 - - [29/Apr/2024:06:19:07 +0000] "POST /object/alarm/status HTTP/1.1" 499 0 "-" "Apache-HttpClient/4.5.9 (Java/1.8.0_282)" 454 4.999 [edge365-wise-mplus-userfunctions-80] [] 10.32.12.75:8080 0 4.996 - 5155b3d9d5eff8ebb212ad2d7cf4d5b7
10.32.12.68 - - [29/Apr/2024:06:19:09 +0000] "POST /v1.0/cert/device/status/04852cee-5961-4b71-ac2d-5c9076e790ad HTTP/1.1" 200 94 "-" "go-resty/2.7.0 (https://github.com/go-resty/resty)" 601 0.004 [edge365-api-cert-revoke-80] [] 10.32.12.95:3000 94 0.004 200 95eb4afddee17814814998c10a323b1b
10.32.12.68 - - [29/Apr/2024:06:19:12 +0000] "POST /object/alarm/status HTTP/1.1" 499 0 "-" "Apache-HttpClient/4.5.9 (Java/1.8.0_282)" 454 4.998 [edge365-wise-mplus-userfunctions-80] [] 10.32.12.75:8080 0 4.996 - bbbece6c64ce4a35ed2770bd6e2a3580
10.32.12.68 - - [29/Apr/2024:06:19:20 +0000] "POST /v1.0/cert/device/status/69a7f7f4-f74d-4df8-863f-346e73073c85 HTTP/1.1" 200 94 "-" "go-resty/2.7.0 (https://github.com/go-resty/resty)" 601 0.003 [edge365-api-cert-revoke-80] [] 10.32.12.95:3000 94 0.004 200 96c0799e1cf159ba70392b36c0d4065e
10.32.12.68 - - [29/Apr/2024:06:19:22 +0000] "POST /v1.0/cert/device/status/69a7f7f4-f74d-4df8-863f-346e73073c85 HTTP/1.1" 200 94 "-" "go-resty/2.7.0 (https://github.com/go-resty/resty)" 601 0.003 [edge365-api-cert-revoke-80] [] 10.32.12.95:3000 94 0.004 200 f89ec098e78e99cfe8ad2102a240b139
10.32.12.68 - - [29/Apr/2024:06:19:25 +0000] "POST /v1.0/cert/device/status/f4d15f76-b79b-4cc9-aa5b-74291ab489be HTTP/1.1" 200 94 "-" "go-resty/2.7.0 (https://github.com/go-resty/resty)" 529 0.003 [edge365-api-cert-revoke-80] [] 10.32.12.95:3000 94 0.004 200 026d8e0b4ed6d096742e91802ab0483a
10.32.12.195 - - [29/Apr/2024:06:19:26 +0000] "POST /v1.0/cert/device/status/33bd5e9e-e880-42b7-96c7-7bee1ec3840c HTTP/1.1" 200 94 "-" "go-resty/2.7.0 (https://github.com/go-resty/resty)" 601 0.003 [edge365-api-cert-revoke-80] [] 10.32.12.95:3000 94 0.004 200 4346140fe512de5c744ba6a0ca4d4336
10.32.12.195 - - [29/Apr/2024:06:19:32 +0000] "POST /object/alarm/status HTTP/1.1" 499 0 "-" "Apache-HttpClient/4.5.9 (Java/1.8.0_282)" 454 4.999 [edge365-wise-mplus-userfunctions-80] [] 10.32.12.75:8080 0 5.000 - 9daefcb87f523e3c8a3f4133b0bd3fea
10.32.12.68 - - [29/Apr/2024:06:19:37 +0000] "POST /object/alarm/status HTTP/1.1" 499 0 "-" "Apache-HttpClient/4.5.9 (Java/1.8.0_282)" 454 5.001 [edge365-wise-mplus-userfunctions-80] [] 10.32.12.75:8080 0 5.000 - 92821126ff3e841d065b359c4656fc4b
10.32.12.5 - - [29/Apr/2024:06:19:45 +0000] "POST /v4.0/tokenvalidation HTTP/1.1" 200 658 "-" "axios/0.18.0" 791 0.004 [ensaas-service-sso-http] [] 10.32.12.107:8080 658 0.004 200 4b2ed81ebfaae27be38f7444e8efa575
10.32.12.5 - - [29/Apr/2024:06:19:54 +0000] "POST /v1.0/cert/device/status/cd096b75-b04e-4ccf-8162-1f251855693c HTTP/1.1" 200 94 "-" "go-resty/2.7.0 (https://github.com/go-resty/resty)" 601 0.004 [edge365-api-cert-revoke-80] [] 10.32.12.95:3000 94 0.004 200 0ece248be67fb4c443e6ef1b63892425
10.32.12.5 - - [29/Apr/2024:06:19:59 +0000] "POST /v1.0/cert/device/status/872eae8b-ee9e-4434-842c-928b0cbf55d6 HTTP/1.1" 200 94 "-" "go-resty/2.7.0 (https://github.com/go-resty/resty)" 601 0.003 [edge365-api-cert-revoke-80] [] 10.32.12.95:3000 94 0.004 200 c1be5e05215b7f56ed626db30260b642
10.32.12.68 - - [29/Apr/2024:06:20:02 +0000] "POST /object/alarm/status HTTP/1.1" 499 0 "-" "Apache-HttpClient/4.5.9 (Java/1.8.0_282)" 454 5.000 [edge365-wise-mplus-userfunctions-80] [] 10.32.12.75:8080 0 5.000 - b3d9c3a0d8a3fe307f65c5d7a0cffae9
10.32.12.195 - - [29/Apr/2024:06:20:06 +0000] "POST /v1.0/cert/device/status/bf8dcf19-7297-47d7-8ddf-fcbb58dc4163 HTTP/1.1" 200 94 "-" "go-resty/2.7.0 (https://github.com/go-resty/resty)" 601 0.003 [edge365-api-cert-revoke-80] [] 10.32.12.95:3000 94 0.000 200 1b46184942a4b36c9fc62cefe0dfa70b
10.32.12.131 - - [29/Apr/2024:06:20:17 +0000] "POST /v1.0/cert/device/status/57fcc025-dbf6-4cc3-ba57-482f4ab6d3db HTTP/1.1" 200 94 "-" "go-resty/2.7.0 (https://github.com/go-resty/resty)" 601 0.004 [edge365-api-cert-revoke-80] [] 10.32.12.95:3000 94 0.004 200 5d5db9a899da9516b52e09b0eb49286c
10.32.12.5 - - [29/Apr/2024:06:20:21 +0000] "POST /v1.0/cert/device/status/3623afdf-88db-42cc-a56a-8ab928fb7f7e HTTP/1.1" 200 94 "-" "go-resty/2.7.0 (https://github.com/go-resty/resty)" 601 0.004 [edge365-api-cert-revoke-80] [] 10.32.12.95:3000 94 0.004 200 c502d4c122333149fa09c6628530ff8a
10.32.12.5 - - [29/Apr/2024:06:20:22 +0000] "POST /object/alarm/status HTTP/1.1" 499 0 "-" "Apache-HttpClient/4.5.9 (Java/1.8.0_282)" 454 4.996 [edge365-wise-mplus-userfunctions-80] [] 10.32.12.75:8080 0 4.996 - b53707d7c34d140f732214f4cbf8fa21
10.32.12.131 - - [29/Apr/2024:06:20:22 +0000] "POST /v1.0/cert/device/status/69a7f7f4-f74d-4df8-863f-346e73073c85 HTTP/1.1" 200 94 "-" "go-resty/2.7.0 (https://github.com/go-resty/resty)" 601 0.003 [edge365-api-cert-revoke-80] [] 10.32.12.95:3000 94 0.004 200 6392f8218922889d93c975d576c728a3
10.32.12.131 - - [29/Apr/2024:06:20:24 +0000] "POST /v1.0/cert/device/status/69a7f7f4-f74d-4df8-863f-346e73073c85 HTTP/1.1" 200 94 "-" "go-resty/2.7.0 (https://github.com/go-resty/resty)" 601 0.003 [edge365-api-cert-revoke-80] [] 10.32.12.95:3000 94 0.004 200 0dbf7a0b3c9e2bc7757b4828ba271d9d
10.32.12.131 - - [29/Apr/2024:06:20:25 +0000] "POST /v1.0/cert/device/status/57fcc025-dbf6-4cc3-ba57-482f4ab6d3db HTTP/1.1" 200 94 "-" "go-resty/2.7.0 (https://github.com/go-resty/resty)" 601 0.004 [edge365-api-cert-revoke-80] [] 10.32.12.95:3000 94 0.004 200 e0e37d83456798024da2e94ce8301fe9
10.32.12.5 - - [29/Apr/2024:06:20:26 +0000] "POST /v1.0/cert/device/status/f4d15f76-b79b-4cc9-aa5b-74291ab489be HTTP/1.1" 200 94 "-" "go-resty/2.7.0 (https://github.com/go-resty/resty)" 529 0.003 [edge365-api-cert-revoke-80] [] 10.32.12.95:3000 94 0.004 200 3f06b3755941f16c888285f5726a9a53
10.32.12.68 - - [29/Apr/2024:06:20:28 +0000] "POST /v1.0/cert/device/status/f4d15f76-b79b-4cc9-aa5b-74291ab489be HTTP/1.1" 200 94 "-" "go-resty/2.7.0 (https://github.com/go-resty/resty)" 529 0.003 [edge365-api-cert-revoke-80] [] 10.32.12.95:3000 94 0.004 200 298fd9206b31930a80e40ac975657b7f
10.32.12.5 - - [29/Apr/2024:06:20:47 +0000] "POST /v4.0/tokenvalidation HTTP/1.1" 200 658 "-" "axios/0.18.0" 791 0.003 [ensaas-service-sso-http] [] 10.32.12.107:8080 658 0.004 200 8f93ccb34614cae2b854b4f6da7421a3
10.32.12.68 - - [29/Apr/2024:06:20:47 +0000] "POST /object/alarm/status HTTP/1.1" 200 102 "-" "Apache-HttpClient/4.5.9 (Java/1.8.0_282)" 454 0.004 [edge365-wise-mplus-userfunctions-80] [] 10.32.12.75:8080 102 0.004 200 5adbeff2c3b09a80a4f56ae4ab6b37df
10.32.12.195 - - [29/Apr/2024:06:20:47 +0000] "POST /group/param/sum HTTP/1.1" 200 100 "-" "Apache-HttpClient/4.5.9 (Java/1.8.0_282)" 456 0.005 [edge365-wise-mplus-userfunctions-80] [] 10.32.12.75:8080 100 0.008 200 183f2d3cb572a34efe74b2abe3dfd071
10.32.12.68 - - [29/Apr/2024:06:20:47 +0000] "POST /group/param/sum HTTP/1.1" 200 98 "-" "Apache-HttpClient/4.5.9 (Java/1.8.0_282)" 458 0.005 [edge365-wise-mplus-userfunctions-80] [] 10.32.12.75:8080 98 0.004 200 f0cf45dd0edc976949d900e8ad7e24ae
10.32.12.5 - - [29/Apr/2024:06:20:52 +0000] "GET /v4.0/health HTTP/1.1" 200 62 "-" "axios/0.18.0" 160 0.004 [ensaas-service-sso-http] [] 10.32.12.107:8080 62 0.004 200 ec1f7085336e5547e3451495d216aef8
10.32.12.131 - - [29/Apr/2024:06:20:57 +0000] "POST /v1.0/cert/device/status/872eae8b-ee9e-4434-842c-928b0cbf55d6 HTTP/1.1" 200 94 "-" "go-resty/2.7.0 (https://github.com/go-resty/resty)" 601 0.003 [edge365-api-cert-revoke-80] [] 10.32.12.95:3000 94 0.004 200 679c4bbf03b655d2b888f2ab9d6419c8
10.32.12.5 - - [29/Apr/2024:06:21:02 +0000] "POST /v1.0/cert/device/status/f969ba00-f059-4836-8795-05d9b56e8f87 HTTP/1.1" 200 94 "-" "go-resty/2.7.0 (https://github.com/go-resty/resty)" 601 0.004 [edge365-api-cert-revoke-80] [] 10.32.12.95:3000 94 0.000 200 b41c7e68f4ab7e7ae8c91328f259be52
10.32.12.131 - - [29/Apr/2024:06:21:08 +0000] "POST /v1.0/cert/device/status/bf8dcf19-7297-47d7-8ddf-fcbb58dc4163 HTTP/1.1" 200 94 "-" "go-resty/2.7.0 (https://github.com/go-resty/resty)" 601 0.003 [edge365-api-cert-revoke-80] [] 10.32.12.95:3000 94 0.004 200 aac6e053c6235ae257c7fb32f9bcf3df
10.32.12.68 - - [29/Apr/2024:06:21:13 +0000] "POST /v1.0/cert/device/status/04852cee-5961-4b71-ac2d-5c9076e790ad HTTP/1.1" 200 94 "-" "go-resty/2.7.0 (https://github.com/go-resty/resty)" 601 0.005 [edge365-api-cert-revoke-80] [] 10.32.12.95:3000 94 0.004 200 7245889d9b563b06fbd65d0ad43a5668
10.32.12.5 - - [29/Apr/2024:06:21:17 +0000] "POST /v4.0/tokenvalidation HTTP/1.1" 200 658 "-" "axios/0.18.0" 791 0.003 [ensaas-service-sso-http] [] 10.32.12.107:8080 658 0.004 200 1719beb25dc8e8c294b7d3da083d9fe0
10.32.12.195 - - [29/Apr/2024:06:21:17 +0000] "POST /v1.0/cert/device/status/04852cee-5961-4b71-ac2d-5c9076e790ad HTTP/1.1" 200 94 "-" "go-resty/2.7.0 (https://github.com/go-resty/resty)" 601 0.004 [edge365-api-cert-revoke-80] [] 10.32.12.95:3000 94 0.004 200 860361fc01d93298837e4d5260db4ef1
10.32.12.5 - - [29/Apr/2024:06:21:19 +0000] "POST /v4.0/tokenvalidation HTTP/1.1" 200 658 "-" "axios/0.18.0" 791 0.002 [ensaas-service-sso-http] [] 10.32.12.107:8080 658 0.000 200 fb53fd70af0acbebd4f4b34a60f2160e
10.32.12.5 - - [29/Apr/2024:06:21:20 +0000] "POST /v4.0/tokenvalidation HTTP/1.1" 200 658 "-" "axios/0.18.0" 791 0.002 [ensaas-service-sso-http] [] 10.32.12.107:8080 658 0.000 200 026f8273a867aed0aaa26a65713032e7
10.32.12.5 - - [29/Apr/2024:06:21:20 +0000] "POST /v4.0/token HTTP/1.1" 200 658 "-" "axios/0.18.0" 274 0.019 [ensaas-service-sso-http] [] 10.32.12.107:8080 658 0.020 200 7db22b99489398fb893d4812e413ef74
10.32.12.5 - - [29/Apr/2024:06:21:20 +0000] "GET /img/btn-main-tag-gray-h.7ab5961c.svg HTTP/1.1" 200 299 "https://portal-dpm-edge365-solarscada.sembcorp.net/" "Mozilla/5.0 (Windows NT 10.0; Win64; x64) AppleWebKit/537.36 (KHTML, like Gecko) Chrome/123.0.0.0 Safari/537.36" 2219 0.003 [edge365-portal-dpm-80] [] 10.32.12.121:8080 299 0.000 200 8579e767c8546f74f071f186a407209c
10.32.12.5 - - [29/Apr/2024:06:21:22 +0000] "GET /v4.0/health HTTP/1.1" 200 62 "-" "axios/0.18.0" 160 0.003 [ensaas-service-sso-http] [] 10.32.12.107:8080 62 0.004 200 78fdc03c1d17105ec32fb714676d5e05
10.32.12.5 - - [29/Apr/2024:06:21:22 +0000] "GET /v1/health/liveness HTTP/1.1" 404 19 "-" "axios/0.18.0" 166 0.000 [ensaas-service-kubeensaas-80] [] 10.32.12.118:8080 19 0.000 404 902a458c7d50c4798c095fb23e5744b4
10.32.12.5 - - [29/Apr/2024:06:21:22 +0000] "GET / HTTP/1.1" 200 519 "-" "axios/0.18.0" 148 0.000 [ensaas-service-kubeensaas-80] [] 10.32.12.118:8080 519 0.000 200 8a4423071b074e308c71bca9205b273c
10.32.12.195 - - [29/Apr/2024:06:21:22 +0000] "POST /v1.0/cert/device/status/3623afdf-88db-42cc-a56a-8ab928fb7f7e HTTP/1.1" 200 94 "-" "go-resty/2.7.0 (https://github.com/go-resty/resty)" 601 0.002 [edge365-api-cert-revoke-80] [] 10.32.12.95:3000 94 0.004 200 79ef6a2c41a97d24b7a61d7ff6c307a2
10.32.12.5 - - [29/Apr/2024:06:21:22 +0000] "GET /dm-proxy/v1.1/org/41/device/list?page=1&perPage=50&active=1 HTTP/1.1" 200 5709 "https://portal-dpm-edge365-solarscada.sembcorp.net/" "Mozilla/5.0 (Windows NT 10.0; Win64; x64) AppleWebKit/537.36 (KHTML, like Gecko) Chrome/123.0.0.0 Safari/537.36" 2191 0.086 [edge365-portal-dpm-80] [] 10.32.12.121:8080 5703 0.084 200 550a0c1a4000bd4757b6249b18716e3a
10.32.12.5 - - [29/Apr/2024:06:21:23 +0000] "POST /v4.0/tokenvalidation HTTP/1.1" 200 658 "-" "axios/0.18.0" 791 0.002 [ensaas-service-sso-http] [] 10.32.12.107:8080 658 0.000 200 a1e8c509d48a9400699a50acf4403ecd
10.32.12.5 - - [29/Apr/2024:06:21:23 +0000] "GET /dm-proxy/v1.1/label/device?id=5453,5451,5449,5447,5445,5441,5439,5416,5414,5412,5392,5390,5276,5202,5200,5198,5196,5194,5142,5140,5138,5136,5134,5132,5130,5107,5105,5103,5023,5021,5019,5017,5015,5001,4999,4997,4905,4903,4901,4899,4897,4776,4774,4772,4730,4728,4726,4724,4722,4591 HTTP/1.1" 200 253 "https://portal-dpm-edge365-solarscada.sembcorp.net/" "Mozilla/5.0 (Windows NT 10.0; Win64; x64) AppleWebKit/537.36 (KHTML, like Gecko) Chrome/123.0.0.0 Safari/537.36" 2411 0.051 [edge365-portal-dpm-80] [] 10.32.12.121:8080 253 0.052 200 11a0e4d4dfdd5516d038c85ad3242fcc
10.32.12.131 - - [29/Apr/2024:06:21:23 +0000] "POST /dm-proxy/v1.1/device/info HTTP/1.1" 200 1399 "https://portal-dpm-edge365-solarscada.sembcorp.net/" "Mozilla/5.0 (Windows NT 10.0; Win64; x64) AppleWebKit/537.36 (KHTML, like Gecko) Chrome/123.0.0.0 Safari/537.36" 2549 0.027 [edge365-portal-dpm-80] [] 10.32.12.121:8080 1399 0.028 200 615db4b3d17ae67be2951829f056d66d
10.32.12.5 - - [29/Apr/2024:06:21:24 +0000] "POST /v4.0/tokenvalidation HTTP/1.1" 200 658 "-" "axios/0.18.0" 791 0.002 [ensaas-service-sso-http] [] 10.32.12.107:8080 658 0.004 200 95eb4ec8a6f55e3eae91428c8bff392e
10.32.12.131 - - [29/Apr/2024:06:21:24 +0000] "GET /dm-proxy/v1.1/label/device?id=5453,5451,5449,5447,5445,5443,5441,5439,5416,5414,5412,5392,5390,5276,5202,5200,5198,5196,5194,5142,5140,5138,5136,5134,5132,5130,5107,5105,5103,5023,5021,5019,5017,5015,5001,4999,4997,4905,4903,4901,4899,4897,4776,4774,4772,4730,4728,4726,4724,4722 HTTP/1.1" 304 0 "https://portal-dpm-edge365-solarscada.sembcorp.net/" "Mozilla/5.0 (Windows NT 10.0; Win64; x64) AppleWebKit/537.36 (KHTML, like Gecko) Chrome/123.0.0.0 Safari/537.36" 2463 0.035 [edge365-portal-dpm-80] [] 10.32.12.121:8080 0 0.032 304 f4835ce3309cf0aaf9f5c13424ff19c6
10.32.12.131 - - [29/Apr/2024:06:21:24 +0000] "POST /dm-proxy/v1.1/device/metadata HTTP/1.1" 200 251 "https://portal-dpm-edge365-solarscada.sembcorp.net/" "Mozilla/5.0 (Windows NT 10.0; Win64; x64) AppleWebKit/537.36 (KHTML, like Gecko) Chrome/123.0.0.0 Safari/537.36" 2536 0.052 [edge365-portal-dpm-80] [] 10.32.12.121:8080 251 0.052 200 71dbc51c015014fcd3768db4ef849007
10.32.12.68 - - [29/Apr/2024:06:21:24 +0000] "POST /v1.0/cert/device/status/3623afdf-88db-42cc-a56a-8ab928fb7f7e HTTP/1.1" 200 94 "-" "go-resty/2.7.0 (https://github.com/go-resty/resty)" 601 0.020 [edge365-api-cert-revoke-80] [] 10.32.12.95:3000 94 0.020 200 a963be93f71125ca6d57aabe4bdf7ea9
10.32.12.5 - - [29/Apr/2024:06:21:26 +0000] "POST /v4.0/tokenvalidation HTTP/1.1" 200 658 "-" "axios/0.18.0" 791 0.002 [ensaas-service-sso-http] [] 10.32.12.107:8080 658 0.000 200 1b29fe8160e9c752a35090a60993e4ef
10.32.12.68 - - [29/Apr/2024:06:21:26 +0000] "GET /dm-proxy/v1.1/label/device?id=5443,2915 HTTP/1.1" 304 0 "https://portal-dpm-edge365-solarscada.sembcorp.net/" "Mozilla/5.0 (Windows NT 10.0; Win64; x64) AppleWebKit/537.36 (KHTML, like Gecko) Chrome/123.0.0.0 Safari/537.36" 2222 0.028 [edge365-portal-dpm-80] [] 10.32.12.121:8080 0 0.028 304 9600927d56ac1b08965544b5a7d935b0
10.32.12.68 - - [29/Apr/2024:06:21:27 +0000] "POST /v1.0/cert/device/status/69a7f7f4-f74d-4df8-863f-346e73073c85 HTTP/1.1" 200 94 "-" "go-resty/2.7.0 (https://github.com/go-resty/resty)" 601 0.003 [edge365-api-cert-revoke-80] [] 10.32.12.95:3000 94 0.004 200 69d881618ccf5c20438ed5d035ed3f21
10.32.12.131 - - [29/Apr/2024:06:21:29 +0000] "GET /dm-proxy/v1.1/label/user/org/41 HTTP/1.1" 304 0 "https://portal-dpm-edge365-solarscada.sembcorp.net/" "Mozilla/5.0 (Windows NT 10.0; Win64; x64) AppleWebKit/537.36 (KHTML, like Gecko) Chrome/123.0.0.0 Safari/537.36" 2213 0.022 [edge365-portal-dpm-80] [] 10.32.12.121:8080 0 0.024 304 180ed47d9d4eb95bc06fee5ee99c23b7
10.32.12.5 - - [29/Apr/2024:06:21:29 +0000] "POST /v4.0/tokenvalidation HTTP/1.1" 200 658 "-" "axios/0.18.0" 791 0.002 [ensaas-service-sso-http] [] 10.32.12.107:8080 658 0.000 200 1b8383c9520ab1e9ce1e3dcc804315aa
10.32.12.5 - - [29/Apr/2024:06:21:29 +0000] "POST /portal-proxy/edge/status HTTP/1.1" 200 376 "https://portal-dpm-edge365-solarscada.sembcorp.net/" "Mozilla/5.0 (Windows NT 10.0; Win64; x64) AppleWebKit/537.36 (KHTML, like Gecko) Chrome/123.0.0.0 Safari/537.36" 2308 0.023 [edge365-portal-dpm-80] [] 10.32.12.121:8080 376 0.024 200 67bd09015b84e16be3f3085f4de5fe3e
10.32.12.5 - - [29/Apr/2024:06:21:32 +0000] "POST /v4.0/tokenvalidation HTTP/1.1" 200 658 "-" "axios/0.18.0" 791 0.003 [ensaas-service-sso-http] [] 10.32.12.107:8080 658 0.004 200 b3ad2214f692080698cf4af13609dbde
10.32.12.5 - - [29/Apr/2024:06:21:33 +0000] "GET /edge/online/taginfo/2915?page=1&perpage=50&sortby=name&order=asc&search= HTTP/1.1" 200 28742 "-" "axios/0.21.4" 805 0.056 [edge365-api-portal-wise-mplus-80] [] 10.32.12.21:8080 28742 0.056 200 a1284522bcda52803d5c4af9fee16b92
10.32.12.195 - - [29/Apr/2024:06:21:39 +0000] "POST /portal-proxy/edge/status HTTP/1.1" 200 376 "https://portal-dpm-edge365-solarscada.sembcorp.net/" "Mozilla/5.0 (Windows NT 10.0; Win64; x64) AppleWebKit/537.36 (KHTML, like Gecko) Chrome/123.0.0.0 Safari/537.36" 2308 0.081 [edge365-portal-dpm-80] [] 10.32.12.121:8080 376 0.080 200 0b8a253607cec25b95c75b6ff39b718f
10.32.12.131 - - [29/Apr/2024:06:21:45 +0000] "POST /v4.0/tokenvalidation HTTP/1.1" 200 658 "-" "fasthttp" 706 0.005 [ensaas-service-sso-http] [] 10.32.12.107:8080 658 0.004 200 8aee268b4e5da4a95516cc023347b1be
10.32.12.131 - - [29/Apr/2024:06:21:45 +0000] "GET /v4.0/users/me HTTP/1.1" 200 897 "-" "fasthttp" 689 0.019 [ensaas-service-sso-http] [] 10.32.12.107:8080 897 0.020 200 32eb2ee06fc0b367fa4560a94221c38b
10.32.12.131 - - [29/Apr/2024:06:21:45 +0000] "POST /v4.0/tokenvalidation HTTP/1.1" 200 658 "-" "fasthttp" 706 0.002 [ensaas-service-sso-http] [] 10.32.12.107:8080 658 0.000 200 4c15c3cd70ddfc74e89db963855b3380
10.32.12.195 - - [29/Apr/2024:06:21:45 +0000] "GET /api/get/EIToken/information HTTP/1.1" 200 246 "https://dashboard-edge365-solarscada.sembcorp.net/frame/sn5-test-for-uat-01?orgId=40&selected=963D4245&refresh=5m" "Mozilla/5.0 (Windows NT 10.0; Win64; x64) AppleWebKit/537.36 (KHTML, like Gecko) Chrome/123.0.0.0 Safari/537.36" 2496 0.050 [edge365-dashboard-pro-edge365-http] [] 10.32.12.166:8080 246 0.048 200 227378e2f610889ebe47ef36388f4760
10.32.12.131 - - [29/Apr/2024:06:21:45 +0000] "POST /v4.0/tokenvalidation HTTP/1.1" 200 658 "-" "fasthttp" 706 0.002 [ensaas-service-sso-http] [] 10.32.12.107:8080 658 0.004 200 b6e79b99c48682dd0cc1b2523eebb915
10.32.12.131 - - [29/Apr/2024:06:21:45 +0000] "GET /v4.0/users/me HTTP/1.1" 200 897 "-" "fasthttp" 689 0.031 [ensaas-service-sso-http] [] 10.32.12.107:8080 897 0.032 200 f3db744724333d5d0c2711841e6150e7
10.32.12.131 - - [29/Apr/2024:06:21:45 +0000] "POST /v4.0/tokenvalidation HTTP/1.1" 200 658 "-" "fasthttp" 706 0.002 [ensaas-service-sso-http] [] 10.32.12.107:8080 658 0.000 200 ce4389b8178a8c6326e674ddf585c29c
10.32.12.68 - - [29/Apr/2024:06:21:46 +0000] "GET /dm-proxy/v1.1/label/user/org/41 HTTP/1.1" 304 0 "https://portal-dpm-edge365-solarscada.sembcorp.net/" "Mozilla/5.0 (Windows NT 10.0; Win64; x64) AppleWebKit/537.36 (KHTML, like Gecko) Chrome/123.0.0.0 Safari/537.36" 2213 0.027 [edge365-portal-dpm-80] [] 10.32.12.121:8080 0 0.028 304 ecd29e2f08d5bcf0af63e13ebdfbf426
10.32.12.131 - - [29/Apr/2024:06:21:46 +0000] "GET /dm-proxy/v1.1/label/user/org/41 HTTP/1.1" 304 0 "https://portal-dpm-edge365-solarscada.sembcorp.net/" "Mozilla/5.0 (Windows NT 10.0; Win64; x64) AppleWebKit/537.36 (KHTML, like Gecko) Chrome/123.0.0.0 Safari/537.36" 2213 0.023 [edge365-portal-dpm-80] [] 10.32.12.121:8080 0 0.024 304 f68e2f389d5e121b84c874d53cfab6ce
10.32.12.5 - - [29/Apr/2024:06:21:46 +0000] "GET /dm-proxy/v1.1/label/device?id=2915 HTTP/1.1" 304 0 "https://portal-dpm-edge365-solarscada.sembcorp.net/" "Mozilla/5.0 (Windows NT 10.0; Win64; x64) AppleWebKit/537.36 (KHTML, like Gecko) Chrome/123.0.0.0 Safari/537.36" 2217 0.027 [edge365-portal-dpm-80] [] 10.32.12.121:8080 0 0.028 304 13eda0fe8db69a801b733da56b69a67d
10.32.12.131 - - [29/Apr/2024:06:21:49 +0000] "POST /v4.0/tokenvalidation HTTP/1.1" 200 658 "-" "fasthttp" 706 0.003 [ensaas-service-sso-http] [] 10.32.12.107:8080 658 0.004 200 144c61f5cebadd8ca3042842e6fd4a3b
10.32.12.131 - - [29/Apr/2024:06:21:49 +0000] "POST /v4.0/tokenvalidation HTTP/1.1" 200 658 "-" "fasthttp" 706 0.002 [ensaas-service-sso-http] [] 10.32.12.107:8080 658 0.004 200 21675a45fdcb447ffd9a3e92c49c48ce
10.32.12.131 - - [29/Apr/2024:06:21:49 +0000] "GET /v4.0/users/me HTTP/1.1" 200 897 "-" "fasthttp" 689 0.030 [ensaas-service-sso-http] [] 10.32.12.107:8080 897 0.032 200 f4b70e7eadeb287ec41b966db64c966f
10.32.12.68 - - [29/Apr/2024:06:21:49 +0000] "POST /portal-proxy/edge/status HTTP/1.1" 200 376 "https://portal-dpm-edge365-solarscada.sembcorp.net/" "Mozilla/5.0 (Windows NT 10.0; Win64; x64) AppleWebKit/537.36 (KHTML, like Gecko) Chrome/123.0.0.0 Safari/537.36" 2308 0.073 [edge365-portal-dpm-80] [] 10.32.12.121:8080 376 0.076 200 45419e781fceddcbc7be1274ba1f6bd9
10.32.12.131 - - [29/Apr/2024:06:21:49 +0000] "POST /v4.0/tokenvalidation HTTP/1.1" 200 658 "-" "fasthttp" 706 0.001 [ensaas-service-sso-http] [] 10.32.12.107:8080 658 0.004 200 41082caa4486e75737872fbc3302dbe7
10.32.12.131 - - [29/Apr/2024:06:21:49 +0000] "POST /v4.0/tokenvalidation HTTP/1.1" 200 658 "-" "fasthttp" 706 0.002 [ensaas-service-sso-http] [] 10.32.12.107:8080 658 0.000 200 80153486b83edbc4e0ea54dd269aed04
10.32.12.131 - - [29/Apr/2024:06:21:49 +0000] "GET /v4.0/users/me HTTP/1.1" 200 897 "-" "fasthttp" 689 0.016 [ensaas-service-sso-http] [] 10.32.12.107:8080 897 0.016 200 91ee8178a21f44e6d9897ed08f35a128
10.32.12.131 - - [29/Apr/2024:06:21:49 +0000] "GET /v4.0/users/me HTTP/1.1" 200 897 "-" "fasthttp" 689 0.015 [ensaas-service-sso-http] [] 10.32.12.107:8080 897 0.016 200 6841d4240b46a1fb5167167275529aed
10.32.12.131 - - [29/Apr/2024:06:21:49 +0000] "GET /v4.0/users/me HTTP/1.1" 200 897 "-" "fasthttp" 689 0.014 [ensaas-service-sso-http] [] 10.32.12.107:8080 897 0.012 200 72bb93fab5a20801ed48a47837e6ab57
10.32.12.131 - - [29/Apr/2024:06:21:49 +0000] "POST /v4.0/tokenvalidation HTTP/1.1" 200 658 "-" "axios/0.21.4" 772 0.007 [ensaas-service-sso-http] [] 10.32.12.107:8080 658 0.000 200 a3d72d6c906eddb1e0916636f05acffd
10.32.12.131 - - [29/Apr/2024:06:21:49 +0000] "POST /v4.0/tokenvalidation HTTP/1.1" 200 658 "-" "fasthttp" 706 0.002 [ensaas-service-sso-http] [] 10.32.12.107:8080 658 0.004 200 20436077b70655bda2bdb6c68cc48d58
10.32.12.131 - - [29/Apr/2024:06:21:49 +0000] "GET /v4.0/users/me HTTP/1.1" 200 897 "-" "fasthttp" 689 0.019 [ensaas-service-sso-http] [] 10.32.12.107:8080 897 0.020 200 6f8829972c581da7430ecbee8da82adc
10.32.12.131 - - [29/Apr/2024:06:21:49 +0000] "POST /v4.0/tokenvalidation HTTP/1.1" 200 658 "-" "fasthttp" 706 0.004 [ensaas-service-sso-http] [] 10.32.12.107:8080 658 0.004 200 05759f74d49dd93c7225341b50a14067
10.32.12.131 - - [29/Apr/2024:06:21:49 +0000] "GET /v4.0/users/me HTTP/1.1" 200 897 "-" "fasthttp" 689 0.025 [ensaas-service-sso-http] [] 10.32.12.107:8080 897 0.024 200 849775afe004d1e633d59476d3b426a9
10.32.12.131 - - [29/Apr/2024:06:21:50 +0000] "POST /v4.0/tokenvalidation HTTP/1.1" 200 658 "-" "fasthttp" 706 0.002 [ensaas-service-sso-http] [] 10.32.12.107:8080 658 0.000 200 04ae5029ed17463e2a8a901c7b870a5e
10.32.12.131 - - [29/Apr/2024:06:21:50 +0000] "GET /v4.0/users/me HTTP/1.1" 200 897 "-" "fasthttp" 689 0.030 [ensaas-service-sso-http] [] 10.32.12.107:8080 897 0.032 200 9afcdc72b98623526538e6993e887491
