10.32.12.195 - - [29/Apr/2024:06:51:45 +0000] "POST /group/alarm/status HTTP/1.1" 200 101 "-" "Apache-HttpClient/4.5.9 (Java/1.8.0_282)" 451 0.005 [edge365-wise-mplus-userfunctions-80] [] 10.32.12.75:8080 101 0.004 200 aae471fee42ee6edadd667c794b906a0
10.32.12.5 - - [29/Apr/2024:06:51:46 +0000] "POST /group/alarm/status HTTP/1.1" 200 101 "-" "Apache-HttpClient/4.5.9 (Java/1.8.0_282)" 450 0.005 [edge365-wise-mplus-userfunctions-80] [] 10.32.12.75:8080 101 0.008 200 1e082cd84921ad78707b02a7fdbc0525
10.32.12.131 - - [29/Apr/2024:06:51:47 +0000] "POST /group/param/sum HTTP/1.1" 200 107 "-" "Apache-HttpClient/4.5.9 (Java/1.8.0_282)" 455 0.011 [edge365-wise-mplus-userfunctions-80] [] 10.32.12.75:8080 107 0.008 200 82d425b65b37d54784468f5b89cf4be7
10.32.12.5 - - [29/Apr/2024:06:51:47 +0000] "POST /group/alarm/status HTTP/1.1" 200 101 "-" "Apache-HttpClient/4.5.9 (Java/1.8.0_282)" 451 0.005 [edge365-wise-mplus-userfunctions-80] [] 10.32.12.75:8080 101 0.004 200 ccb97208f1aa412ba5e1ef0fa2df750f
10.32.12.5 - - [29/Apr/2024:06:51:47 +0000] "POST /group/param/sum HTTP/1.1" 200 106 "-" "Apache-HttpClient/4.5.9 (Java/1.8.0_282)" 459 0.007 [edge365-wise-mplus-userfunctions-80] [] 10.32.12.75:8080 106 0.008 200 bf64492dc473b2526a2a504067548202
10.32.12.5 - - [29/Apr/2024:06:51:47 +0000] "POST /group/param/sum HTTP/1.1" 200 98 "-" "Apache-HttpClient/4.5.9 (Java/1.8.0_282)" 459 0.003 [edge365-wise-mplus-userfunctions-80] [] 10.32.12.75:8080 98 0.000 200 9571bf4f04264f08643664c4c30bdbc5
10.32.12.5 - - [29/Apr/2024:06:51:47 +0000] "POST /group/alarm/status HTTP/1.1" 200 101 "-" "Apache-HttpClient/4.5.9 (Java/1.8.0_282)" 451 0.005 [edge365-wise-mplus-userfunctions-80] [] 10.32.12.75:8080 101 0.004 200 4fdfd8dff1b38ab43cf22c038be95f38
10.32.12.5 - - [29/Apr/2024:06:51:47 +0000] "POST /object/alarm/status HTTP/1.1" 200 102 "-" "Apache-HttpClient/4.5.9 (Java/1.8.0_282)" 453 0.005 [edge365-wise-mplus-userfunctions-80] [] 10.32.12.75:8080 102 0.004 200 f03400189fe9b96c3f609d8ac62b649d
10.32.12.195 - - [29/Apr/2024:06:51:47 +0000] "POST /object/alarm/status HTTP/1.1" 200 102 "-" "Apache-HttpClient/4.5.9 (Java/1.8.0_282)" 453 0.005 [edge365-wise-mplus-userfunctions-80] [] 10.32.12.75:8080 102 0.004 200 66678337f2d391d317652ade9dcb0f49
10.32.12.195 - - [29/Apr/2024:06:51:47 +0000] "POST /object/alarm/status HTTP/1.1" 200 102 "-" "Apache-HttpClient/4.5.9 (Java/1.8.0_282)" 453 0.005 [edge365-wise-mplus-userfunctions-80] [] 10.32.12.75:8080 102 0.008 200 5b54b59cacff95704a524e4e7f7e865f
10.32.12.68 - - [29/Apr/2024:06:51:47 +0000] "POST /object/alarm/status HTTP/1.1" 200 102 "-" "Apache-HttpClient/4.5.9 (Java/1.8.0_282)" 453 0.005 [edge365-wise-mplus-userfunctions-80] [] 10.32.12.75:8080 102 0.008 200 597edcaed6263c72e64e4f92e8341d75
10.32.12.68 - - [29/Apr/2024:06:51:47 +0000] "POST /object/alarm/status HTTP/1.1" 200 102 "-" "Apache-HttpClient/4.5.9 (Java/1.8.0_282)" 453 0.005 [edge365-wise-mplus-userfunctions-80] [] 10.32.12.75:8080 102 0.004 200 e21f965b8c131b1afc9b910ffefab564
10.32.12.68 - - [29/Apr/2024:06:51:47 +0000] "POST /object/alarm/status HTTP/1.1" 200 102 "-" "Apache-HttpClient/4.5.9 (Java/1.8.0_282)" 453 0.005 [edge365-wise-mplus-userfunctions-80] [] 10.32.12.75:8080 102 0.008 200 51d1ba0dff01dd762a8e018edc5d1069
10.32.12.68 - - [29/Apr/2024:06:51:47 +0000] "POST /group/param/sum HTTP/1.1" 200 114 "-" "Apache-HttpClient/4.5.9 (Java/1.8.0_282)" 456 0.008 [edge365-wise-mplus-userfunctions-80] [] 10.32.12.75:8080 114 0.008 200 eb097026779023e62e4a6634659fd5d1
10.32.12.68 - - [29/Apr/2024:06:51:48 +0000] "POST /group/param/sum HTTP/1.1" 200 115 "-" "Apache-HttpClient/4.5.9 (Java/1.8.0_282)" 459 0.006 [edge365-wise-mplus-userfunctions-80] [] 10.32.12.75:8080 115 0.008 200 21188731310d962cb4a43a79085ebca5
10.32.12.68 - - [29/Apr/2024:06:51:48 +0000] "POST /group/alarm/status HTTP/1.1" 200 101 "-" "Apache-HttpClient/4.5.9 (Java/1.8.0_282)" 451 0.005 [edge365-wise-mplus-userfunctions-80] [] 10.32.12.75:8080 101 0.004 200 79ccc2899a939e25899cc302d894cf10
10.32.12.68 - - [29/Apr/2024:06:51:48 +0000] "POST /group/alarm/status HTTP/1.1" 200 101 "-" "Apache-HttpClient/4.5.9 (Java/1.8.0_282)" 451 0.004 [edge365-wise-mplus-userfunctions-80] [] 10.32.12.75:8080 101 0.004 200 c3f4042553127891c4eb665572f1079a
10.32.12.195 - - [29/Apr/2024:06:51:48 +0000] "POST /object/alarm/status HTTP/1.1" 200 102 "-" "Apache-HttpClient/4.5.9 (Java/1.8.0_282)" 453 0.005 [edge365-wise-mplus-userfunctions-80] [] 10.32.12.75:8080 102 0.008 200 d22fd356e465bf75187011f75f7b5f7a
10.32.12.68 - - [29/Apr/2024:06:51:48 +0000] "POST /object/alarm/status HTTP/1.1" 200 102 "-" "Apache-HttpClient/4.5.9 (Java/1.8.0_282)" 453 0.005 [edge365-wise-mplus-userfunctions-80] [] 10.32.12.75:8080 102 0.004 200 47170f188bebf1622460b70c8de29514
10.32.12.5 - - [29/Apr/2024:06:51:48 +0000] "POST /object/alarm/status HTTP/1.1" 200 102 "-" "Apache-HttpClient/4.5.9 (Java/1.8.0_282)" 453 0.005 [edge365-wise-mplus-userfunctions-80] [] 10.32.12.75:8080 102 0.004 200 16caa574818dc232c95b67035c45145a
10.32.12.131 - - [29/Apr/2024:06:51:48 +0000] "POST /object/alarm/status HTTP/1.1" 200 102 "-" "Apache-HttpClient/4.5.9 (Java/1.8.0_282)" 453 0.005 [edge365-wise-mplus-userfunctions-80] [] 10.32.12.75:8080 102 0.008 200 8a5886dac9415965200bcf7d5fc2dc5b
10.32.12.68 - - [29/Apr/2024:06:51:48 +0000] "POST /object/alarm/status HTTP/1.1" 200 102 "-" "Apache-HttpClient/4.5.9 (Java/1.8.0_282)" 453 0.005 [edge365-wise-mplus-userfunctions-80] [] 10.32.12.75:8080 102 0.004 200 a9a8d01c052b1fcf761376182ce7e2a9
10.32.12.195 - - [29/Apr/2024:06:51:48 +0000] "POST /object/alarm/status HTTP/1.1" 200 102 "-" "Apache-HttpClient/4.5.9 (Java/1.8.0_282)" 453 0.004 [edge365-wise-mplus-userfunctions-80] [] 10.32.12.75:8080 102 0.004 200 e27898157f4178b0419e3f37673902fb
10.32.12.195 - - [29/Apr/2024:06:51:48 +0000] "POST /object/alarm/status HTTP/1.1" 200 102 "-" "Apache-HttpClient/4.5.9 (Java/1.8.0_282)" 453 0.005 [edge365-wise-mplus-userfunctions-80] [] 10.32.12.75:8080 102 0.008 200 651338de03fa7a6467c0c651c9602431
10.32.12.68 - - [29/Apr/2024:06:51:48 +0000] "POST /object/alarm/status HTTP/1.1" 200 102 "-" "Apache-HttpClient/4.5.9 (Java/1.8.0_282)" 453 0.005 [edge365-wise-mplus-userfunctions-80] [] 10.32.12.75:8080 102 0.004 200 75641ef0026f9c87d04b4d1f1488f6bd
10.32.12.68 - - [29/Apr/2024:06:51:48 +0000] "POST /group/param/sum HTTP/1.1" 200 107 "-" "Apache-HttpClient/4.5.9 (Java/1.8.0_282)" 457 0.023 [edge365-wise-mplus-userfunctions-80] [] 10.32.12.75:8080 107 0.024 200 058116b6a8ba3651425e05d050eba98a
10.32.12.131 - - [29/Apr/2024:06:51:49 +0000] "POST /group/param/sum HTTP/1.1" 200 103 "-" "Apache-HttpClient/4.5.9 (Java/1.8.0_282)" 454 0.007 [edge365-wise-mplus-userfunctions-80] [] 10.32.12.75:8080 103 0.004 200 c9a4288ffd0504a2fe8739c003046a76
10.32.12.68 - - [29/Apr/2024:06:51:53 +0000] "POST /v1.0/cert/device/status/f969ba00-f059-4836-8795-05d9b56e8f87 HTTP/1.1" 200 94 "-" "go-resty/2.7.0 (https://github.com/go-resty/resty)" 601 0.008 [edge365-api-cert-revoke-80] [] 10.32.12.95:3000 94 0.004 200 e765ed0de2cff48db3e7bc257f22f4f5
10.32.12.5 - - [29/Apr/2024:06:51:54 +0000] "POST /object/alarm/status HTTP/1.1" 499 0 "-" "Apache-HttpClient/4.5.9 (Java/1.8.0_282)" 453 4.999 [edge365-wise-mplus-userfunctions-80] [] 10.32.12.75:8080 0 4.996 - e843e68967e8148150f55b259d024e5f
10.32.12.195 - - [29/Apr/2024:06:52:00 +0000] "GET /api/v1/namespaces/edge365/pods/api-dbmaster-wise-mplus-57b7dcb99d-csxkp HTTP/1.1" 200 7663 "-" "kubectl/v1.27.2 (linux/amd64) kubernetes/7f6f68f" 563 0.060 [ensaas-service-clusteragent-proxy-9000] [] 10.32.12.147:8000 7657 0.060 200 3f7496d6552fa8389a056a6f840a0e23
10.32.12.195 - - [29/Apr/2024:06:52:00 +0000] "GET /api/v1/namespaces/edge365/pods/api-dbmaster-wise-mplus-57b7dcb99d-csxkp/log?container=api-dbmaster-wise-mplus HTTP/1.1" 200 21084 "-" "kubectl/v1.27.2 (linux/amd64) kubernetes/7f6f68f" 601 0.051 [ensaas-service-clusteragent-proxy-9000] [] 10.32.12.147:8000 21046 0.052 200 9ea7ac2877892bd0cf80f05bebaffb33
10.32.12.5 - - [29/Apr/2024:06:52:04 +0000] "POST /v1.0/cert/device/status/872eae8b-ee9e-4434-842c-928b0cbf55d6 HTTP/1.1" 200 94 "-" "go-resty/2.7.0 (https://github.com/go-resty/resty)" 601 0.008 [edge365-api-cert-revoke-80] [] 10.32.12.95:3000 94 0.008 200 0e3e09f457d4a84d753b7b15514d053a
10.32.12.131 - - [29/Apr/2024:06:52:04 +0000] "GET /api/v1/namespaces/edge365/pods/api-dbmaster-wise-mplus-57b7dcb99d-csxkp/log?container=api-dbmaster-wise-mplus&previous=true HTTP/1.1" 200 39751 "-" "kubectl/v1.27.2 (linux/amd64) kubernetes/7f6f68f" 615 0.058 [ensaas-service-clusteragent-proxy-9000] [] 10.32.12.147:8000 39692 0.056 200 d6764654497e5ad7d6f6d82abbf4c188
10.32.12.68 - - [29/Apr/2024:06:52:04 +0000] "POST /group/alarm/status HTTP/1.1" 499 0 "-" "Apache-HttpClient/4.5.9 (Java/1.8.0_282)" 451 4.997 [edge365-wise-mplus-userfunctions-80] [] 10.32.12.75:8080 0 4.996 - 9706b9657ab3b6c74b9db7f5bfe9e85f
10.32.12.5 - - [29/Apr/2024:06:52:06 +0000] "POST /v1.0/cert/device/status/bf8dcf19-7297-47d7-8ddf-fcbb58dc4163 HTTP/1.1" 200 94 "-" "go-resty/2.7.0 (https://github.com/go-resty/resty)" 601 0.005 [edge365-api-cert-revoke-80] [] 10.32.12.95:3000 94 0.004 200 5b4ea31dc6c830bd22978e26ca89af2e
10.32.12.131 - - [29/Apr/2024:06:52:09 +0000] "POST /v1.0/cert/device/status/bf8dcf19-7297-47d7-8ddf-fcbb58dc4163 HTTP/1.1" 200 94 "-" "go-resty/2.7.0 (https://github.com/go-resty/resty)" 601 0.005 [edge365-api-cert-revoke-80] [] 10.32.12.95:3000 94 0.008 200 5df84a24b438abebe14f2afb669781b1
10.32.12.5 - - [29/Apr/2024:06:52:15 +0000] "POST /group/alarm/status HTTP/1.1" 499 0 "-" "Apache-HttpClient/4.5.9 (Java/1.8.0_282)" 451 4.997 [edge365-wise-mplus-userfunctions-80] [] 10.32.12.75:8080 0 5.000 - e4e2d57176c593376915be5365042dab
10.32.12.131 - - [29/Apr/2024:06:52:30 +0000] "POST /v4.0/tokenvalidation HTTP/1.1" 200 658 "-" "fasthttp" 706 0.008 [ensaas-service-sso-http] [] 10.32.12.107:8080 658 0.008 200 f2342b6c515bf104ebab2a4fcd771752
10.32.12.131 - - [29/Apr/2024:06:52:30 +0000] "GET /v4.0/users/me HTTP/1.1" 200 897 "-" "fasthttp" 689 0.024 [ensaas-service-sso-http] [] 10.32.12.107:8080 897 0.024 200 448fd1db395a67929d7f5d02a6f0cfd7
10.32.12.131 - - [29/Apr/2024:06:52:30 +0000] "POST /v4.0/tokenvalidation HTTP/1.1" 200 658 "-" "fasthttp" 706 0.005 [ensaas-service-sso-http] [] 10.32.12.107:8080 658 0.004 200 1ca426d2e6a7baccfc70d9213b3a5aec
10.32.12.68 - - [29/Apr/2024:06:52:30 +0000] "POST /object/alarm/status HTTP/1.1" 499 0 "-" "Apache-HttpClient/4.5.9 (Java/1.8.0_282)" 453 4.997 [edge365-wise-mplus-userfunctions-80] [] 10.32.12.75:8080 0 4.996 - 0f710ad40c1839f7fe3391cabe026e5d
10.32.12.68 - - [29/Apr/2024:06:52:30 +0000] "POST /v1.0/cert/device/status/69a7f7f4-f74d-4df8-863f-346e73073c85 HTTP/1.1" 200 94 "-" "go-resty/2.7.0 (https://github.com/go-resty/resty)" 601 0.008 [edge365-api-cert-revoke-80] [] 10.32.12.95:3000 94 0.008 200 f967f98cfdef94a907c00032d1155037
10.32.12.195 - - [29/Apr/2024:06:52:35 +0000] "POST /object/alarm/status HTTP/1.1" 499 0 "-" "Apache-HttpClient/4.5.9 (Java/1.8.0_282)" 453 4.998 [edge365-wise-mplus-userfunctions-80] [] 10.32.12.75:8080 0 4.997 - 2413aa92808e38bec1ea11d4a3340ccc
10.32.12.195 - - [29/Apr/2024:06:52:36 +0000] "POST /v1.0/cert/device/status/f4d15f76-b79b-4cc9-aa5b-74291ab489be HTTP/1.1" 200 94 "-" "go-resty/2.7.0 (https://github.com/go-resty/resty)" 529 0.009 [edge365-api-cert-revoke-80] [] 10.32.12.95:3000 94 0.008 200 8ab1c28f8b9949e30f577d3e640745b7
10.32.12.68 - - [29/Apr/2024:06:52:40 +0000] "POST /object/alarm/status HTTP/1.1" 499 0 "-" "Apache-HttpClient/4.5.9 (Java/1.8.0_282)" 453 4.990 [edge365-wise-mplus-userfunctions-80] [] 10.32.12.75:8080 0 4.992 - d5b2ec0ca78299465943e0232fcbb56f
10.32.12.68 - - [29/Apr/2024:06:52:41 +0000] "POST /v1.0/cert/device/status/46427a01-7efe-4fc5-b1f9-dd01e6ed0433 HTTP/1.1" 200 94 "-" "go-resty/2.7.0 (https://github.com/go-resty/resty)" 601 0.028 [edge365-api-cert-revoke-80] [] 10.32.12.95:3000 94 0.028 200 33a69447202384bff7ee9a3348715af9
10.32.12.68 - - [29/Apr/2024:06:52:45 +0000] "GET /dm-proxy/v1.1/label/device?id=2482 HTTP/1.1" 304 0 "https://portal-dpm-edge365-solarscada.sembcorp.net/" "Mozilla/5.0 (Windows NT 10.0; Win64; x64) AppleWebKit/537.36 (KHTML, like Gecko) Chrome/123.0.0.0 Safari/537.36" 1664 0.063 [edge365-portal-dpm-80] [] 10.32.12.121:8080 0 0.056 304 9cb98f6d24a1111e8653ba9ded5d099f
10.32.12.195 - - [29/Apr/2024:06:52:45 +0000] "POST /portal-proxy/edge/status HTTP/1.1" 200 211 "https://portal-dpm-edge365-solarscada.sembcorp.net/" "Mozilla/5.0 (Windows NT 10.0; Win64; x64) AppleWebKit/537.36 (KHTML, like Gecko) Chrome/123.0.0.0 Safari/537.36" 1750 0.085 [edge365-portal-dpm-80] [] 10.32.12.121:8080 211 0.084 200 b9c61a5a11c9a0a530d182e9f5c2f2ad
10.32.12.68 - - [29/Apr/2024:06:52:45 +0000] "POST /object/alarm/status HTTP/1.1" 499 0 "-" "Apache-HttpClient/4.5.9 (Java/1.8.0_282)" 453 4.997 [edge365-wise-mplus-userfunctions-80] [] 10.32.12.75:8080 0 4.996 - 371f55da723f15fc7cf6cf63dc985e73
10.32.12.5 - - [29/Apr/2024:06:52:52 +0000] "GET /v4.0/health HTTP/1.1" 200 62 "-" "axios/0.18.0" 160 0.012 [ensaas-service-sso-http] [] 10.32.12.107:8080 62 0.012 200 64de192fa906a609618d344019144f12
10.32.12.195 - - [29/Apr/2024:06:53:05 +0000] "POST /v1.0/cert/device/status/f969ba00-f059-4836-8795-05d9b56e8f87 HTTP/1.1" 200 94 "-" "go-resty/2.7.0 (https://github.com/go-resty/resty)" 601 0.008 [edge365-api-cert-revoke-80] [] 10.32.12.95:3000 94 0.008 200 57367bc0dafd7ace8ad65c034dde7f0b
10.32.12.195 - - [29/Apr/2024:06:53:08 +0000] "POST /v1.0/cert/device/status/bf8dcf19-7297-47d7-8ddf-fcbb58dc4163 HTTP/1.1" 200 94 "-" "go-resty/2.7.0 (https://github.com/go-resty/resty)" 601 0.005 [edge365-api-cert-revoke-80] [] 10.32.12.95:3000 94 0.004 200 556e795b8b3a5500b9519c169cd6d04c
10.32.12.5 - - [29/Apr/2024:06:53:38 +0000] "POST /v1.0/cert/device/status/f4d15f76-b79b-4cc9-aa5b-74291ab489be HTTP/1.1" 200 94 "-" "go-resty/2.7.0 (https://github.com/go-resty/resty)" 529 0.009 [edge365-api-cert-revoke-80] [] 10.32.12.95:3000 94 0.012 200 9443cd0e74dd80aab3c4dce602d023e1
10.32.12.131 - - [29/Apr/2024:06:53:40 +0000] "POST /v1.0/cert/device/status/33bd5e9e-e880-42b7-96c7-7bee1ec3840c HTTP/1.1" 200 94 "-" "go-resty/2.7.0 (https://github.com/go-resty/resty)" 601 0.005 [edge365-api-cert-revoke-80] [] 10.32.12.95:3000 94 0.008 200 fd6a3f3cff460b6ac715be8a01b6737b
10.32.12.68 - - [29/Apr/2024:06:53:40 +0000] "POST /object/alarm/status HTTP/1.1" 499 0 "-" "Apache-HttpClient/4.5.9 (Java/1.8.0_282)" 453 5.046 [edge365-wise-mplus-userfunctions-80] [] 10.32.12.75:8080 0 5.044 - 2e40250add3b5adf4094b4daea1e7c94
10.32.12.195 - - [29/Apr/2024:06:53:43 +0000] "POST /v1.0/cert/device/status/46427a01-7efe-4fc5-b1f9-dd01e6ed0433 HTTP/1.1" 200 94 "-" "go-resty/2.7.0 (https://github.com/go-resty/resty)" 601 0.005 [edge365-api-cert-revoke-80] [] 10.32.12.95:3000 94 0.008 200 b622c223bd72337f2b498a9ba131e787
10.32.12.5 - - [29/Apr/2024:06:53:45 +0000] "POST /v4.0/tokenvalidation HTTP/1.1" 200 658 "-" "axios/0.18.0" 791 0.010 [ensaas-service-sso-http] [] 10.32.12.107:8080 658 0.012 200 6a5f332e6d9627038fe27212ab34edaf
10.32.12.131 - - [29/Apr/2024:06:53:45 +0000] "POST /portal-proxy/edge/status HTTP/1.1" 200 211 "https://portal-dpm-edge365-solarscada.sembcorp.net/" "Mozilla/5.0 (Windows NT 10.0; Win64; x64) AppleWebKit/537.36 (KHTML, like Gecko) Chrome/123.0.0.0 Safari/537.36" 1750 0.086 [edge365-portal-dpm-80] [] 10.32.12.121:8080 211 0.084 200 428bab3b57f40fa9b988e48cb7fb0a56
10.32.12.5 - - [29/Apr/2024:06:53:45 +0000] "GET /dm-proxy/v1.1/org/41/device/list HTTP/1.1" 200 5693 "https://portal-dpm-edge365-solarscada.sembcorp.net/" "Mozilla/5.0 (Windows NT 10.0; Win64; x64) AppleWebKit/537.36 (KHTML, like Gecko) Chrome/123.0.0.0 Safari/537.36" 1665 0.125 [edge365-portal-dpm-80] [] 10.32.12.121:8080 5687 0.124 200 70877b73821ea8abd05c8440cd57ec04
10.32.12.68 - - [29/Apr/2024:06:53:46 +0000] "POST /v1.0/cert/device/status/46427a01-7efe-4fc5-b1f9-dd01e6ed0433 HTTP/1.1" 200 94 "-" "go-resty/2.7.0 (https://github.com/go-resty/resty)" 601 0.005 [edge365-api-cert-revoke-80] [] 10.32.12.95:3000 94 0.008 200 dd4d41f5b86e3bf6b3bd5f98d7a85a39
10.32.12.5 - - [29/Apr/2024:06:53:52 +0000] "GET /v4.0/health HTTP/1.1" 200 62 "-" "axios/0.18.0" 160 0.006 [ensaas-service-sso-http] [] 10.32.12.107:8080 62 0.008 200 a70df0432f5c256a18a3465769561954
10.32.12.195 - - [29/Apr/2024:06:53:55 +0000] "POST /object/alarm/status HTTP/1.1" 499 0 "-" "Apache-HttpClient/4.5.9 (Java/1.8.0_282)" 453 5.000 [edge365-wise-mplus-userfunctions-80] [] 10.32.12.75:8080 0 5.004 - b8128ad6023fe76a2ea6648598287928
10.32.12.195 - - [29/Apr/2024:06:53:55 +0000] "POST /object/alarm/status HTTP/1.1" 200 102 "-" "Apache-HttpClient/4.5.9 (Java/1.8.0_282)" 453 0.021 [edge365-wise-mplus-userfunctions-80] [] 10.32.12.75:8080 102 0.020 200 4052930ef2eeee6eadd2896c073497ef
10.32.12.195 - - [29/Apr/2024:06:53:56 +0000] "POST /object/alarm/status HTTP/1.1" 200 102 "-" "Apache-HttpClient/4.5.9 (Java/1.8.0_282)" 452 0.006 [edge365-wise-mplus-userfunctions-80] [] 10.32.12.75:8080 102 0.008 200 5483ddc3ced8c7b6d36f95414c0159ad
10.32.12.68 - - [29/Apr/2024:06:53:56 +0000] "POST /object/alarm/status HTTP/1.1" 200 102 "-" "Apache-HttpClient/4.5.9 (Java/1.8.0_282)" 452 0.007 [edge365-wise-mplus-userfunctions-80] [] 10.32.12.75:8080 102 0.008 200 46aefe4bd5ab44db727de6ee60c28f70
10.32.12.68 - - [29/Apr/2024:06:53:56 +0000] "POST /object/alarm/status HTTP/1.1" 200 102 "-" "Apache-HttpClient/4.5.9 (Java/1.8.0_282)" 453 0.015 [edge365-wise-mplus-userfunctions-80] [] 10.32.12.75:8080 102 0.016 200 4a465791a7c236a1cce193f4719c3443
10.32.12.68 - - [29/Apr/2024:06:53:56 +0000] "POST /object/alarm/status HTTP/1.1" 200 102 "-" "Apache-HttpClient/4.5.9 (Java/1.8.0_282)" 453 0.008 [edge365-wise-mplus-userfunctions-80] [] 10.32.12.75:8080 102 0.008 200 78323a3e0ceefa602b1eee286d0269a9
10.32.12.68 - - [29/Apr/2024:06:53:56 +0000] "POST /object/alarm/status HTTP/1.1" 200 102 "-" "Apache-HttpClient/4.5.9 (Java/1.8.0_282)" 453 0.005 [edge365-wise-mplus-userfunctions-80] [] 10.32.12.75:8080 102 0.004 200 b5acc85c8301b8af879854894620178e
10.32.12.68 - - [29/Apr/2024:06:53:56 +0000] "POST /object/alarm/status HTTP/1.1" 200 102 "-" "Apache-HttpClient/4.5.9 (Java/1.8.0_282)" 453 0.005 [edge365-wise-mplus-userfunctions-80] [] 10.32.12.75:8080 102 0.004 200 ec0b30c780d4c0c872a37ecdef37fcd0
10.32.12.195 - - [29/Apr/2024:06:53:56 +0000] "POST /object/alarm/status HTTP/1.1" 200 102 "-" "Apache-HttpClient/4.5.9 (Java/1.8.0_282)" 453 0.009 [edge365-wise-mplus-userfunctions-80] [] 10.32.12.75:8080 102 0.008 200 2da9807c2641b0bead97a10efba37f25
10.32.12.195 - - [29/Apr/2024:06:53:56 +0000] "POST /object/alarm/status HTTP/1.1" 200 102 "-" "Apache-HttpClient/4.5.9 (Java/1.8.0_282)" 453 0.005 [edge365-wise-mplus-userfunctions-80] [] 10.32.12.75:8080 102 0.008 200 32adefe6701cb80069fcd8f8f19e3d67
10.32.12.68 - - [29/Apr/2024:06:53:56 +0000] "POST /group/param/sum HTTP/1.1" 200 104 "-" "Apache-HttpClient/4.5.9 (Java/1.8.0_282)" 455 0.059 [edge365-wise-mplus-userfunctions-80] [] 10.32.12.75:8080 104 0.056 200 8113d86ad44256582ab2ea8e0342ddb9
10.32.12.195 - - [29/Apr/2024:06:53:56 +0000] "POST /group/param/sum HTTP/1.1" 200 115 "-" "Apache-HttpClient/4.5.9 (Java/1.8.0_282)" 457 0.024 [edge365-wise-mplus-userfunctions-80] [] 10.32.12.75:8080 115 0.024 200 bc794471cac3a43586be5bce27e197bd
10.32.12.131 - - [29/Apr/2024:06:54:10 +0000] "POST /v1.0/cert/device/status/bf8dcf19-7297-47d7-8ddf-fcbb58dc4163 HTTP/1.1" 200 94 "-" "go-resty/2.7.0 (https://github.com/go-resty/resty)" 601 0.007 [edge365-api-cert-revoke-80] [] 10.32.12.95:3000 94 0.008 200 af52ce550fd54db5a80dce44e3434e94
10.32.12.5 - - [29/Apr/2024:06:54:11 +0000] "POST /v1.0/cert/device/status/872eae8b-ee9e-4434-842c-928b0cbf55d6 HTTP/1.1" 200 94 "-" "go-resty/2.7.0 (https://github.com/go-resty/resty)" 601 0.006 [edge365-api-cert-revoke-80] [] 10.32.12.95:3000 94 0.008 200 1038c82a68408ea0bb5991a36e6ce448
10.32.12.131 - - [29/Apr/2024:06:54:12 +0000] "POST /group/alarm/status HTTP/1.1" 499 0 "-" "Apache-HttpClient/4.5.9 (Java/1.8.0_282)" 451 5.002 [edge365-wise-mplus-userfunctions-80] [] 10.32.12.75:8080 0 5.000 - 04be4b3f13e9cfc4ff9ad84255d1f5c4
10.32.12.5 - - [29/Apr/2024:06:54:13 +0000] "POST /group/param/sum HTTP/1.1" 200 107 "-" "Apache-HttpClient/4.5.9 (Java/1.8.0_282)" 455 0.016 [edge365-wise-mplus-userfunctions-80] [] 10.32.12.75:8080 107 0.016 200 3ea08df7d8a379c0e7c87d9a5ecc1acf
10.32.12.195 - - [29/Apr/2024:06:54:13 +0000] "POST /v1.0/cert/device/status/bf8dcf19-7297-47d7-8ddf-fcbb58dc4163 HTTP/1.1" 200 94 "-" "go-resty/2.7.0 (https://github.com/go-resty/resty)" 601 0.005 [edge365-api-cert-revoke-80] [] 10.32.12.95:3000 94 0.004 200 72a2425d90811db70df067908eaa9438
10.32.12.131 - - [29/Apr/2024:06:54:18 +0000] "POST /group/alarm/status HTTP/1.1" 499 0 "-" "Apache-HttpClient/4.5.9 (Java/1.8.0_282)" 451 5.005 [edge365-wise-mplus-userfunctions-80] [] 10.32.12.75:8080 0 5.005 - ba31eac2fdc6b3179eb869f18ce3a33f
10.32.12.131 - - [29/Apr/2024:06:54:23 +0000] "POST /v1.0/cert/device/status/57fcc025-dbf6-4cc3-ba57-482f4ab6d3db HTTP/1.1" 200 94 "-" "go-resty/2.7.0 (https://github.com/go-resty/resty)" 601 0.008 [edge365-api-cert-revoke-80] [] 10.32.12.95:3000 94 0.008 200 5d69f37e174eab268afd261ecaade78a
10.32.12.5 - - [29/Apr/2024:06:54:28 +0000] "POST /group/alarm/status HTTP/1.1" 499 0 "-" "Apache-HttpClient/4.5.9 (Java/1.8.0_282)" 451 4.999 [edge365-wise-mplus-userfunctions-80] [] 10.32.12.75:8080 0 5.000 - 923d2cb8b9ebc50557171ba5d388438f
10.32.12.68 - - [29/Apr/2024:06:54:31 +0000] "POST /v1.0/cert/device/status/57fcc025-dbf6-4cc3-ba57-482f4ab6d3db HTTP/1.1" 200 94 "-" "go-resty/2.7.0 (https://github.com/go-resty/resty)" 601 0.008 [edge365-api-cert-revoke-80] [] 10.32.12.95:3000 94 0.008 200 699bd93c3ab91db4219c5911030352f4
10.32.12.68 - - [29/Apr/2024:06:54:33 +0000] "POST /group/param/sum HTTP/1.1" 200 104 "-" "Apache-HttpClient/4.5.9 (Java/1.8.0_282)" 455 0.016 [edge365-wise-mplus-userfunctions-80] [] 10.32.12.75:8080 104 0.016 200 c4df8d154e6f420020b6b758aad17fd6
10.32.12.68 - - [29/Apr/2024:06:54:33 +0000] "POST /group/param/sum HTTP/1.1" 200 114 "-" "Apache-HttpClient/4.5.9 (Java/1.8.0_282)" 458 0.008 [edge365-wise-mplus-userfunctions-80] [] 10.32.12.75:8080 114 0.008 200 128beef654f0d397c0def96c60223d0f
10.32.12.68 - - [29/Apr/2024:06:54:34 +0000] "POST /object/alarm/status HTTP/1.1" 200 102 "-" "Apache-HttpClient/4.5.9 (Java/1.8.0_282)" 453 0.014 [edge365-wise-mplus-userfunctions-80] [] 10.32.12.75:8080 102 0.012 200 64f35f0805fffca20ad7640685e1b36b
10.32.12.195 - - [29/Apr/2024:06:54:35 +0000] "POST /group/alarm/status HTTP/1.1" 200 101 "-" "Apache-HttpClient/4.5.9 (Java/1.8.0_282)" 451 0.006 [edge365-wise-mplus-userfunctions-80] [] 10.32.12.75:8080 101 0.008 200 97bf49ecc6a09861b45592879d372ed9
10.32.12.68 - - [29/Apr/2024:06:54:35 +0000] "POST /group/param/sum HTTP/1.1" 200 106 "-" "Apache-HttpClient/4.5.9 (Java/1.8.0_282)" 459 0.008 [edge365-wise-mplus-userfunctions-80] [] 10.32.12.75:8080 106 0.008 200 56e3a70a2087466ef50222624760b646
10.32.12.68 - - [29/Apr/2024:06:54:35 +0000] "POST /group/param/sum HTTP/1.1" 200 98 "-" "Apache-HttpClient/4.5.9 (Java/1.8.0_282)" 459 0.003 [edge365-wise-mplus-userfunctions-80] [] 10.32.12.75:8080 98 0.004 200 103bd7e7e76c3085c5db4284f53a182a
10.32.12.5 - - [29/Apr/2024:06:54:35 +0000] "POST /group/alarm/status HTTP/1.1" 200 101 "-" "Apache-HttpClient/4.5.9 (Java/1.8.0_282)" 451 0.006 [edge365-wise-mplus-userfunctions-80] [] 10.32.12.75:8080 101 0.008 200 490e64f90f1309b7829990b410ac220f
10.32.12.5 - - [29/Apr/2024:06:54:35 +0000] "POST /group/param/sum HTTP/1.1" 200 115 "-" "Apache-HttpClient/4.5.9 (Java/1.8.0_282)" 455 0.008 [edge365-wise-mplus-userfunctions-80] [] 10.32.12.75:8080 115 0.008 200 7033a66e42310511936ac984df711db1
10.32.12.131 - - [29/Apr/2024:06:54:35 +0000] "POST /group/param/sum HTTP/1.1" 200 115 "-" "Apache-HttpClient/4.5.9 (Java/1.8.0_282)" 457 0.006 [edge365-wise-mplus-userfunctions-80] [] 10.32.12.75:8080 115 0.008 200 18c8caee0cb413d369e6a8404d26b3e6
10.32.12.195 - - [29/Apr/2024:06:54:35 +0000] "POST /v1.0/cert/device/status/3623afdf-88db-42cc-a56a-8ab928fb7f7e HTTP/1.1" 200 94 "-" "go-resty/2.7.0 (https://github.com/go-resty/resty)" 601 0.004 [edge365-api-cert-revoke-80] [] 10.32.12.95:3000 94 0.004 200 09162745ea1af176943ceb7a35b06f0c
10.32.12.195 - - [29/Apr/2024:06:54:40 +0000] "POST /v1.0/cert/device/status/f4d15f76-b79b-4cc9-aa5b-74291ab489be HTTP/1.1" 200 94 "-" "go-resty/2.7.0 (https://github.com/go-resty/resty)" 529 0.006 [edge365-api-cert-revoke-80] [] 10.32.12.95:3000 94 0.004 200 919654296c3c8b49823de9d2bdd8185b
10.32.12.195 - - [29/Apr/2024:06:54:41 +0000] "POST /object/alarm/status HTTP/1.1" 499 0 "-" "Apache-HttpClient/4.5.9 (Java/1.8.0_282)" 453 4.998 [edge365-wise-mplus-userfunctions-80] [] 10.32.12.75:8080 0 5.000 - 83b016829b791170acb0a7f98714c882
10.32.12.68 - - [29/Apr/2024:06:54:45 +0000] "POST /portal-proxy/edge/status HTTP/1.1" 200 211 "https://portal-dpm-edge365-solarscada.sembcorp.net/" "Mozilla/5.0 (Windows NT 10.0; Win64; x64) AppleWebKit/537.36 (KHTML, like Gecko) Chrome/123.0.0.0 Safari/537.36" 1750 0.072 [edge365-portal-dpm-80] [] 10.32.12.121:8080 211 0.072 200 330470d64ca725f4ce97c8adfcb82be1
10.32.12.195 - - [29/Apr/2024:06:54:45 +0000] "GET /dm-proxy/v1.1/org/41/device/list HTTP/1.1" 200 5689 "https://portal-dpm-edge365-solarscada.sembcorp.net/" "Mozilla/5.0 (Windows NT 10.0; Win64; x64) AppleWebKit/537.36 (KHTML, like Gecko) Chrome/123.0.0.0 Safari/537.36" 1665 0.141 [edge365-portal-dpm-80] [] 10.32.12.121:8080 5683 0.140 200 07f27c980a2f9efccecd40d8b0b4965f
10.32.12.68 - - [29/Apr/2024:06:54:46 +0000] "POST /group/alarm/status HTTP/1.1" 499 0 "-" "Apache-HttpClient/4.5.9 (Java/1.8.0_282)" 451 4.996 [edge365-wise-mplus-userfunctions-80] [] 10.32.12.75:8080 0 4.996 - d3490a8215551be4c3229e5360de0c79
10.32.12.195 - - [29/Apr/2024:06:54:51 +0000] "POST /group/alarm/status HTTP/1.1" 499 0 "-" "Apache-HttpClient/4.5.9 (Java/1.8.0_282)" 451 4.998 [edge365-wise-mplus-userfunctions-80] [] 10.32.12.75:8080 0 5.000 - 70a79e11a7551423755b5da6e5af641b
10.32.12.68 - - [29/Apr/2024:06:54:52 +0000] "POST /group/param/sum HTTP/1.1" 200 100 "-" "Apache-HttpClient/4.5.9 (Java/1.8.0_282)" 455 0.009 [edge365-wise-mplus-userfunctions-80] [] 10.32.12.75:8080 100 0.012 200 71ab221ff5485408181af866c4665506
10.32.12.195 - - [29/Apr/2024:06:54:57 +0000] "POST /group/alarm/status HTTP/1.1" 499 0 "-" "Apache-HttpClient/4.5.9 (Java/1.8.0_282)" 451 4.997 [edge365-wise-mplus-userfunctions-80] [] 10.32.12.75:8080 0 4.996 - 6ebb6d973df956f97a0e7b4dd67dac0e
10.32.12.68 - - [29/Apr/2024:06:55:02 +0000] "POST /group/alarm/status HTTP/1.1" 499 0 "-" "Apache-HttpClient/4.5.9 (Java/1.8.0_282)" 451 4.999 [edge365-wise-mplus-userfunctions-80] [] 10.32.12.75:8080 0 4.996 - c113aebd7aae4fd64e4416b8b390fb99
10.32.12.195 - - [29/Apr/2024:06:55:02 +0000] "POST /group/param/sum HTTP/1.1" 200 115 "-" "Apache-HttpClient/4.5.9 (Java/1.8.0_282)" 459 0.009 [edge365-wise-mplus-userfunctions-80] [] 10.32.12.75:8080 115 0.008 200 89a2956f5ccd3e10f018f2f0c8d6cbf5
10.32.12.195 - - [29/Apr/2024:06:55:02 +0000] "POST /group/param/sum HTTP/1.1" 200 98 "-" "Apache-HttpClient/4.5.9 (Java/1.8.0_282)" 459 0.004 [edge365-wise-mplus-userfunctions-80] [] 10.32.12.75:8080 98 0.004 200 9255592384f94fc3e8204a20879d17f5
10.32.12.68 - - [29/Apr/2024:06:55:02 +0000] "POST /group/param/sum HTTP/1.1" 200 98 "-" "Apache-HttpClient/4.5.9 (Java/1.8.0_282)" 459 0.003 [edge365-wise-mplus-userfunctions-80] [] 10.32.12.75:8080 98 0.000 200 d0814fae2e2ad17fa2b25728e0982303
10.32.12.68 - - [29/Apr/2024:06:55:02 +0000] "POST /v1.0/cert/device/status/cd096b75-b04e-4ccf-8162-1f251855693c HTTP/1.1" 200 94 "-" "go-resty/2.7.0 (https://github.com/go-resty/resty)" 601 0.008 [edge365-api-cert-revoke-80] [] 10.32.12.95:3000 94 0.008 200 d9ac91faa8309401d45a93dd92652e99
10.32.12.195 - - [29/Apr/2024:06:55:07 +0000] "POST /group/alarm/status HTTP/1.1" 499 0 "-" "Apache-HttpClient/4.5.9 (Java/1.8.0_282)" 451 4.999 [edge365-wise-mplus-userfunctions-80] [] 10.32.12.75:8080 0 5.000 - d09594fc4701aa21b8f9f404d9eaf061
10.32.12.5 - - [29/Apr/2024:06:55:09 +0000] "POST /v1.0/cert/device/status/f969ba00-f059-4836-8795-05d9b56e8f87 HTTP/1.1" 200 94 "-" "go-resty/2.7.0 (https://github.com/go-resty/resty)" 601 0.011 [edge365-api-cert-revoke-80] [] 10.32.12.95:3000 94 0.012 200 a5960199ed82971d39befb186da241d2
10.32.12.131 - - [29/Apr/2024:06:55:10 +0000] "POST /v1.0/cert/device/status/872eae8b-ee9e-4434-842c-928b0cbf55d6 HTTP/1.1" 200 94 "-" "go-resty/2.7.0 (https://github.com/go-resty/resty)" 601 0.007 [edge365-api-cert-revoke-80] [] 10.32.12.95:3000 94 0.008 200 70eff6f667bff8d5454e7d298d843c2e
10.32.12.131 - - [29/Apr/2024:06:55:12 +0000] "POST /group/param/sum HTTP/1.1" 200 106 "-" "Apache-HttpClient/4.5.9 (Java/1.8.0_282)" 457 0.019 [edge365-wise-mplus-userfunctions-80] [] 10.32.12.75:8080 106 0.020 200 994ed6fb47d908b92633dcfcc005806d
10.32.12.131 - - [29/Apr/2024:06:55:12 +0000] "POST /group/param/sum HTTP/1.1" 200 114 "-" "Apache-HttpClient/4.5.9 (Java/1.8.0_282)" 458 0.021 [edge365-wise-mplus-userfunctions-80] [] 10.32.12.75:8080 114 0.020 200 1560033ed40cc9897cff55193e1d6645
10.32.12.5 - - [29/Apr/2024:06:55:13 +0000] "POST /v1.0/cert/device/status/872eae8b-ee9e-4434-842c-928b0cbf55d6 HTTP/1.1" 200 94 "-" "go-resty/2.7.0 (https://github.com/go-resty/resty)" 601 0.005 [edge365-api-cert-revoke-80] [] 10.32.12.95:3000 94 0.004 200 9871a3dd3840a59db8b85cbe94143bce
10.32.12.5 - - [29/Apr/2024:06:55:15 +0000] "POST /v1.0/cert/device/status/bf8dcf19-7297-47d7-8ddf-fcbb58dc4163 HTTP/1.1" 200 94 "-" "go-resty/2.7.0 (https://github.com/go-resty/resty)" 601 0.005 [edge365-api-cert-revoke-80] [] 10.32.12.95:3000 94 0.004 200 640fbb5a738755aaad00ccc02a64222d
10.32.12.5 - - [29/Apr/2024:06:55:19 +0000] "POST /portal-proxy/edge/status HTTP/1.1" 200 211 "https://portal-dpm-edge365-solarscada.sembcorp.net/" "Mozilla/5.0 (Windows NT 10.0; Win64; x64) AppleWebKit/537.36 (KHTML, like Gecko) Chrome/123.0.0.0 Safari/537.36" 1750 0.095 [edge365-portal-dpm-80] [] 10.32.12.121:8080 211 0.100 200 69887af179403198f570f532707600bd
10.32.12.131 - - [29/Apr/2024:06:55:20 +0000] "POST /v4.0/tokenvalidation HTTP/1.1" 200 658 "-" "fasthttp" 706 0.007 [ensaas-service-sso-http] [] 10.32.12.107:8080 658 0.008 200 4c85dc583130186a0b1b3d7cee9604fc
10.32.12.131 - - [29/Apr/2024:06:55:20 +0000] "GET /v4.0/users/me HTTP/1.1" 200 897 "-" "fasthttp" 689 0.020 [ensaas-service-sso-http] [] 10.32.12.107:8080 897 0.020 200 a5cbd7ea9e42e24f49665032bdc4a0e8
10.32.12.131 - - [29/Apr/2024:06:55:20 +0000] "POST /v4.0/tokenvalidation HTTP/1.1" 200 658 "-" "axios/0.21.4" 772 0.009 [ensaas-service-sso-http] [] 10.32.12.107:8080 658 0.008 200 46cbe270ff12676f74fbcf132b36820b
10.32.12.131 - - [29/Apr/2024:06:55:20 +0000] "POST /v4.0/tokenvalidation HTTP/1.1" 200 658 "-" "axios/0.21.4" 772 0.007 [ensaas-service-sso-http] [] 10.32.12.107:8080 658 0.004 200 c2ed461d219492a240c36e7c4b9debba
10.32.12.131 - - [29/Apr/2024:06:55:23 +0000] "POST /v1.0/cert/device/status/04852cee-5961-4b71-ac2d-5c9076e790ad HTTP/1.1" 200 94 "-" "go-resty/2.7.0 (https://github.com/go-resty/resty)" 601 0.008 [edge365-api-cert-revoke-80] [] 10.32.12.95:3000 94 0.008 200 396c6e052fd97e7d3c4ac06c3f20bcce
10.32.12.5 - - [29/Apr/2024:06:55:26 +0000] "POST /v1.0/cert/device/status/04852cee-5961-4b71-ac2d-5c9076e790ad HTTP/1.1" 200 94 "-" "go-resty/2.7.0 (https://github.com/go-resty/resty)" 601 0.005 [edge365-api-cert-revoke-80] [] 10.32.12.95:3000 94 0.004 200 68725daf4053d689800ea54eb3aded1d
10.32.12.195 - - [29/Apr/2024:06:55:33 +0000] "POST /portal-proxy/edge/status HTTP/1.1" 200 211 "https://portal-dpm-edge365-solarscada.sembcorp.net/" "Mozilla/5.0 (Windows NT 10.0; Win64; x64) AppleWebKit/537.36 (KHTML, like Gecko) Chrome/123.0.0.0 Safari/537.36" 1750 3.033 [edge365-portal-dpm-80] [] 10.32.12.121:8080 211 3.032 200 7ac4615b0422e0d40e98ee64d8e82c65
10.32.12.68 - - [29/Apr/2024:06:55:33 +0000] "POST /v1.0/cert/device/status/57fcc025-dbf6-4cc3-ba57-482f4ab6d3db HTTP/1.1" 200 94 "-" "go-resty/2.7.0 (https://github.com/go-resty/resty)" 601 0.009 [edge365-api-cert-revoke-80] [] 10.32.12.95:3000 94 0.008 200 1ed601161ad37dde75926c98457253bc
10.32.12.5 - - [29/Apr/2024:06:55:37 +0000] "POST /v1.0/cert/device/status/3623afdf-88db-42cc-a56a-8ab928fb7f7e HTTP/1.1" 200 94 "-" "go-resty/2.7.0 (https://github.com/go-resty/resty)" 601 0.005 [edge365-api-cert-revoke-80] [] 10.32.12.95:3000 94 0.004 200 3a185a819958a060d4941bfcee88a93a
10.32.12.195 - - [29/Apr/2024:06:55:37 +0000] "POST /v1.0/cert/device/status/69a7f7f4-f74d-4df8-863f-346e73073c85 HTTP/1.1" 200 94 "-" "go-resty/2.7.0 (https://github.com/go-resty/resty)" 601 0.004 [edge365-api-cert-revoke-80] [] 10.32.12.95:3000 94 0.004 200 470c978e94404cb634bdc58c807ace2e
10.32.12.131 - - [29/Apr/2024:06:55:39 +0000] "POST /v1.0/cert/device/status/f4d15f76-b79b-4cc9-aa5b-74291ab489be HTTP/1.1" 200 94 "-" "go-resty/2.7.0 (https://github.com/go-resty/resty)" 529 0.004 [edge365-api-cert-revoke-80] [] 10.32.12.95:3000 94 0.004 200 2d278ead636e60f524eb69ea21ac1705
10.32.12.195 - - [29/Apr/2024:06:55:40 +0000] "POST /v1.0/cert/device/status/3623afdf-88db-42cc-a56a-8ab928fb7f7e HTTP/1.1" 200 94 "-" "go-resty/2.7.0 (https://github.com/go-resty/resty)" 601 0.004 [edge365-api-cert-revoke-80] [] 10.32.12.95:3000 94 0.008 200 4426dcb9fb4249105376f0802aac691b
10.32.12.131 - - [29/Apr/2024:06:55:40 +0000] "POST /dm-proxy/v1.1/device/metadata HTTP/1.1" 200 56 "https://portal-dpm-edge365-solarscada.sembcorp.net/" "Mozilla/5.0 (Windows NT 10.0; Win64; x64) AppleWebKit/537.36 (KHTML, like Gecko) Chrome/123.0.0.0 Safari/537.36" 1737 0.069 [edge365-portal-dpm-80] [] 10.32.12.121:8080 56 0.068 200 6a61868e24efeba7e39c074075303de9
10.32.12.5 - - [29/Apr/2024:06:55:42 +0000] "POST /v1.0/cert/device/status/f4d15f76-b79b-4cc9-aa5b-74291ab489be HTTP/1.1" 200 94 "-" "go-resty/2.7.0 (https://github.com/go-resty/resty)" 529 0.006 [edge365-api-cert-revoke-80] [] 10.32.12.95:3000 94 0.004 200 0c42006134da0f4d65512ba1b549b8bb
10.32.12.195 - - [29/Apr/2024:06:55:54 +0000] "POST /group/param/sum HTTP/1.1" 499 0 "-" "Apache-HttpClient/4.5.9 (Java/1.8.0_282)" 459 5.001 [edge365-wise-mplus-userfunctions-80] [] 10.32.12.75:8080 0 5.000 - 118b4aac8df233d1f4faef6bd8c91a01
10.32.12.131 - - [29/Apr/2024:06:55:55 +0000] "POST /graphql HTTP/1.1" 200 89 "https://pivot-api-hub-edge365-solarscada.sembcorp.net/?t=VGVuYW50.ZOVuh7EAYdskIXOO" "Mozilla/5.0 (Windows NT 10.0; Win64; x64) AppleWebKit/537.36 (KHTML, like Gecko) Chrome/123.0.0.0 Safari/537.36" 2106 0.080 [edge365-pivot-api-hub-80] [] 10.32.12.92:80 89 0.080 200 92ea0c40c9811c397b199a0815514d21
10.32.12.5 - - [29/Apr/2024:06:55:59 +0000] "GET /api/v1/namespaces/edge365/pods/api-dbmaster-wise-mplus-57b7dcb99d-csxkp/log?container=api-dbmaster-wise-mplus&previous=true HTTP/1.1" 200 39751 "-" "kubectl/v1.27.2 (linux/amd64) kubernetes/7f6f68f" 615 0.054 [ensaas-service-clusteragent-proxy-9000] [] 10.32.12.147:8000 39684 0.052 200 0ec75a363294deabc1196270d4b8491e
10.32.12.131 - - [29/Apr/2024:06:55:59 +0000] "POST /group/param/sum HTTP/1.1" 499 0 "-" "Apache-HttpClient/4.5.9 (Java/1.8.0_282)" 459 5.043 [edge365-wise-mplus-userfunctions-80] [] 10.32.12.75:8080 0 5.044 - 8dfcd161541fc2485b10ac0ff3e93aa3
10.32.12.131 - - [29/Apr/2024:06:56:00 +0000] "GET /dm-proxy/v1.1/org/41/device/list HTTP/1.1" 200 5690 "https://portal-dpm-edge365-solarscada.sembcorp.net/" "Mozilla/5.0 (Windows NT 10.0; Win64; x64) AppleWebKit/537.36 (KHTML, like Gecko) Chrome/123.0.0.0 Safari/537.36" 1665 0.360 [edge365-portal-dpm-80] [] 10.32.12.121:8080 5664 0.360 200 53ca1e3fa458c92e77d23a776ca0eedd
10.32.12.5 - - [29/Apr/2024:06:56:10 +0000] "POST /v4.0/tokenvalidation HTTP/1.1" 200 658 "-" "axios/0.18.0" 791 0.004 [ensaas-service-sso-http] [] 10.32.12.107:8080 658 0.004 200 91c110546809ebd945cdf76c9bb288f8
10.32.12.131 - - [29/Apr/2024:06:56:10 +0000] "POST /portal-proxy/edge/status HTTP/1.1" 200 211 "https://portal-dpm-edge365-solarscada.sembcorp.net/" "Mozilla/5.0 (Windows NT 10.0; Win64; x64) AppleWebKit/537.36 (KHTML, like Gecko) Chrome/123.0.0.0 Safari/537.36" 1750 0.227 [edge365-portal-dpm-80] [] 10.32.12.121:8080 211 0.228 200 541d60b115ff39716f25068a3805521f
10.32.12.131 - - [29/Apr/2024:06:56:14 +0000] "POST /group/alarm/status HTTP/1.1" 499 0 "-" "Apache-HttpClient/4.5.9 (Java/1.8.0_282)" 451 4.999 [edge365-wise-mplus-userfunctions-80] [] 10.32.12.75:8080 0 5.000 - f0d066a27e85029f1bda6c4660023aea
10.32.12.5 - - [29/Apr/2024:06:56:20 +0000] "POST /v4.0/tokenvalidation HTTP/1.1" 200 658 "-" "axios/0.18.0" 791 0.004 [ensaas-service-sso-http] [] 10.32.12.107:8080 658 0.004 200 07bb3b4d58252ff87adc2a6819de1627
2024/04/29 06:56:20 [error] 147#147: *177446116 upstream timed out (110: Operation timed out) while reading response header from upstream, client: 10.32.12.5, server: dashboard.edge365.solarscada.en.internal, request: "POST /api/datasources/proxy/45/query?lang=en-US HTTP/1.1", upstream: "http://10.32.12.166:8080/api/datasources/proxy/45/query?lang=en-US", host: "dashboard.edge365.solarscada.en.internal"
10.32.12.5 - - [29/Apr/2024:06:56:20 +0000] "POST /api/datasources/proxy/45/query?lang=en-US HTTP/1.1" 504 562 "-" "Mozilla/5.0 (Windows NT 10.0; Win64; x64) AppleWebKit/537.36 (KHTML, like Gecko) Chrome/123.0.0.0 Safari/537.36" 9530 59.999 [edge365-dashboard-pro-edge365-http] [] 10.32.12.166:8080 0 60.001 504 fac13ef15d66fddbeca1bcfe12758cf3
2024/04/29 06:56:20 [error] 147#147: *177446120 upstream timed out (110: Operation timed out) while reading response header from upstream, client: 10.32.12.5, server: dashboard.edge365.solarscada.en.internal, request: "POST /api/datasources/proxy/45/query?lang=en-US HTTP/1.1", upstream: "http://10.32.12.166:8080/api/datasources/proxy/45/query?lang=en-US", host: "dashboard.edge365.solarscada.en.internal"
10.32.12.5 - - [29/Apr/2024:06:56:20 +0000] "POST /api/datasources/proxy/45/query?lang=en-US HTTP/1.1" 504 562 "-" "Mozilla/5.0 (Windows NT 10.0; Win64; x64) AppleWebKit/537.36 (KHTML, like Gecko) Chrome/123.0.0.0 Safari/537.36" 15863 60.003 [edge365-dashboard-pro-edge365-http] [] 10.32.12.166:8080 0 60.001 504 c111a43baac5d2764ff23d901655f326
10.32.12.5 - - [29/Apr/2024:06:56:22 +0000] "GET /v4.0/health HTTP/1.1" 200 62 "-" "axios/0.18.0" 160 0.005 [ensaas-service-sso-http] [] 10.32.12.107:8080 62 0.004 200 8342db170fd694ab6d97c374a34d078a
10.32.12.68 - - [29/Apr/2024:06:56:24 +0000] "GET /api/v1/namespaces/edge365/pods/api-portal-wise-mplus-6f6476d69c-gz5fm HTTP/1.1" 200 10445 "-" "kubectl/v1.27.2 (linux/amd64) kubernetes/7f6f68f" 561 0.057 [ensaas-service-clusteragent-proxy-9000] [] 10.32.12.147:8000 10431 0.056 200 9fdd293ee21fbe72bc85b1a627c88cc6
10.32.12.68 - - [29/Apr/2024:06:56:25 +0000] "POST /object/alarm/status HTTP/1.1" 499 0 "-" "Apache-HttpClient/4.5.9 (Java/1.8.0_282)" 452 4.998 [edge365-wise-mplus-userfunctions-80] [] 10.32.12.75:8080 0 4.996 - 08cc4e5a657463deae397bbb5d8b352d
10.32.12.195 - - [29/Apr/2024:06:56:25 +0000] "GET /api/v1/namespaces/edge365/pods/api-portal-wise-mplus-6f6476d69c-gz5fm/log?container=api-portal-wise-mplus HTTP/1.1" 200 924474 "-" "kubectl/v1.27.2 (linux/amd64) kubernetes/7f6f68f" 597 0.339 [ensaas-service-clusteragent-proxy-9000] [] 10.32.12.147:8000 922939 0.336 200 ee34d57b39c0083d0a06855af156b7fc
10.32.12.68 - - [29/Apr/2024:06:56:35 +0000] "POST /object/alarm/status HTTP/1.1" 499 0 "-" "Apache-HttpClient/4.5.9 (Java/1.8.0_282)" 452 4.999 [edge365-wise-mplus-userfunctions-80] [] 10.32.12.75:8080 0 5.000 - f21a7dcb302aef3df1b6834c7f2d5c87
10.32.12.68 - - [29/Apr/2024:06:56:36 +0000] "POST /v1.0/cert/device/status/57fcc025-dbf6-4cc3-ba57-482f4ab6d3db HTTP/1.1" 200 94 "-" "go-resty/2.7.0 (https://github.com/go-resty/resty)" 601 0.016 [edge365-api-cert-revoke-80] [] 10.32.12.95:3000 94 0.016 200 421cf7312e544d6450a3b2881e99e802
10.32.12.5 - - [29/Apr/2024:06:56:39 +0000] "POST /v1.0/cert/device/status/3623afdf-88db-42cc-a56a-8ab928fb7f7e HTTP/1.1" 200 94 "-" "go-resty/2.7.0 (https://github.com/go-resty/resty)" 601 0.005 [edge365-api-cert-revoke-80] [] 10.32.12.95:3000 94 0.004 200 3af10dd48c2ba90b717b29cb768c031d
10.32.12.195 - - [29/Apr/2024:06:56:40 +0000] "POST /object/alarm/status HTTP/1.1" 499 0 "-" "Apache-HttpClient/4.5.9 (Java/1.8.0_282)" 452 4.996 [edge365-wise-mplus-userfunctions-80] [] 10.32.12.75:8080 0 4.996 - ac88769cccc283d8e4805a926aeac9c4
10.32.12.5 - - [29/Apr/2024:06:56:43 +0000] "POST /v1.0/cert/device/status/f4d15f76-b79b-4cc9-aa5b-74291ab489be HTTP/1.1" 200 94 "-" "go-resty/2.7.0 (https://github.com/go-resty/resty)" 529 0.005 [edge365-api-cert-revoke-80] [] 10.32.12.95:3000 94 0.004 200 40905b31c065223769422b2fc1aae7e8
10.32.12.5 - - [29/Apr/2024:06:56:43 +0000] "POST /v1.0/cert/device/status/69a7f7f4-f74d-4df8-863f-346e73073c85 HTTP/1.1" 200 94 "-" "go-resty/2.7.0 (https://github.com/go-resty/resty)" 601 0.005 [edge365-api-cert-revoke-80] [] 10.32.12.95:3000 94 0.004 200 cdf2dbb7be4c70341007708bdb87e819
10.32.12.131 - - [29/Apr/2024:06:56:44 +0000] "POST /v1.0/cert/device/status/f4d15f76-b79b-4cc9-aa5b-74291ab489be HTTP/1.1" 200 94 "-" "go-resty/2.7.0 (https://github.com/go-resty/resty)" 529 0.005 [edge365-api-cert-revoke-80] [] 10.32.12.95:3000 94 0.004 200 de7ebbf771b87c73468bcbb9ccfa9a84
10.32.12.5 - - [29/Apr/2024:06:56:47 +0000] "POST /portal-proxy/edge/status HTTP/1.1" 200 211 "https://portal-dpm-edge365-solarscada.sembcorp.net/" "Mozilla/5.0 (Windows NT 10.0; Win64; x64) AppleWebKit/537.36 (KHTML, like Gecko) Chrome/123.0.0.0 Safari/537.36" 1750 2.628 [edge365-portal-dpm-80] [] 10.32.12.121:8080 211 2.628 200 fe0053ac29453dfe550414bc16e3d03f
10.32.12.68 - - [29/Apr/2024:06:56:49 +0000] "POST /v1.0/cert/device/status/33bd5e9e-e880-42b7-96c7-7bee1ec3840c HTTP/1.1" 200 94 "-" "go-resty/2.7.0 (https://github.com/go-resty/resty)" 601 0.006 [edge365-api-cert-revoke-80] [] 10.32.12.95:3000 94 0.004 200 5e633f45c95e53b0cc288698f8dc0963
10.32.12.5 - - [29/Apr/2024:06:56:50 +0000] "POST /object/alarm/status HTTP/1.1" 499 0 "-" "Apache-HttpClient/4.5.9 (Java/1.8.0_282)" 452 5.002 [edge365-wise-mplus-userfunctions-80] [] 10.32.12.75:8080 0 5.004 - 854ae5b88aae9e2fc1220d901c3d79f4
10.32.12.68 - - [29/Apr/2024:06:56:53 +0000] "POST /v1.0/cert/device/status/46427a01-7efe-4fc5-b1f9-dd01e6ed0433 HTTP/1.1" 200 94 "-" "go-resty/2.7.0 (https://github.com/go-resty/resty)" 601 0.006 [edge365-api-cert-revoke-80] [] 10.32.12.95:3000 94 0.004 200 a306ef7f00a85098b52b0256b08f5ff3
10.32.12.5 - - [29/Apr/2024:06:57:00 +0000] "POST /object/alarm/status HTTP/1.1" 499 0 "-" "Apache-HttpClient/4.5.9 (Java/1.8.0_282)" 453 4.995 [edge365-wise-mplus-userfunctions-80] [] 10.32.12.75:8080 0 4.992 - 8f4986ce55e9ff98e2710ad0c44a2a3c
10.32.12.131 - - [29/Apr/2024:06:57:08 +0000] "POST /v1.0/cert/device/status/cd096b75-b04e-4ccf-8162-1f251855693c HTTP/1.1" 200 94 "-" "go-resty/2.7.0 (https://github.com/go-resty/resty)" 601 0.007 [edge365-api-cert-revoke-80] [] 10.32.12.95:3000 94 0.008 200 d9232e8853c5d188cdf2b149760b9a2e
10.32.12.131 - - [29/Apr/2024:06:57:10 +0000] "POST /object/alarm/status HTTP/1.1" 499 0 "-" "Apache-HttpClient/4.5.9 (Java/1.8.0_282)" 453 4.997 [edge365-wise-mplus-userfunctions-80] [] 10.32.12.75:8080 0 4.996 - 4b06e6ac5629c8476d03e53bb9b1dbfa
10.32.12.5 - - [29/Apr/2024:06:57:22 +0000] "GET /v1/health/liveness HTTP/1.1" 404 19 "-" "axios/0.18.0" 166 0.005 [ensaas-service-kubeensaas-80] [] 10.32.12.118:8080 19 0.004 404 45d9a6a8951d2ff04fe5b249fdfa6cb0
10.32.12.5 - - [29/Apr/2024:06:57:22 +0000] "GET / HTTP/1.1" 200 519 "-" "axios/0.18.0" 148 0.003 [ensaas-service-kubeensaas-80] [] 10.32.12.118:8080 519 0.004 200 aca2c737d8e18877235e37d78800f365
10.32.12.131 - - [29/Apr/2024:06:57:30 +0000] "POST /group/param/sum HTTP/1.1" 499 0 "-" "Apache-HttpClient/4.5.9 (Java/1.8.0_282)" 455 4.998 [edge365-wise-mplus-userfunctions-80] [] 10.32.12.75:8080 0 4.997 - bc932adfc3d9055776d109d491307be7
10.32.12.5 - - [29/Apr/2024:06:57:33 +0000] "GET /api/v1/namespaces/edge365/pods/redis-7c1c6a75-2888-4d70-9b9e-82c261ab9063-master-0 HTTP/1.1" 200 7572 "-" "kubectl/v1.27.2 (linux/amd64) kubernetes/7f6f68f" 574 0.048 [ensaas-service-clusteragent-proxy-9000] [] 10.32.12.147:8000 7566 0.048 200 2e04d18303c9c30de0e7231640c5045f
10.32.12.5 - - [29/Apr/2024:06:57:40 +0000] "POST /group/param/sum HTTP/1.1" 499 0 "-" "Apache-HttpClient/4.5.9 (Java/1.8.0_282)" 457 4.999 [edge365-wise-mplus-userfunctions-80] [] 10.32.12.75:8080 0 5.000 - 6fbde35672717d009e42b7b0675001bd
10.32.12.131 - - [29/Apr/2024:06:57:41 +0000] "POST /group/param/sum HTTP/1.1" 200 104 "-" "Apache-HttpClient/4.5.9 (Java/1.8.0_282)" 454 0.011 [edge365-wise-mplus-userfunctions-80] [] 10.32.12.75:8080 104 0.012 200 17288e45cc35db145598e4dd45f42ab2
10.32.12.5 - - [29/Apr/2024:06:57:43 +0000] "POST /group/param/sum HTTP/1.1" 200 107 "-" "Apache-HttpClient/4.5.9 (Java/1.8.0_282)" 455 0.008 [edge365-wise-mplus-userfunctions-80] [] 10.32.12.75:8080 107 0.008 200 f229e8c9c3a1d1d3e281cb45e249bca4
10.32.12.131 - - [29/Apr/2024:06:57:43 +0000] "POST /group/alarm/status HTTP/1.1" 200 101 "-" "Apache-HttpClient/4.5.9 (Java/1.8.0_282)" 451 0.006 [edge365-wise-mplus-userfunctions-80] [] 10.32.12.75:8080 101 0.008 200 be40d6de48b1be03162c94c0068e6e8a
10.32.12.5 - - [29/Apr/2024:06:57:43 +0000] "POST /group/param/sum HTTP/1.1" 200 98 "-" "Apache-HttpClient/4.5.9 (Java/1.8.0_282)" 459 0.003 [edge365-wise-mplus-userfunctions-80] [] 10.32.12.75:8080 98 0.000 200 bd01d1f5825175c6971396d1d8664bce
10.32.12.131 - - [29/Apr/2024:06:57:43 +0000] "POST /group/param/sum HTTP/1.1" 200 98 "-" "Apache-HttpClient/4.5.9 (Java/1.8.0_282)" 459 0.003 [edge365-wise-mplus-userfunctions-80] [] 10.32.12.75:8080 98 0.004 200 e6e5f76ee90c80a6b22a958eb692b57d
10.32.12.131 - - [29/Apr/2024:06:57:43 +0000] "POST /group/alarm/status HTTP/1.1" 200 101 "-" "Apache-HttpClient/4.5.9 (Java/1.8.0_282)" 451 0.005 [edge365-wise-mplus-userfunctions-80] [] 10.32.12.75:8080 101 0.004 200 13ec8d020834799e51dd85d3ce05adc9
10.32.12.131 - - [29/Apr/2024:06:57:43 +0000] "POST /group/alarm/status HTTP/1.1" 200 101 "-" "Apache-HttpClient/4.5.9 (Java/1.8.0_282)" 451 0.006 [edge365-wise-mplus-userfunctions-80] [] 10.32.12.75:8080 101 0.004 200 1e855f830c3dc174f8de73643758fc94
10.32.12.131 - - [29/Apr/2024:06:57:43 +0000] "POST /object/alarm/status HTTP/1.1" 200 102 "-" "Apache-HttpClient/4.5.9 (Java/1.8.0_282)" 453 0.006 [edge365-wise-mplus-userfunctions-80] [] 10.32.12.75:8080 102 0.008 200 f4aa490e212960b796c231885648be47
10.32.12.5 - - [29/Apr/2024:06:57:43 +0000] "POST /object/alarm/status HTTP/1.1" 200 102 "-" "Apache-HttpClient/4.5.9 (Java/1.8.0_282)" 453 0.018 [edge365-wise-mplus-userfunctions-80] [] 10.32.12.75:8080 102 0.020 200 83426d89f7cde990d7b725bae1aee23b
10.32.12.131 - - [29/Apr/2024:06:57:43 +0000] "POST /object/alarm/status HTTP/1.1" 200 102 "-" "Apache-HttpClient/4.5.9 (Java/1.8.0_282)" 453 0.006 [edge365-wise-mplus-userfunctions-80] [] 10.32.12.75:8080 102 0.008 200 448782ee6c082e3b38e453aa637b6f06
10.32.12.5 - - [29/Apr/2024:06:57:43 +0000] "POST /group/param/sum HTTP/1.1" 200 103 "-" "Apache-HttpClient/4.5.9 (Java/1.8.0_282)" 455 0.006 [edge365-wise-mplus-userfunctions-80] [] 10.32.12.75:8080 103 0.004 200 652fdcd1c9864c16571bec65a85d3474
10.32.12.195 - - [29/Apr/2024:06:57:43 +0000] "POST /group/param/sum HTTP/1.1" 200 106 "-" "Apache-HttpClient/4.5.9 (Java/1.8.0_282)" 456 0.005 [edge365-wise-mplus-userfunctions-80] [] 10.32.12.75:8080 106 0.004 200 4559e9da0e47d2394dce38eaaf642641
10.32.12.195 - - [29/Apr/2024:06:57:43 +0000] "POST /group/param/sum HTTP/1.1" 200 98 "-" "Apache-HttpClient/4.5.9 (Java/1.8.0_282)" 457 0.003 [edge365-wise-mplus-userfunctions-80] [] 10.32.12.75:8080 98 0.000 200 f4fc4cf7c1f892f6beac42c2c82f5edc
10.32.12.68 - - [29/Apr/2024:06:57:43 +0000] "POST /group/param/sum HTTP/1.1" 200 115 "-" "Apache-HttpClient/4.5.9 (Java/1.8.0_282)" 458 0.005 [edge365-wise-mplus-userfunctions-80] [] 10.32.12.75:8080 115 0.004 200 ab0eac6c3e1fc83afb91693bb7009a1f
10.32.12.68 - - [29/Apr/2024:06:57:44 +0000] "POST /group/param/sum HTTP/1.1" 200 115 "-" "Apache-HttpClient/4.5.9 (Java/1.8.0_282)" 459 0.006 [edge365-wise-mplus-userfunctions-80] [] 10.32.12.75:8080 115 0.008 200 433a937777ea277c39c7de1c06152831
10.32.12.195 - - [29/Apr/2024:06:57:44 +0000] "POST /group/alarm/status HTTP/1.1" 200 101 "-" "Apache-HttpClient/4.5.9 (Java/1.8.0_282)" 451 0.007 [edge365-wise-mplus-userfunctions-80] [] 10.32.12.75:8080 101 0.008 200 572062b5f49c2ff28fdddd72b58c49cf
10.32.12.131 - - [29/Apr/2024:06:57:44 +0000] "POST /group/alarm/status HTTP/1.1" 200 101 "-" "Apache-HttpClient/4.5.9 (Java/1.8.0_282)" 451 0.005 [edge365-wise-mplus-userfunctions-80] [] 10.32.12.75:8080 101 0.004 200 3261db444b24eb7a88b2afc66fd1fa98
10.32.12.131 - - [29/Apr/2024:06:57:44 +0000] "POST /group/param/sum HTTP/1.1" 200 115 "-" "Apache-HttpClient/4.5.9 (Java/1.8.0_282)" 455 0.031 [edge365-wise-mplus-userfunctions-80] [] 10.32.12.75:8080 115 0.032 200 669e8ff3199cf20fca0fb066be166497
10.32.12.5 - - [29/Apr/2024:06:57:44 +0000] "POST /group/param/sum HTTP/1.1" 200 115 "-" "Apache-HttpClient/4.5.9 (Java/1.8.0_282)" 457 0.022 [edge365-wise-mplus-userfunctions-80] [] 10.32.12.75:8080 115 0.024 200 db6c0c8bbd456dd356ef66c7af93c7e1
10.32.12.5 - - [29/Apr/2024:06:57:44 +0000] "POST /v1.0/cert/device/status/3623afdf-88db-42cc-a56a-8ab928fb7f7e HTTP/1.1" 200 94 "-" "go-resty/2.7.0 (https://github.com/go-resty/resty)" 601 0.006 [edge365-api-cert-revoke-80] [] 10.32.12.95:3000 94 0.004 200 e3ccf5971aab1f8da96f3422702e45e7
10.32.12.195 - - [29/Apr/2024:06:57:45 +0000] "GET /dm-proxy/v1.1/org/41/device/list HTTP/1.1" 200 5703 "https://portal-dpm-edge365-solarscada.sembcorp.net/" "Mozilla/5.0 (Windows NT 10.0; Win64; x64) AppleWebKit/537.36 (KHTML, like Gecko) Chrome/123.0.0.0 Safari/537.36" 1665 0.111 [edge365-portal-dpm-80] [] 10.32.12.121:8080 5683 0.112 200 ae517db4289404b50c797cb4f7fee131
