10.32.12.5 - - [29/Apr/2024:06:42:00 +0000] "POST /v1.0/cert/device/status/04852cee-5961-4b71-ac2d-5c9076e790ad HTTP/1.1" 200 94 "-" "go-resty/2.7.0 (https://github.com/go-resty/resty)" 601 0.003 [edge365-api-cert-revoke-80] [] 10.32.12.95:3000 94 0.004 200 d649355da6ac76e247914ce12d521ab0
10.32.12.68 - - [29/Apr/2024:06:42:07 +0000] "POST /v1.0/cert/device/status/57fcc025-dbf6-4cc3-ba57-482f4ab6d3db HTTP/1.1" 200 94 "-" "go-resty/2.7.0 (https://github.com/go-resty/resty)" 601 0.003 [edge365-api-cert-revoke-80] [] 10.32.12.95:3000 94 0.008 200 e3d688179057c6d779047d117ada3f9a
10.32.12.195 - - [29/Apr/2024:06:42:08 +0000] "POST /v1.0/cert/device/status/3623afdf-88db-42cc-a56a-8ab928fb7f7e HTTP/1.1" 200 94 "-" "go-resty/2.7.0 (https://github.com/go-resty/resty)" 601 0.003 [edge365-api-cert-revoke-80] [] 10.32.12.95:3000 94 0.000 200 5bbb56c768497199b50310e941ddf984
10.32.12.195 - - [29/Apr/2024:06:42:08 +0000] "POST /v1.0/cert/device/status/69a7f7f4-f74d-4df8-863f-346e73073c85 HTTP/1.1" 200 94 "-" "go-resty/2.7.0 (https://github.com/go-resty/resty)" 601 0.003 [edge365-api-cert-revoke-80] [] 10.32.12.95:3000 94 0.004 200 9ccac5e69122d9b334654eaa503b1bdb
10.32.12.68 - - [29/Apr/2024:06:42:12 +0000] "POST /v1.0/cert/device/status/69a7f7f4-f74d-4df8-863f-346e73073c85 HTTP/1.1" 200 94 "-" "go-resty/2.7.0 (https://github.com/go-resty/resty)" 601 0.003 [edge365-api-cert-revoke-80] [] 10.32.12.95:3000 94 0.004 200 ba3795edc931b5f10b80b2651e4a52b1
10.32.12.5 - - [29/Apr/2024:06:42:14 +0000] "POST /v1.0/cert/device/status/f4d15f76-b79b-4cc9-aa5b-74291ab489be HTTP/1.1" 200 94 "-" "go-resty/2.7.0 (https://github.com/go-resty/resty)" 529 0.003 [edge365-api-cert-revoke-80] [] 10.32.12.95:3000 94 0.004 200 039415a10b2f3be3283921c1cd623ad6
10.32.12.131 - - [29/Apr/2024:06:42:18 +0000] "POST /v1.0/cert/device/status/33bd5e9e-e880-42b7-96c7-7bee1ec3840c HTTP/1.1" 200 94 "-" "go-resty/2.7.0 (https://github.com/go-resty/resty)" 601 0.003 [edge365-api-cert-revoke-80] [] 10.32.12.95:3000 94 0.004 200 a4784d10911c88f3b41409b35f50e9a9
10.32.12.5 - - [29/Apr/2024:06:42:22 +0000] "GET /v4.0/health HTTP/1.1" 200 62 "-" "axios/0.18.0" 160 0.006 [ensaas-service-sso-http] [] 10.32.12.107:8080 62 0.008 200 fbdc4a3484baf91528702e5ca1fa505c
10.32.12.5 - - [29/Apr/2024:06:42:22 +0000] "GET /v1/health/liveness HTTP/1.1" 404 19 "-" "axios/0.18.0" 166 0.000 [ensaas-service-kubeensaas-80] [] 10.32.12.118:8080 19 0.000 404 658c76ca97332e7bfc13546c2f6739ef
10.32.12.5 - - [29/Apr/2024:06:42:22 +0000] "GET / HTTP/1.1" 200 519 "-" "axios/0.18.0" 148 0.000 [ensaas-service-kubeensaas-80] [] 10.32.12.118:8080 519 0.000 200 68363c06c860b4b481fe1a872e3dcf34
10.32.12.68 - - [29/Apr/2024:06:42:27 +0000] "POST /group/param/sum HTTP/1.1" 200 114 "-" "Apache-HttpClient/4.5.9 (Java/1.8.0_282)" 453 0.610 [edge365-wise-mplus-userfunctions-80] [] 10.32.12.75:8080 114 0.608 200 5ac65a1d42861dc7d7a11f8f9fd903bb
10.32.12.5 - - [29/Apr/2024:06:42:37 +0000] "POST /v1.0/cert/device/status/cd096b75-b04e-4ccf-8162-1f251855693c HTTP/1.1" 200 94 "-" "go-resty/2.7.0 (https://github.com/go-resty/resty)" 601 0.003 [edge365-api-cert-revoke-80] [] 10.32.12.95:3000 94 0.004 200 b5b2e84147919cfeadf848f448765ad0
10.32.12.5 - - [29/Apr/2024:06:42:39 +0000] "POST /v1.0/cert/device/status/cd096b75-b04e-4ccf-8162-1f251855693c HTTP/1.1" 200 94 "-" "go-resty/2.7.0 (https://github.com/go-resty/resty)" 601 0.003 [edge365-api-cert-revoke-80] [] 10.32.12.95:3000 94 0.004 200 ff050b1fcaa431e6902ea22be83e24a6
10.32.12.131 - - [29/Apr/2024:06:42:44 +0000] "POST /v4.0/tokenvalidation HTTP/1.1" 200 658 "-" "fasthttp" 706 0.002 [ensaas-service-sso-http] [] 10.32.12.107:8080 658 0.000 200 85391a6632481c92003c4a66f1a35eea
10.32.12.131 - - [29/Apr/2024:06:42:44 +0000] "GET /v4.0/users/me HTTP/1.1" 200 897 "-" "fasthttp" 689 0.022 [ensaas-service-sso-http] [] 10.32.12.107:8080 897 0.020 200 e6da933ba00246e66db98fe58473aaa8
10.32.12.68 - - [29/Apr/2024:06:42:44 +0000] "GET /api/annotations?dashboardId=189&from=1714320000000&to=1714406399999 HTTP/1.1" 200 27 "-" "Mozilla/5.0 (Windows NT 10.0; Win64; x64) AppleWebKit/537.36 (KHTML, like Gecko) Chrome/123.0.0.0 Safari/537.36" 2412 0.055 [edge365-dashboard-pro-edge365-http] [] 10.32.12.166:8080 27 0.057 200 f624f34831ab3acce790d03f1e86aca5
10.32.12.131 - - [29/Apr/2024:06:42:44 +0000] "POST /v4.0/tokenvalidation HTTP/1.1" 200 658 "-" "fasthttp" 706 0.002 [ensaas-service-sso-http] [] 10.32.12.107:8080 658 0.000 200 f1296f7a0230078bfebbda44e3211641
10.32.12.131 - - [29/Apr/2024:06:42:44 +0000] "GET /v4.0/users/me HTTP/1.1" 200 897 "-" "fasthttp" 689 0.017 [ensaas-service-sso-http] [] 10.32.12.107:8080 897 0.016 200 cf6bcf12e13ae12d52be3227e447fc00
10.32.12.131 - - [29/Apr/2024:06:42:44 +0000] "POST /v4.0/tokenvalidation HTTP/1.1" 200 658 "-" "fasthttp" 706 0.001 [ensaas-service-sso-http] [] 10.32.12.107:8080 658 0.000 200 3ab890a97dfda0dc55e62826ec31c265
10.32.12.68 - - [29/Apr/2024:06:42:44 +0000] "GET /api/annotations?dashboardId=189&from=1714320000000&to=1714406399999 HTTP/1.1" 200 27 "-" "Mozilla/5.0 (Windows NT 10.0; Win64; x64) AppleWebKit/537.36 (KHTML, like Gecko) Chrome/123.0.0.0 Safari/537.36" 2412 0.031 [edge365-dashboard-pro-edge365-http] [] 10.32.12.166:8080 27 0.032 200 22610e61c5770cb26c6ac7b503009c51
10.32.12.131 - - [29/Apr/2024:06:42:44 +0000] "GET /v4.0/users/me HTTP/1.1" 200 897 "-" "fasthttp" 689 0.019 [ensaas-service-sso-http] [] 10.32.12.107:8080 897 0.020 200 64814108c730900297ef51ba46f1475f
10.32.12.131 - - [29/Apr/2024:06:42:44 +0000] "POST /v4.0/tokenvalidation HTTP/1.1" 200 658 "-" "fasthttp" 706 0.005 [ensaas-service-sso-http] [] 10.32.12.107:8080 658 0.008 200 85a711a58d35c0467e02048f61bc53dc
10.32.12.131 - - [29/Apr/2024:06:42:44 +0000] "POST /v4.0/tokenvalidation HTTP/1.1" 200 658 "-" "fasthttp" 706 0.002 [ensaas-service-sso-http] [] 10.32.12.107:8080 658 0.000 200 2392f61a9c9642a44ad573aa9ff043a2
10.32.12.131 - - [29/Apr/2024:06:42:44 +0000] "POST /v4.0/tokenvalidation HTTP/1.1" 200 658 "-" "fasthttp" 706 0.005 [ensaas-service-sso-http] [] 10.32.12.107:8080 658 0.004 200 c9d37a0da474677cd86e2e32bb0cf300
10.32.12.131 - - [29/Apr/2024:06:42:44 +0000] "POST /v4.0/tokenvalidation HTTP/1.1" 200 658 "-" "fasthttp" 706 0.003 [ensaas-service-sso-http] [] 10.32.12.107:8080 658 0.004 200 51ed2ccef77b4684f02f019215fc00be
10.32.12.131 - - [29/Apr/2024:06:42:44 +0000] "GET /v4.0/users/me HTTP/1.1" 200 897 "-" "fasthttp" 689 0.037 [ensaas-service-sso-http] [] 10.32.12.107:8080 897 0.036 200 dd9e10a83bc52dedb0110556872223e8
10.32.12.131 - - [29/Apr/2024:06:42:44 +0000] "GET /v4.0/users/me HTTP/1.1" 200 897 "-" "fasthttp" 689 0.040 [ensaas-service-sso-http] [] 10.32.12.107:8080 897 0.040 200 402d6609112aad637aaa8c4a7fef8627
10.32.12.131 - - [29/Apr/2024:06:42:44 +0000] "GET /v4.0/users/me HTTP/1.1" 200 897 "-" "fasthttp" 689 0.039 [ensaas-service-sso-http] [] 10.32.12.107:8080 897 0.040 200 25a3f069428c15610a90f41cbf594194
10.32.12.131 - - [29/Apr/2024:06:42:44 +0000] "POST /v4.0/tokenvalidation HTTP/1.1" 200 658 "-" "axios/0.21.4" 772 0.005 [ensaas-service-sso-http] [] 10.32.12.107:8080 658 0.004 200 453391f329b90844fde445c6e0b66ab6
10.32.12.68 - - [29/Apr/2024:06:42:44 +0000] "POST /api/datasources/proxy/45/query?lang=en-US HTTP/1.1" 200 3012 "-" "Mozilla/5.0 (Windows NT 10.0; Win64; x64) AppleWebKit/537.36 (KHTML, like Gecko) Chrome/123.0.0.0 Safari/537.36" 3768 0.083 [edge365-dashboard-pro-edge365-http] [] 10.32.12.166:8080 3012 0.084 200 c6a5826a05f100bb957b0031f2c5022a
10.32.12.131 - - [29/Apr/2024:06:42:44 +0000] "GET /v4.0/users/me HTTP/1.1" 200 897 "-" "fasthttp" 689 0.120 [ensaas-service-sso-http] [] 10.32.12.107:8080 897 0.120 200 5db111d92da4de384bc91508b1b2e64a
10.32.12.131 - - [29/Apr/2024:06:42:44 +0000] "POST /v4.0/tokenvalidation HTTP/1.1" 200 658 "-" "axios/0.21.4" 772 0.186 [ensaas-service-sso-http] [] 10.32.12.107:8080 658 0.040 200 765347ed0a071d05a81b85266e538ea5
10.32.12.131 - - [29/Apr/2024:06:42:44 +0000] "POST /v4.0/tokenvalidation HTTP/1.1" 200 658 "-" "axios/0.21.4" 772 0.189 [ensaas-service-sso-http] [] 10.32.12.107:8080 658 0.044 200 a32dea13f03643ef2fd90d42e6c1cb38
10.32.12.131 - - [29/Apr/2024:06:42:44 +0000] "POST /v4.0/tokenvalidation HTTP/1.1" 200 658 "-" "axios/0.21.4" 772 0.190 [ensaas-service-sso-http] [] 10.32.12.107:8080 658 0.044 200 dd7547ecc6ec68d708fa86df6fc902fa
10.32.12.195 - - [29/Apr/2024:06:42:44 +0000] "POST /api/datasources/proxy/45/query?lang=en-US HTTP/1.1" 200 47 "-" "Mozilla/5.0 (Windows NT 10.0; Win64; x64) AppleWebKit/537.36 (KHTML, like Gecko) Chrome/123.0.0.0 Safari/537.36" 3687 0.493 [edge365-dashboard-pro-edge365-http] [] 10.32.12.166:8080 47 0.492 200 ba2d1535849425310287e8980a4b39d4
10.32.12.131 - - [29/Apr/2024:06:42:44 +0000] "POST /v4.0/tokenvalidation HTTP/1.1" 200 658 "-" "axios/0.21.4" 772 0.091 [ensaas-service-sso-http] [] 10.32.12.107:8080 658 0.004 200 45f0d6602c1c97ea90e4612b8bc4e925
10.32.12.131 - - [29/Apr/2024:06:42:44 +0000] "POST /v4.0/tokenvalidation HTTP/1.1" 200 658 "-" "axios/0.21.4" 772 0.208 [ensaas-service-sso-http] [] 10.32.12.107:8080 658 0.004 200 c107cc9ab892be3101ef53d7856bf2e0
10.32.12.131 - - [29/Apr/2024:06:42:44 +0000] "POST /v4.0/tokenvalidation HTTP/1.1" 200 658 "-" "axios/0.21.4" 772 0.208 [ensaas-service-sso-http] [] 10.32.12.107:8080 658 0.004 200 5a13f1a464513db7ad1ea781afb0eaae
10.32.12.131 - - [29/Apr/2024:06:42:44 +0000] "POST /v4.0/tokenvalidation HTTP/1.1" 200 658 "-" "axios/0.21.4" 772 0.207 [ensaas-service-sso-http] [] 10.32.12.107:8080 658 0.004 200 55fda48d6957bfa8c8d2d5f0960f1d9a
10.32.12.131 - - [29/Apr/2024:06:42:44 +0000] "POST /v4.0/tokenvalidation HTTP/1.1" 200 658 "-" "axios/0.21.4" 772 0.208 [ensaas-service-sso-http] [] 10.32.12.107:8080 658 0.004 200 f0cf2088cad43a3ed0679e0adbf70e61
10.32.12.68 - - [29/Apr/2024:06:42:45 +0000] "POST /api/datasources/proxy/45/query?lang=en-US HTTP/1.1" 200 3052 "-" "Mozilla/5.0 (Windows NT 10.0; Win64; x64) AppleWebKit/537.36 (KHTML, like Gecko) Chrome/123.0.0.0 Safari/537.36" 3825 0.793 [edge365-dashboard-pro-edge365-http] [] 10.32.12.166:8080 3052 0.792 200 44c27f10b2642f8ecb49a375c8d0dc74
10.32.12.195 - - [29/Apr/2024:06:42:45 +0000] "POST /api/datasources/proxy/45/query?lang=en-US HTTP/1.1" 200 3052 "-" "Mozilla/5.0 (Windows NT 10.0; Win64; x64) AppleWebKit/537.36 (KHTML, like Gecko) Chrome/123.0.0.0 Safari/537.36" 3825 0.797 [edge365-dashboard-pro-edge365-http] [] 10.32.12.166:8080 3052 0.796 200 d353f16ca5c1efd9fcc03bc9a3b6cf37
10.32.12.5 - - [29/Apr/2024:06:42:45 +0000] "POST /v4.0/tokenvalidation HTTP/1.1" 200 658 "-" "axios/0.18.0" 791 0.002 [ensaas-service-sso-http] [] 10.32.12.107:8080 658 0.000 200 ea2173f9c78a01b9c3f7606881c774dd
10.32.12.5 - - [29/Apr/2024:06:42:45 +0000] "POST /portal-proxy/auth/refreshtoken HTTP/1.1" 200 658 "https://portal-dpm-edge365-solarscada.sembcorp.net/" "Mozilla/5.0 (Windows NT 10.0; Win64; x64) AppleWebKit/537.36 (KHTML, like Gecko) Chrome/123.0.0.0 Safari/537.36" 2317 0.061 [edge365-portal-dpm-80] [] 10.32.12.121:8080 658 0.060 200 a46ab1eb5fc9b404fcc0d14d28da5fbe
10.32.12.5 - - [29/Apr/2024:06:42:45 +0000] "POST /v4.0/token HTTP/1.1" 200 658 "-" "axios/0.18.0" 274 0.009 [ensaas-service-sso-http] [] 10.32.12.107:8080 658 0.008 200 51139b79502e2c9997fe793c44416519
10.32.12.131 - - [29/Apr/2024:06:42:45 +0000] "POST /portal-proxy/auth/refreshtoken HTTP/1.1" 200 658 "https://portal-dpm-edge365-solarscada.sembcorp.net/" "Mozilla/5.0 (Windows NT 10.0; Win64; x64) AppleWebKit/537.36 (KHTML, like Gecko) Chrome/123.0.0.0 Safari/537.36" 2317 0.058 [edge365-portal-dpm-80] [] 10.32.12.121:8080 658 0.056 200 b083786d26ca799cf1c8b16dfd3c7c12
10.32.12.5 - - [29/Apr/2024:06:42:45 +0000] "POST /v4.0/tokenvalidation HTTP/1.1" 200 658 "-" "axios/0.18.0" 791 0.002 [ensaas-service-sso-http] [] 10.32.12.107:8080 658 0.004 200 9a358e337b6421334d9657383c909047
10.32.12.195 - - [29/Apr/2024:06:42:45 +0000] "POST /api/datasources/proxy/45/query?lang=en-US HTTP/1.1" 200 1347 "-" "Mozilla/5.0 (Windows NT 10.0; Win64; x64) AppleWebKit/537.36 (KHTML, like Gecko) Chrome/123.0.0.0 Safari/537.36" 7272 0.881 [edge365-dashboard-pro-edge365-http] [] 10.32.12.166:8080 1347 0.880 200 97806fb27693d285ad8718212d699ad2
10.32.12.131 - - [29/Apr/2024:06:42:45 +0000] "POST /portal-proxy/edge/status HTTP/1.1" 200 376 "https://portal-dpm-edge365-solarscada.sembcorp.net/" "Mozilla/5.0 (Windows NT 10.0; Win64; x64) AppleWebKit/537.36 (KHTML, like Gecko) Chrome/123.0.0.0 Safari/537.36" 2308 0.027 [edge365-portal-dpm-80] [] 10.32.12.121:8080 376 0.028 200 de3f06a73dc838903fa054809626df6f
10.32.12.68 - - [29/Apr/2024:06:42:45 +0000] "POST /api/datasources/proxy/45/query?lang=en-US HTTP/1.1" 200 21761 "-" "Mozilla/5.0 (Windows NT 10.0; Win64; x64) AppleWebKit/537.36 (KHTML, like Gecko) Chrome/123.0.0.0 Safari/537.36" 7317 0.988 [edge365-dashboard-pro-edge365-http] [] 10.32.12.166:8080 21761 0.988 200 7c24f3c394aa8956e8b4092ce9e1e323
10.32.12.68 - - [29/Apr/2024:06:42:45 +0000] "POST /api/datasources/proxy/45/query?lang=en-US HTTP/1.1" 200 1347 "-" "Mozilla/5.0 (Windows NT 10.0; Win64; x64) AppleWebKit/537.36 (KHTML, like Gecko) Chrome/123.0.0.0 Safari/537.36" 7272 0.987 [edge365-dashboard-pro-edge365-http] [] 10.32.12.166:8080 1347 0.984 200 f76d39b593bc09390c09a4df739ea9d0
10.32.12.5 - - [29/Apr/2024:06:42:47 +0000] "POST /v1.0/cert/device/status/bf8dcf19-7297-47d7-8ddf-fcbb58dc4163 HTTP/1.1" 200 94 "-" "go-resty/2.7.0 (https://github.com/go-resty/resty)" 601 0.004 [edge365-api-cert-revoke-80] [] 10.32.12.95:3000 94 0.004 200 7fe249c6d308fb98786dc5623eb9f095
10.32.12.5 - - [29/Apr/2024:06:42:48 +0000] "POST /v4.0/tokenvalidation HTTP/1.1" 200 658 "-" "axios/0.18.0" 791 0.002 [ensaas-service-sso-http] [] 10.32.12.107:8080 658 0.000 200 3faad1366104714694174ee851d7d729
10.32.12.5 - - [29/Apr/2024:06:42:49 +0000] "GET /dm-proxy/v1.1/device/group/path/2482 HTTP/1.1" 200 54 "https://portal-dpm-edge365-solarscada.sembcorp.net/" "Mozilla/5.0 (Windows NT 10.0; Win64; x64) AppleWebKit/537.36 (KHTML, like Gecko) Chrome/123.0.0.0 Safari/537.36" 2168 0.030 [edge365-portal-dpm-80] [] 10.32.12.121:8080 54 0.032 200 ed1fab45c20e76c3a44ce58e0eb65063
10.32.12.5 - - [29/Apr/2024:06:42:49 +0000] "POST /v4.0/tokenvalidation HTTP/1.1" 200 658 "-" "axios/0.18.0" 791 0.003 [ensaas-service-sso-http] [] 10.32.12.107:8080 658 0.000 200 1d3027e14e3353d2544252d63fb9d994
10.32.12.68 - - [29/Apr/2024:06:42:49 +0000] "GET /dm-proxy/v1.1/org/41/device/list HTTP/1.1" 200 5688 "https://portal-dpm-edge365-solarscada.sembcorp.net/" "Mozilla/5.0 (Windows NT 10.0; Win64; x64) AppleWebKit/537.36 (KHTML, like Gecko) Chrome/123.0.0.0 Safari/537.36" 2218 0.108 [edge365-portal-dpm-80] [] 10.32.12.121:8080 5682 0.108 200 1e3639546f3b7b0411f6e7c25db399a2
10.32.12.195 - - [29/Apr/2024:06:42:51 +0000] "POST /v1.0/cert/device/status/bf8dcf19-7297-47d7-8ddf-fcbb58dc4163 HTTP/1.1" 200 94 "-" "go-resty/2.7.0 (https://github.com/go-resty/resty)" 601 0.006 [edge365-api-cert-revoke-80] [] 10.32.12.95:3000 94 0.008 200 c4b3c8f6eba60b2868dec92a7259a1d0
10.32.12.5 - - [29/Apr/2024:06:42:51 +0000] "POST /v4.0/tokenvalidation HTTP/1.1" 200 658 "-" "axios/0.18.0" 791 0.008 [ensaas-service-sso-http] [] 10.32.12.107:8080 658 0.008 200 9cbe828f1cd7b3a8b803030b477cfff8
10.32.12.5 - - [29/Apr/2024:06:42:52 +0000] "GET /v4.0/health HTTP/1.1" 200 62 "-" "axios/0.18.0" 160 0.004 [ensaas-service-sso-http] [] 10.32.12.107:8080 62 0.004 200 58864712f88bc435dd51b389448c5376
10.32.12.5 - - [29/Apr/2024:06:42:53 +0000] "POST /v4.0/tokenvalidation HTTP/1.1" 200 658 "-" "axios/0.18.0" 791 0.003 [ensaas-service-sso-http] [] 10.32.12.107:8080 658 0.000 200 ec836ddfb4a40b7a6b9b9a1bfa1b6b96
10.32.12.68 - - [29/Apr/2024:06:42:53 +0000] "GET /dm-proxy/v1.1/edge/online/taginfo/2482?page=1&perpage=50&sortby=name&order=asc&search=002 HTTP/1.1" 200 1614 "https://portal-dpm-edge365-solarscada.sembcorp.net/" "Mozilla/5.0 (Windows NT 10.0; Win64; x64) AppleWebKit/537.36 (KHTML, like Gecko) Chrome/123.0.0.0 Safari/537.36" 2274 0.093 [edge365-portal-dpm-80] [] 10.32.12.121:8080 1614 0.092 200 06a28354df171afab46e15511208774d
10.32.12.195 - - [29/Apr/2024:06:42:54 +0000] "POST /group/alarm/status HTTP/1.1" 499 0 "-" "Apache-HttpClient/4.5.9 (Java/1.8.0_282)" 450 4.993 [edge365-wise-mplus-userfunctions-80] [] 10.32.12.75:8080 0 4.992 - 9fc0d2dc78c768b5f4c4986da6915db6
10.32.12.5 - - [29/Apr/2024:06:42:54 +0000] "POST /v4.0/tokenvalidation HTTP/1.1" 200 658 "-" "axios/0.18.0" 791 0.002 [ensaas-service-sso-http] [] 10.32.12.107:8080 658 0.000 200 6bcedf380e9297f28764aee896d3fe82
10.32.12.5 - - [29/Apr/2024:06:42:54 +0000] "GET /edge/online/taginfo/2482?page=1&perpage=10000&sortby=name&order=asc&search=001 HTTP/1.1" 200 55510 "-" "axios/0.21.4" 811 0.039 [edge365-api-portal-wise-mplus-80] [] 10.32.12.21:8080 55510 0.040 200 c8e0ba61b046fb2fed51f28624c57db1
10.32.12.5 - - [29/Apr/2024:06:42:59 +0000] "POST /group/alarm/status HTTP/1.1" 499 0 "-" "Apache-HttpClient/4.5.9 (Java/1.8.0_282)" 450 4.997 [edge365-wise-mplus-userfunctions-80] [] 10.32.12.75:8080 0 4.996 - acf20795b7b294fb9bd94461dc42a022
10.32.12.5 - - [29/Apr/2024:06:43:00 +0000] "POST /v4.0/tokenvalidation HTTP/1.1" 200 658 "-" "axios/0.18.0" 791 0.002 [ensaas-service-sso-http] [] 10.32.12.107:8080 658 0.000 200 64cf6ead90168b35ec34d0fb94f38114
10.32.12.5 - - [29/Apr/2024:06:43:01 +0000] "POST /v1.0/cert/device/status/57fcc025-dbf6-4cc3-ba57-482f4ab6d3db HTTP/1.1" 200 94 "-" "go-resty/2.7.0 (https://github.com/go-resty/resty)" 601 0.003 [edge365-api-cert-revoke-80] [] 10.32.12.95:3000 94 0.004 200 d77d6abb491d45f3bcfd0a3f32aeb38d
10.32.12.195 - - [29/Apr/2024:06:43:09 +0000] "POST /v1.0/cert/device/status/57fcc025-dbf6-4cc3-ba57-482f4ab6d3db HTTP/1.1" 200 94 "-" "go-resty/2.7.0 (https://github.com/go-resty/resty)" 601 0.003 [edge365-api-cert-revoke-80] [] 10.32.12.95:3000 94 0.000 200 80b0cb9a50027ea736070a47147d8511
10.32.12.5 - - [29/Apr/2024:06:43:10 +0000] "POST /v4.0/tokenvalidation HTTP/1.1" 200 658 "-" "axios/0.18.0" 791 0.003 [ensaas-service-sso-http] [] 10.32.12.107:8080 658 0.004 200 28b4eac6ba776949b4739f81e32a876a
10.32.12.195 - - [29/Apr/2024:06:43:10 +0000] "GET /dm-proxy/v1.1/org/41/device/list HTTP/1.1" 200 5679 "https://portal-dpm-edge365-solarscada.sembcorp.net/" "Mozilla/5.0 (Windows NT 10.0; Win64; x64) AppleWebKit/537.36 (KHTML, like Gecko) Chrome/123.0.0.0 Safari/537.36" 2218 0.090 [edge365-portal-dpm-80] [] 10.32.12.121:8080 5673 0.088 200 c9237c6ad75423619a3708f484498e12
10.32.12.195 - - [29/Apr/2024:06:43:10 +0000] "POST /v1.0/cert/device/status/69a7f7f4-f74d-4df8-863f-346e73073c85 HTTP/1.1" 200 94 "-" "go-resty/2.7.0 (https://github.com/go-resty/resty)" 601 0.003 [edge365-api-cert-revoke-80] [] 10.32.12.95:3000 94 0.000 200 e4a4e3949ce57eaf89b1f0beaf6f2232
10.32.12.195 - - [29/Apr/2024:06:43:14 +0000] "POST /v1.0/cert/device/status/f4d15f76-b79b-4cc9-aa5b-74291ab489be HTTP/1.1" 200 94 "-" "go-resty/2.7.0 (https://github.com/go-resty/resty)" 529 0.003 [edge365-api-cert-revoke-80] [] 10.32.12.95:3000 94 0.004 200 d26844dd8d7a07fb3b9d29655ce4a7d4
10.32.12.68 - - [29/Apr/2024:06:43:16 +0000] "POST /v1.0/cert/device/status/f4d15f76-b79b-4cc9-aa5b-74291ab489be HTTP/1.1" 200 94 "-" "go-resty/2.7.0 (https://github.com/go-resty/resty)" 529 0.003 [edge365-api-cert-revoke-80] [] 10.32.12.95:3000 94 0.000 200 0a692078a37f10ba4790f9d4b538b351
10.32.12.195 - - [29/Apr/2024:06:43:20 +0000] "POST /portal-proxy/edge/status HTTP/1.1" 200 211 "https://portal-dpm-edge365-solarscada.sembcorp.net/" "Mozilla/5.0 (Windows NT 10.0; Win64; x64) AppleWebKit/537.36 (KHTML, like Gecko) Chrome/123.0.0.0 Safari/537.36" 2303 0.082 [edge365-portal-dpm-80] [] 10.32.12.121:8080 211 0.080 200 8e3fc05c84eb456575f59267c6b6dc52
10.32.12.68 - - [29/Apr/2024:06:43:20 +0000] "GET /dm-proxy/v1.1/org/41/device/list HTTP/1.1" 200 5682 "https://portal-dpm-edge365-solarscada.sembcorp.net/" "Mozilla/5.0 (Windows NT 10.0; Win64; x64) AppleWebKit/537.36 (KHTML, like Gecko) Chrome/123.0.0.0 Safari/537.36" 2218 0.091 [edge365-portal-dpm-80] [] 10.32.12.121:8080 5676 0.088 200 85a0d5919bdb29376d8999f30f977ec8
10.32.12.131 - - [29/Apr/2024:06:43:24 +0000] "POST /v1.0/cert/device/status/46427a01-7efe-4fc5-b1f9-dd01e6ed0433 HTTP/1.1" 200 94 "-" "go-resty/2.7.0 (https://github.com/go-resty/resty)" 601 0.003 [edge365-api-cert-revoke-80] [] 10.32.12.95:3000 94 0.004 200 57b82b510aec8f0d218b58fc3b8c7e80
10.32.12.5 - - [29/Apr/2024:06:43:29 +0000] "GET /api/dashboard/licenseInfo HTTP/1.1" 200 238 "https://dashboard-edge365-solarscada.sembcorp.net/frame/sn5-test-for-uat-01?orgId=40&selected=C15CCDBD&refresh=5m" "Mozilla/5.0 (Windows NT 10.0; Win64; x64) AppleWebKit/537.36 (KHTML, like Gecko) Chrome/123.0.0.0 Safari/537.36" 2306 0.037 [edge365-dashboard-pro-edge365-http] [] 10.32.12.166:8080 238 0.036 200 f9954cb77aec13f60b2db5528aec3aaa
10.32.12.131 - - [29/Apr/2024:06:43:29 +0000] "POST /v4.0/tokenvalidation HTTP/1.1" 200 658 "-" "fasthttp" 706 0.002 [ensaas-service-sso-http] [] 10.32.12.107:8080 658 0.000 200 1825b35969debe2e689b0087d6bc3d77
10.32.12.131 - - [29/Apr/2024:06:43:29 +0000] "GET /v4.0/users/me HTTP/1.1" 200 897 "-" "fasthttp" 689 0.018 [ensaas-service-sso-http] [] 10.32.12.107:8080 897 0.016 200 246e9cccd79ffc5cad6f76080271923c
10.32.12.131 - - [29/Apr/2024:06:43:29 +0000] "GET /api/data-set/proxy/http%3A%2F%2Fapi.license.solarscada.en.internal/v1/api/region HTTP/1.1" 200 37 "https://dashboard-edge365-solarscada.sembcorp.net/frame/sn5-test-for-uat-01?orgId=40&selected=C15CCDBD&refresh=5m" "Mozilla/5.0 (Windows NT 10.0; Win64; x64) AppleWebKit/537.36 (KHTML, like Gecko) Chrome/123.0.0.0 Safari/537.36" 2361 0.060 [edge365-dashboard-pro-edge365-http] [] 10.32.12.166:8080 37 0.060 200 96b86278cc71ccae75462ccd0b1d123c
10.32.12.131 - - [29/Apr/2024:06:43:29 +0000] "GET /api/user/teams HTTP/1.1" 200 27 "https://dashboard-edge365-solarscada.sembcorp.net/frame/sn5-test-for-uat-01?orgId=40&selected=C15CCDBD&refresh=5m" "Mozilla/5.0 (Windows NT 10.0; Win64; x64) AppleWebKit/537.36 (KHTML, like Gecko) Chrome/123.0.0.0 Safari/537.36" 2483 0.037 [edge365-dashboard-pro-edge365-http] [] 10.32.12.166:8080 27 0.036 200 682156ef52d9013ddaeb13496ae11651
10.32.12.5 - - [29/Apr/2024:06:43:30 +0000] "GET /api/frame/?srpName=sn5-test-for-uat-01&orgId=40 HTTP/1.1" 200 5348 "https://dashboard-edge365-solarscada.sembcorp.net/frame/sn5-test-for-uat-01?orgId=40&selected=C15CCDBD&refresh=5m" "Mozilla/5.0 (Windows NT 10.0; Win64; x64) AppleWebKit/537.36 (KHTML, like Gecko) Chrome/123.0.0.0 Safari/537.36" 2516 0.049 [edge365-dashboard-pro-edge365-http] [] 10.32.12.166:8080 5355 0.048 200 099526c98a2385147d33fa45f1ef194f
10.32.12.131 - - [29/Apr/2024:06:43:30 +0000] "POST /portal-proxy/edge/status HTTP/1.1" 200 211 "https://portal-dpm-edge365-solarscada.sembcorp.net/" "Mozilla/5.0 (Windows NT 10.0; Win64; x64) AppleWebKit/537.36 (KHTML, like Gecko) Chrome/123.0.0.0 Safari/537.36" 2303 0.073 [edge365-portal-dpm-80] [] 10.32.12.121:8080 211 0.068 200 c89b0fa5b1da4fff0c58e80fb80b9083
10.32.12.131 - - [29/Apr/2024:06:43:30 +0000] "POST /v4.0/tokenvalidation HTTP/1.1" 200 658 "-" "fasthttp" 706 0.001 [ensaas-service-sso-http] [] 10.32.12.107:8080 658 0.004 200 3b8349fb627840cc1da08609832e3e41
10.32.12.5 - - [29/Apr/2024:06:43:30 +0000] "GET /api/org HTTP/1.1" 200 135 "https://dashboard-edge365-solarscada.sembcorp.net/frame/sn5-test-for-uat-01?orgId=40&selected=C15CCDBD&refresh=5m" "Mozilla/5.0 (Windows NT 10.0; Win64; x64) AppleWebKit/537.36 (KHTML, like Gecko) Chrome/123.0.0.0 Safari/537.36" 2476 0.030 [edge365-dashboard-pro-edge365-http] [] 10.32.12.166:8080 135 0.032 200 f38a97dfd99af00dde637c4132234109
10.32.12.131 - - [29/Apr/2024:06:43:30 +0000] "GET /v4.0/users/me HTTP/1.1" 200 897 "-" "fasthttp" 689 0.018 [ensaas-service-sso-http] [] 10.32.12.107:8080 897 0.016 200 a4fd198607657d5f364a7340daee05b5
10.32.12.131 - - [29/Apr/2024:06:43:30 +0000] "POST /api/datasources/proxy/45/searchTimeInterval?lang=en-US HTTP/1.1" 200 267 "https://dashboard-edge365-solarscada.sembcorp.net/frame/sn5-test-for-uat-01?orgId=40&selected=C15CCDBD&refresh=5m" "Mozilla/5.0 (Windows NT 10.0; Win64; x64) AppleWebKit/537.36 (KHTML, like Gecko) Chrome/123.0.0.0 Safari/537.36" 2555 0.042 [edge365-dashboard-pro-edge365-http] [] 10.32.12.166:8080 267 0.040 200 953fc9e0eecc47ab3cb373c92ac37d0a
10.32.12.131 - - [29/Apr/2024:06:43:30 +0000] "POST /v4.0/tokenvalidation HTTP/1.1" 200 658 "-" "fasthttp" 706 0.002 [ensaas-service-sso-http] [] 10.32.12.107:8080 658 0.000 200 09af9317194d08e7ea9e5ed18247eb34
10.32.12.131 - - [29/Apr/2024:06:43:30 +0000] "GET /v4.0/users/me HTTP/1.1" 200 897 "-" "fasthttp" 689 0.024 [ensaas-service-sso-http] [] 10.32.12.107:8080 897 0.024 200 2218fea32cb0bcd20ef414b40d951c46
10.32.12.131 - - [29/Apr/2024:06:43:30 +0000] "POST /v4.0/tokenvalidation HTTP/1.1" 200 658 "-" "fasthttp" 706 0.002 [ensaas-service-sso-http] [] 10.32.12.107:8080 658 0.000 200 253958db7e3beb2d9f81e06156a4a463
10.32.12.131 - - [29/Apr/2024:06:43:30 +0000] "GET /v4.0/users/me HTTP/1.1" 200 897 "-" "fasthttp" 689 0.020 [ensaas-service-sso-http] [] 10.32.12.107:8080 897 0.020 200 c8f252fc438c0c969b18eedcc990d952
10.32.12.5 - - [29/Apr/2024:06:43:30 +0000] "POST /api/datasources/proxy/45/searchGroup?lang=en-US HTTP/1.1" 200 68 "https://dashboard-edge365-solarscada.sembcorp.net/frame/sn5-test-for-uat-01?orgId=40&selected=C15CCDBD&refresh=5m" "Mozilla/5.0 (Windows NT 10.0; Win64; x64) AppleWebKit/537.36 (KHTML, like Gecko) Chrome/123.0.0.0 Safari/537.36" 2558 0.074 [edge365-dashboard-pro-edge365-http] [] 10.32.12.166:8080 68 0.076 200 d370c39d0cd6585e8ec607b6d391cf56
10.32.12.131 - - [29/Apr/2024:06:43:30 +0000] "POST /v4.0/tokenvalidation HTTP/1.1" 200 658 "-" "fasthttp" 706 0.002 [ensaas-service-sso-http] [] 10.32.12.107:8080 658 0.000 200 ba6a9d778d7c677da351005de59ff6e0
10.32.12.131 - - [29/Apr/2024:06:43:30 +0000] "GET /v4.0/users/me HTTP/1.1" 200 897 "-" "fasthttp" 689 0.025 [ensaas-service-sso-http] [] 10.32.12.107:8080 897 0.024 200 0c915947fb75b1b74636af31ff20830e
10.32.12.5 - - [29/Apr/2024:06:43:30 +0000] "POST /api/datasources/proxy/45/searchGroup?lang=en-US HTTP/1.1" 200 68 "https://dashboard-edge365-solarscada.sembcorp.net/frame/sn5-test-for-uat-01?orgId=40&selected=C15CCDBD&refresh=5m" "Mozilla/5.0 (Windows NT 10.0; Win64; x64) AppleWebKit/537.36 (KHTML, like Gecko) Chrome/123.0.0.0 Safari/537.36" 2587 0.039 [edge365-dashboard-pro-edge365-http] [] 10.32.12.166:8080 68 0.040 200 c3336374aa7e2368235f0a61eefea3ca
10.32.12.131 - - [29/Apr/2024:06:43:30 +0000] "POST /v4.0/tokenvalidation HTTP/1.1" 200 658 "-" "fasthttp" 706 0.002 [ensaas-service-sso-http] [] 10.32.12.107:8080 658 0.000 200 ff1a01aa816bd3538a44b9af0c8bdf27
10.32.12.131 - - [29/Apr/2024:06:43:30 +0000] "GET /v4.0/users/me HTTP/1.1" 200 897 "-" "fasthttp" 689 0.017 [ensaas-service-sso-http] [] 10.32.12.107:8080 897 0.020 200 344454a40642548c5abc9c58bc4aa114
10.32.12.131 - - [29/Apr/2024:06:43:30 +0000] "POST /api/datasources/proxy/45/searchGroup?lang=en-US HTTP/1.1" 200 68 "https://dashboard-edge365-solarscada.sembcorp.net/frame/sn5-test-for-uat-01?orgId=40&selected=C15CCDBD&refresh=5m" "Mozilla/5.0 (Windows NT 10.0; Win64; x64) AppleWebKit/537.36 (KHTML, like Gecko) Chrome/123.0.0.0 Safari/537.36" 2587 0.030 [edge365-dashboard-pro-edge365-http] [] 10.32.12.166:8080 68 0.028 200 e9a50bf97911d96820a227916c6ca674
10.32.12.131 - - [29/Apr/2024:06:43:30 +0000] "POST /v4.0/tokenvalidation HTTP/1.1" 200 658 "-" "fasthttp" 706 0.002 [ensaas-service-sso-http] [] 10.32.12.107:8080 658 0.004 200 9670d2825c2d7c522a721fc9f649ec37
10.32.12.131 - - [29/Apr/2024:06:43:30 +0000] "GET /v4.0/users/me HTTP/1.1" 200 897 "-" "fasthttp" 689 0.022 [ensaas-service-sso-http] [] 10.32.12.107:8080 897 0.024 200 29e290774b2116d2e2753ee5f5ea647e
10.32.12.131 - - [29/Apr/2024:06:43:30 +0000] "POST /v4.0/tokenvalidation HTTP/1.1" 200 658 "-" "fasthttp" 706 0.002 [ensaas-service-sso-http] [] 10.32.12.107:8080 658 0.004 200 6c61603f8186045e9c3b0e681c85fb43
10.32.12.131 - - [29/Apr/2024:06:43:30 +0000] "GET /v4.0/users/me HTTP/1.1" 200 897 "-" "fasthttp" 689 0.025 [ensaas-service-sso-http] [] 10.32.12.107:8080 897 0.024 200 a47d2c91f9db9b4ef62030cdf96240c4
10.32.12.131 - - [29/Apr/2024:06:43:30 +0000] "POST /v4.0/tokenvalidation HTTP/1.1" 200 658 "-" "fasthttp" 706 0.002 [ensaas-service-sso-http] [] 10.32.12.107:8080 658 0.000 200 1748eedccbe63a74c7f76f033239e715
10.32.12.131 - - [29/Apr/2024:06:43:30 +0000] "GET /v4.0/users/me HTTP/1.1" 200 897 "-" "fasthttp" 689 0.018 [ensaas-service-sso-http] [] 10.32.12.107:8080 897 0.020 200 5a81f402d3d5e9125ad60956282c5158
10.32.12.131 - - [29/Apr/2024:06:43:32 +0000] "POST /api/datasources/proxy/45/searchDevice?lang=en-US HTTP/1.1" 200 231373 "https://dashboard-edge365-solarscada.sembcorp.net/frame/sn5-test-for-uat-01?orgId=40&selected=C15CCDBD&refresh=5m" "Mozilla/5.0 (Windows NT 10.0; Win64; x64) AppleWebKit/537.36 (KHTML, like Gecko) Chrome/123.0.0.0 Safari/537.36" 2634 1.558 [edge365-dashboard-pro-edge365-http] [] 10.32.12.166:8080 231373 1.556 200 2c5ac889ae75084dac1057a0efb92688
10.32.12.131 - - [29/Apr/2024:06:43:32 +0000] "GET /public/plugins/natel-plotly-new-panel/partials/module.html?v=1714373006429 HTTP/1.1" 200 57 "https://dashboard-edge365-solarscada.sembcorp.net/frame/sn5-test-for-uat-01?orgId=40&selected=C15CCDBD&refresh=5m" "Mozilla/5.0 (Windows NT 10.0; Win64; x64) AppleWebKit/537.36 (KHTML, like Gecko) Chrome/123.0.0.0 Safari/537.36" 2351 0.003 [edge365-dashboard-pro-edge365-http] [] 10.32.12.166:8080 57 0.004 200 00d97e3f3f8b64fc6a7655a25aa4e910
10.32.12.131 - - [29/Apr/2024:06:43:32 +0000] "POST /v4.0/tokenvalidation HTTP/1.1" 200 658 "-" "fasthttp" 706 0.003 [ensaas-service-sso-http] [] 10.32.12.107:8080 658 0.004 200 df5f0b89a7f359019e0b06c18d3275ce
10.32.12.131 - - [29/Apr/2024:06:43:32 +0000] "GET /v4.0/users/me HTTP/1.1" 200 897 "-" "fasthttp" 689 0.016 [ensaas-service-sso-http] [] 10.32.12.107:8080 897 0.016 200 ed25b48909817ada2733bcdfd7b30488
10.32.12.131 - - [29/Apr/2024:06:43:32 +0000] "POST /v4.0/tokenvalidation HTTP/1.1" 200 658 "-" "fasthttp" 706 0.002 [ensaas-service-sso-http] [] 10.32.12.107:8080 658 0.004 200 ab1794f0a3acbf2a6e918e0052006237
10.32.12.131 - - [29/Apr/2024:06:43:32 +0000] "GET /v4.0/users/me HTTP/1.1" 200 897 "-" "fasthttp" 689 0.021 [ensaas-service-sso-http] [] 10.32.12.107:8080 897 0.020 200 9fae4ca8f8a48a401809ab395c918d4f
10.32.12.131 - - [29/Apr/2024:06:43:32 +0000] "POST /v4.0/tokenvalidation HTTP/1.1" 200 658 "-" "fasthttp" 706 0.002 [ensaas-service-sso-http] [] 10.32.12.107:8080 658 0.000 200 0ae0eb3a4c776195fb35a4524cac5434
10.32.12.131 - - [29/Apr/2024:06:43:32 +0000] "GET /v4.0/users/me HTTP/1.1" 200 897 "-" "fasthttp" 689 0.020 [ensaas-service-sso-http] [] 10.32.12.107:8080 897 0.020 200 b3df07b93a00c329c7f5dba09f03c647
10.32.12.131 - - [29/Apr/2024:06:43:32 +0000] "POST /v4.0/tokenvalidation HTTP/1.1" 200 658 "-" "fasthttp" 706 0.002 [ensaas-service-sso-http] [] 10.32.12.107:8080 658 0.004 200 addfda6bb47f18b8a15b0dbb52c68e87
10.32.12.68 - - [29/Apr/2024:06:43:32 +0000] "GET /public/plugins/advantech-ene-dashboard-switch-panel/css/dashboard-switch-panel.dark.css?_cache=1714373004276 HTTP/1.1" 200 2915 "https://dashboard-edge365-solarscada.sembcorp.net/frame/sn5-test-for-uat-01?orgId=40&selected=C15CCDBD&refresh=5m" "Mozilla/5.0 (Windows NT 10.0; Win64; x64) AppleWebKit/537.36 (KHTML, like Gecko) Chrome/123.0.0.0 Safari/537.36" 2373 0.006 [edge365-dashboard-pro-edge365-http] [] 10.32.12.166:8080 2922 0.008 200 dc6b0bec768fb87ab60452161402ee34
10.32.12.68 - - [29/Apr/2024:06:43:32 +0000] "GET /public/plugins/advantech-datatable-panel/css/dark.css?_cache=1714373004276 HTTP/1.1" 200 419 "https://dashboard-edge365-solarscada.sembcorp.net/frame/sn5-test-for-uat-01?orgId=40&selected=C15CCDBD&refresh=5m" "Mozilla/5.0 (Windows NT 10.0; Win64; x64) AppleWebKit/537.36 (KHTML, like Gecko) Chrome/123.0.0.0 Safari/537.36" 2339 0.006 [edge365-dashboard-pro-edge365-http] [] 10.32.12.166:8080 419 0.008 200 6c2040cc83d96ded70bf4c3135fefea2
10.32.12.131 - - [29/Apr/2024:06:43:32 +0000] "GET /v4.0/users/me HTTP/1.1" 200 897 "-" "fasthttp" 689 0.020 [ensaas-service-sso-http] [] 10.32.12.107:8080 897 0.020 200 8779fb148b2f999a50bc4a67fd52aa0c
10.32.12.131 - - [29/Apr/2024:06:43:32 +0000] "POST /v4.0/tokenvalidation HTTP/1.1" 200 658 "-" "fasthttp" 706 0.002 [ensaas-service-sso-http] [] 10.32.12.107:8080 658 0.004 200 17b15f7658fc6bfb9bdb5650aba30f6e
10.32.12.131 - - [29/Apr/2024:06:43:32 +0000] "POST /v4.0/tokenvalidation HTTP/1.1" 200 658 "-" "axios/0.21.4" 772 0.007 [ensaas-service-sso-http] [] 10.32.12.107:8080 658 0.004 200 a44029bd1c0ffd6dd3c1792dada49abf
10.32.12.131 - - [29/Apr/2024:06:43:32 +0000] "GET /v4.0/users/me HTTP/1.1" 200 897 "-" "fasthttp" 689 0.021 [ensaas-service-sso-http] [] 10.32.12.107:8080 897 0.024 200 b3ecf1c828bcf4fde333b3623d883567
10.32.12.131 - - [29/Apr/2024:06:43:32 +0000] "POST /v4.0/tokenvalidation HTTP/1.1" 200 658 "-" "fasthttp" 706 0.002 [ensaas-service-sso-http] [] 10.32.12.107:8080 658 0.004 200 46c32e003c167f1ef19d7211aee89ce4
10.32.12.131 - - [29/Apr/2024:06:43:32 +0000] "POST /v4.0/tokenvalidation HTTP/1.1" 200 658 "-" "fasthttp" 706 0.002 [ensaas-service-sso-http] [] 10.32.12.107:8080 658 0.000 200 8c237bbb62a349d9e71b3ed1c69b2e6d
10.32.12.131 - - [29/Apr/2024:06:43:32 +0000] "POST /v4.0/tokenvalidation HTTP/1.1" 200 658 "-" "fasthttp" 706 0.002 [ensaas-service-sso-http] [] 10.32.12.107:8080 658 0.004 200 2a52a4d8c2f964347b2fc8fa3c2a343a
10.32.12.131 - - [29/Apr/2024:06:43:32 +0000] "GET /v4.0/users/me HTTP/1.1" 200 897 "-" "fasthttp" 689 0.018 [ensaas-service-sso-http] [] 10.32.12.107:8080 897 0.020 200 8de86da346a87f144db03664a249d87c
10.32.12.131 - - [29/Apr/2024:06:43:32 +0000] "GET /v4.0/users/me HTTP/1.1" 200 897 "-" "fasthttp" 689 0.020 [ensaas-service-sso-http] [] 10.32.12.107:8080 897 0.020 200 ac6fe9ba6766e3d1b9eddcca8a630c33
10.32.12.131 - - [29/Apr/2024:06:43:32 +0000] "GET /v4.0/users/me HTTP/1.1" 200 897 "-" "fasthttp" 689 0.018 [ensaas-service-sso-http] [] 10.32.12.107:8080 897 0.020 200 f8d95e1e63cd4ad2175a0257610ae4c9
10.32.12.131 - - [29/Apr/2024:06:43:32 +0000] "POST /v4.0/tokenvalidation HTTP/1.1" 200 658 "-" "axios/0.21.4" 772 0.009 [ensaas-service-sso-http] [] 10.32.12.107:8080 658 0.004 200 a29f4a83b2a3c5dfb2b3c1dcfd671f4c
10.32.12.131 - - [29/Apr/2024:06:43:32 +0000] "POST /v4.0/tokenvalidation HTTP/1.1" 200 658 "-" "fasthttp" 706 0.002 [ensaas-service-sso-http] [] 10.32.12.107:8080 658 0.004 200 60a502c93dc43a9a39ea2f8176c85674
10.32.12.131 - - [29/Apr/2024:06:43:32 +0000] "POST /v4.0/tokenvalidation HTTP/1.1" 200 658 "-" "axios/0.21.4" 772 0.012 [ensaas-service-sso-http] [] 10.32.12.107:8080 658 0.000 200 07756942da3b36a959582ac8a7b307df
10.32.12.131 - - [29/Apr/2024:06:43:32 +0000] "GET /v4.0/users/me HTTP/1.1" 200 897 "-" "fasthttp" 689 0.020 [ensaas-service-sso-http] [] 10.32.12.107:8080 897 0.020 200 aa5ce1201c89008bb8ab55c3392f1fd2
10.32.12.131 - - [29/Apr/2024:06:43:32 +0000] "POST /v4.0/tokenvalidation HTTP/1.1" 200 658 "-" "axios/0.21.4" 772 0.005 [ensaas-service-sso-http] [] 10.32.12.107:8080 658 0.000 200 1c7bdfb2d043ca8d9831662bdfefcaf7
10.32.12.131 - - [29/Apr/2024:06:43:32 +0000] "POST /v4.0/tokenvalidation HTTP/1.1" 200 658 "-" "axios/0.21.4" 772 0.005 [ensaas-service-sso-http] [] 10.32.12.107:8080 658 0.000 200 46b56d14982e8de38633399bff6e9afc
10.32.12.5 - - [29/Apr/2024:06:43:38 +0000] "POST /v1.0/cert/device/status/f969ba00-f059-4836-8795-05d9b56e8f87 HTTP/1.1" 200 94 "-" "go-resty/2.7.0 (https://github.com/go-resty/resty)" 601 0.003 [edge365-api-cert-revoke-80] [] 10.32.12.95:3000 94 0.004 200 3544aca8207cb499cd24b5a020f805b7
10.32.12.131 - - [29/Apr/2024:06:43:39 +0000] "POST /v1.0/cert/device/status/cd096b75-b04e-4ccf-8162-1f251855693c HTTP/1.1" 200 94 "-" "go-resty/2.7.0 (https://github.com/go-resty/resty)" 601 0.003 [edge365-api-cert-revoke-80] [] 10.32.12.95:3000 94 0.000 200 69fd3883b69f47d157061e9c4d27a07b
10.32.12.131 - - [29/Apr/2024:06:43:42 +0000] "GET /dm-proxy/v1.1/org/41/device/list HTTP/1.1" 200 5686 "https://portal-dpm-edge365-solarscada.sembcorp.net/" "Mozilla/5.0 (Windows NT 10.0; Win64; x64) AppleWebKit/537.36 (KHTML, like Gecko) Chrome/123.0.0.0 Safari/537.36" 2218 2.534 [edge365-portal-dpm-80] [] 10.32.12.121:8080 5680 2.536 200 9456c79a50c87059fb7fe1b3ce80b430
10.32.12.131 - - [29/Apr/2024:06:43:50 +0000] "POST /portal-proxy/edge/status HTTP/1.1" 200 211 "https://portal-dpm-edge365-solarscada.sembcorp.net/" "Mozilla/5.0 (Windows NT 10.0; Win64; x64) AppleWebKit/537.36 (KHTML, like Gecko) Chrome/123.0.0.0 Safari/537.36" 2303 0.479 [edge365-portal-dpm-80] [] 10.32.12.121:8080 211 0.480 200 8e9cf2fff485977470da684b2982218b
10.32.12.131 - - [29/Apr/2024:06:43:50 +0000] "GET /dm-proxy/v1.1/org/41/device/list HTTP/1.1" 200 5690 "https://portal-dpm-edge365-solarscada.sembcorp.net/" "Mozilla/5.0 (Windows NT 10.0; Win64; x64) AppleWebKit/537.36 (KHTML, like Gecko) Chrome/123.0.0.0 Safari/537.36" 2218 0.799 [edge365-portal-dpm-80] [] 10.32.12.121:8080 5684 0.800 200 c0bc61303d8b1837afdc92574c84d615
10.32.12.5 - - [29/Apr/2024:06:44:01 +0000] "POST /v1.0/cert/device/status/04852cee-5961-4b71-ac2d-5c9076e790ad HTTP/1.1" 200 94 "-" "go-resty/2.7.0 (https://github.com/go-resty/resty)" 601 0.004 [edge365-api-cert-revoke-80] [] 10.32.12.95:3000 94 0.004 200 13872ab0cd616329059b496cc082ff0a
10.32.12.68 - - [29/Apr/2024:06:44:12 +0000] "POST /v1.0/cert/device/status/3623afdf-88db-42cc-a56a-8ab928fb7f7e HTTP/1.1" 200 94 "-" "go-resty/2.7.0 (https://github.com/go-resty/resty)" 601 0.003 [edge365-api-cert-revoke-80] [] 10.32.12.95:3000 94 0.004 200 69f227326a08f5a64007c1112d361281
10.32.12.131 - - [29/Apr/2024:06:44:16 +0000] "POST /v1.0/cert/device/status/f4d15f76-b79b-4cc9-aa5b-74291ab489be HTTP/1.1" 200 94 "-" "go-resty/2.7.0 (https://github.com/go-resty/resty)" 529 0.003 [edge365-api-cert-revoke-80] [] 10.32.12.95:3000 94 0.004 200 a343b80fc51a88d1362ba79fed9164d2
10.32.12.68 - - [29/Apr/2024:06:44:16 +0000] "POST /v1.0/cert/device/status/69a7f7f4-f74d-4df8-863f-346e73073c85 HTTP/1.1" 200 94 "-" "go-resty/2.7.0 (https://github.com/go-resty/resty)" 601 0.002 [edge365-api-cert-revoke-80] [] 10.32.12.95:3000 94 0.004 200 1c8294a84a18cd0fbd0d93ed56740469
10.32.12.131 - - [29/Apr/2024:06:44:19 +0000] "POST /v1.0/cert/device/status/f4d15f76-b79b-4cc9-aa5b-74291ab489be HTTP/1.1" 200 94 "-" "go-resty/2.7.0 (https://github.com/go-resty/resty)" 529 0.004 [edge365-api-cert-revoke-80] [] 10.32.12.95:3000 94 0.004 200 478c20d8ebd8926d08991cd115c97c7c
10.32.12.5 - - [29/Apr/2024:06:44:22 +0000] "GET /v1/health/liveness HTTP/1.1" 404 19 "-" "axios/0.18.0" 166 0.000 [ensaas-service-kubeensaas-80] [] 10.32.12.118:8080 19 0.000 404 f5ed3de259fbc510bc4922d06d276a8c
10.32.12.5 - - [29/Apr/2024:06:44:22 +0000] "GET /v4.0/health HTTP/1.1" 200 62 "-" "axios/0.18.0" 160 0.004 [ensaas-service-sso-http] [] 10.32.12.107:8080 62 0.004 200 8641ef017c47e1de81fad38424a0bae8
10.32.12.5 - - [29/Apr/2024:06:44:22 +0000] "GET / HTTP/1.1" 200 519 "-" "axios/0.18.0" 148 0.000 [ensaas-service-kubeensaas-80] [] 10.32.12.118:8080 519 0.000 200 fa88e1f4450f3944fb56c74ecd0198f8
2024/04/29 06:44:32 [error] 148#148: *170537498 upstream timed out (110: Operation timed out) while reading response header from upstream, client: 10.32.12.5, server: dashboard.edge365.solarscada.en.internal, request: "POST /api/datasources/proxy/45/query?lang=en-US HTTP/1.1", upstream: "http://10.32.12.166:8080/api/datasources/proxy/45/query?lang=en-US", host: "dashboard.edge365.solarscada.en.internal", referrer: "https://dashboard-edge365-solarscada.sembcorp.net/frame/sn5-test-for-uat-01?orgId=40&selected=C15CCDBD&refresh=5m"
10.32.12.5 - - [29/Apr/2024:06:44:32 +0000] "POST /api/datasources/proxy/45/query?lang=en-US HTTP/1.1" 504 562 "https://dashboard-edge365-solarscada.sembcorp.net/frame/sn5-test-for-uat-01?orgId=40&selected=C15CCDBD&refresh=5m" "Mozilla/5.0 (Windows NT 10.0; Win64; x64) AppleWebKit/537.36 (KHTML, like Gecko) Chrome/123.0.0.0 Safari/537.36" 7657 60.002 [edge365-dashboard-pro-edge365-http] [] 10.32.12.166:8080 0 60.002 504 9ca4f01d05aae3af48f2ce6fa7a0034e
2024/04/29 06:44:32 [error] 148#148: *170537499 upstream timed out (110: Operation timed out) while reading response header from upstream, client: 10.32.12.68, server: dashboard.edge365.solarscada.en.internal, request: "POST /api/datasources/proxy/45/query?lang=en-US HTTP/1.1", upstream: "http://10.32.12.166:8080/api/datasources/proxy/45/query?lang=en-US", host: "dashboard.edge365.solarscada.en.internal", referrer: "https://dashboard-edge365-solarscada.sembcorp.net/frame/sn5-test-for-uat-01?orgId=40&selected=C15CCDBD&refresh=5m"
10.32.12.68 - - [29/Apr/2024:06:44:32 +0000] "POST /api/datasources/proxy/45/query?lang=en-US HTTP/1.1" 504 562 "https://dashboard-edge365-solarscada.sembcorp.net/frame/sn5-test-for-uat-01?orgId=40&selected=C15CCDBD&refresh=5m" "Mozilla/5.0 (Windows NT 10.0; Win64; x64) AppleWebKit/537.36 (KHTML, like Gecko) Chrome/123.0.0.0 Safari/537.36" 3740 60.005 [edge365-dashboard-pro-edge365-http] [] 10.32.12.166:8080 0 60.002 504 bd6f6d3458bb7ad53ac0f0f0ddcfc6ec
2024/04/29 06:44:32 [error] 148#148: *170537503 upstream timed out (110: Operation timed out) while reading response header from upstream, client: 10.32.12.68, server: dashboard.edge365.solarscada.en.internal, request: "POST /api/datasources/proxy/45/query?lang=en-US HTTP/1.1", upstream: "http://10.32.12.166:8080/api/datasources/proxy/45/query?lang=en-US", host: "dashboard.edge365.solarscada.en.internal", referrer: "https://dashboard-edge365-solarscada.sembcorp.net/frame/sn5-test-for-uat-01?orgId=40&selected=C15CCDBD&refresh=5m"
10.32.12.68 - - [29/Apr/2024:06:44:32 +0000] "POST /api/datasources/proxy/45/query?lang=en-US HTTP/1.1" 504 562 "https://dashboard-edge365-solarscada.sembcorp.net/frame/sn5-test-for-uat-01?orgId=40&selected=C15CCDBD&refresh=5m" "Mozilla/5.0 (Windows NT 10.0; Win64; x64) AppleWebKit/537.36 (KHTML, like Gecko) Chrome/123.0.0.0 Safari/537.36" 7684 60.003 [edge365-dashboard-pro-edge365-http] [] 10.32.12.166:8080 0 60.002 504 fd29f25cdf76901539be03f790775354
2024/04/29 06:44:32 [error] 148#148: *170537504 upstream timed out (110: Operation timed out) while reading response header from upstream, client: 10.32.12.195, server: dashboard.edge365.solarscada.en.internal, request: "POST /api/datasources/proxy/45/query?lang=en-US HTTP/1.1", upstream: "http://10.32.12.166:8080/api/datasources/proxy/45/query?lang=en-US", host: "dashboard.edge365.solarscada.en.internal"
10.32.12.195 - - [29/Apr/2024:06:44:32 +0000] "POST /api/datasources/proxy/45/query?lang=en-US HTTP/1.1" 504 562 "-" "Mozilla/5.0 (Windows NT 10.0; Win64; x64) AppleWebKit/537.36 (KHTML, like Gecko) Chrome/123.0.0.0 Safari/537.36" 3873 60.003 [edge365-dashboard-pro-edge365-http] [] 10.32.12.166:8080 0 60.002 504 f6ba4b74f9006727ab2c8b44d4837249
2024/04/29 06:44:32 [error] 148#148: *170537505 upstream timed out (110: Operation timed out) while reading response header from upstream, client: 10.32.12.195, server: dashboard.edge365.solarscada.en.internal, request: "POST /api/datasources/proxy/45/query?lang=en-US HTTP/1.1", upstream: "http://10.32.12.166:8080/api/datasources/proxy/45/query?lang=en-US", host: "dashboard.edge365.solarscada.en.internal"
10.32.12.195 - - [29/Apr/2024:06:44:32 +0000] "POST /api/datasources/proxy/45/query?lang=en-US HTTP/1.1" 504 562 "-" "Mozilla/5.0 (Windows NT 10.0; Win64; x64) AppleWebKit/537.36 (KHTML, like Gecko) Chrome/123.0.0.0 Safari/537.36" 3804 60.002 [edge365-dashboard-pro-edge365-http] [] 10.32.12.166:8080 0 60.002 504 9f366f407ac3377acf281fb4dd560bac
10.32.12.5 - - [29/Apr/2024:06:44:41 +0000] "POST /v1.0/cert/device/status/cd096b75-b04e-4ccf-8162-1f251855693c HTTP/1.1" 200 94 "-" "go-resty/2.7.0 (https://github.com/go-resty/resty)" 601 0.002 [edge365-api-cert-revoke-80] [] 10.32.12.95:3000 94 0.000 200 773b7ef29d3ab56078d3ce642c8f0411
10.32.12.5 - - [29/Apr/2024:06:44:51 +0000] "POST /v1.0/cert/device/status/872eae8b-ee9e-4434-842c-928b0cbf55d6 HTTP/1.1" 200 94 "-" "go-resty/2.7.0 (https://github.com/go-resty/resty)" 601 0.002 [edge365-api-cert-revoke-80] [] 10.32.12.95:3000 94 0.004 200 94c55dc481aea1126600162463160e02
10.32.12.5 - - [29/Apr/2024:06:44:52 +0000] "GET /v1/health/liveness HTTP/1.1" 404 19 "-" "axios/0.18.0" 166 0.000 [ensaas-service-kubeensaas-80] [] 10.32.12.118:8080 19 0.000 404 873b004b74e212c26e9424a0759edf79
10.32.12.5 - - [29/Apr/2024:06:44:52 +0000] "GET /v4.0/health HTTP/1.1" 200 62 "-" "axios/0.18.0" 160 0.003 [ensaas-service-sso-http] [] 10.32.12.107:8080 62 0.004 200 db4c2a7e37009828d8fa02ad1548c8d2
10.32.12.5 - - [29/Apr/2024:06:44:52 +0000] "GET / HTTP/1.1" 200 519 "-" "axios/0.18.0" 148 0.000 [ensaas-service-kubeensaas-80] [] 10.32.12.118:8080 519 0.000 200 652d97d175a6e6841bb4b2e4a9322e3f
10.32.12.5 - - [29/Apr/2024:06:44:54 +0000] "POST /portal-proxy/edge/status HTTP/1.1" 200 211 "https://portal-dpm-edge365-solarscada.sembcorp.net/" "Mozilla/5.0 (Windows NT 10.0; Win64; x64) AppleWebKit/537.36 (KHTML, like Gecko) Chrome/123.0.0.0 Safari/537.36" 2303 9.194 [edge365-portal-dpm-80] [] 10.32.12.121:8080 211 9.196 200 c70740bc88227f2c0b991aff7e23b74f
10.32.12.131 - - [29/Apr/2024:06:44:55 +0000] "POST /v1.0/cert/device/status/bf8dcf19-7297-47d7-8ddf-fcbb58dc4163 HTTP/1.1" 200 94 "-" "go-resty/2.7.0 (https://github.com/go-resty/resty)" 601 0.002 [edge365-api-cert-revoke-80] [] 10.32.12.95:3000 94 0.000 200 85f14fef3d8608320a17299b05bf2361
10.32.12.68 - - [29/Apr/2024:06:45:03 +0000] "POST /v1.0/cert/device/status/04852cee-5961-4b71-ac2d-5c9076e790ad HTTP/1.1" 200 94 "-" "go-resty/2.7.0 (https://github.com/go-resty/resty)" 601 0.010 [edge365-api-cert-revoke-80] [] 10.32.12.95:3000 94 0.008 200 36defa106f1e7787045e8c2fa771b14f
10.32.12.131 - - [29/Apr/2024:06:45:14 +0000] "POST /v1.0/cert/device/status/3623afdf-88db-42cc-a56a-8ab928fb7f7e HTTP/1.1" 200 94 "-" "go-resty/2.7.0 (https://github.com/go-resty/resty)" 601 0.003 [edge365-api-cert-revoke-80] [] 10.32.12.95:3000 94 0.000 200 92bf96258c292fc2322cb90bfb619437
10.32.12.5 - - [29/Apr/2024:06:45:15 +0000] "POST /v1.0/cert/device/status/3623afdf-88db-42cc-a56a-8ab928fb7f7e HTTP/1.1" 200 94 "-" "go-resty/2.7.0 (https://github.com/go-resty/resty)" 601 0.003 [edge365-api-cert-revoke-80] [] 10.32.12.95:3000 94 0.004 200 99c9c06d680645f6edea6d12e6491d53
10.32.12.68 - - [29/Apr/2024:06:45:18 +0000] "POST /v1.0/cert/device/status/f4d15f76-b79b-4cc9-aa5b-74291ab489be HTTP/1.1" 200 94 "-" "go-resty/2.7.0 (https://github.com/go-resty/resty)" 529 0.003 [edge365-api-cert-revoke-80] [] 10.32.12.95:3000 94 0.004 200 d01864589f10266af6b2d2fce56f4646
10.32.12.195 - - [29/Apr/2024:06:45:18 +0000] "POST /v1.0/cert/device/status/69a7f7f4-f74d-4df8-863f-346e73073c85 HTTP/1.1" 200 94 "-" "go-resty/2.7.0 (https://github.com/go-resty/resty)" 601 0.002 [edge365-api-cert-revoke-80] [] 10.32.12.95:3000 94 0.004 200 e0b9f95f93bcef821911da31e437c68e
10.32.12.5 - - [29/Apr/2024:06:45:22 +0000] "GET /v1/health/liveness HTTP/1.1" 404 19 "-" "axios/0.18.0" 166 0.000 [ensaas-service-kubeensaas-80] [] 10.32.12.118:8080 19 0.000 404 c6b1dbd42783ae2ada3fb44a942e04da
10.32.12.5 - - [29/Apr/2024:06:45:22 +0000] "GET /v4.0/health HTTP/1.1" 200 62 "-" "axios/0.18.0" 160 0.004 [ensaas-service-sso-http] [] 10.32.12.107:8080 62 0.004 200 b1911a1d2e2969b6f162a3eb69d12a3c
10.32.12.5 - - [29/Apr/2024:06:45:22 +0000] "GET / HTTP/1.1" 200 519 "-" "axios/0.18.0" 148 0.000 [ensaas-service-kubeensaas-80] [] 10.32.12.118:8080 519 0.000 200 c3e8818b13adf24b3d4db0d330b4e599
10.32.12.195 - - [29/Apr/2024:06:45:42 +0000] "POST /v1.0/cert/device/status/f969ba00-f059-4836-8795-05d9b56e8f87 HTTP/1.1" 200 94 "-" "go-resty/2.7.0 (https://github.com/go-resty/resty)" 601 0.003 [edge365-api-cert-revoke-80] [] 10.32.12.95:3000 94 0.000 200 ff45d40d20c39b83c8c101320a866d78
10.32.12.68 - - [29/Apr/2024:06:45:43 +0000] "POST /v1.0/cert/device/status/cd096b75-b04e-4ccf-8162-1f251855693c HTTP/1.1" 200 94 "-" "go-resty/2.7.0 (https://github.com/go-resty/resty)" 601 0.007 [edge365-api-cert-revoke-80] [] 10.32.12.95:3000 94 0.004 200 9b8fdf30e3382ff9efc4cfbe01625813
10.32.12.195 - - [29/Apr/2024:06:45:45 +0000] "POST /portal-proxy/edge/status HTTP/1.1" 200 211 "https://portal-dpm-edge365-solarscada.sembcorp.net/" "Mozilla/5.0 (Windows NT 10.0; Win64; x64) AppleWebKit/537.36 (KHTML, like Gecko) Chrome/123.0.0.0 Safari/537.36" 2303 0.100 [edge365-portal-dpm-80] [] 10.32.12.121:8080 211 0.100 200 432934eea8a334737d508781e03ffe01
10.32.12.195 - - [29/Apr/2024:06:45:45 +0000] "POST /v1.0/cert/device/status/cd096b75-b04e-4ccf-8162-1f251855693c HTTP/1.1" 200 94 "-" "go-resty/2.7.0 (https://github.com/go-resty/resty)" 601 0.003 [edge365-api-cert-revoke-80] [] 10.32.12.95:3000 94 0.004 200 ab49c639470cce98fa779267de15777d
W0429 06:45:50.140183       7 controller.go:1083] Service "rms/ensaas-rms-prometheus" does not have any active Endpoint.
W0429 06:45:50.140574       7 controller.go:1083] Service "edge365/iapp-iwater-portal" does not have any active Endpoint.
W0429 06:45:50.140598       7 controller.go:1083] Service "edge365/iapp-iwater-api" does not have any active Endpoint.
W0429 06:45:50.140715       7 controller.go:1083] Service "edge365/api-job-executor-wise-mplus" does not have any active Endpoint.
W0429 06:45:50.140769       7 controller.go:1083] Service "edge365/api-dbmaster-wise-mplus" does not have any active Endpoint.
W0429 06:45:50.141523       7 controller.go:395] Error getting Service "ensaas-service/ecm-api-grpc": no object matching key "ensaas-service/ecm-api-grpc" in local store
W0429 06:45:50.141540       7 controller.go:395] Error getting Service "ensaas-service/ecm-api-config": no object matching key "ensaas-service/ecm-api-config" in local store
