10.32.12.5 - - [29/Apr/2024:06:47:18 +0000] "POST /v1.0/cert/device/status/57fcc025-dbf6-4cc3-ba57-482f4ab6d3db HTTP/1.1" 200 94 "-" "go-resty/2.7.0 (https://github.com/go-resty/resty)" 601 0.017 [edge365-api-cert-revoke-80] [] 10.32.12.95:3000 94 0.016 200 885fa425a1d885e69abc3feb2fa581d2
10.32.12.5 - - [29/Apr/2024:06:47:22 +0000] "GET /v4.0/health HTTP/1.1" 200 62 "-" "axios/0.18.0" 160 0.009 [ensaas-service-sso-http] [] 10.32.12.107:8080 62 0.008 200 0aa2a65733757c306cb8a8792f5563a6
10.32.12.195 - - [29/Apr/2024:06:47:42 +0000] "GET /api/v1/namespaces/edge365/pods?limit=500 HTTP/1.1" 200 21860 "-" "kubectl/v1.27.2 (linux/amd64) kubernetes/7f6f68f" 621 0.092 [ensaas-service-clusteragent-proxy-9000] [] 10.32.12.147:8000 21822 0.092 200 5cccf7739fb5456e6a8b7d69070df572
10.32.12.131 - - [29/Apr/2024:06:47:45 +0000] "POST /portal-proxy/edge/status HTTP/1.1" 200 211 "https://portal-dpm-edge365-solarscada.sembcorp.net/" "Mozilla/5.0 (Windows NT 10.0; Win64; x64) AppleWebKit/537.36 (KHTML, like Gecko) Chrome/123.0.0.0 Safari/537.36" 2303 0.075 [edge365-portal-dpm-80] [] 10.32.12.121:8080 211 0.076 200 4ae7e93c82a1f9b298ad52d6d727f43a
10.32.12.131 - - [29/Apr/2024:06:47:45 +0000] "GET /dm-proxy/v1.1/org/41/device/list HTTP/1.1" 200 5709 "https://portal-dpm-edge365-solarscada.sembcorp.net/" "Mozilla/5.0 (Windows NT 10.0; Win64; x64) AppleWebKit/537.36 (KHTML, like Gecko) Chrome/123.0.0.0 Safari/537.36" 2218 0.139 [edge365-portal-dpm-80] [] 10.32.12.121:8080 5690 0.136 200 9326c6d921abf87c7dcd5d3b91d35b26
10.32.12.195 - - [29/Apr/2024:06:47:47 +0000] "POST /v1.0/cert/device/status/cd096b75-b04e-4ccf-8162-1f251855693c HTTP/1.1" 200 94 "-" "go-resty/2.7.0 (https://github.com/go-resty/resty)" 601 0.008 [edge365-api-cert-revoke-80] [] 10.32.12.95:3000 94 0.008 200 8f3f0b275eb96e695b5ba4817d9ea5ec
10.32.12.68 - - [29/Apr/2024:06:47:49 +0000] "POST /v1.0/cert/device/status/cd096b75-b04e-4ccf-8162-1f251855693c HTTP/1.1" 200 94 "-" "go-resty/2.7.0 (https://github.com/go-resty/resty)" 601 0.005 [edge365-api-cert-revoke-80] [] 10.32.12.95:3000 94 0.008 200 eb7bcf199f4287970f8dcdd614131524
10.32.12.5 - - [29/Apr/2024:06:47:52 +0000] "GET /v4.0/health HTTP/1.1" 200 62 "-" "axios/0.18.0" 160 0.008 [ensaas-service-sso-http] [] 10.32.12.107:8080 62 0.008 200 6e3c1ce96c6cc4d846e1649339de3201
10.32.12.195 - - [29/Apr/2024:06:47:54 +0000] "POST /v1.0/cert/device/status/f969ba00-f059-4836-8795-05d9b56e8f87 HTTP/1.1" 200 94 "-" "go-resty/2.7.0 (https://github.com/go-resty/resty)" 601 0.005 [edge365-api-cert-revoke-80] [] 10.32.12.95:3000 94 0.008 200 563fa75330e5a685b64ee2e7510a9e6d
10.32.12.68 - - [29/Apr/2024:06:47:55 +0000] "POST /v1.0/cert/device/status/872eae8b-ee9e-4434-842c-928b0cbf55d6 HTTP/1.1" 200 94 "-" "go-resty/2.7.0 (https://github.com/go-resty/resty)" 601 0.004 [edge365-api-cert-revoke-80] [] 10.32.12.95:3000 94 0.004 200 ca7164f5f94aaad6825760cc8bd0a3cc
10.32.12.195 - - [29/Apr/2024:06:48:01 +0000] "POST /v1.0/cert/device/status/bf8dcf19-7297-47d7-8ddf-fcbb58dc4163 HTTP/1.1" 200 94 "-" "go-resty/2.7.0 (https://github.com/go-resty/resty)" 601 0.008 [edge365-api-cert-revoke-80] [] 10.32.12.95:3000 94 0.008 200 07c87ac381772d2a646e347c3cbee92f
10.32.12.5 - - [29/Apr/2024:06:48:09 +0000] "POST /v1.0/cert/device/status/04852cee-5961-4b71-ac2d-5c9076e790ad HTTP/1.1" 200 94 "-" "go-resty/2.7.0 (https://github.com/go-resty/resty)" 601 0.008 [edge365-api-cert-revoke-80] [] 10.32.12.95:3000 94 0.008 200 80cfbbdcb264ba7400c0d86cf206ee84
10.32.12.195 - - [29/Apr/2024:06:48:11 +0000] "POST /v1.0/cert/device/status/57fcc025-dbf6-4cc3-ba57-482f4ab6d3db HTTP/1.1" 200 94 "-" "go-resty/2.7.0 (https://github.com/go-resty/resty)" 601 0.005 [edge365-api-cert-revoke-80] [] 10.32.12.95:3000 94 0.004 200 13e33f51f057c6c507e01d0f18949e4a
10.32.12.131 - - [29/Apr/2024:06:48:12 +0000] "POST /group/param/sum HTTP/1.1" 200 98 "-" "Apache-HttpClient/4.5.9 (Java/1.8.0_282)" 456 0.006 [edge365-wise-mplus-userfunctions-80] [] 10.32.12.75:8080 98 0.008 200 cd0625e3e1b150b3edfb8d6f273d71ec
10.32.12.68 - - [29/Apr/2024:06:48:13 +0000] "POST /group/param/sum HTTP/1.1" 200 100 "-" "Apache-HttpClient/4.5.9 (Java/1.8.0_282)" 453 0.008 [edge365-wise-mplus-userfunctions-80] [] 10.32.12.75:8080 100 0.008 200 3b00189f97a951843bff94182327d0e0
10.32.12.195 - - [29/Apr/2024:06:48:13 +0000] "POST /group/param/sum HTTP/1.1" 200 114 "-" "Apache-HttpClient/4.5.9 (Java/1.8.0_282)" 458 0.018 [edge365-wise-mplus-userfunctions-80] [] 10.32.12.75:8080 114 0.020 200 20863f1d4b42fda37ccc1404374de7fd
10.32.12.195 - - [29/Apr/2024:06:48:13 +0000] "POST /group/alarm/status HTTP/1.1" 200 101 "-" "Apache-HttpClient/4.5.9 (Java/1.8.0_282)" 450 0.006 [edge365-wise-mplus-userfunctions-80] [] 10.32.12.75:8080 101 0.008 200 024f91d7a0967e892b7c8daa66e151ff
10.32.12.195 - - [29/Apr/2024:06:48:13 +0000] "POST /group/param/sum HTTP/1.1" 200 104 "-" "Apache-HttpClient/4.5.9 (Java/1.8.0_282)" 455 0.016 [edge365-wise-mplus-userfunctions-80] [] 10.32.12.75:8080 104 0.020 200 3b62653117e51e1b12bb071deaf9c228
10.32.12.68 - - [29/Apr/2024:06:48:13 +0000] "POST /group/param/sum HTTP/1.1" 200 100 "-" "Apache-HttpClient/4.5.9 (Java/1.8.0_282)" 454 0.008 [edge365-wise-mplus-userfunctions-80] [] 10.32.12.75:8080 100 0.008 200 985bc347c42a7a73ce294b33791ae25c
10.32.12.68 - - [29/Apr/2024:06:48:13 +0000] "GET /api/v1/namespaces/edge365/pods/api-portal-wise-mplus-6f6476d69c-gz5fm/log?container=api-portal-wise-mplus HTTP/1.1" 200 918851 "-" "kubectl/v1.27.2 (linux/amd64) kubernetes/7f6f68f" 597 0.346 [ensaas-service-clusteragent-proxy-9000] [] 10.32.12.147:8000 917363 0.348 200 7148e58268152548e0bf9a350081a218
10.32.12.195 - - [29/Apr/2024:06:48:13 +0000] "POST /group/alarm/status HTTP/1.1" 200 101 "-" "Apache-HttpClient/4.5.9 (Java/1.8.0_282)" 450 0.007 [edge365-wise-mplus-userfunctions-80] [] 10.32.12.75:8080 101 0.004 200 b2cd662b09c69be557d33a2dbb80c68a
10.32.12.131 - - [29/Apr/2024:06:48:13 +0000] "POST /group/param/sum HTTP/1.1" 200 103 "-" "Apache-HttpClient/4.5.9 (Java/1.8.0_282)" 457 0.008 [edge365-wise-mplus-userfunctions-80] [] 10.32.12.75:8080 103 0.008 200 ae8a44367470493772457f3086adff6b
10.32.12.5 - - [29/Apr/2024:06:48:14 +0000] "POST /group/alarm/status HTTP/1.1" 200 101 "-" "Apache-HttpClient/4.5.9 (Java/1.8.0_282)" 450 0.006 [edge365-wise-mplus-userfunctions-80] [] 10.32.12.75:8080 101 0.008 200 ae6a6a6656eadf8830e244ac75b76526
10.32.12.195 - - [29/Apr/2024:06:48:14 +0000] "POST /group/param/sum HTTP/1.1" 200 100 "-" "Apache-HttpClient/4.5.9 (Java/1.8.0_282)" 454 0.008 [edge365-wise-mplus-userfunctions-80] [] 10.32.12.75:8080 100 0.008 200 4f5e998a985f226ca7909ab66da54e18
10.32.12.195 - - [29/Apr/2024:06:48:14 +0000] "POST /group/alarm/status HTTP/1.1" 200 101 "-" "Apache-HttpClient/4.5.9 (Java/1.8.0_282)" 450 0.005 [edge365-wise-mplus-userfunctions-80] [] 10.32.12.75:8080 101 0.004 200 d72e5b77f42e43b7d35aaf065ab5a42b
10.32.12.68 - - [29/Apr/2024:06:48:14 +0000] "POST /group/param/sum HTTP/1.1" 200 103 "-" "Apache-HttpClient/4.5.9 (Java/1.8.0_282)" 454 0.020 [edge365-wise-mplus-userfunctions-80] [] 10.32.12.75:8080 103 0.020 200 021e7affc37345eec6617f3dcfa50562
10.32.12.131 - - [29/Apr/2024:06:48:20 +0000] "POST /group/param/sum HTTP/1.1" 200 114 "-" "Apache-HttpClient/4.5.9 (Java/1.8.0_282)" 458 0.006 [edge365-wise-mplus-userfunctions-80] [] 10.32.12.75:8080 114 0.004 200 65c3cc156f13f6dfce32b4782f000f67
10.32.12.5 - - [29/Apr/2024:06:48:24 +0000] "POST /v1.0/cert/device/status/f4d15f76-b79b-4cc9-aa5b-74291ab489be HTTP/1.1" 200 94 "-" "go-resty/2.7.0 (https://github.com/go-resty/resty)" 529 0.009 [edge365-api-cert-revoke-80] [] 10.32.12.95:3000 94 0.012 200 164552a4e62804a9b8519ae1d0f357d2
10.32.12.5 - - [29/Apr/2024:06:48:25 +0000] "POST /group/alarm/status HTTP/1.1" 499 0 "-" "Apache-HttpClient/4.5.9 (Java/1.8.0_282)" 450 4.994 [edge365-wise-mplus-userfunctions-80] [] 10.32.12.75:8080 0 4.997 - 5de559341839435df6cceab40c6fc828
10.32.12.131 - - [29/Apr/2024:06:48:30 +0000] "POST /group/param/sum HTTP/1.1" 200 104 "-" "Apache-HttpClient/4.5.9 (Java/1.8.0_282)" 454 0.036 [edge365-wise-mplus-userfunctions-80] [] 10.32.12.75:8080 104 0.036 200 6c780c6e5f05da60928ab3478ac0de9d
10.32.12.131 - - [29/Apr/2024:06:48:30 +0000] "POST /group/param/sum HTTP/1.1" 200 114 "-" "Apache-HttpClient/4.5.9 (Java/1.8.0_282)" 456 0.030 [edge365-wise-mplus-userfunctions-80] [] 10.32.12.75:8080 114 0.028 200 fd9d52f3883cd678b496f0bf56c45c8c
10.32.12.131 - - [29/Apr/2024:06:48:31 +0000] "POST /v4.0/tokenvalidation HTTP/1.1" 200 658 "-" "fasthttp" 706 0.005 [ensaas-service-sso-http] [] 10.32.12.107:8080 658 0.004 200 dc8b931bfa1f1dcc3bc01f91d3befd08
10.32.12.131 - - [29/Apr/2024:06:48:31 +0000] "POST /v4.0/tokenvalidation HTTP/1.1" 200 658 "-" "fasthttp" 706 0.008 [ensaas-service-sso-http] [] 10.32.12.107:8080 658 0.004 200 f37b4f71e28f6f852b2bb5b63cfb351e
10.32.12.131 - - [29/Apr/2024:06:48:31 +0000] "GET /v4.0/users/me HTTP/1.1" 200 897 "-" "fasthttp" 689 0.021 [ensaas-service-sso-http] [] 10.32.12.107:8080 897 0.020 200 28f3b9abdf1bf9a7f61844f8b3403f2c
10.32.12.131 - - [29/Apr/2024:06:48:31 +0000] "GET /v4.0/users/me HTTP/1.1" 200 897 "-" "fasthttp" 689 0.021 [ensaas-service-sso-http] [] 10.32.12.107:8080 897 0.020 200 9db05a93ffe99fbc701b5448d0da9150
10.32.12.131 - - [29/Apr/2024:06:48:31 +0000] "POST /v4.0/tokenvalidation HTTP/1.1" 200 658 "-" "fasthttp" 706 0.003 [ensaas-service-sso-http] [] 10.32.12.107:8080 658 0.004 200 54c31526dbf14cb9bafcdbe71013c9e5
10.32.12.131 - - [29/Apr/2024:06:48:31 +0000] "POST /v4.0/tokenvalidation HTTP/1.1" 200 658 "-" "axios/0.21.4" 772 0.006 [ensaas-service-sso-http] [] 10.32.12.107:8080 658 0.004 200 56d00610d344d7c0c7c5eaa7f57bf6ff
10.32.12.131 - - [29/Apr/2024:06:48:31 +0000] "GET /v4.0/users/me HTTP/1.1" 200 897 "-" "fasthttp" 689 0.027 [ensaas-service-sso-http] [] 10.32.12.107:8080 897 0.028 200 6fec17f52a6a7a79998e8a73f9159ea2
10.32.12.131 - - [29/Apr/2024:06:48:31 +0000] "POST /v4.0/tokenvalidation HTTP/1.1" 200 658 "-" "fasthttp" 706 0.005 [ensaas-service-sso-http] [] 10.32.12.107:8080 658 0.004 200 109d8437e1ee3a9df455a2db33f90fb5
10.32.12.131 - - [29/Apr/2024:06:48:31 +0000] "POST /v4.0/tokenvalidation HTTP/1.1" 200 658 "-" "axios/0.21.4" 772 0.008 [ensaas-service-sso-http] [] 10.32.12.107:8080 658 0.004 200 f5a596532252483f3248452c03ef526f
10.32.12.131 - - [29/Apr/2024:06:48:31 +0000] "POST /v4.0/tokenvalidation HTTP/1.1" 200 658 "-" "fasthttp" 706 0.004 [ensaas-service-sso-http] [] 10.32.12.107:8080 658 0.004 200 45ad40211f1c0c5e661918db78535819
10.32.12.131 - - [29/Apr/2024:06:48:31 +0000] "GET /v4.0/users/me HTTP/1.1" 200 897 "-" "fasthttp" 689 0.033 [ensaas-service-sso-http] [] 10.32.12.107:8080 897 0.032 200 e3a52a7be9adbdd7a97ae972d0a41329
10.32.12.131 - - [29/Apr/2024:06:48:31 +0000] "GET /v4.0/users/me HTTP/1.1" 200 897 "-" "fasthttp" 689 0.046 [ensaas-service-sso-http] [] 10.32.12.107:8080 897 0.048 200 f2cce0275d6a6233e3e1937668eecb6a
10.32.12.131 - - [29/Apr/2024:06:48:32 +0000] "POST /v1.0/cert/device/status/46427a01-7efe-4fc5-b1f9-dd01e6ed0433 HTTP/1.1" 200 94 "-" "go-resty/2.7.0 (https://github.com/go-resty/resty)" 601 0.007 [edge365-api-cert-revoke-80] [] 10.32.12.95:3000 94 0.004 200 8a2c0b7b15b09909c4e0b21023634cf7
10.32.12.5 - - [29/Apr/2024:06:48:36 +0000] "POST /v1.0/cert/device/status/46427a01-7efe-4fc5-b1f9-dd01e6ed0433 HTTP/1.1" 200 94 "-" "go-resty/2.7.0 (https://github.com/go-resty/resty)" 601 0.005 [edge365-api-cert-revoke-80] [] 10.32.12.95:3000 94 0.008 200 9adebc942563b41c78b5130ccf1a6b53
10.32.12.68 - - [29/Apr/2024:06:48:41 +0000] "POST /object/alarm/status HTTP/1.1" 499 0 "-" "Apache-HttpClient/4.5.9 (Java/1.8.0_282)" 452 4.996 [edge365-wise-mplus-userfunctions-80] [] 10.32.12.75:8080 0 4.996 - d98d550d460df09185e8ec236bafc78b
10.32.12.5 - - [29/Apr/2024:06:48:45 +0000] "POST /v4.0/tokenvalidation HTTP/1.1" 200 658 "-" "axios/0.18.0" 791 0.006 [ensaas-service-sso-http] [] 10.32.12.107:8080 658 0.004 200 8b9334a6a4afe5da8526f433bea1c88e
10.32.12.68 - - [29/Apr/2024:06:48:46 +0000] "POST /group/alarm/status HTTP/1.1" 499 0 "-" "Apache-HttpClient/4.5.9 (Java/1.8.0_282)" 450 4.992 [edge365-wise-mplus-userfunctions-80] [] 10.32.12.75:8080 0 4.992 - 20195e5440d9b0eb9839ecf2d133b045
10.32.12.131 - - [29/Apr/2024:06:48:47 +0000] "POST /v1.0/cert/device/status/f969ba00-f059-4836-8795-05d9b56e8f87 HTTP/1.1" 200 94 "-" "go-resty/2.7.0 (https://github.com/go-resty/resty)" 601 0.007 [edge365-api-cert-revoke-80] [] 10.32.12.95:3000 94 0.008 200 5d008c96a5bf413dd2ebe8a33d9e5218
10.32.12.68 - - [29/Apr/2024:06:48:48 +0000] "POST /portal-proxy/edge/status HTTP/1.1" 200 211 "https://portal-dpm-edge365-solarscada.sembcorp.net/" "Mozilla/5.0 (Windows NT 10.0; Win64; x64) AppleWebKit/537.36 (KHTML, like Gecko) Chrome/123.0.0.0 Safari/537.36" 1750 3.688 [edge365-portal-dpm-80] [] 10.32.12.121:8080 211 3.688 200 18bb090aec184d06910e5bc399ced192
10.32.12.195 - - [29/Apr/2024:06:48:56 +0000] "POST /v1.0/cert/device/status/f969ba00-f059-4836-8795-05d9b56e8f87 HTTP/1.1" 200 94 "-" "go-resty/2.7.0 (https://github.com/go-resty/resty)" 601 0.007 [edge365-api-cert-revoke-80] [] 10.32.12.95:3000 94 0.008 200 0e6778bf1b000ac5e82ddcf4233c4041
10.32.12.195 - - [29/Apr/2024:06:48:59 +0000] "POST /v1.0/cert/device/status/bf8dcf19-7297-47d7-8ddf-fcbb58dc4163 HTTP/1.1" 200 94 "-" "go-resty/2.7.0 (https://github.com/go-resty/resty)" 601 0.005 [edge365-api-cert-revoke-80] [] 10.32.12.95:3000 94 0.004 200 f3995bdc95b084e4ceda81dc8dbf12b2
10.32.12.68 - - [29/Apr/2024:06:49:03 +0000] "POST /group/param/sum HTTP/1.1" 499 0 "-" "Apache-HttpClient/4.5.9 (Java/1.8.0_282)" 454 4.997 [edge365-wise-mplus-userfunctions-80] [] 10.32.12.75:8080 0 4.996 - 82549a54500ab74c8b15baa8df6853f1
10.32.12.195 - - [29/Apr/2024:06:49:03 +0000] "POST /v1.0/cert/device/status/bf8dcf19-7297-47d7-8ddf-fcbb58dc4163 HTTP/1.1" 200 94 "-" "go-resty/2.7.0 (https://github.com/go-resty/resty)" 601 0.005 [edge365-api-cert-revoke-80] [] 10.32.12.95:3000 94 0.008 200 c41d412a26389686b772379ad298a18c
10.32.12.5 - - [29/Apr/2024:06:49:13 +0000] "POST /group/alarm/status HTTP/1.1" 499 0 "-" "Apache-HttpClient/4.5.9 (Java/1.8.0_282)" 450 4.998 [edge365-wise-mplus-userfunctions-80] [] 10.32.12.75:8080 0 4.997 - 16497a7528709b193f645d5d9154ef3a
10.32.12.5 - - [29/Apr/2024:06:49:22 +0000] "GET /v4.0/health HTTP/1.1" 200 62 "-" "axios/0.18.0" 160 0.005 [ensaas-service-sso-http] [] 10.32.12.107:8080 62 0.004 200 74210f19296898a3e57fbbccbfdb6aff
10.32.12.195 - - [29/Apr/2024:06:49:23 +0000] "POST /group/param/sum HTTP/1.1" 499 0 "-" "Apache-HttpClient/4.5.9 (Java/1.8.0_282)" 458 5.001 [edge365-wise-mplus-userfunctions-80] [] 10.32.12.75:8080 0 5.000 - ffec7d278f508dfbdb556187f8870e60
10.32.12.131 - - [29/Apr/2024:06:49:23 +0000] "POST /v1.0/cert/device/status/3623afdf-88db-42cc-a56a-8ab928fb7f7e HTTP/1.1" 200 94 "-" "go-resty/2.7.0 (https://github.com/go-resty/resty)" 601 0.006 [edge365-api-cert-revoke-80] [] 10.32.12.95:3000 94 0.008 200 2d51ec455628d431f2d7d37d6827ccfc
10.32.12.195 - - [29/Apr/2024:06:49:26 +0000] "POST /v1.0/cert/device/status/f4d15f76-b79b-4cc9-aa5b-74291ab489be HTTP/1.1" 200 94 "-" "go-resty/2.7.0 (https://github.com/go-resty/resty)" 529 0.004 [edge365-api-cert-revoke-80] [] 10.32.12.95:3000 94 0.004 200 0c0f4b876c46b91ea4654c0ef5c9568f
10.32.12.195 - - [29/Apr/2024:06:49:26 +0000] "POST /v1.0/cert/device/status/69a7f7f4-f74d-4df8-863f-346e73073c85 HTTP/1.1" 200 94 "-" "go-resty/2.7.0 (https://github.com/go-resty/resty)" 601 0.004 [edge365-api-cert-revoke-80] [] 10.32.12.95:3000 94 0.004 200 7a7422629bf78157be961efba431a9df
10.32.12.195 - - [29/Apr/2024:06:49:30 +0000] "POST /v1.0/cert/device/status/f4d15f76-b79b-4cc9-aa5b-74291ab489be HTTP/1.1" 200 94 "-" "go-resty/2.7.0 (https://github.com/go-resty/resty)" 529 0.004 [edge365-api-cert-revoke-80] [] 10.32.12.95:3000 94 0.004 200 0ed89e09226aff947266204ea8642787
2024/04/29 06:49:31 [error] 147#147: *177443794 upstream timed out (110: Operation timed out) while reading response header from upstream, client: 10.32.12.5, server: dashboard.edge365.solarscada.en.internal, request: "POST /api/datasources/proxy/45/query?lang=en-US HTTP/1.1", upstream: "http://10.32.12.166:8080/api/datasources/proxy/45/query?lang=en-US", host: "dashboard.edge365.solarscada.en.internal"
10.32.12.5 - - [29/Apr/2024:06:49:31 +0000] "POST /api/datasources/proxy/45/query?lang=en-US HTTP/1.1" 504 562 "-" "Mozilla/5.0 (Windows NT 10.0; Win64; x64) AppleWebKit/537.36 (KHTML, like Gecko) Chrome/123.0.0.0 Safari/537.36" 3320 60.005 [edge365-dashboard-pro-edge365-http] [] 10.32.12.166:8080 0 60.001 504 e45626bcf160c1eb4211d26baeb96d2f
10.32.12.195 - - [29/Apr/2024:06:49:31 +0000] "POST /v1.0/cert/device/status/33bd5e9e-e880-42b7-96c7-7bee1ec3840c HTTP/1.1" 200 94 "-" "go-resty/2.7.0 (https://github.com/go-resty/resty)" 601 0.005 [edge365-api-cert-revoke-80] [] 10.32.12.95:3000 94 0.004 200 8126d4b6077791c3f3b8a77d85ee3b77
10.32.12.195 - - [29/Apr/2024:06:49:38 +0000] "POST /group/alarm/status HTTP/1.1" 499 0 "-" "Apache-HttpClient/4.5.9 (Java/1.8.0_282)" 450 4.998 [edge365-wise-mplus-userfunctions-80] [] 10.32.12.75:8080 0 5.000 - bfc851587112d0ceec6a3a3db1ed96aa
10.32.12.5 - - [29/Apr/2024:06:49:45 +0000] "POST /v4.0/tokenvalidation HTTP/1.1" 200 658 "-" "axios/0.18.0" 791 0.005 [ensaas-service-sso-http] [] 10.32.12.107:8080 658 0.008 200 d753b96b8827e69df5706fa0acb167d3
10.32.12.68 - - [29/Apr/2024:06:49:45 +0000] "POST /portal-proxy/edge/status HTTP/1.1" 200 211 "https://portal-dpm-edge365-solarscada.sembcorp.net/" "Mozilla/5.0 (Windows NT 10.0; Win64; x64) AppleWebKit/537.36 (KHTML, like Gecko) Chrome/123.0.0.0 Safari/537.36" 1750 0.213 [edge365-portal-dpm-80] [] 10.32.12.121:8080 211 0.212 200 41c756670c19f38c18d5628dd2bb47b4
10.32.12.5 - - [29/Apr/2024:06:49:52 +0000] "GET /v1/health/liveness HTTP/1.1" 404 19 "-" "axios/0.18.0" 166 0.007 [ensaas-service-kubeensaas-80] [] 10.32.12.118:8080 19 0.008 404 5ce3064b942b82fc09d017f5c3c83fd5
10.32.12.5 - - [29/Apr/2024:06:49:52 +0000] "GET / HTTP/1.1" 200 519 "-" "axios/0.18.0" 148 0.002 [ensaas-service-kubeensaas-80] [] 10.32.12.118:8080 519 0.000 200 ea5b76209d7b1ba7c9e66b7cfab7845d
10.32.12.131 - - [29/Apr/2024:06:49:54 +0000] "POST /v1.0/cert/device/status/cd096b75-b04e-4ccf-8162-1f251855693c HTTP/1.1" 200 94 "-" "go-resty/2.7.0 (https://github.com/go-resty/resty)" 601 0.009 [edge365-api-cert-revoke-80] [] 10.32.12.95:3000 94 0.008 200 642b722f8b828c2a487a4fb699a40428
10.32.12.5 - - [29/Apr/2024:06:49:59 +0000] "POST /v1.0/cert/device/status/872eae8b-ee9e-4434-842c-928b0cbf55d6 HTTP/1.1" 200 94 "-" "go-resty/2.7.0 (https://github.com/go-resty/resty)" 601 0.006 [edge365-api-cert-revoke-80] [] 10.32.12.95:3000 94 0.004 200 09f79c3bfb7af0f659e1c8302839ff7b
10.32.12.5 - - [29/Apr/2024:06:50:02 +0000] "POST /v1.0/cert/device/status/872eae8b-ee9e-4434-842c-928b0cbf55d6 HTTP/1.1" 200 94 "-" "go-resty/2.7.0 (https://github.com/go-resty/resty)" 601 0.005 [edge365-api-cert-revoke-80] [] 10.32.12.95:3000 94 0.004 200 a898c9f21deb549a554b118927bf3aaf
10.32.12.5 - - [29/Apr/2024:06:50:03 +0000] "POST /group/alarm/status HTTP/1.1" 200 101 "-" "Apache-HttpClient/4.5.9 (Java/1.8.0_282)" 450 0.049 [edge365-wise-mplus-userfunctions-80] [] 10.32.12.75:8080 101 0.048 200 f9e72b1a735209f1392ecb0996635928
10.32.12.5 - - [29/Apr/2024:06:50:15 +0000] "POST /v1.0/cert/device/status/57fcc025-dbf6-4cc3-ba57-482f4ab6d3db HTTP/1.1" 200 94 "-" "go-resty/2.7.0 (https://github.com/go-resty/resty)" 601 0.016 [edge365-api-cert-revoke-80] [] 10.32.12.95:3000 94 0.016 200 cff9ca51462f5b86e56794234b0cb8a5
10.32.12.195 - - [29/Apr/2024:06:50:18 +0000] "POST /group/alarm/status HTTP/1.1" 200 101 "-" "Apache-HttpClient/4.5.9 (Java/1.8.0_282)" 450 0.006 [edge365-wise-mplus-userfunctions-80] [] 10.32.12.75:8080 101 0.004 200 478ad3020d229ca6331e3a38d4203d88
10.32.12.131 - - [29/Apr/2024:06:50:18 +0000] "POST /group/alarm/status HTTP/1.1" 200 101 "-" "Apache-HttpClient/4.5.9 (Java/1.8.0_282)" 450 0.006 [edge365-wise-mplus-userfunctions-80] [] 10.32.12.75:8080 101 0.004 200 36ca1132fc554b60aaf53eabe651b36b
10.32.12.5 - - [29/Apr/2024:06:50:22 +0000] "GET /v1/health/liveness HTTP/1.1" 404 19 "-" "axios/0.18.0" 166 0.002 [ensaas-service-kubeensaas-80] [] 10.32.12.118:8080 19 0.000 404 6b87ec12c4f6ab871d52e7ea070f75de
10.32.12.5 - - [29/Apr/2024:06:50:22 +0000] "GET /v4.0/health HTTP/1.1" 200 62 "-" "axios/0.18.0" 160 0.005 [ensaas-service-sso-http] [] 10.32.12.107:8080 62 0.004 200 ceb5d789b24a07d398be2b7578fb2aa6
10.32.12.5 - - [29/Apr/2024:06:50:22 +0000] "GET / HTTP/1.1" 200 519 "-" "axios/0.18.0" 148 0.002 [ensaas-service-kubeensaas-80] [] 10.32.12.118:8080 519 0.000 200 ecd1e6d8d4dda4d5652dcf60f67e929b
10.32.12.5 - - [29/Apr/2024:06:50:23 +0000] "POST /group/param/sum HTTP/1.1" 499 0 "-" "Apache-HttpClient/4.5.9 (Java/1.8.0_282)" 454 5.001 [edge365-wise-mplus-userfunctions-80] [] 10.32.12.75:8080 0 5.000 - 5c2da12ab98d4f3293b2eaaf52fc5db1
10.32.12.195 - - [29/Apr/2024:06:50:26 +0000] "POST /v1.0/cert/device/status/3623afdf-88db-42cc-a56a-8ab928fb7f7e HTTP/1.1" 200 94 "-" "go-resty/2.7.0 (https://github.com/go-resty/resty)" 601 0.009 [edge365-api-cert-revoke-80] [] 10.32.12.95:3000 94 0.012 200 a01690f53e5af129e11ea08cfefd102b
10.32.12.195 - - [29/Apr/2024:06:50:27 +0000] "GET /api/v1/namespaces/edge365/pods?limit=500 HTTP/1.1" 200 21863 "-" "kubectl/v1.27.2 (linux/amd64) kubernetes/7f6f68f" 621 0.058 [ensaas-service-clusteragent-proxy-9000] [] 10.32.12.147:8000 21825 0.060 200 5162be5c945d7899778bb70f6acf3c22
10.32.12.195 - - [29/Apr/2024:06:50:28 +0000] "POST /v1.0/cert/device/status/3623afdf-88db-42cc-a56a-8ab928fb7f7e HTTP/1.1" 200 94 "-" "go-resty/2.7.0 (https://github.com/go-resty/resty)" 601 0.005 [edge365-api-cert-revoke-80] [] 10.32.12.95:3000 94 0.004 200 258f6bff42efccd8fb1b302d80306aeb
10.32.12.131 - - [29/Apr/2024:06:50:28 +0000] "POST /v1.0/cert/device/status/69a7f7f4-f74d-4df8-863f-346e73073c85 HTTP/1.1" 200 94 "-" "go-resty/2.7.0 (https://github.com/go-resty/resty)" 601 0.005 [edge365-api-cert-revoke-80] [] 10.32.12.95:3000 94 0.004 200 e31f5d49e419b0b46910406d0268a34e
10.32.12.5 - - [29/Apr/2024:06:50:32 +0000] "POST /v1.0/cert/device/status/f4d15f76-b79b-4cc9-aa5b-74291ab489be HTTP/1.1" 200 94 "-" "go-resty/2.7.0 (https://github.com/go-resty/resty)" 529 0.006 [edge365-api-cert-revoke-80] [] 10.32.12.95:3000 94 0.008 200 7887a649e614469c62ef93b5db8ef979
10.32.12.131 - - [29/Apr/2024:06:50:33 +0000] "POST /group/param/sum HTTP/1.1" 499 0 "-" "Apache-HttpClient/4.5.9 (Java/1.8.0_282)" 456 4.997 [edge365-wise-mplus-userfunctions-80] [] 10.32.12.75:8080 0 4.996 - b2882ac469271db98cd8cd987ebcbf24
10.32.12.195 - - [29/Apr/2024:06:50:36 +0000] "POST /v1.0/cert/device/status/33bd5e9e-e880-42b7-96c7-7bee1ec3840c HTTP/1.1" 200 94 "-" "go-resty/2.7.0 (https://github.com/go-resty/resty)" 601 0.005 [edge365-api-cert-revoke-80] [] 10.32.12.95:3000 94 0.004 200 468543f0cc2bce182f46391a423b0be6
10.32.12.68 - - [29/Apr/2024:06:50:37 +0000] "POST /v1.0/cert/device/status/46427a01-7efe-4fc5-b1f9-dd01e6ed0433 HTTP/1.1" 200 94 "-" "go-resty/2.7.0 (https://github.com/go-resty/resty)" 601 0.005 [edge365-api-cert-revoke-80] [] 10.32.12.95:3000 94 0.008 200 e668d74fe0ff980e8f1d911270623cb0
10.32.12.131 - - [29/Apr/2024:06:50:38 +0000] "POST /group/param/sum HTTP/1.1" 499 0 "-" "Apache-HttpClient/4.5.9 (Java/1.8.0_282)" 457 5.002 [edge365-wise-mplus-userfunctions-80] [] 10.32.12.75:8080 0 5.004 - 99a8d167bed38f8aca7bb9f522441abf
10.32.12.68 - - [29/Apr/2024:06:50:41 +0000] "POST /group/param/sum HTTP/1.1" 200 107 "-" "Apache-HttpClient/4.5.9 (Java/1.8.0_282)" 454 0.068 [edge365-wise-mplus-userfunctions-80] [] 10.32.12.75:8080 107 0.068 200 cafc08c8b96a5d9a79a63c3508dd7169
10.32.12.195 - - [29/Apr/2024:06:50:41 +0000] "POST /group/alarm/status HTTP/1.1" 200 101 "-" "Apache-HttpClient/4.5.9 (Java/1.8.0_282)" 450 0.005 [edge365-wise-mplus-userfunctions-80] [] 10.32.12.75:8080 101 0.004 200 817cc92b75037031944add59e17df7e5
10.32.12.195 - - [29/Apr/2024:06:50:41 +0000] "POST /group/param/sum HTTP/1.1" 200 104 "-" "Apache-HttpClient/4.5.9 (Java/1.8.0_282)" 454 0.042 [edge365-wise-mplus-userfunctions-80] [] 10.32.12.75:8080 104 0.044 200 2bd09565d1feda30aae0dc29e783e917
10.32.12.195 - - [29/Apr/2024:06:50:42 +0000] "POST /group/alarm/status HTTP/1.1" 200 101 "-" "Apache-HttpClient/4.5.9 (Java/1.8.0_282)" 450 0.005 [edge365-wise-mplus-userfunctions-80] [] 10.32.12.75:8080 101 0.004 200 9bb77c869eac364072f8648a8b69a837
10.32.12.195 - - [29/Apr/2024:06:50:42 +0000] "POST /group/param/sum HTTP/1.1" 200 100 "-" "Apache-HttpClient/4.5.9 (Java/1.8.0_282)" 454 0.006 [edge365-wise-mplus-userfunctions-80] [] 10.32.12.75:8080 100 0.008 200 2cf020d9faf1ad33c129fb926e4c91f5
10.32.12.195 - - [29/Apr/2024:06:50:42 +0000] "POST /group/param/sum HTTP/1.1" 200 115 "-" "Apache-HttpClient/4.5.9 (Java/1.8.0_282)" 454 0.060 [edge365-wise-mplus-userfunctions-80] [] 10.32.12.75:8080 115 0.060 200 319ac321185288239150f0936debc144
10.32.12.131 - - [29/Apr/2024:06:50:42 +0000] "POST /group/param/sum HTTP/1.1" 200 115 "-" "Apache-HttpClient/4.5.9 (Java/1.8.0_282)" 456 0.075 [edge365-wise-mplus-userfunctions-80] [] 10.32.12.75:8080 115 0.072 200 8b55e78191759ddaaa16d0b19e7d64b7
10.32.12.5 - - [29/Apr/2024:06:50:52 +0000] "GET /v1/health/liveness HTTP/1.1" 404 19 "-" "axios/0.18.0" 166 0.002 [ensaas-service-kubeensaas-80] [] 10.32.12.118:8080 19 0.004 404 737fd6a472808e5f3888a908e62ad0e8
10.32.12.5 - - [29/Apr/2024:06:50:52 +0000] "GET / HTTP/1.1" 200 519 "-" "axios/0.18.0" 148 0.002 [ensaas-service-kubeensaas-80] [] 10.32.12.118:8080 519 0.004 200 f1c79632e21b4ccdd42a760494a2cada
10.32.12.195 - - [29/Apr/2024:06:50:54 +0000] "POST /v1.0/cert/device/status/cd096b75-b04e-4ccf-8162-1f251855693c HTTP/1.1" 200 94 "-" "go-resty/2.7.0 (https://github.com/go-resty/resty)" 601 0.008 [edge365-api-cert-revoke-80] [] 10.32.12.95:3000 94 0.008 200 0c6fce0a1979ba44a8c048bb7d0ad487
10.32.12.195 - - [29/Apr/2024:06:51:04 +0000] "POST /v1.0/cert/device/status/bf8dcf19-7297-47d7-8ddf-fcbb58dc4163 HTTP/1.1" 200 94 "-" "go-resty/2.7.0 (https://github.com/go-resty/resty)" 601 0.008 [edge365-api-cert-revoke-80] [] 10.32.12.95:3000 94 0.008 200 37756ef0d0e0e193fa4d0332dffdba1a
10.32.12.195 - - [29/Apr/2024:06:51:04 +0000] "POST /v1.0/cert/device/status/872eae8b-ee9e-4434-842c-928b0cbf55d6 HTTP/1.1" 200 94 "-" "go-resty/2.7.0 (https://github.com/go-resty/resty)" 601 0.004 [edge365-api-cert-revoke-80] [] 10.32.12.95:3000 94 0.004 200 822867d43911708f7c6e46e8c26e81a0
10.32.12.131 - - [29/Apr/2024:06:51:06 +0000] "POST /group/alarm/status HTTP/1.1" 499 0 "-" "Apache-HttpClient/4.5.9 (Java/1.8.0_282)" 450 5.002 [edge365-wise-mplus-userfunctions-80] [] 10.32.12.75:8080 0 5.004 - 8962b589e79abb342f9d00a86eccaf0e
10.32.12.195 - - [29/Apr/2024:06:51:07 +0000] "POST /v1.0/cert/device/status/bf8dcf19-7297-47d7-8ddf-fcbb58dc4163 HTTP/1.1" 200 94 "-" "go-resty/2.7.0 (https://github.com/go-resty/resty)" 601 0.006 [edge365-api-cert-revoke-80] [] 10.32.12.95:3000 94 0.008 200 aae0eed532dd69f79c84fb5a1a36dc1c
10.32.12.195 - - [29/Apr/2024:06:51:10 +0000] "POST /portal-proxy/auth/refreshtoken HTTP/1.1" 200 651 "https://portal-deviceon-bi-edge365-solarscada.sembcorp.net/" "Mozilla/5.0 (Windows NT 10.0; Win64; x64) AppleWebKit/537.36 (KHTML, like Gecko) Chrome/123.0.0.0 Safari/537.36" 1991 0.075 [edge365-portal-wise-mplus-80] [] 10.32.12.37:8080 651 0.076 200 8000d0b1e91bd1a13b1d36859916d051
10.32.12.68 - - [29/Apr/2024:06:51:10 +0000] "POST /portal-proxy/auth/refreshtoken HTTP/1.1" 200 651 "https://portal-deviceon-bi-edge365-solarscada.sembcorp.net/" "Mozilla/5.0 (Windows NT 10.0; Win64; x64) AppleWebKit/537.36 (KHTML, like Gecko) Chrome/123.0.0.0 Safari/537.36" 1991 0.076 [edge365-portal-wise-mplus-80] [] 10.32.12.37:8080 651 0.076 200 9fc3a067a1a86d8d10c51269942f23a9
10.32.12.68 - - [29/Apr/2024:06:51:18 +0000] "POST /v1.0/cert/device/status/04852cee-5961-4b71-ac2d-5c9076e790ad HTTP/1.1" 200 94 "-" "go-resty/2.7.0 (https://github.com/go-resty/resty)" 601 0.008 [edge365-api-cert-revoke-80] [] 10.32.12.95:3000 94 0.008 200 1aff8ce49ce3123e31032a0a440e0ecc
10.32.12.5 - - [29/Apr/2024:06:51:22 +0000] "GET /v4.0/health HTTP/1.1" 200 62 "-" "axios/0.18.0" 160 0.005 [ensaas-service-sso-http] [] 10.32.12.107:8080 62 0.004 200 64fb9323aee0a73fd4836262d1ba06cb
10.32.12.5 - - [29/Apr/2024:06:51:22 +0000] "POST /v4.0/tokenvalidation HTTP/1.1" 200 651 "-" "axios/0.18.0" 784 0.004 [ensaas-service-sso-http] [] 10.32.12.107:8080 651 0.004 200 7d57ac3ef6723f1058f44a2368ae5b66
10.32.12.5 - - [29/Apr/2024:06:51:22 +0000] "POST /v4.0/tokenvalidation HTTP/1.1" 200 651 "-" "axios/0.18.0" 784 0.004 [ensaas-service-sso-http] [] 10.32.12.107:8080 651 0.004 200 60b1d2b6e5201b5e8c9c605b46e6784d
10.32.12.68 - - [29/Apr/2024:06:51:22 +0000] "POST /v4.0/tokenvalidation HTTP/1.1" 200 651 "-" "node-fetch/1.0 (+https://github.com/bitinn/node-fetch)" 808 0.006 [ensaas-service-sso-http] [] 10.32.12.107:8080 651 0.004 200 175a69161720c1c730d2e6f6e8308f52
10.32.12.68 - - [29/Apr/2024:06:51:22 +0000] "GET /v4.0/users/me HTTP/1.1" 200 1010 "-" "node-fetch/1.0 (+https://github.com/bitinn/node-fetch)" 753 0.018 [ensaas-service-sso-http] [] 10.32.12.107:8080 1010 0.016 200 c56d16c202333b8e53e75c0380122617
10.32.12.195 - - [29/Apr/2024:06:51:22 +0000] "POST /graphql HTTP/1.1" 200 127 "https://pivot-api-hub-edge365-solarscada.sembcorp.net/?t=VGVuYW50.ZOVuh7EAYdskIXOO" "Mozilla/5.0 (Windows NT 10.0; Win64; x64) AppleWebKit/537.36 (KHTML, like Gecko) Chrome/123.0.0.0 Safari/537.36" 2197 0.371 [edge365-pivot-api-hub-80] [] 10.32.12.92:80 127 0.368 200 2bfbadf3f68b2b20728b499b08784f31
10.32.12.5 - - [29/Apr/2024:06:51:23 +0000] "POST /v4.0/tokenvalidation HTTP/1.1" 200 651 "-" "axios/0.18.0" 784 0.006 [ensaas-service-sso-http] [] 10.32.12.107:8080 651 0.004 200 8002884272a3fe4e1b4a14c3fb688a46
10.32.12.5 - - [29/Apr/2024:06:51:23 +0000] "POST /v4.0/tokenvalidation HTTP/1.1" 200 651 "-" "axios/0.18.0" 784 0.003 [ensaas-service-sso-http] [] 10.32.12.107:8080 651 0.004 200 fec238428109940f950e43d0bf608edc
10.32.12.68 - - [29/Apr/2024:06:51:23 +0000] "POST /v4.0/tokenvalidation HTTP/1.1" 200 651 "-" "node-fetch/1.0 (+https://github.com/bitinn/node-fetch)" 808 0.008 [ensaas-service-sso-http] [] 10.32.12.107:8080 651 0.008 200 46e44c97be485af15ef1646836aa55bf
10.32.12.5 - - [29/Apr/2024:06:51:23 +0000] "POST /v4.0/tokenvalidation HTTP/1.1" 200 651 "-" "axios/0.18.0" 784 0.004 [ensaas-service-sso-http] [] 10.32.12.107:8080 651 0.004 200 a050e4e28e3c7af7f149e30983b9a4fb
10.32.12.5 - - [29/Apr/2024:06:51:23 +0000] "POST /v4.0/tokenvalidation HTTP/1.1" 200 651 "-" "axios/0.18.0" 784 0.004 [ensaas-service-sso-http] [] 10.32.12.107:8080 651 0.004 200 0477c79f279cef0c95c47629a2c5e3ac
10.32.12.5 - - [29/Apr/2024:06:51:23 +0000] "POST /v4.0/tokenvalidation HTTP/1.1" 200 651 "-" "axios/0.18.0" 784 0.004 [ensaas-service-sso-http] [] 10.32.12.107:8080 651 0.004 200 608d3bbebefe1bbf974d519d51e22330
10.32.12.68 - - [29/Apr/2024:06:51:23 +0000] "GET /v4.0/users/me HTTP/1.1" 200 1010 "https://pivot-api-hub-edge365-solarscada.sembcorp.net/?t=VGVuYW50.ZOVuh7EAYdskIXOO" "Mozilla/5.0 (Windows NT 10.0; Win64; x64) AppleWebKit/537.36 (KHTML, like Gecko) Chrome/123.0.0.0 Safari/537.36" 1984 0.024 [ensaas-service-sso-http] [] 10.32.12.107:8080 1010 0.024 200 159d2bdd46ec917c6d077490f3e780d5
10.32.12.131 - - [29/Apr/2024:06:51:23 +0000] "GET /ensaas-sso/users/me HTTP/1.1" 200 1010 "https://pivot-api-hub-edge365-solarscada.sembcorp.net/?t=VGVuYW50.ZOVuh7EAYdskIXOO" "Mozilla/5.0 (Windows NT 10.0; Win64; x64) AppleWebKit/537.36 (KHTML, like Gecko) Chrome/123.0.0.0 Safari/537.36" 1891 0.038 [edge365-pivot-api-hub-80] [] 10.32.12.92:80 1010 0.040 200 159d2bdd46ec917c6d077490f3e780d5
10.32.12.5 - - [29/Apr/2024:06:51:23 +0000] "POST /v4.0/tokenvalidation HTTP/1.1" 200 651 "-" "axios/0.18.0" 784 0.004 [ensaas-service-sso-http] [] 10.32.12.107:8080 651 0.004 200 569282da3307862289c7538eb89030f3
10.32.12.5 - - [29/Apr/2024:06:51:23 +0000] "POST /v4.0/tokenvalidation HTTP/1.1" 200 651 "-" "axios/0.18.0" 784 0.003 [ensaas-service-sso-http] [] 10.32.12.107:8080 651 0.004 200 6c72b796af60ed6ffc72cfa49eedac2e
10.32.12.5 - - [29/Apr/2024:06:51:23 +0000] "POST /v4.0/tokenvalidation HTTP/1.1" 200 651 "-" "axios/0.18.0" 784 0.011 [ensaas-service-sso-http] [] 10.32.12.107:8080 651 0.012 200 85980f45f3f48887da6a4295ee99efa1
10.32.12.131 - - [29/Apr/2024:06:51:24 +0000] "POST /graphql HTTP/1.1" 200 216 "https://pivot-api-hub-edge365-solarscada.sembcorp.net/?t=VGVuYW50.ZOVuh7EAYdskIXOO" "Mozilla/5.0 (Windows NT 10.0; Win64; x64) AppleWebKit/537.36 (KHTML, like Gecko) Chrome/123.0.0.0 Safari/537.36" 2611 0.898 [edge365-pivot-api-hub-80] [] 10.32.12.92:80 216 0.900 200 3370e35659459220485d9ee6d7672fbb
10.32.12.5 - - [29/Apr/2024:06:51:25 +0000] "POST /graphql HTTP/1.1" 200 1567 "https://pivot-api-hub-edge365-solarscada.sembcorp.net/?t=VGVuYW50.ZOVuh7EAYdskIXOO" "Mozilla/5.0 (Windows NT 10.0; Win64; x64) AppleWebKit/537.36 (KHTML, like Gecko) Chrome/123.0.0.0 Safari/537.36" 3130 0.053 [edge365-pivot-api-hub-80] [] 10.32.12.92:80 1567 0.056 200 4e91d507b463ca3505a6ce089b5bbf61
10.32.12.131 - - [29/Apr/2024:06:51:25 +0000] "POST /graphql HTTP/1.1" 200 3573 "https://pivot-api-hub-edge365-solarscada.sembcorp.net/?t=VGVuYW50.ZOVuh7EAYdskIXOO" "Mozilla/5.0 (Windows NT 10.0; Win64; x64) AppleWebKit/537.36 (KHTML, like Gecko) Chrome/123.0.0.0 Safari/537.36" 2491 0.051 [edge365-pivot-api-hub-80] [] 10.32.12.92:80 3573 0.048 200 bb4be5328ddce6ddaecacb80021a9df7
10.32.12.5 - - [29/Apr/2024:06:51:26 +0000] "POST /v1.0/cert/device/status/57fcc025-dbf6-4cc3-ba57-482f4ab6d3db HTTP/1.1" 200 94 "-" "go-resty/2.7.0 (https://github.com/go-resty/resty)" 601 0.021 [edge365-api-cert-revoke-80] [] 10.32.12.95:3000 94 0.020 200 780c917489b4d56219ff11bcf264d2ae
10.32.12.5 - - [29/Apr/2024:06:51:26 +0000] "POST /graphql HTTP/1.1" 200 692 "https://portal-dataconnect-edge365-solarscada.sembcorp.net/?v=1713320674048&IFPLang=en-US" "Mozilla/5.0 (Windows NT 10.0; Win64; x64) AppleWebKit/537.36 (KHTML, like Gecko) Chrome/123.0.0.0 Safari/537.36" 3588 0.049 [edge365-pivot-api-hub-80] [] 10.32.12.92:80 692 0.052 200 3b29a4fdee9a11fbc428d71a164e1101
10.32.12.5 - - [29/Apr/2024:06:51:26 +0000] "POST /v4.0/tokenvalidation HTTP/1.1" 200 651 "-" "axios/0.18.0" 784 0.004 [ensaas-service-sso-http] [] 10.32.12.107:8080 651 0.000 200 77faa1c31d90d18a9897b95f5053ffee
10.32.12.5 - - [29/Apr/2024:06:51:26 +0000] "POST /v4.0/tokenvalidation HTTP/1.1" 200 651 "-" "axios/0.18.0" 784 0.004 [ensaas-service-sso-http] [] 10.32.12.107:8080 651 0.004 200 15fa4bb79b4776f2d6a739d7e120ec8f
10.32.12.5 - - [29/Apr/2024:06:51:26 +0000] "POST /v4.0/tokenvalidation HTTP/1.1" 200 651 "-" "axios/0.18.0" 784 0.006 [ensaas-service-sso-http] [] 10.32.12.107:8080 651 0.008 200 23200b729deb15b53d362c3275ec0b28
10.32.12.5 - - [29/Apr/2024:06:51:26 +0000] "POST /v4.0/tokenvalidation HTTP/1.1" 200 651 "-" "axios/0.18.0" 784 0.004 [ensaas-service-sso-http] [] 10.32.12.107:8080 651 0.004 200 45fd3fb3dd1177042c382d7281487b1b
10.32.12.5 - - [29/Apr/2024:06:51:26 +0000] "POST /v4.0/tokenvalidation HTTP/1.1" 200 651 "-" "axios/0.18.0" 784 0.004 [ensaas-service-sso-http] [] 10.32.12.107:8080 651 0.004 200 d22c6c5d4c00aaec9ed7bb8223a567b4
10.32.12.5 - - [29/Apr/2024:06:51:26 +0000] "POST /v4.0/tokenvalidation HTTP/1.1" 200 651 "-" "axios/0.18.0" 784 0.004 [ensaas-service-sso-http] [] 10.32.12.107:8080 651 0.004 200 9bfea4b8b51d1e52a629845d9d194427
10.32.12.5 - - [29/Apr/2024:06:51:27 +0000] "POST /v4.0/tokenvalidation HTTP/1.1" 200 651 "-" "axios/0.18.0" 784 0.004 [ensaas-service-sso-http] [] 10.32.12.107:8080 651 0.004 200 03f890211aca1b732f03dbf0bf729d62
10.32.12.5 - - [29/Apr/2024:06:51:27 +0000] "POST /v4.0/tokenvalidation HTTP/1.1" 200 651 "-" "axios/0.18.0" 784 0.004 [ensaas-service-sso-http] [] 10.32.12.107:8080 651 0.004 200 831732987840b877c43e5656091d884d
10.32.12.5 - - [29/Apr/2024:06:51:27 +0000] "POST /v4.0/tokenvalidation HTTP/1.1" 200 651 "-" "axios/0.18.0" 784 0.003 [ensaas-service-sso-http] [] 10.32.12.107:8080 651 0.004 200 8f7e74d79382a7ec83c4a3bab1ff2671
10.32.12.5 - - [29/Apr/2024:06:51:27 +0000] "POST /v4.0/tokenvalidation HTTP/1.1" 200 651 "-" "axios/0.18.0" 784 0.004 [ensaas-service-sso-http] [] 10.32.12.107:8080 651 0.008 200 95119eea19a7b3b4ec2021d18fa43853
10.32.12.5 - - [29/Apr/2024:06:51:27 +0000] "POST /graphql HTTP/1.1" 200 2776 "https://portal-dataconnect-edge365-solarscada.sembcorp.net/?v=1713320674048&IFPLang=en-US" "Mozilla/5.0 (Windows NT 10.0; Win64; x64) AppleWebKit/537.36 (KHTML, like Gecko) Chrome/123.0.0.0 Safari/537.36" 3312 0.398 [edge365-pivot-api-hub-80] [] 10.32.12.92:80 2776 0.400 200 aa2395897a9e7f2b85cc4ed458881751
10.32.12.5 - - [29/Apr/2024:06:51:27 +0000] "POST /graphql HTTP/1.1" 200 29 "https://portal-dataconnect-edge365-solarscada.sembcorp.net/?v=1713320674048&IFPLang=en-US" "Mozilla/5.0 (Windows NT 10.0; Win64; x64) AppleWebKit/537.36 (KHTML, like Gecko) Chrome/123.0.0.0 Safari/537.36" 3322 0.233 [edge365-pivot-api-hub-80] [] 10.32.12.92:80 29 0.232 200 923fa20176bc96787e8c0406d763faba
10.32.12.5 - - [29/Apr/2024:06:51:27 +0000] "POST /v4.0/tokenvalidation HTTP/1.1" 200 651 "-" "axios/0.18.0" 784 0.004 [ensaas-service-sso-http] [] 10.32.12.107:8080 651 0.008 200 74b1e99c422a617c58d9c96d67a754fd
10.32.12.5 - - [29/Apr/2024:06:51:27 +0000] "POST /v4.0/tokenvalidation HTTP/1.1" 200 651 "-" "axios/0.18.0" 784 0.004 [ensaas-service-sso-http] [] 10.32.12.107:8080 651 0.004 200 8a79d32f2733a4c34e49216003828772
10.32.12.5 - - [29/Apr/2024:06:51:27 +0000] "POST /v4.0/tokenvalidation HTTP/1.1" 200 651 "-" "axios/0.18.0" 784 0.004 [ensaas-service-sso-http] [] 10.32.12.107:8080 651 0.004 200 c4781828291c48e64a64bd6ed80b7ffe
10.32.12.195 - - [29/Apr/2024:06:51:27 +0000] "POST /graphql HTTP/1.1" 200 159 "https://portal-dataconnect-edge365-solarscada.sembcorp.net/?v=1713320674048&IFPLang=en-US" "Mozilla/5.0 (Windows NT 10.0; Win64; x64) AppleWebKit/537.36 (KHTML, like Gecko) Chrome/123.0.0.0 Safari/537.36" 3006 0.044 [edge365-pivot-api-hub-80] [] 10.32.12.92:80 159 0.044 200 d3d6357d6a92c92f6bd72a9c50eb6dcc
10.32.12.5 - - [29/Apr/2024:06:51:27 +0000] "POST /v4.0/tokenvalidation HTTP/1.1" 200 651 "-" "axios/0.18.0" 784 0.004 [ensaas-service-sso-http] [] 10.32.12.107:8080 651 0.004 200 9ec8674c0e86e2c55842fab4164ee9f2
10.32.12.195 - - [29/Apr/2024:06:51:27 +0000] "POST /graphql HTTP/1.1" 200 133 "https://portal-dataconnect-edge365-solarscada.sembcorp.net/?v=1713320674048&IFPLang=en-US" "Mozilla/5.0 (Windows NT 10.0; Win64; x64) AppleWebKit/537.36 (KHTML, like Gecko) Chrome/123.0.0.0 Safari/537.36" 3004 0.055 [edge365-pivot-api-hub-80] [] 10.32.12.92:80 133 0.052 200 79b24d0de08401dec888edfe236df3de
10.32.12.5 - - [29/Apr/2024:06:51:27 +0000] "POST /v4.0/tokenvalidation HTTP/1.1" 200 651 "-" "axios/0.18.0" 784 0.004 [ensaas-service-sso-http] [] 10.32.12.107:8080 651 0.004 200 05f35843dbfef4f4d9fbdf530cb158af
10.32.12.131 - - [29/Apr/2024:06:51:27 +0000] "POST /graphql HTTP/1.1" 200 133 "https://portal-dataconnect-edge365-solarscada.sembcorp.net/?v=1713320674048&IFPLang=en-US" "Mozilla/5.0 (Windows NT 10.0; Win64; x64) AppleWebKit/537.36 (KHTML, like Gecko) Chrome/123.0.0.0 Safari/537.36" 2193 0.104 [edge365-portal-dataconnect-80] [] 10.32.12.48:8080 133 0.104 200 79b24d0de08401dec888edfe236df3de
10.32.12.5 - - [29/Apr/2024:06:51:27 +0000] "POST /v4.0/tokenvalidation HTTP/1.1" 200 651 "-" "axios/0.18.0" 784 0.003 [ensaas-service-sso-http] [] 10.32.12.107:8080 651 0.004 200 49420d115d5960ef18078b674e4f6d56
10.32.12.5 - - [29/Apr/2024:06:51:27 +0000] "POST /v4.0/tokenvalidation HTTP/1.1" 200 651 "-" "axios/0.18.0" 784 0.004 [ensaas-service-sso-http] [] 10.32.12.107:8080 651 0.004 200 0bbc6361ab3e41c91ff48eac83bd7569
10.32.12.5 - - [29/Apr/2024:06:51:27 +0000] "POST /v4.0/tokenvalidation HTTP/1.1" 200 651 "-" "axios/0.18.0" 784 0.007 [ensaas-service-sso-http] [] 10.32.12.107:8080 651 0.008 200 c8a1b6206169a2a1a1495ebdac529007
10.32.12.5 - - [29/Apr/2024:06:51:27 +0000] "POST /v4.0/tokenvalidation HTTP/1.1" 200 651 "-" "axios/0.18.0" 784 0.004 [ensaas-service-sso-http] [] 10.32.12.107:8080 651 0.004 200 812c6fa8102184a8749f9aeccd90757f
10.32.12.5 - - [29/Apr/2024:06:51:27 +0000] "POST /v4.0/tokenvalidation HTTP/1.1" 200 651 "-" "axios/0.18.0" 784 0.004 [ensaas-service-sso-http] [] 10.32.12.107:8080 651 0.004 200 9991625a17337b32874826afc835ea3f
10.32.12.5 - - [29/Apr/2024:06:51:27 +0000] "POST /v4.0/tokenvalidation HTTP/1.1" 200 651 "-" "axios/0.18.0" 784 0.004 [ensaas-service-sso-http] [] 10.32.12.107:8080 651 0.004 200 886716b20ca376db0b70df5f97d64469
10.32.12.5 - - [29/Apr/2024:06:51:27 +0000] "POST /v4.0/tokenvalidation HTTP/1.1" 200 651 "-" "axios/0.18.0" 784 0.004 [ensaas-service-sso-http] [] 10.32.12.107:8080 651 0.004 200 e5b8f56d56014d6be3de46de9a1e61ac
10.32.12.5 - - [29/Apr/2024:06:51:27 +0000] "POST /v4.0/tokenvalidation HTTP/1.1" 200 651 "-" "axios/0.18.0" 784 0.004 [ensaas-service-sso-http] [] 10.32.12.107:8080 651 0.004 200 9ee141b6d3c5660941cbca02737a870b
10.32.12.5 - - [29/Apr/2024:06:51:27 +0000] "POST /v4.0/tokenvalidation HTTP/1.1" 200 651 "-" "axios/0.18.0" 784 0.003 [ensaas-service-sso-http] [] 10.32.12.107:8080 651 0.004 200 ead5165400900387c3ea895ff906cb69
10.32.12.5 - - [29/Apr/2024:06:51:27 +0000] "POST /v4.0/tokenvalidation HTTP/1.1" 200 651 "-" "axios/0.18.0" 784 0.005 [ensaas-service-sso-http] [] 10.32.12.107:8080 651 0.004 200 c6c26eb5e378a0e8a55549ac9e5397b6
10.32.12.5 - - [29/Apr/2024:06:51:27 +0000] "POST /v4.0/tokenvalidation HTTP/1.1" 200 651 "-" "axios/0.18.0" 784 0.007 [ensaas-service-sso-http] [] 10.32.12.107:8080 651 0.004 200 7b002937b80a2e492e78875529c4dd30
10.32.12.195 - - [29/Apr/2024:06:51:27 +0000] "POST /graphql HTTP/1.1" 200 29 "https://portal-dataconnect-edge365-solarscada.sembcorp.net/?v=1713320674048&IFPLang=en-US" "Mozilla/5.0 (Windows NT 10.0; Win64; x64) AppleWebKit/537.36 (KHTML, like Gecko) Chrome/123.0.0.0 Safari/537.36" 3031 0.152 [edge365-pivot-api-hub-80] [] 10.32.12.92:80 29 0.152 200 0ead2c2e9a4c0fce8daffaa6bc70d01c
10.32.12.68 - - [29/Apr/2024:06:51:27 +0000] "POST /graphql HTTP/1.1" 200 29 "https://portal-dataconnect-edge365-solarscada.sembcorp.net/?v=1713320674048&IFPLang=en-US" "Mozilla/5.0 (Windows NT 10.0; Win64; x64) AppleWebKit/537.36 (KHTML, like Gecko) Chrome/123.0.0.0 Safari/537.36" 2223 0.260 [edge365-portal-dataconnect-80] [] 10.32.12.48:8080 29 0.260 200 0b323ef5d33cad823a65414f51f6925a
10.32.12.68 - - [29/Apr/2024:06:51:27 +0000] "POST /graphql HTTP/1.1" 200 154 "https://portal-dataconnect-edge365-solarscada.sembcorp.net/?v=1713320674048&IFPLang=en-US" "Mozilla/5.0 (Windows NT 10.0; Win64; x64) AppleWebKit/537.36 (KHTML, like Gecko) Chrome/123.0.0.0 Safari/537.36" 3029 0.129 [edge365-pivot-api-hub-80] [] 10.32.12.92:80 154 0.128 200 b6c04ceb3f9d32f2a2e0b88ed228e9ec
10.32.12.68 - - [29/Apr/2024:06:51:27 +0000] "POST /graphql HTTP/1.1" 200 154 "https://portal-dataconnect-edge365-solarscada.sembcorp.net/?v=1713320674048&IFPLang=en-US" "Mozilla/5.0 (Windows NT 10.0; Win64; x64) AppleWebKit/537.36 (KHTML, like Gecko) Chrome/123.0.0.0 Safari/537.36" 2220 0.266 [edge365-portal-dataconnect-80] [] 10.32.12.48:8080 154 0.268 200 b6c04ceb3f9d32f2a2e0b88ed228e9ec
10.32.12.68 - - [29/Apr/2024:06:51:27 +0000] "POST /v4.0/tokenvalidation HTTP/1.1" 200 651 "-" "node-fetch/1.0 (+https://github.com/bitinn/node-fetch)" 808 0.006 [ensaas-service-sso-http] [] 10.32.12.107:8080 651 0.004 200 f4cbbb23aa0834f8c0b9d687536129fe
10.32.12.68 - - [29/Apr/2024:06:51:27 +0000] "POST /graphql HTTP/1.1" 200 1055 "https://portal-dataconnect-edge365-solarscada.sembcorp.net/?v=1713320674048&IFPLang=en-US" "Mozilla/5.0 (Windows NT 10.0; Win64; x64) AppleWebKit/537.36 (KHTML, like Gecko) Chrome/123.0.0.0 Safari/537.36" 2473 0.294 [edge365-portal-dataconnect-80] [] 10.32.12.48:8080 1055 0.296 200 af21d343144bb182ff6a94e19d1e60f3
10.32.12.68 - - [29/Apr/2024:06:51:27 +0000] "GET /v4.0/users/subscriptions HTTP/1.1" 200 235 "-" "node-fetch/1.0 (+https://github.com/bitinn/node-fetch)" 764 0.013 [ensaas-service-sso-http] [] 10.32.12.107:8080 235 0.016 200 31b6140c4c233b01eede7735daad064c
10.32.12.5 - - [29/Apr/2024:06:51:28 +0000] "POST /v4.0/tokenvalidation HTTP/1.1" 200 651 "-" "axios/0.18.0" 784 0.004 [ensaas-service-sso-http] [] 10.32.12.107:8080 651 0.004 200 84a38c4e1fc77c86e7f57937065bb044
10.32.12.5 - - [29/Apr/2024:06:51:28 +0000] "POST /v4.0/tokenvalidation HTTP/1.1" 200 651 "-" "axios/0.18.0" 784 0.004 [ensaas-service-sso-http] [] 10.32.12.107:8080 651 0.004 200 5d1cf91a5621e934fe974b881defa860
10.32.12.5 - - [29/Apr/2024:06:51:28 +0000] "POST /v4.0/tokenvalidation HTTP/1.1" 200 651 "-" "axios/0.18.0" 784 0.004 [ensaas-service-sso-http] [] 10.32.12.107:8080 651 0.004 200 e04547e0100e44c5decb8052c00681a8
10.32.12.5 - - [29/Apr/2024:06:51:28 +0000] "POST /v4.0/tokenvalidation HTTP/1.1" 200 651 "-" "axios/0.18.0" 784 0.003 [ensaas-service-sso-http] [] 10.32.12.107:8080 651 0.004 200 3c3ccc39ba22451cf147049af4c8aa15
10.32.12.5 - - [29/Apr/2024:06:51:28 +0000] "POST /v4.0/tokenvalidation HTTP/1.1" 200 651 "-" "axios/0.18.0" 784 0.003 [ensaas-service-sso-http] [] 10.32.12.107:8080 651 0.004 200 894d352d1edf5317ee097471e74c4f5d
10.32.12.195 - - [29/Apr/2024:06:51:28 +0000] "POST /graphql HTTP/1.1" 200 229 "https://portal-dataconnect-edge365-solarscada.sembcorp.net/?v=1713320674048&IFPLang=en-US" "Mozilla/5.0 (Windows NT 10.0; Win64; x64) AppleWebKit/537.36 (KHTML, like Gecko) Chrome/123.0.0.0 Safari/537.36" 2186 1.190 [edge365-portal-dataconnect-80] [] 10.32.12.48:8080 229 1.188 200 ea98c034ab921cae5dc6f0144a707d6e
10.32.12.5 - - [29/Apr/2024:06:51:28 +0000] "POST /v4.0/tokenvalidation HTTP/1.1" 200 651 "-" "axios/0.18.0" 784 0.005 [ensaas-service-sso-http] [] 10.32.12.107:8080 651 0.008 200 bb1d1e0822cf9dbf485b85cb894880ca
10.32.12.68 - - [29/Apr/2024:06:51:28 +0000] "POST /v1.0/cert/device/status/69a7f7f4-f74d-4df8-863f-346e73073c85 HTTP/1.1" 200 94 "-" "go-resty/2.7.0 (https://github.com/go-resty/resty)" 601 0.005 [edge365-api-cert-revoke-80] [] 10.32.12.95:3000 94 0.004 200 10b495fe267853254e3793321e5f07f1
10.32.12.68 - - [29/Apr/2024:06:51:28 +0000] "POST /graphql HTTP/1.1" 200 415491 "https://portal-dataconnect-edge365-solarscada.sembcorp.net/?v=1713320674048&IFPLang=en-US" "Mozilla/5.0 (Windows NT 10.0; Win64; x64) AppleWebKit/537.36 (KHTML, like Gecko) Chrome/123.0.0.0 Safari/537.36" 2343 1.661 [edge365-portal-dataconnect-80] [] 10.32.12.48:8080 415491 1.660 200 b30440f6482d270a39f92d075bb49bb1
10.32.12.68 - - [29/Apr/2024:06:51:29 +0000] "GET /static/btn-main-i-app-device-h.svg HTTP/1.1" 304 0 "https://portal-dataconnect-edge365-solarscada.sembcorp.net/" "Mozilla/5.0 (Windows NT 10.0; Win64; x64) AppleWebKit/537.36 (KHTML, like Gecko) Chrome/123.0.0.0 Safari/537.36" 2026 0.006 [edge365-portal-dpm-80] [] 10.32.12.121:8080 0 0.008 304 f903bf6c5c6a07095c0f140d44ca8a5d
10.32.12.131 - - [29/Apr/2024:06:51:32 +0000] "POST /group/param/sum HTTP/1.1" 200 114 "-" "Apache-HttpClient/4.5.9 (Java/1.8.0_282)" 458 0.046 [edge365-wise-mplus-userfunctions-80] [] 10.32.12.75:8080 114 0.044 200 d3361fe37ab27df72e44cca91dc3d2b2
10.32.12.195 - - [29/Apr/2024:06:51:34 +0000] "POST /v1.0/cert/device/status/f4d15f76-b79b-4cc9-aa5b-74291ab489be HTTP/1.1" 200 94 "-" "go-resty/2.7.0 (https://github.com/go-resty/resty)" 529 0.010 [edge365-api-cert-revoke-80] [] 10.32.12.95:3000 94 0.012 200 c0bebc25a5a321058cd8a022d1c765c8
10.32.12.68 - - [29/Apr/2024:06:51:43 +0000] "POST /group/param/sum HTTP/1.1" 200 107 "-" "Apache-HttpClient/4.5.9 (Java/1.8.0_282)" 454 0.007 [edge365-wise-mplus-userfunctions-80] [] 10.32.12.75:8080 107 0.004 200 ce9e61fff418af17f4394290d2e26b7a
10.32.12.195 - - [29/Apr/2024:06:51:43 +0000] "POST /group/param/sum HTTP/1.1" 200 107 "-" "Apache-HttpClient/4.5.9 (Java/1.8.0_282)" 456 0.008 [edge365-wise-mplus-userfunctions-80] [] 10.32.12.75:8080 107 0.008 200 79ea397e0fd1dc38345aecf9f6680c69
10.32.12.195 - - [29/Apr/2024:06:51:43 +0000] "POST /group/param/sum HTTP/1.1" 200 103 "-" "Apache-HttpClient/4.5.9 (Java/1.8.0_282)" 454 0.007 [edge365-wise-mplus-userfunctions-80] [] 10.32.12.75:8080 103 0.008 200 e953020228c3adeaf42cd8ed13388edd
10.32.12.68 - - [29/Apr/2024:06:51:43 +0000] "POST /object/alarm/status HTTP/1.1" 200 102 "-" "Apache-HttpClient/4.5.9 (Java/1.8.0_282)" 453 0.015 [edge365-wise-mplus-userfunctions-80] [] 10.32.12.75:8080 102 0.016 200 9360562253f057c62aa3701a582942e9
10.32.12.68 - - [29/Apr/2024:06:51:43 +0000] "POST /group/alarm/status HTTP/1.1" 200 101 "-" "Apache-HttpClient/4.5.9 (Java/1.8.0_282)" 451 0.004 [edge365-wise-mplus-userfunctions-80] [] 10.32.12.75:8080 101 0.004 200 00372b0d753a488540f9ba93c90a6a0f
10.32.12.131 - - [29/Apr/2024:06:51:43 +0000] "POST /group/param/sum HTTP/1.1" 200 98 "-" "Apache-HttpClient/4.5.9 (Java/1.8.0_282)" 459 0.002 [edge365-wise-mplus-userfunctions-80] [] 10.32.12.75:8080 98 0.004 200 92c94939db7da1f3b513e6be79d29460
10.32.12.131 - - [29/Apr/2024:06:51:44 +0000] "POST /group/param/sum HTTP/1.1" 200 104 "-" "Apache-HttpClient/4.5.9 (Java/1.8.0_282)" 455 0.044 [edge365-wise-mplus-userfunctions-80] [] 10.32.12.75:8080 104 0.044 200 3ccc61a983cb96d1298068e5de3be616
10.32.12.131 - - [29/Apr/2024:06:51:44 +0000] "POST /group/param/sum HTTP/1.1" 200 115 "-" "Apache-HttpClient/4.5.9 (Java/1.8.0_282)" 455 0.020 [edge365-wise-mplus-userfunctions-80] [] 10.32.12.75:8080 115 0.020 200 a771cce5b3501f43b97720885d327ae4
10.32.12.131 - - [29/Apr/2024:06:51:44 +0000] "POST /group/param/sum HTTP/1.1" 200 114 "-" "Apache-HttpClient/4.5.9 (Java/1.8.0_282)" 456 0.031 [edge365-wise-mplus-userfunctions-80] [] 10.32.12.75:8080 114 0.028 200 5a9edd7c9d1f0ed0570a3493403c7106
10.32.12.131 - - [29/Apr/2024:06:51:44 +0000] "POST /object/alarm/status HTTP/1.1" 200 102 "-" "Apache-HttpClient/4.5.9 (Java/1.8.0_282)" 453 0.005 [edge365-wise-mplus-userfunctions-80] [] 10.32.12.75:8080 102 0.004 200 bf074218b66f4f47b795852e993c15f1
