10.32.12.68 - - [29/Apr/2024:06:45:51 +0000] "POST /v1.0/cert/device/status/f969ba00-f059-4836-8795-05d9b56e8f87 HTTP/1.1" 200 94 "-" "go-resty/2.7.0 (https://github.com/go-resty/resty)" 601 0.004 [edge365-api-cert-revoke-80] [] 10.32.12.95:3000 94 0.004 200 9e571fe86e794c08e6031a76805154a0
W0429 06:45:53.474052       7 controller.go:1083] Service "rms/ensaas-rms-prometheus" does not have any active Endpoint.
W0429 06:45:53.474414       7 controller.go:1083] Service "edge365/iapp-iwater-portal" does not have any active Endpoint.
W0429 06:45:53.474432       7 controller.go:1083] Service "edge365/iapp-iwater-api" does not have any active Endpoint.
W0429 06:45:53.474540       7 controller.go:1083] Service "edge365/api-job-executor-wise-mplus" does not have any active Endpoint.
W0429 06:45:53.475220       7 controller.go:395] Error getting Service "ensaas-service/ecm-api-grpc": no object matching key "ensaas-service/ecm-api-grpc" in local store
W0429 06:45:53.475236       7 controller.go:395] Error getting Service "ensaas-service/ecm-api-config": no object matching key "ensaas-service/ecm-api-config" in local store
10.32.12.68 - - [29/Apr/2024:06:45:53 +0000] "POST /v1.0/cert/device/status/bf8dcf19-7297-47d7-8ddf-fcbb58dc4163 HTTP/1.1" 200 94 "-" "go-resty/2.7.0 (https://github.com/go-resty/resty)" 601 0.003 [edge365-api-cert-revoke-80] [] 10.32.12.95:3000 94 0.004 200 2bc1c0b9856c0fe715fb15cefe935ef0
10.32.12.5 - - [29/Apr/2024:06:46:08 +0000] "POST /v1.0/cert/device/status/04852cee-5961-4b71-ac2d-5c9076e790ad HTTP/1.1" 200 94 "-" "go-resty/2.7.0 (https://github.com/go-resty/resty)" 601 0.003 [edge365-api-cert-revoke-80] [] 10.32.12.95:3000 94 0.000 200 84f9542f0b55d32daee7b6c0bebcbd2e
10.32.12.195 - - [29/Apr/2024:06:46:18 +0000] "POST /v1.0/cert/device/status/3623afdf-88db-42cc-a56a-8ab928fb7f7e HTTP/1.1" 200 94 "-" "go-resty/2.7.0 (https://github.com/go-resty/resty)" 601 0.011 [edge365-api-cert-revoke-80] [] 10.32.12.95:3000 94 0.012 200 f22f66a74ca6e4258ccd340031498015
10.32.12.68 - - [29/Apr/2024:06:46:20 +0000] "POST /v1.0/cert/device/status/f4d15f76-b79b-4cc9-aa5b-74291ab489be HTTP/1.1" 200 94 "-" "go-resty/2.7.0 (https://github.com/go-resty/resty)" 529 0.003 [edge365-api-cert-revoke-80] [] 10.32.12.95:3000 94 0.000 200 b6c1022d9c2891096400d48d27dce6f5
10.32.12.131 - - [29/Apr/2024:06:46:27 +0000] "GET /api/v1/namespaces/edge365/pods?limit=500 HTTP/1.1" 200 21934 "-" "kubectl/v1.27.2 (linux/amd64) kubernetes/7f6f68f" 621 0.081 [ensaas-service-clusteragent-proxy-9000] [] 10.32.12.147:8000 21818 0.080 200 46907e3d118dd5876ecb4bfdcabc2abf
10.32.12.5 - - [29/Apr/2024:06:46:46 +0000] "POST /v1.0/cert/device/status/cd096b75-b04e-4ccf-8162-1f251855693c HTTP/1.1" 200 94 "-" "go-resty/2.7.0 (https://github.com/go-resty/resty)" 601 0.003 [edge365-api-cert-revoke-80] [] 10.32.12.95:3000 94 0.004 200 01d9031dd42e27e2ea2b717fc5926329
10.32.12.5 - - [29/Apr/2024:06:46:52 +0000] "GET /v4.0/health HTTP/1.1" 200 62 "-" "axios/0.18.0" 160 0.005 [ensaas-service-sso-http] [] 10.32.12.107:8080 62 0.004 200 7bcd90cfbf561a9c436de472c2e99c58
10.32.12.131 - - [29/Apr/2024:06:46:53 +0000] "POST /v1.0/cert/device/status/872eae8b-ee9e-4434-842c-928b0cbf55d6 HTTP/1.1" 200 94 "-" "go-resty/2.7.0 (https://github.com/go-resty/resty)" 601 0.004 [edge365-api-cert-revoke-80] [] 10.32.12.95:3000 94 0.004 200 82021002935318f6647d55859cdf1702
10.32.12.68 - - [29/Apr/2024:06:46:56 +0000] "GET /api/v1/namespaces/edge365/pods/api-dbmaster-wise-mplus-57b7dcb99d-csxkp HTTP/1.1" 200 7678 "-" "kubectl/v1.27.2 (linux/amd64) kubernetes/7f6f68f" 567 0.054 [ensaas-service-clusteragent-proxy-9000] [] 10.32.12.147:8000 7657 0.052 200 7f7be18393bb672e7170e239cd29e3a9
10.32.12.195 - - [29/Apr/2024:06:46:56 +0000] "GET /api/v1/namespaces/edge365/events?fieldSelector=involvedObject.name%3Dapi-dbmaster-wise-mplus-57b7dcb99d-csxkp%2CinvolvedObject.namespace%3Dedge365%2CinvolvedObject.uid%3D64305a06-8721-41a4-82d7-f9fce66b9fff&limit=500 HTTP/1.1" 200 5837 "-" "kubectl/v1.27.2 (linux/amd64) kubernetes/7f6f68f" 712 0.049 [ensaas-service-clusteragent-proxy-9000] [] 10.32.12.147:8000 5831 0.048 200 252880cd07e427002f6c70e43c5d7051
10.32.12.195 - - [29/Apr/2024:06:47:17 +0000] "GET /api/v1/namespaces/edge365/pods/api-dbmaster-wise-mplus-57b7dcb99d-csxkp HTTP/1.1" 200 7690 "-" "kubectl/v1.27.2 (linux/amd64) kubernetes/7f6f68f" 563 0.060 [ensaas-service-clusteragent-proxy-9000] [] 10.32.12.147:8000 7657 0.060 200 cf66eb70a737919278b2ffd8454afc9e
10.32.12.195 - - [29/Apr/2024:06:47:17 +0000] "GET /api/v1/namespaces/edge365/pods/api-dbmaster-wise-mplus-57b7dcb99d-csxkp/log?container=api-dbmaster-wise-mplus&previous=true HTTP/1.1" 200 39768 "-" "kubectl/v1.27.2 (linux/amd64) kubernetes/7f6f68f" 615 0.067 [ensaas-service-clusteragent-proxy-9000] [] 10.32.12.147:8000 39685 0.068 200 18a8f5e573262209f0ae54c0f17e83da
10.32.12.131 - - [29/Apr/2024:06:47:19 +0000] "POST /v1.0/cert/device/status/3623afdf-88db-42cc-a56a-8ab928fb7f7e HTTP/1.1" 200 94 "-" "go-resty/2.7.0 (https://github.com/go-resty/resty)" 601 0.003 [edge365-api-cert-revoke-80] [] 10.32.12.95:3000 94 0.000 200 481074dcc30c79ea90e42c7f5e5b1ec4
10.32.12.5 - - [29/Apr/2024:06:47:22 +0000] "GET /v1/health/liveness HTTP/1.1" 404 19 "-" "axios/0.18.0" 166 0.000 [ensaas-service-kubeensaas-80] [] 10.32.12.118:8080 19 0.000 404 6b74052061bb0e74625379f3d99eddf8
10.32.12.5 - - [29/Apr/2024:06:47:22 +0000] "GET / HTTP/1.1" 200 519 "-" "axios/0.18.0" 148 0.000 [ensaas-service-kubeensaas-80] [] 10.32.12.118:8080 519 0.000 200 49dd6a8ac4395eff47f9eeeacfa1417c
10.32.12.131 - - [29/Apr/2024:06:47:22 +0000] "POST /v1.0/cert/device/status/f4d15f76-b79b-4cc9-aa5b-74291ab489be HTTP/1.1" 200 94 "-" "go-resty/2.7.0 (https://github.com/go-resty/resty)" 529 0.004 [edge365-api-cert-revoke-80] [] 10.32.12.95:3000 94 0.000 200 2e2f8b50a79466e535d17806e9bb3377
10.32.12.5 - - [29/Apr/2024:06:47:24 +0000] "POST /v1.0/cert/device/status/f4d15f76-b79b-4cc9-aa5b-74291ab489be HTTP/1.1" 200 94 "-" "go-resty/2.7.0 (https://github.com/go-resty/resty)" 529 0.003 [edge365-api-cert-revoke-80] [] 10.32.12.95:3000 94 0.000 200 4fd31797fdafb9b99d3595929100746b
10.32.12.195 - - [29/Apr/2024:06:47:27 +0000] "POST /v1.0/cert/device/status/33bd5e9e-e880-42b7-96c7-7bee1ec3840c HTTP/1.1" 200 94 "-" "go-resty/2.7.0 (https://github.com/go-resty/resty)" 601 0.003 [edge365-api-cert-revoke-80] [] 10.32.12.95:3000 94 0.004 200 cc228a4db72b56021a89cff664059240
10.32.12.5 - - [29/Apr/2024:06:47:30 +0000] "POST /v1.0/cert/device/status/46427a01-7efe-4fc5-b1f9-dd01e6ed0433 HTTP/1.1" 200 94 "-" "go-resty/2.7.0 (https://github.com/go-resty/resty)" 601 0.003 [edge365-api-cert-revoke-80] [] 10.32.12.95:3000 94 0.000 200 92da6ec4fa7f9678060636b8fc955709
10.32.12.5 - - [29/Apr/2024:06:47:45 +0000] "POST /v4.0/tokenvalidation HTTP/1.1" 200 658 "-" "axios/0.18.0" 791 0.002 [ensaas-service-sso-http] [] 10.32.12.107:8080 658 0.004 200 0b41bca886b6d0c039ec828f01575e7f
10.32.12.131 - - [29/Apr/2024:06:47:45 +0000] "POST /v1.0/cert/device/status/f969ba00-f059-4836-8795-05d9b56e8f87 HTTP/1.1" 200 94 "-" "go-resty/2.7.0 (https://github.com/go-resty/resty)" 601 0.003 [edge365-api-cert-revoke-80] [] 10.32.12.95:3000 94 0.000 200 acec08d343f9e0d120e63b4f942329e0
10.32.12.5 - - [29/Apr/2024:06:47:52 +0000] "GET /v1/health/liveness HTTP/1.1" 404 19 "-" "axios/0.18.0" 166 0.000 [ensaas-service-kubeensaas-80] [] 10.32.12.118:8080 19 0.000 404 51274452d5f32329e5a81a12af5538a2
10.32.12.5 - - [29/Apr/2024:06:47:52 +0000] "GET / HTTP/1.1" 200 519 "-" "axios/0.18.0" 148 0.000 [ensaas-service-kubeensaas-80] [] 10.32.12.118:8080 519 0.000 200 e873b8eea9ff3432722bc44f1827797f
10.32.12.195 - - [29/Apr/2024:06:47:55 +0000] "POST /group/alarm/status HTTP/1.1" 499 0 "-" "Apache-HttpClient/4.5.9 (Java/1.8.0_282)" 450 4.999 [edge365-wise-mplus-userfunctions-80] [] 10.32.12.75:8080 0 4.996 - cd43683f17756cb681fd13d1677d7373
10.32.12.68 - - [29/Apr/2024:06:47:57 +0000] "POST /v1.0/cert/device/status/bf8dcf19-7297-47d7-8ddf-fcbb58dc4163 HTTP/1.1" 200 94 "-" "go-resty/2.7.0 (https://github.com/go-resty/resty)" 601 0.004 [edge365-api-cert-revoke-80] [] 10.32.12.95:3000 94 0.004 200 3bf431fe6b576fa9328a09326bbca677
10.32.12.68 - - [29/Apr/2024:06:48:00 +0000] "POST /group/alarm/status HTTP/1.1" 499 0 "-" "Apache-HttpClient/4.5.9 (Java/1.8.0_282)" 450 4.989 [edge365-wise-mplus-userfunctions-80] [] 10.32.12.75:8080 0 4.989 - 7b51fe53e62a561302f62c6c2ec3b37a
10.32.12.195 - - [29/Apr/2024:06:48:01 +0000] "POST /group/param/sum HTTP/1.1" 200 114 "-" "Apache-HttpClient/4.5.9 (Java/1.8.0_282)" 458 0.581 [edge365-wise-mplus-userfunctions-80] [] 10.32.12.75:8080 114 0.580 200 863b0e8432bdf671be7f3f73631075c9
10.32.12.195 - - [29/Apr/2024:06:48:02 +0000] "POST /group/param/sum HTTP/1.1" 200 98 "-" "Apache-HttpClient/4.5.9 (Java/1.8.0_282)" 458 0.767 [edge365-wise-mplus-userfunctions-80] [] 10.32.12.75:8080 98 0.768 200 0fcd84a13859fe29912594f45b06a1cd
10.32.12.68 - - [29/Apr/2024:06:48:07 +0000] "POST /group/alarm/status HTTP/1.1" 499 0 "-" "Apache-HttpClient/4.5.9 (Java/1.8.0_282)" 450 4.986 [edge365-wise-mplus-userfunctions-80] [] 10.32.12.75:8080 0 4.988 - e28f2a9b5280f2c936fbd54e260a371f
10.32.12.195 - - [29/Apr/2024:06:48:12 +0000] "POST /group/alarm/status HTTP/1.1" 499 0 "-" "Apache-HttpClient/4.5.9 (Java/1.8.0_282)" 450 5.240 [edge365-wise-mplus-userfunctions-80] [] 10.32.12.75:8080 0 5.240 - 44e0bb40bf6dec7f41473fcdd5b3389f
10.32.12.131 - - [29/Apr/2024:06:48:12 +0000] "POST /group/param/sum HTTP/1.1" 200 103 "-" "Apache-HttpClient/4.5.9 (Java/1.8.0_282)" 454 0.008 [edge365-wise-mplus-userfunctions-80] [] 10.32.12.75:8080 103 0.008 200 ccc4c26d6a9caf7eb2ed96908b09a524
10.32.12.195 - - [29/Apr/2024:06:48:13 +0000] "POST /group/param/sum HTTP/1.1" 200 106 "-" "Apache-HttpClient/4.5.9 (Java/1.8.0_282)" 454 0.004 [edge365-wise-mplus-userfunctions-80] [] 10.32.12.75:8080 106 0.008 200 aeebba5d578a7ebbea5e8cace69eea46
10.32.12.68 - - [29/Apr/2024:06:48:13 +0000] "POST /group/alarm/status HTTP/1.1" 200 101 "-" "Apache-HttpClient/4.5.9 (Java/1.8.0_282)" 450 0.003 [edge365-wise-mplus-userfunctions-80] [] 10.32.12.75:8080 101 0.004 200 85f22f67bcb8c8c79069a685ff575e87
10.32.12.68 - - [29/Apr/2024:06:48:13 +0000] "POST /group/param/sum HTTP/1.1" 200 102 "-" "Apache-HttpClient/4.5.9 (Java/1.8.0_282)" 454 0.008 [edge365-wise-mplus-userfunctions-80] [] 10.32.12.75:8080 102 0.008 200 e0c2d8d36e2dd380dfd9884f6f8c02c4
10.32.12.68 - - [29/Apr/2024:06:48:13 +0000] "POST /group/param/sum HTTP/1.1" 200 101 "-" "Apache-HttpClient/4.5.9 (Java/1.8.0_282)" 457 0.006 [edge365-wise-mplus-userfunctions-80] [] 10.32.12.75:8080 101 0.008 200 aa16f4afb929351e815c904e60fd5426
10.32.12.68 - - [29/Apr/2024:06:48:13 +0000] "POST /group/param/sum HTTP/1.1" 200 98 "-" "Apache-HttpClient/4.5.9 (Java/1.8.0_282)" 454 0.006 [edge365-wise-mplus-userfunctions-80] [] 10.32.12.75:8080 98 0.004 200 bee07fe95c1172ede75556e821619ea4
10.32.12.68 - - [29/Apr/2024:06:48:13 +0000] "POST /group/param/sum HTTP/1.1" 200 98 "-" "Apache-HttpClient/4.5.9 (Java/1.8.0_282)" 458 0.005 [edge365-wise-mplus-userfunctions-80] [] 10.32.12.75:8080 98 0.004 200 9a84ec1dc925363d0825225c3740029c
10.32.12.195 - - [29/Apr/2024:06:48:13 +0000] "POST /group/alarm/status HTTP/1.1" 200 101 "-" "Apache-HttpClient/4.5.9 (Java/1.8.0_282)" 450 0.003 [edge365-wise-mplus-userfunctions-80] [] 10.32.12.75:8080 101 0.004 200 d03a0a7f6babf6ec0acce3d5fb788c63
10.32.12.195 - - [29/Apr/2024:06:48:13 +0000] "POST /group/alarm/status HTTP/1.1" 200 101 "-" "Apache-HttpClient/4.5.9 (Java/1.8.0_282)" 450 0.004 [edge365-wise-mplus-userfunctions-80] [] 10.32.12.75:8080 101 0.004 200 d3c4282412ad4b1649b54d5faf93f656
10.32.12.5 - - [29/Apr/2024:06:48:13 +0000] "POST /group/param/sum HTTP/1.1" 200 115 "-" "Apache-HttpClient/4.5.9 (Java/1.8.0_282)" 455 0.007 [edge365-wise-mplus-userfunctions-80] [] 10.32.12.75:8080 115 0.004 200 287019e4093a1bf59a895303fd461712
10.32.12.68 - - [29/Apr/2024:06:48:14 +0000] "POST /group/param/sum HTTP/1.1" 200 107 "-" "Apache-HttpClient/4.5.9 (Java/1.8.0_282)" 454 0.003 [edge365-wise-mplus-userfunctions-80] [] 10.32.12.75:8080 107 0.004 200 9f08c6808f49a3d95f85222f6230c4d2
10.32.12.195 - - [29/Apr/2024:06:48:14 +0000] "POST /group/param/sum HTTP/1.1" 200 115 "-" "Apache-HttpClient/4.5.9 (Java/1.8.0_282)" 458 0.004 [edge365-wise-mplus-userfunctions-80] [] 10.32.12.75:8080 115 0.004 200 becab738436078f9dd56b3ddd6cdb871
10.32.12.68 - - [29/Apr/2024:06:48:14 +0000] "POST /group/alarm/status HTTP/1.1" 200 101 "-" "Apache-HttpClient/4.5.9 (Java/1.8.0_282)" 450 0.003 [edge365-wise-mplus-userfunctions-80] [] 10.32.12.75:8080 101 0.004 200 15889a2617ac9a92359abec37a92925d
10.32.12.131 - - [29/Apr/2024:06:48:20 +0000] "POST /group/param/sum HTTP/1.1" 200 107 "-" "Apache-HttpClient/4.5.9 (Java/1.8.0_282)" 454 0.005 [edge365-wise-mplus-userfunctions-80] [] 10.32.12.75:8080 107 0.004 200 604754c22d09e2b34ee7f1c52d9e6e67
10.32.12.131 - - [29/Apr/2024:06:48:23 +0000] "POST /v1.0/cert/device/status/3623afdf-88db-42cc-a56a-8ab928fb7f7e HTTP/1.1" 200 94 "-" "go-resty/2.7.0 (https://github.com/go-resty/resty)" 601 0.003 [edge365-api-cert-revoke-80] [] 10.32.12.95:3000 94 0.004 200 7395482d2579326c1ce15c07134ce040
10.32.12.195 - - [29/Apr/2024:06:48:24 +0000] "POST /v1.0/cert/device/status/69a7f7f4-f74d-4df8-863f-346e73073c85 HTTP/1.1" 200 94 "-" "go-resty/2.7.0 (https://github.com/go-resty/resty)" 601 0.004 [edge365-api-cert-revoke-80] [] 10.32.12.95:3000 94 0.004 200 ded5f69b5a1c18c7d5efb13d0d8579d8
10.32.12.131 - - [29/Apr/2024:06:48:29 +0000] "POST /v1.0/cert/device/status/33bd5e9e-e880-42b7-96c7-7bee1ec3840c HTTP/1.1" 200 94 "-" "go-resty/2.7.0 (https://github.com/go-resty/resty)" 601 0.003 [edge365-api-cert-revoke-80] [] 10.32.12.95:3000 94 0.004 200 1777ca6f4996c691f80cac083923d15b
10.32.12.5 - - [29/Apr/2024:06:48:30 +0000] "POST /group/param/sum HTTP/1.1" 200 107 "-" "Apache-HttpClient/4.5.9 (Java/1.8.0_282)" 455 0.037 [edge365-wise-mplus-userfunctions-80] [] 10.32.12.75:8080 107 0.036 200 434b532f576428a368b1cea0ca8b1037
10.32.12.131 - - [29/Apr/2024:06:48:31 +0000] "POST /v4.0/tokenvalidation HTTP/1.1" 200 658 "-" "fasthttp" 706 0.001 [ensaas-service-sso-http] [] 10.32.12.107:8080 658 0.000 200 06c2947cfa286bc06cdd7028d1776873
10.32.12.131 - - [29/Apr/2024:06:48:31 +0000] "GET /v4.0/users/me HTTP/1.1" 200 897 "-" "fasthttp" 689 0.021 [ensaas-service-sso-http] [] 10.32.12.107:8080 897 0.020 200 452df9378de9ee6fac219e0756f6ed4f
10.32.12.131 - - [29/Apr/2024:06:48:31 +0000] "POST /v4.0/tokenvalidation HTTP/1.1" 200 658 "-" "fasthttp" 706 0.002 [ensaas-service-sso-http] [] 10.32.12.107:8080 658 0.004 200 6c284c32d4b89d7bc78f4b87d63b84db
10.32.12.5 - - [29/Apr/2024:06:48:31 +0000] "GET /api/annotations?dashboardId=189&from=1714320000000&to=1714406399999 HTTP/1.1" 200 27 "-" "Mozilla/5.0 (Windows NT 10.0; Win64; x64) AppleWebKit/537.36 (KHTML, like Gecko) Chrome/123.0.0.0 Safari/537.36" 1859 0.072 [edge365-dashboard-pro-edge365-http] [] 10.32.12.166:8080 27 0.072 200 3a49f78332bd3def56fb8bc8658b36a3
10.32.12.131 - - [29/Apr/2024:06:48:31 +0000] "POST /v4.0/tokenvalidation HTTP/1.1" 200 658 "-" "fasthttp" 706 0.002 [ensaas-service-sso-http] [] 10.32.12.107:8080 658 0.000 200 2a164945dcbe1318d6b8774ed197035c
10.32.12.131 - - [29/Apr/2024:06:48:31 +0000] "GET /v4.0/users/me HTTP/1.1" 200 897 "-" "fasthttp" 689 0.020 [ensaas-service-sso-http] [] 10.32.12.107:8080 897 0.020 200 8b8b6e8941831fccdd743c384f31ec81
10.32.12.131 - - [29/Apr/2024:06:48:31 +0000] "POST /v4.0/tokenvalidation HTTP/1.1" 200 658 "-" "fasthttp" 706 0.002 [ensaas-service-sso-http] [] 10.32.12.107:8080 658 0.000 200 1280d67d7a35609d7330711c2bc91005
10.32.12.131 - - [29/Apr/2024:06:48:31 +0000] "GET /v4.0/users/me HTTP/1.1" 200 897 "-" "fasthttp" 689 0.020 [ensaas-service-sso-http] [] 10.32.12.107:8080 897 0.020 200 3205c156f9de67665a963ed4f2371b3d
10.32.12.131 - - [29/Apr/2024:06:48:31 +0000] "GET /v4.0/users/me HTTP/1.1" 200 897 "-" "fasthttp" 689 0.021 [ensaas-service-sso-http] [] 10.32.12.107:8080 897 0.024 200 6e54042e343e6e4f73baa9ffc8e59419
2024/04/29 06:48:31 [warn] 148#148: *170539088 a client request body is buffered to a temporary file /tmp/client-body/0000003318, client: 10.32.12.195, server: dashboard.edge365.solarscada.en.internal, request: "POST /api/datasources/proxy/45/query?lang=en-US HTTP/1.1", host: "dashboard.edge365.solarscada.en.internal"
10.32.12.131 - - [29/Apr/2024:06:48:31 +0000] "POST /v4.0/tokenvalidation HTTP/1.1" 200 658 "-" "fasthttp" 706 0.002 [ensaas-service-sso-http] [] 10.32.12.107:8080 658 0.004 200 7e1b6f4f76cdd2facbcfe089ec4b535b
10.32.12.131 - - [29/Apr/2024:06:48:31 +0000] "GET /v4.0/users/me HTTP/1.1" 200 897 "-" "fasthttp" 689 0.022 [ensaas-service-sso-http] [] 10.32.12.107:8080 897 0.020 200 9fe3e4ddd20843b62503e64626ac5dae
10.32.12.131 - - [29/Apr/2024:06:48:31 +0000] "POST /v4.0/tokenvalidation HTTP/1.1" 200 658 "-" "axios/0.21.4" 772 0.005 [ensaas-service-sso-http] [] 10.32.12.107:8080 658 0.000 200 f0312a5986891de1e9218ddc16164633
10.32.12.131 - - [29/Apr/2024:06:48:31 +0000] "POST /v4.0/tokenvalidation HTTP/1.1" 200 658 "-" "axios/0.21.4" 772 0.030 [ensaas-service-sso-http] [] 10.32.12.107:8080 658 0.004 200 930ec7174dc64aad0bdb399880687cf8
10.32.12.131 - - [29/Apr/2024:06:48:31 +0000] "POST /v4.0/tokenvalidation HTTP/1.1" 200 658 "-" "axios/0.21.4" 772 0.037 [ensaas-service-sso-http] [] 10.32.12.107:8080 658 0.004 200 6db901e5c7a48dc4cf19bedeb3b107dd
10.32.12.195 - - [29/Apr/2024:06:48:36 +0000] "POST /group/param/sum HTTP/1.1" 499 0 "-" "Apache-HttpClient/4.5.9 (Java/1.8.0_282)" 453 4.999 [edge365-wise-mplus-userfunctions-80] [] 10.32.12.75:8080 0 5.000 - 02519494b190e57c1c68dfdce6c0c68d
10.32.12.131 - - [29/Apr/2024:06:48:51 +0000] "POST /group/alarm/status HTTP/1.1" 499 0 "-" "Apache-HttpClient/4.5.9 (Java/1.8.0_282)" 450 4.996 [edge365-wise-mplus-userfunctions-80] [] 10.32.12.75:8080 0 4.997 - 8455945ea5ea97876ef74a943f0655ce
10.32.12.5 - - [29/Apr/2024:06:48:52 +0000] "GET /v1/health/liveness HTTP/1.1" 404 19 "-" "axios/0.18.0" 166 0.000 [ensaas-service-kubeensaas-80] [] 10.32.12.118:8080 19 0.000 404 5284bbdbb1ffb2fed735b61e45881739
10.32.12.5 - - [29/Apr/2024:06:48:52 +0000] "GET / HTTP/1.1" 200 519 "-" "axios/0.18.0" 148 0.001 [ensaas-service-kubeensaas-80] [] 10.32.12.118:8080 519 0.000 200 c3d5e176fb24b4ef0abeaf073aaee76f
10.32.12.5 - - [29/Apr/2024:06:48:52 +0000] "GET /v4.0/health HTTP/1.1" 200 62 "-" "axios/0.18.0" 160 0.008 [ensaas-service-sso-http] [] 10.32.12.107:8080 62 0.008 200 1e6299fff8e48cb54c8a7a3e5575d7cb
10.32.12.131 - - [29/Apr/2024:06:48:56 +0000] "POST /group/param/sum HTTP/1.1" 499 0 "-" "Apache-HttpClient/4.5.9 (Java/1.8.0_282)" 454 4.998 [edge365-wise-mplus-userfunctions-80] [] 10.32.12.75:8080 0 5.000 - 5b01f77caac7b6c4c5e9a2635b14eb19
10.32.12.68 - - [29/Apr/2024:06:48:57 +0000] "POST /v1.0/cert/device/status/872eae8b-ee9e-4434-842c-928b0cbf55d6 HTTP/1.1" 200 94 "-" "go-resty/2.7.0 (https://github.com/go-resty/resty)" 601 0.004 [edge365-api-cert-revoke-80] [] 10.32.12.95:3000 94 0.004 200 cf2974b1730979b575be2386ab3fc4ce
10.32.12.5 - - [29/Apr/2024:06:49:08 +0000] "POST /group/alarm/status HTTP/1.1" 499 0 "-" "Apache-HttpClient/4.5.9 (Java/1.8.0_282)" 450 4.996 [edge365-wise-mplus-userfunctions-80] [] 10.32.12.75:8080 0 4.992 - 1b3d94c3ee0d84697c853e9ce29a274a
10.32.12.5 - - [29/Apr/2024:06:49:13 +0000] "POST /v1.0/cert/device/status/57fcc025-dbf6-4cc3-ba57-482f4ab6d3db HTTP/1.1" 200 94 "-" "go-resty/2.7.0 (https://github.com/go-resty/resty)" 601 0.003 [edge365-api-cert-revoke-80] [] 10.32.12.95:3000 94 0.004 200 c6a06d047eee43e7cd909348c28160fb
10.32.12.195 - - [29/Apr/2024:06:49:14 +0000] "POST /v1.0/cert/device/status/04852cee-5961-4b71-ac2d-5c9076e790ad HTTP/1.1" 200 94 "-" "go-resty/2.7.0 (https://github.com/go-resty/resty)" 601 0.005 [edge365-api-cert-revoke-80] [] 10.32.12.95:3000 94 0.004 200 f0b9f47acabfe7cc8939eb4c2b9a3217
10.32.12.131 - - [29/Apr/2024:06:49:22 +0000] "POST /v1.0/cert/device/status/57fcc025-dbf6-4cc3-ba57-482f4ab6d3db HTTP/1.1" 200 94 "-" "go-resty/2.7.0 (https://github.com/go-resty/resty)" 601 0.003 [edge365-api-cert-revoke-80] [] 10.32.12.95:3000 94 0.000 200 9c3c96571ed7e801630f1602fe2cfa1e
10.32.12.5 - - [29/Apr/2024:06:49:22 +0000] "GET /v1/health/liveness HTTP/1.1" 404 19 "-" "axios/0.18.0" 166 0.000 [ensaas-service-kubeensaas-80] [] 10.32.12.118:8080 19 0.000 404 12564c5781a5bc7ccb9432f63d60b46f
10.32.12.5 - - [29/Apr/2024:06:49:22 +0000] "GET / HTTP/1.1" 200 519 "-" "axios/0.18.0" 148 0.000 [ensaas-service-kubeensaas-80] [] 10.32.12.118:8080 519 0.000 200 6f4267809f68e918003e70ae7849b3f3
10.32.12.131 - - [29/Apr/2024:06:49:23 +0000] "POST /v1.0/cert/device/status/69a7f7f4-f74d-4df8-863f-346e73073c85 HTTP/1.1" 200 94 "-" "go-resty/2.7.0 (https://github.com/go-resty/resty)" 601 0.007 [edge365-api-cert-revoke-80] [] 10.32.12.95:3000 94 0.008 200 62214192d02f9ecde8569c74acad632a
10.32.12.131 - - [29/Apr/2024:06:49:25 +0000] "POST /v1.0/cert/device/status/3623afdf-88db-42cc-a56a-8ab928fb7f7e HTTP/1.1" 200 94 "-" "go-resty/2.7.0 (https://github.com/go-resty/resty)" 601 0.003 [edge365-api-cert-revoke-80] [] 10.32.12.95:3000 94 0.000 200 7b6c58f4bfb9fed353eb25e7705b98de
10.32.12.195 - - [29/Apr/2024:06:49:28 +0000] "POST /group/param/sum HTTP/1.1" 499 0 "-" "Apache-HttpClient/4.5.9 (Java/1.8.0_282)" 458 4.999 [edge365-wise-mplus-userfunctions-80] [] 10.32.12.75:8080 0 5.000 - 084cbb6d560586089738a2ce7d6e2ae7
2024/04/29 06:49:31 [error] 148#148: *170539080 upstream timed out (110: Operation timed out) while reading response header from upstream, client: 10.32.12.131, server: dashboard.edge365.solarscada.en.internal, request: "POST /api/datasources/proxy/45/query?lang=en-US HTTP/1.1", upstream: "http://10.32.12.166:8080/api/datasources/proxy/45/query?lang=en-US", host: "dashboard.edge365.solarscada.en.internal"
10.32.12.131 - - [29/Apr/2024:06:49:31 +0000] "POST /api/datasources/proxy/45/query?lang=en-US HTTP/1.1" 504 562 "-" "Mozilla/5.0 (Windows NT 10.0; Win64; x64) AppleWebKit/537.36 (KHTML, like Gecko) Chrome/123.0.0.0 Safari/537.36" 3898 60.007 [edge365-dashboard-pro-edge365-http] [] 10.32.12.166:8080 0 60.006 504 1ceddadfa3af6060cffcbd4b02f8551f
2024/04/29 06:49:31 [error] 148#148: *170539083 upstream timed out (110: Operation timed out) while reading response header from upstream, client: 10.32.12.131, server: dashboard.edge365.solarscada.en.internal, request: "POST /api/datasources/proxy/45/query?lang=en-US HTTP/1.1", upstream: "http://10.32.12.166:8080/api/datasources/proxy/45/query?lang=en-US", host: "dashboard.edge365.solarscada.en.internal"
10.32.12.131 - - [29/Apr/2024:06:49:31 +0000] "POST /api/datasources/proxy/45/query?lang=en-US HTTP/1.1" 504 562 "-" "Mozilla/5.0 (Windows NT 10.0; Win64; x64) AppleWebKit/537.36 (KHTML, like Gecko) Chrome/123.0.0.0 Safari/537.36" 9530 60.006 [edge365-dashboard-pro-edge365-http] [] 10.32.12.166:8080 0 60.002 504 6a74f3323f86d238683dfbff70653a7d
2024/04/29 06:49:31 [error] 148#148: *170539087 upstream timed out (110: Operation timed out) while reading response header from upstream, client: 10.32.12.131, server: dashboard.edge365.solarscada.en.internal, request: "POST /api/datasources/proxy/45/query?lang=en-US HTTP/1.1", upstream: "http://10.32.12.166:8080/api/datasources/proxy/45/query?lang=en-US", host: "dashboard.edge365.solarscada.en.internal"
10.32.12.131 - - [29/Apr/2024:06:49:31 +0000] "POST /api/datasources/proxy/45/query?lang=en-US HTTP/1.1" 504 562 "-" "Mozilla/5.0 (Windows NT 10.0; Win64; x64) AppleWebKit/537.36 (KHTML, like Gecko) Chrome/123.0.0.0 Safari/537.36" 3063 60.003 [edge365-dashboard-pro-edge365-http] [] 10.32.12.166:8080 0 60.002 504 1e5bf157d8f59f1cf31f73e0bfe87533
2024/04/29 06:49:31 [error] 148#148: *170539088 upstream timed out (110: Operation timed out) while reading response header from upstream, client: 10.32.12.195, server: dashboard.edge365.solarscada.en.internal, request: "POST /api/datasources/proxy/45/query?lang=en-US HTTP/1.1", upstream: "http://10.32.12.166:8080/api/datasources/proxy/45/query?lang=en-US", host: "dashboard.edge365.solarscada.en.internal"
10.32.12.195 - - [29/Apr/2024:06:49:31 +0000] "POST /api/datasources/proxy/45/query?lang=en-US HTTP/1.1" 504 562 "-" "Mozilla/5.0 (Windows NT 10.0; Win64; x64) AppleWebKit/537.36 (KHTML, like Gecko) Chrome/123.0.0.0 Safari/537.36" 15863 60.013 [edge365-dashboard-pro-edge365-http] [] 10.32.12.166:8080 0 60.002 504 f6f01607b9b027a6fb50dc38e224f806
10.32.12.131 - - [29/Apr/2024:06:49:38 +0000] "POST /v1.0/cert/device/status/46427a01-7efe-4fc5-b1f9-dd01e6ed0433 HTTP/1.1" 200 94 "-" "go-resty/2.7.0 (https://github.com/go-resty/resty)" 601 0.004 [edge365-api-cert-revoke-80] [] 10.32.12.95:3000 94 0.004 200 4db25059ec2400eb94c5c02a1e35ae68
10.32.12.68 - - [29/Apr/2024:06:49:49 +0000] "POST /v1.0/cert/device/status/f969ba00-f059-4836-8795-05d9b56e8f87 HTTP/1.1" 200 94 "-" "go-resty/2.7.0 (https://github.com/go-resty/resty)" 601 0.011 [edge365-api-cert-revoke-80] [] 10.32.12.95:3000 94 0.008 200 9e35fe06fc886204e545385c47203e67
10.32.12.68 - - [29/Apr/2024:06:49:51 +0000] "POST /v1.0/cert/device/status/cd096b75-b04e-4ccf-8162-1f251855693c HTTP/1.1" 200 94 "-" "go-resty/2.7.0 (https://github.com/go-resty/resty)" 601 0.003 [edge365-api-cert-revoke-80] [] 10.32.12.95:3000 94 0.004 200 ec01eaecbb4e8e6246258853767dde7b
10.32.12.5 - - [29/Apr/2024:06:49:52 +0000] "GET /v4.0/health HTTP/1.1" 200 62 "-" "axios/0.18.0" 160 0.005 [ensaas-service-sso-http] [] 10.32.12.107:8080 62 0.004 200 bc851056dac3fa20c88fe41bfb8487ea
10.32.12.131 - - [29/Apr/2024:06:50:02 +0000] "POST /v1.0/cert/device/status/bf8dcf19-7297-47d7-8ddf-fcbb58dc4163 HTTP/1.1" 200 94 "-" "go-resty/2.7.0 (https://github.com/go-resty/resty)" 601 0.003 [edge365-api-cert-revoke-80] [] 10.32.12.95:3000 94 0.004 200 bb8c1f83f1b34ae9ed52f0d6c0ee3944
10.32.12.5 - - [29/Apr/2024:06:50:03 +0000] "POST /group/param/sum HTTP/1.1" 499 0 "-" "Apache-HttpClient/4.5.9 (Java/1.8.0_282)" 453 4.998 [edge365-wise-mplus-userfunctions-80] [] 10.32.12.75:8080 0 5.000 - a1d0f230d3e0698580cd2266ed315458
10.32.12.131 - - [29/Apr/2024:06:50:05 +0000] "POST /v1.0/cert/device/status/bf8dcf19-7297-47d7-8ddf-fcbb58dc4163 HTTP/1.1" 200 94 "-" "go-resty/2.7.0 (https://github.com/go-resty/resty)" 601 0.003 [edge365-api-cert-revoke-80] [] 10.32.12.95:3000 94 0.004 200 a9f3dc0b5aa6eee3c7c27f47a4004147
10.32.12.195 - - [29/Apr/2024:06:50:13 +0000] "POST /v1.0/cert/device/status/04852cee-5961-4b71-ac2d-5c9076e790ad HTTP/1.1" 200 94 "-" "go-resty/2.7.0 (https://github.com/go-resty/resty)" 601 0.002 [edge365-api-cert-revoke-80] [] 10.32.12.95:3000 94 0.004 200 e197ac80c7d0695682dc3dbe0ba190ee
10.32.12.5 - - [29/Apr/2024:06:50:13 +0000] "POST /group/param/sum HTTP/1.1" 499 0 "-" "Apache-HttpClient/4.5.9 (Java/1.8.0_282)" 454 4.997 [edge365-wise-mplus-userfunctions-80] [] 10.32.12.75:8080 0 5.000 - 439b0be5379e0a2aed12b190ce76e3da
10.32.12.68 - - [29/Apr/2024:06:50:20 +0000] "GET /api/v1/namespaces/edge365/pods/api-org-wise-mplus-779cfcd5cf-gxfmw HTTP/1.1" 200 7743 "-" "kubectl/v1.27.2 (linux/amd64) kubernetes/7f6f68f" 557 0.066 [ensaas-service-clusteragent-proxy-9000] [] 10.32.12.147:8000 7723 0.064 200 e1d35582c18eba9484d3e16a163272c1
10.32.12.68 - - [29/Apr/2024:06:50:20 +0000] "GET /api/v1/namespaces/edge365/pods/api-org-wise-mplus-779cfcd5cf-gxfmw HTTP/1.1" 200 7750 "-" "kubectl/v1.27.2 (linux/amd64) kubernetes/7f6f68f" 562 0.071 [ensaas-service-clusteragent-proxy-9000] [] 10.32.12.147:8000 7723 0.072 200 c0bd0ea1d6dfd6c4bd1a7303676dd013
10.32.12.131 - - [29/Apr/2024:06:50:23 +0000] "POST /v1.0/cert/device/status/57fcc025-dbf6-4cc3-ba57-482f4ab6d3db HTTP/1.1" 200 94 "-" "go-resty/2.7.0 (https://github.com/go-resty/resty)" 601 0.003 [edge365-api-cert-revoke-80] [] 10.32.12.95:3000 94 0.004 200 2f55e2326db94d87465644c8ebfacc6a
10.32.12.131 - - [29/Apr/2024:06:50:26 +0000] "POST /v1.0/cert/device/status/69a7f7f4-f74d-4df8-863f-346e73073c85 HTTP/1.1" 200 94 "-" "go-resty/2.7.0 (https://github.com/go-resty/resty)" 601 0.007 [edge365-api-cert-revoke-80] [] 10.32.12.95:3000 94 0.008 200 9be6b36a3eda2235ea93d6e27f50fb24
10.32.12.131 - - [29/Apr/2024:06:50:28 +0000] "POST /v1.0/cert/device/status/f4d15f76-b79b-4cc9-aa5b-74291ab489be HTTP/1.1" 200 94 "-" "go-resty/2.7.0 (https://github.com/go-resty/resty)" 529 0.003 [edge365-api-cert-revoke-80] [] 10.32.12.95:3000 94 0.004 200 cf8ebb75906a28274ddb76a9d4a4c4cb
10.32.12.5 - - [29/Apr/2024:06:50:28 +0000] "POST /group/param/sum HTTP/1.1" 499 0 "-" "Apache-HttpClient/4.5.9 (Java/1.8.0_282)" 455 4.994 [edge365-wise-mplus-userfunctions-80] [] 10.32.12.75:8080 0 4.992 - 9ced889a67be822109a367f4bc287c8d
10.32.12.5 - - [29/Apr/2024:06:50:33 +0000] "POST /v1.0/cert/device/status/33bd5e9e-e880-42b7-96c7-7bee1ec3840c HTTP/1.1" 200 94 "-" "go-resty/2.7.0 (https://github.com/go-resty/resty)" 601 0.003 [edge365-api-cert-revoke-80] [] 10.32.12.95:3000 94 0.004 200 c21a01d0ec73c42645761d3094bdbe87
10.32.12.68 - - [29/Apr/2024:06:50:40 +0000] "POST /v1.0/cert/device/status/46427a01-7efe-4fc5-b1f9-dd01e6ed0433 HTTP/1.1" 200 94 "-" "go-resty/2.7.0 (https://github.com/go-resty/resty)" 601 0.004 [edge365-api-cert-revoke-80] [] 10.32.12.95:3000 94 0.004 200 018cb25122f0a8277b7b85a4a21de181
10.32.12.68 - - [29/Apr/2024:06:50:41 +0000] "POST /group/alarm/status HTTP/1.1" 200 101 "-" "Apache-HttpClient/4.5.9 (Java/1.8.0_282)" 450 0.004 [edge365-wise-mplus-userfunctions-80] [] 10.32.12.75:8080 101 0.004 200 5bc632c9984e7d74ef3c907bb24babfb
10.32.12.195 - - [29/Apr/2024:06:50:41 +0000] "POST /group/param/sum HTTP/1.1" 200 100 "-" "Apache-HttpClient/4.5.9 (Java/1.8.0_282)" 454 0.014 [edge365-wise-mplus-userfunctions-80] [] 10.32.12.75:8080 100 0.016 200 109873a71bbd7d28f435dff196039768
10.32.12.68 - - [29/Apr/2024:06:50:41 +0000] "POST /group/param/sum HTTP/1.1" 200 101 "-" "Apache-HttpClient/4.5.9 (Java/1.8.0_282)" 458 0.088 [edge365-wise-mplus-userfunctions-80] [] 10.32.12.75:8080 101 0.088 200 03d92a8ffee5dc7b34a2d1f0368b4981
10.32.12.68 - - [29/Apr/2024:06:50:41 +0000] "POST /group/alarm/status HTTP/1.1" 200 101 "-" "Apache-HttpClient/4.5.9 (Java/1.8.0_282)" 450 0.004 [edge365-wise-mplus-userfunctions-80] [] 10.32.12.75:8080 101 0.004 200 18c2a2a5369af0ef23761b2d47304222
10.32.12.195 - - [29/Apr/2024:06:50:41 +0000] "POST /group/alarm/status HTTP/1.1" 200 101 "-" "Apache-HttpClient/4.5.9 (Java/1.8.0_282)" 450 0.003 [edge365-wise-mplus-userfunctions-80] [] 10.32.12.75:8080 101 0.004 200 f3db431f19dc8e4ad9ee605c10d21128
10.32.12.68 - - [29/Apr/2024:06:50:42 +0000] "POST /group/param/sum HTTP/1.1" 200 104 "-" "Apache-HttpClient/4.5.9 (Java/1.8.0_282)" 453 0.007 [edge365-wise-mplus-userfunctions-80] [] 10.32.12.75:8080 104 0.004 200 2e8afa3e703a6dbd2bff111ef3ff74ae
10.32.12.68 - - [29/Apr/2024:06:50:42 +0000] "POST /group/param/sum HTTP/1.1" 200 107 "-" "Apache-HttpClient/4.5.9 (Java/1.8.0_282)" 454 0.005 [edge365-wise-mplus-userfunctions-80] [] 10.32.12.75:8080 107 0.008 200 506f838e298557421198db4c0a7e6a3d
10.32.12.195 - - [29/Apr/2024:06:50:42 +0000] "POST /group/param/sum HTTP/1.1" 200 115 "-" "Apache-HttpClient/4.5.9 (Java/1.8.0_282)" 458 0.005 [edge365-wise-mplus-userfunctions-80] [] 10.32.12.75:8080 115 0.004 200 102cd7c73c9d0f0eafbfde5112013b69
10.32.12.68 - - [29/Apr/2024:06:50:42 +0000] "POST /group/alarm/status HTTP/1.1" 200 101 "-" "Apache-HttpClient/4.5.9 (Java/1.8.0_282)" 450 0.004 [edge365-wise-mplus-userfunctions-80] [] 10.32.12.75:8080 101 0.004 200 219540922831b6bc5166f6afd510468c
10.32.12.68 - - [29/Apr/2024:06:50:42 +0000] "POST /group/alarm/status HTTP/1.1" 200 101 "-" "Apache-HttpClient/4.5.9 (Java/1.8.0_282)" 450 0.004 [edge365-wise-mplus-userfunctions-80] [] 10.32.12.75:8080 101 0.004 200 c5fe0269281498e03808800a37b60d9c
10.32.12.68 - - [29/Apr/2024:06:50:42 +0000] "POST /group/param/sum HTTP/1.1" 200 114 "-" "Apache-HttpClient/4.5.9 (Java/1.8.0_282)" 455 0.056 [edge365-wise-mplus-userfunctions-80] [] 10.32.12.75:8080 114 0.056 200 3c1386fba8be97fa1ff3742f1fb5d6be
10.32.12.131 - - [29/Apr/2024:06:50:42 +0000] "POST /group/param/sum HTTP/1.1" 200 105 "-" "Apache-HttpClient/4.5.9 (Java/1.8.0_282)" 457 0.032 [edge365-wise-mplus-userfunctions-80] [] 10.32.12.75:8080 105 0.032 200 9753a7b9489836d45f933192f4a968ce
10.32.12.68 - - [29/Apr/2024:06:50:44 +0000] "GET /v4.0/users/me HTTP/1.1" 200 1010 "https://pivot-api-hub-edge365-solarscada.sembcorp.net/" "Mozilla/5.0 (Windows NT 10.0; Win64; x64) AppleWebKit/537.36 (KHTML, like Gecko) Chrome/123.0.0.0 Safari/537.36" 1868 0.028 [ensaas-service-sso-http] [] 10.32.12.107:8080 1010 0.028 200 801a2bd5bcecd5ccd9eca7d4991a1551
10.32.12.5 - - [29/Apr/2024:06:50:45 +0000] "GET /dm-proxy/v1.1/org/41/device/list HTTP/1.1" 200 5685 "https://portal-dpm-edge365-solarscada.sembcorp.net/" "Mozilla/5.0 (Windows NT 10.0; Win64; x64) AppleWebKit/537.36 (KHTML, like Gecko) Chrome/123.0.0.0 Safari/537.36" 1458 0.107 [edge365-portal-dpm-80] [] 10.32.12.121:8080 5679 0.108 200 2dd37ff77cd7d1d9afb3fbdb716e24f3
10.32.12.5 - - [29/Apr/2024:06:50:45 +0000] "POST /graphql HTTP/1.1" 200 89 "https://pivot-api-hub-edge365-solarscada.sembcorp.net/" "Mozilla/5.0 (Windows NT 10.0; Win64; x64) AppleWebKit/537.36 (KHTML, like Gecko) Chrome/123.0.0.0 Safari/537.36" 1990 0.060 [edge365-pivot-api-hub-80] [] 10.32.12.92:80 89 0.060 200 73631a2390fadec944bccf14ac890618
10.32.12.5 - - [29/Apr/2024:06:50:49 +0000] "GET /api/v1/namespaces/edge365/pods/api-dbmaster-wise-mplus-57b7dcb99d-csxkp HTTP/1.1" 200 7663 "-" "kubectl/v1.27.2 (linux/amd64) kubernetes/7f6f68f" 562 0.058 [ensaas-service-clusteragent-proxy-9000] [] 10.32.12.147:8000 7657 0.060 200 45aeead379ab699b9a2fde0c4aa0daf4
10.32.12.131 - - [29/Apr/2024:06:50:50 +0000] "POST /group/param/sum HTTP/1.1" 200 115 "-" "Apache-HttpClient/4.5.9 (Java/1.8.0_282)" 453 0.039 [edge365-wise-mplus-userfunctions-80] [] 10.32.12.75:8080 115 0.036 200 d59b6a6db3c1250a5e5364b70dd29ec3
10.32.12.5 - - [29/Apr/2024:06:50:52 +0000] "GET /v4.0/health HTTP/1.1" 200 62 "-" "axios/0.18.0" 160 0.004 [ensaas-service-sso-http] [] 10.32.12.107:8080 62 0.004 200 7183bae285fe9508dd71d807fcc0d975
10.32.12.68 - - [29/Apr/2024:06:51:01 +0000] "POST /v1.0/cert/device/status/f969ba00-f059-4836-8795-05d9b56e8f87 HTTP/1.1" 200 94 "-" "go-resty/2.7.0 (https://github.com/go-resty/resty)" 601 0.003 [edge365-api-cert-revoke-80] [] 10.32.12.95:3000 94 0.004 200 cd6a81cb8382d5c7605839065504083f
10.32.12.68 - - [29/Apr/2024:06:51:01 +0000] "POST /group/alarm/status HTTP/1.1" 499 0 "-" "Apache-HttpClient/4.5.9 (Java/1.8.0_282)" 450 4.998 [edge365-wise-mplus-userfunctions-80] [] 10.32.12.75:8080 0 4.997 - 6f86186a6cf21d9904053a1e1da59487
10.32.12.195 - - [29/Apr/2024:06:51:01 +0000] "POST /v1.0/cert/device/status/872eae8b-ee9e-4434-842c-928b0cbf55d6 HTTP/1.1" 200 94 "-" "go-resty/2.7.0 (https://github.com/go-resty/resty)" 601 0.003 [edge365-api-cert-revoke-80] [] 10.32.12.95:3000 94 0.004 200 320a6701275f2519d05687730107e7ac
10.32.12.131 - - [29/Apr/2024:06:51:07 +0000] "POST /group/param/sum HTTP/1.1" 200 101 "-" "Apache-HttpClient/4.5.9 (Java/1.8.0_282)" 454 0.032 [edge365-wise-mplus-userfunctions-80] [] 10.32.12.75:8080 101 0.032 200 1a45ca63d166f0f4c36f93258b5b2a6d
10.32.12.5 - - [29/Apr/2024:06:51:10 +0000] "POST /v4.0/tokenvalidation HTTP/1.1" 200 651 "-" "axios/0.18.0" 784 0.002 [ensaas-service-sso-http] [] 10.32.12.107:8080 651 0.000 200 140d4e94fb7a196f9ad86d4a0956d4e1
10.32.12.5 - - [29/Apr/2024:06:51:10 +0000] "POST /v4.0/token HTTP/1.1" 200 651 "-" "axios/0.18.0" 274 0.020 [ensaas-service-sso-http] [] 10.32.12.107:8080 651 0.020 200 1f74bc37268cec21d5010269ed36148a
10.32.12.131 - - [29/Apr/2024:06:51:15 +0000] "POST /v1.0/cert/device/status/04852cee-5961-4b71-ac2d-5c9076e790ad HTTP/1.1" 200 94 "-" "go-resty/2.7.0 (https://github.com/go-resty/resty)" 601 0.003 [edge365-api-cert-revoke-80] [] 10.32.12.95:3000 94 0.004 200 bcff337afa345b4827865b3cbee9844b
10.32.12.5 - - [29/Apr/2024:06:51:18 +0000] "POST /group/param/sum HTTP/1.1" 200 114 "-" "Apache-HttpClient/4.5.9 (Java/1.8.0_282)" 454 0.034 [edge365-wise-mplus-userfunctions-80] [] 10.32.12.75:8080 114 0.032 200 c5a7b3242c9ab1846b95a30bed9d259d
10.32.12.131 - - [29/Apr/2024:06:51:22 +0000] "GET /?t=VGVuYW50.ZOVuh7EAYdskIXOO HTTP/1.1" 304 0 "https://pivot-api-hub-edge365-solarscada.sembcorp.net/?t=VGVuYW50.ZOVuh7EAYdskIXOO" "Mozilla/5.0 (Windows NT 10.0; Win64; x64) AppleWebKit/537.36 (KHTML, like Gecko) Chrome/123.0.0.0 Safari/537.36" 2215 0.001 [edge365-pivot-api-hub-80] [] 10.32.12.92:80 0 0.000 304 b45ab7890d66e73b699548723a71765d
10.32.12.131 - - [29/Apr/2024:06:51:23 +0000] "GET /locales-libs/en-US/ifp-ui-core.json HTTP/1.1" 304 0 "https://pivot-api-hub-edge365-solarscada.sembcorp.net/?t=VGVuYW50.ZOVuh7EAYdskIXOO" "Mozilla/5.0 (Windows NT 10.0; Win64; x64) AppleWebKit/537.36 (KHTML, like Gecko) Chrome/123.0.0.0 Safari/537.36" 1993 0.005 [edge365-pivot-api-hub-80] [] 10.32.12.92:80 0 0.004 304 d3f3ab789a88dc7bd4a2cb4e93902bb9
10.32.12.5 - - [29/Apr/2024:06:51:23 +0000] "GET /locales/en-US/notistack.json HTTP/1.1" 304 0 "https://pivot-api-hub-edge365-solarscada.sembcorp.net/?t=VGVuYW50.ZOVuh7EAYdskIXOO" "Mozilla/5.0 (Windows NT 10.0; Win64; x64) AppleWebKit/537.36 (KHTML, like Gecko) Chrome/123.0.0.0 Safari/537.36" 1986 0.005 [edge365-pivot-api-hub-80] [] 10.32.12.92:80 0 0.004 304 6e16243663dc4c256351041c3b21cba8
10.32.12.5 - - [29/Apr/2024:06:51:23 +0000] "GET /locales/en-US/ifp-console.json HTTP/1.1" 304 0 "https://pivot-api-hub-edge365-solarscada.sembcorp.net/?t=VGVuYW50.ZOVuh7EAYdskIXOO" "Mozilla/5.0 (Windows NT 10.0; Win64; x64) AppleWebKit/537.36 (KHTML, like Gecko) Chrome/123.0.0.0 Safari/537.36" 1989 0.005 [edge365-pivot-api-hub-80] [] 10.32.12.92:80 0 0.004 304 1687f29cd6d7d3b9e3331b9f0ff26464
10.32.12.68 - - [29/Apr/2024:06:51:23 +0000] "POST /v4.0/tokenvalidation HTTP/1.1" 200 651 "-" "node-fetch/1.0 (+https://github.com/bitinn/node-fetch)" 808 0.003 [ensaas-service-sso-http] [] 10.32.12.107:8080 651 0.000 200 f33c1a5305151d5a5d165a3e3fb5e741
10.32.12.68 - - [29/Apr/2024:06:51:24 +0000] "GET /v4.0/users/subscriptions HTTP/1.1" 200 235 "-" "node-fetch/1.0 (+https://github.com/bitinn/node-fetch)" 764 0.012 [ensaas-service-sso-http] [] 10.32.12.107:8080 235 0.012 200 da75c3a8aa6a62f66f178f56d6663ebb
10.32.12.131 - - [29/Apr/2024:06:51:24 +0000] "POST /graphql HTTP/1.1" 200 117 "https://pivot-api-hub-edge365-solarscada.sembcorp.net/?t=VGVuYW50.ZOVuh7EAYdskIXOO" "Mozilla/5.0 (Windows NT 10.0; Win64; x64) AppleWebKit/537.36 (KHTML, like Gecko) Chrome/123.0.0.0 Safari/537.36" 2185 0.564 [edge365-pivot-api-hub-80] [] 10.32.12.92:80 117 0.564 200 a067b3b32d3b704b75acb5a6b7d76f0a
10.32.12.5 - - [29/Apr/2024:06:51:25 +0000] "POST /graphql HTTP/1.1" 200 418659 "https://pivot-api-hub-edge365-solarscada.sembcorp.net/?t=VGVuYW50.ZOVuh7EAYdskIXOO" "Mozilla/5.0 (Windows NT 10.0; Win64; x64) AppleWebKit/537.36 (KHTML, like Gecko) Chrome/123.0.0.0 Safari/537.36" 5158 1.298 [edge365-pivot-api-hub-80] [] 10.32.12.92:80 418659 1.300 200 13bd251ef4970040d78f86a1dffbd308
10.32.12.131 - - [29/Apr/2024:06:51:26 +0000] "POST /graphql HTTP/1.1" 200 621 "https://portal-dataconnect-edge365-solarscada.sembcorp.net/?v=1713320674048&IFPLang=en-US" "Mozilla/5.0 (Windows NT 10.0; Win64; x64) AppleWebKit/537.36 (KHTML, like Gecko) Chrome/123.0.0.0 Safari/537.36" 3282 0.043 [edge365-pivot-api-hub-80] [] 10.32.12.92:80 621 0.044 200 9c415db8e9f9645291040a696acd7830
10.32.12.5 - - [29/Apr/2024:06:51:27 +0000] "POST /graphql HTTP/1.1" 200 445 "https://portal-dataconnect-edge365-solarscada.sembcorp.net/?v=1713320674048&IFPLang=en-US" "Mozilla/5.0 (Windows NT 10.0; Win64; x64) AppleWebKit/537.36 (KHTML, like Gecko) Chrome/123.0.0.0 Safari/537.36" 2414 0.307 [edge365-portal-dataconnect-80] [] 10.32.12.48:8080 445 0.308 200 84abf40d717c87a79b24da8a4e3a01ef
10.32.12.131 - - [29/Apr/2024:06:51:27 +0000] "POST /graphql HTTP/1.1" 200 2776 "https://portal-dataconnect-edge365-solarscada.sembcorp.net/?v=1713320674048&IFPLang=en-US" "Mozilla/5.0 (Windows NT 10.0; Win64; x64) AppleWebKit/537.36 (KHTML, like Gecko) Chrome/123.0.0.0 Safari/537.36" 2501 0.501 [edge365-portal-dataconnect-80] [] 10.32.12.48:8080 2776 0.500 200 aa2395897a9e7f2b85cc4ed458881751
10.32.12.195 - - [29/Apr/2024:06:51:27 +0000] "POST /graphql HTTP/1.1" 200 29 "https://portal-dataconnect-edge365-solarscada.sembcorp.net/?v=1713320674048&IFPLang=en-US" "Mozilla/5.0 (Windows NT 10.0; Win64; x64) AppleWebKit/537.36 (KHTML, like Gecko) Chrome/123.0.0.0 Safari/537.36" 3032 0.127 [edge365-pivot-api-hub-80] [] 10.32.12.92:80 29 0.124 200 0b323ef5d33cad823a65414f51f6925a
10.32.12.68 - - [29/Apr/2024:06:51:27 +0000] "POST /graphql HTTP/1.1" 200 29 "https://portal-dataconnect-edge365-solarscada.sembcorp.net/?v=1713320674048&IFPLang=en-US" "Mozilla/5.0 (Windows NT 10.0; Win64; x64) AppleWebKit/537.36 (KHTML, like Gecko) Chrome/123.0.0.0 Safari/537.36" 2222 0.267 [edge365-portal-dataconnect-80] [] 10.32.12.48:8080 29 0.268 200 0ead2c2e9a4c0fce8daffaa6bc70d01c
10.32.12.68 - - [29/Apr/2024:06:51:27 +0000] "POST /graphql HTTP/1.1" 200 1140 "https://portal-dataconnect-edge365-solarscada.sembcorp.net/?v=1713320674048&IFPLang=en-US" "Mozilla/5.0 (Windows NT 10.0; Win64; x64) AppleWebKit/537.36 (KHTML, like Gecko) Chrome/123.0.0.0 Safari/537.36" 2311 0.276 [edge365-portal-dataconnect-80] [] 10.32.12.48:8080 1140 0.276 200 df5b00a3c0b5d25eda5f6f8e6ddd992a
10.32.12.131 - - [29/Apr/2024:06:51:27 +0000] "POST /graphql HTTP/1.1" 200 346 "https://portal-dataconnect-edge365-solarscada.sembcorp.net/?v=1713320674048&IFPLang=en-US" "Mozilla/5.0 (Windows NT 10.0; Win64; x64) AppleWebKit/537.36 (KHTML, like Gecko) Chrome/123.0.0.0 Safari/537.36" 3287 0.205 [edge365-pivot-api-hub-80] [] 10.32.12.92:80 346 0.204 200 035c78a3016acadd6b663bff0b856b95
10.32.12.131 - - [29/Apr/2024:06:51:27 +0000] "POST /graphql HTTP/1.1" 200 1055 "https://portal-dataconnect-edge365-solarscada.sembcorp.net/?v=1713320674048&IFPLang=en-US" "Mozilla/5.0 (Windows NT 10.0; Win64; x64) AppleWebKit/537.36 (KHTML, like Gecko) Chrome/123.0.0.0 Safari/537.36" 3282 0.229 [edge365-pivot-api-hub-80] [] 10.32.12.92:80 1055 0.228 200 af21d343144bb182ff6a94e19d1e60f3
10.32.12.68 - - [29/Apr/2024:06:51:27 +0000] "GET /v4.0/users/me HTTP/1.1" 200 1010 "-" "node-fetch/1.0 (+https://github.com/bitinn/node-fetch)" 753 0.021 [ensaas-service-sso-http] [] 10.32.12.107:8080 1010 0.020 200 60b01d514e3266e9b8cdf7f265b029aa
10.32.12.131 - - [29/Apr/2024:06:51:27 +0000] "POST /group/alarm/status HTTP/1.1" 499 0 "-" "Apache-HttpClient/4.5.9 (Java/1.8.0_282)" 450 4.999 [edge365-wise-mplus-userfunctions-80] [] 10.32.12.75:8080 0 5.001 - 27cdd35f2bd733e014c0e955de44257b
10.32.12.68 - - [29/Apr/2024:06:51:27 +0000] "POST /v4.0/tokenvalidation HTTP/1.1" 200 651 "-" "node-fetch/1.0 (+https://github.com/bitinn/node-fetch)" 808 0.003 [ensaas-service-sso-http] [] 10.32.12.107:8080 651 0.000 200 cd7418292aeca4914588cd762d90531a
10.32.12.131 - - [29/Apr/2024:06:51:28 +0000] "POST /graphql HTTP/1.1" 200 117 "https://portal-dataconnect-edge365-solarscada.sembcorp.net/?v=1713320674048&IFPLang=en-US" "Mozilla/5.0 (Windows NT 10.0; Win64; x64) AppleWebKit/537.36 (KHTML, like Gecko) Chrome/123.0.0.0 Safari/537.36" 3016 0.665 [edge365-pivot-api-hub-80] [] 10.32.12.92:80 117 0.664 200 88eec8d99581aaf4c5ba0d8a26abea1d
10.32.12.68 - - [29/Apr/2024:06:51:28 +0000] "POST /graphql HTTP/1.1" 200 117 "https://portal-dataconnect-edge365-solarscada.sembcorp.net/?v=1713320674048&IFPLang=en-US" "Mozilla/5.0 (Windows NT 10.0; Win64; x64) AppleWebKit/537.36 (KHTML, like Gecko) Chrome/123.0.0.0 Safari/537.36" 2207 0.747 [edge365-portal-dataconnect-80] [] 10.32.12.48:8080 117 0.748 200 88eec8d99581aaf4c5ba0d8a26abea1d
10.32.12.195 - - [29/Apr/2024:06:51:28 +0000] "POST /graphql HTTP/1.1" 200 3571 "https://portal-dataconnect-edge365-solarscada.sembcorp.net/?v=1713320674048&IFPLang=en-US" "Mozilla/5.0 (Windows NT 10.0; Win64; x64) AppleWebKit/537.36 (KHTML, like Gecko) Chrome/123.0.0.0 Safari/537.36" 3320 0.885 [edge365-pivot-api-hub-80] [] 10.32.12.92:80 3571 0.884 200 e662a3eff1919739d5f6230fc601379b
10.32.12.195 - - [29/Apr/2024:06:51:28 +0000] "POST /graphql HTTP/1.1" 200 318 "https://portal-dataconnect-edge365-solarscada.sembcorp.net/?v=1713320674048&IFPLang=en-US" "Mozilla/5.0 (Windows NT 10.0; Win64; x64) AppleWebKit/537.36 (KHTML, like Gecko) Chrome/123.0.0.0 Safari/537.36" 3004 0.899 [edge365-pivot-api-hub-80] [] 10.32.12.92:80 318 0.900 200 38e5ed453327f2566ce7c18389c658d5
10.32.12.68 - - [29/Apr/2024:06:51:30 +0000] "POST /v1.0/cert/device/status/f4d15f76-b79b-4cc9-aa5b-74291ab489be HTTP/1.1" 200 94 "-" "go-resty/2.7.0 (https://github.com/go-resty/resty)" 529 0.003 [edge365-api-cert-revoke-80] [] 10.32.12.95:3000 94 0.004 200 00f07719c08f48418204f78366de9e26
10.32.12.195 - - [29/Apr/2024:06:51:30 +0000] "POST /v1.0/cert/device/status/3623afdf-88db-42cc-a56a-8ab928fb7f7e HTTP/1.1" 200 94 "-" "go-resty/2.7.0 (https://github.com/go-resty/resty)" 601 0.004 [edge365-api-cert-revoke-80] [] 10.32.12.95:3000 94 0.000 200 978eb4552fc5babaf6b5f5a854b33da6
10.32.12.5 - - [29/Apr/2024:06:51:32 +0000] "POST /group/param/sum HTTP/1.1" 200 98 "-" "Apache-HttpClient/4.5.9 (Java/1.8.0_282)" 458 0.003 [edge365-wise-mplus-userfunctions-80] [] 10.32.12.75:8080 98 0.004 200 5d9eb971256ddff62433f0e739949a18
10.32.12.131 - - [29/Apr/2024:06:51:32 +0000] "POST /group/param/sum HTTP/1.1" 200 98 "-" "Apache-HttpClient/4.5.9 (Java/1.8.0_282)" 458 0.002 [edge365-wise-mplus-userfunctions-80] [] 10.32.12.75:8080 98 0.000 200 405f7be60f09788f302aa80cd88e8e78
10.32.12.195 - - [29/Apr/2024:06:51:38 +0000] "POST /v1.0/cert/device/status/33bd5e9e-e880-42b7-96c7-7bee1ec3840c HTTP/1.1" 200 94 "-" "go-resty/2.7.0 (https://github.com/go-resty/resty)" 601 0.003 [edge365-api-cert-revoke-80] [] 10.32.12.95:3000 94 0.004 200 fe4d5a3530c6fb3c2b728664596ec7cb
10.32.12.5 - - [29/Apr/2024:06:51:39 +0000] "POST /v1.0/cert/device/status/46427a01-7efe-4fc5-b1f9-dd01e6ed0433 HTTP/1.1" 200 94 "-" "go-resty/2.7.0 (https://github.com/go-resty/resty)" 601 0.002 [edge365-api-cert-revoke-80] [] 10.32.12.95:3000 94 0.000 200 cd327d88897e56f1fd12e8455ce8d549
10.32.12.131 - - [29/Apr/2024:06:51:42 +0000] "POST /v1.0/cert/device/status/46427a01-7efe-4fc5-b1f9-dd01e6ed0433 HTTP/1.1" 200 94 "-" "go-resty/2.7.0 (https://github.com/go-resty/resty)" 601 0.003 [edge365-api-cert-revoke-80] [] 10.32.12.95:3000 94 0.004 200 eafb90390a81a9f30d5344b857bc77c1
10.32.12.5 - - [29/Apr/2024:06:51:42 +0000] "POST /group/alarm/status HTTP/1.1" 499 0 "-" "Apache-HttpClient/4.5.9 (Java/1.8.0_282)" 450 4.999 [edge365-wise-mplus-userfunctions-80] [] 10.32.12.75:8080 0 5.000 - 297c28f67c1fc56859e9a2361a982f99
10.32.12.68 - - [29/Apr/2024:06:51:43 +0000] "POST /group/param/sum HTTP/1.1" 200 103 "-" "Apache-HttpClient/4.5.9 (Java/1.8.0_282)" 457 0.005 [edge365-wise-mplus-userfunctions-80] [] 10.32.12.75:8080 103 0.008 200 5f55f066b02c01834f7ddcc0f0acbc6c
10.32.12.68 - - [29/Apr/2024:06:51:43 +0000] "POST /group/param/sum HTTP/1.1" 200 100 "-" "Apache-HttpClient/4.5.9 (Java/1.8.0_282)" 455 0.008 [edge365-wise-mplus-userfunctions-80] [] 10.32.12.75:8080 100 0.008 200 24dbf3ab20ee4e38349722273588deac
10.32.12.68 - - [29/Apr/2024:06:51:43 +0000] "POST /group/param/sum HTTP/1.1" 200 107 "-" "Apache-HttpClient/4.5.9 (Java/1.8.0_282)" 455 0.006 [edge365-wise-mplus-userfunctions-80] [] 10.32.12.75:8080 107 0.008 200 987ff27e784a59cdb9f4135f9e0b070c
10.32.12.5 - - [29/Apr/2024:06:51:43 +0000] "POST /group/param/sum HTTP/1.1" 200 107 "-" "Apache-HttpClient/4.5.9 (Java/1.8.0_282)" 459 0.006 [edge365-wise-mplus-userfunctions-80] [] 10.32.12.75:8080 107 0.004 200 fa7add243a4c1c6b3ead2d068f403f3c
10.32.12.5 - - [29/Apr/2024:06:51:43 +0000] "POST /group/param/sum HTTP/1.1" 200 98 "-" "Apache-HttpClient/4.5.9 (Java/1.8.0_282)" 459 0.001 [edge365-wise-mplus-userfunctions-80] [] 10.32.12.75:8080 98 0.000 200 b96a54c8c935a2de9bf6280be643d34f
10.32.12.5 - - [29/Apr/2024:06:51:44 +0000] "POST /group/param/sum HTTP/1.1" 200 103 "-" "Apache-HttpClient/4.5.9 (Java/1.8.0_282)" 457 0.023 [edge365-wise-mplus-userfunctions-80] [] 10.32.12.75:8080 103 0.024 200 0da9cea2212e9070d0eb66e43b27f9c6
10.32.12.5 - - [29/Apr/2024:06:51:44 +0000] "POST /group/alarm/status HTTP/1.1" 200 101 "-" "Apache-HttpClient/4.5.9 (Java/1.8.0_282)" 451 0.008 [edge365-wise-mplus-userfunctions-80] [] 10.32.12.75:8080 101 0.008 200 9b4b97b9fe370637879e999f57a0baa3
10.32.12.5 - - [29/Apr/2024:06:51:45 +0000] "POST /v4.0/tokenvalidation HTTP/1.1" 200 658 "-" "axios/0.18.0" 791 0.005 [ensaas-service-sso-http] [] 10.32.12.107:8080 658 0.004 200 3869e5cb974b81636b7d7cecf99e22b2
10.32.12.5 - - [29/Apr/2024:06:51:45 +0000] "POST /group/alarm/status HTTP/1.1" 200 101 "-" "Apache-HttpClient/4.5.9 (Java/1.8.0_282)" 451 0.004 [edge365-wise-mplus-userfunctions-80] [] 10.32.12.75:8080 101 0.004 200 a7cd73919f7ae81823880072b1986486
10.32.12.5 - - [29/Apr/2024:06:51:45 +0000] "POST /group/alarm/status HTTP/1.1" 200 101 "-" "Apache-HttpClient/4.5.9 (Java/1.8.0_282)" 451 0.003 [edge365-wise-mplus-userfunctions-80] [] 10.32.12.75:8080 101 0.004 200 a9a31566613860130dfe7e16b08a807d
10.32.12.5 - - [29/Apr/2024:06:51:45 +0000] "POST /group/param/sum HTTP/1.1" 200 106 "-" "Apache-HttpClient/4.5.9 (Java/1.8.0_282)" 459 0.006 [edge365-wise-mplus-userfunctions-80] [] 10.32.12.75:8080 106 0.008 200 27a296c4a50ca4ab1891818b7260b14f
10.32.12.195 - - [29/Apr/2024:06:51:45 +0000] "POST /group/alarm/status HTTP/1.1" 200 101 "-" "Apache-HttpClient/4.5.9 (Java/1.8.0_282)" 451 0.003 [edge365-wise-mplus-userfunctions-80] [] 10.32.12.75:8080 101 0.000 200 d76d9d783ebf13101a7a7ee9c8a14ca3
10.32.12.195 - - [29/Apr/2024:06:51:45 +0000] "POST /group/alarm/status HTTP/1.1" 200 101 "-" "Apache-HttpClient/4.5.9 (Java/1.8.0_282)" 451 0.003 [edge365-wise-mplus-userfunctions-80] [] 10.32.12.75:8080 101 0.004 200 d7af81393d220deebc204715033c5f1b
