10.32.12.131 - - [29/Apr/2024:06:32:23 +0000] "POST /group/param/sum HTTP/1.1" 500 151 "-" "Apache-HttpClient/4.5.9 (Java/1.8.0_282)" 449 0.003 [edge365-wise-mplus-userfunctions-80] [] 10.32.12.75:8080 151 0.000 500 a05f9c715c8f79e79da1da594c7d9e03
10.32.12.131 - - [29/Apr/2024:06:32:23 +0000] "POST /group/param/sum HTTP/1.1" 500 151 "-" "Apache-HttpClient/4.5.9 (Java/1.8.0_282)" 450 0.003 [edge365-wise-mplus-userfunctions-80] [] 10.32.12.75:8080 151 0.004 500 676eb9fc81025af35c87a86c90c25dac
10.32.12.131 - - [29/Apr/2024:06:32:23 +0000] "POST /group/param/sum HTTP/1.1" 500 151 "-" "Apache-HttpClient/4.5.9 (Java/1.8.0_282)" 446 0.002 [edge365-wise-mplus-userfunctions-80] [] 10.32.12.75:8080 151 0.004 500 3391b22de1133924ed45ed40dd342d0c
10.32.12.131 - - [29/Apr/2024:06:32:23 +0000] "POST /group/param/sum HTTP/1.1" 500 151 "-" "Apache-HttpClient/4.5.9 (Java/1.8.0_282)" 447 0.003 [edge365-wise-mplus-userfunctions-80] [] 10.32.12.75:8080 151 0.004 500 8461ebf3606716f5a3a5d77cf43d8842
10.32.12.131 - - [29/Apr/2024:06:32:23 +0000] "POST /object/alarm/status HTTP/1.1" 200 102 "-" "Apache-HttpClient/4.5.9 (Java/1.8.0_282)" 453 0.006 [edge365-wise-mplus-userfunctions-80] [] 10.32.12.75:8080 102 0.004 200 299082da6deed9174d3d710472b5e698
10.32.12.5 - - [29/Apr/2024:06:32:24 +0000] "POST /object/alarm/status HTTP/1.1" 200 102 "-" "Apache-HttpClient/4.5.9 (Java/1.8.0_282)" 453 0.006 [edge365-wise-mplus-userfunctions-80] [] 10.32.12.75:8080 102 0.004 200 9f3d69e0d086b065920f33ebefdf5789
10.32.12.131 - - [29/Apr/2024:06:32:24 +0000] "POST /object/alarm/status HTTP/1.1" 200 102 "-" "Apache-HttpClient/4.5.9 (Java/1.8.0_282)" 453 0.006 [edge365-wise-mplus-userfunctions-80] [] 10.32.12.75:8080 102 0.008 200 4f17a855500122981e47bdda00cf28e0
10.32.12.5 - - [29/Apr/2024:06:32:24 +0000] "POST /object/alarm/status HTTP/1.1" 200 102 "-" "Apache-HttpClient/4.5.9 (Java/1.8.0_282)" 453 0.005 [edge365-wise-mplus-userfunctions-80] [] 10.32.12.75:8080 102 0.008 200 7048cf1c6aa20402a811270c610a93d7
10.32.12.195 - - [29/Apr/2024:06:32:24 +0000] "POST /object/alarm/status HTTP/1.1" 200 102 "-" "Apache-HttpClient/4.5.9 (Java/1.8.0_282)" 453 0.005 [edge365-wise-mplus-userfunctions-80] [] 10.32.12.75:8080 102 0.004 200 70635690a88fcbdd79358d74b16c7f7a
10.32.12.68 - - [29/Apr/2024:06:32:24 +0000] "POST /group/param/sum HTTP/1.1" 500 151 "-" "Apache-HttpClient/4.5.9 (Java/1.8.0_282)" 447 0.006 [edge365-wise-mplus-userfunctions-80] [] 10.32.12.75:8080 151 0.008 500 b4a933b34f79563d04ca6cf4657a5750
10.32.12.195 - - [29/Apr/2024:06:32:24 +0000] "POST /group/param/sum HTTP/1.1" 500 151 "-" "Apache-HttpClient/4.5.9 (Java/1.8.0_282)" 448 0.002 [edge365-wise-mplus-userfunctions-80] [] 10.32.12.75:8080 151 0.004 500 5fa4fe114b90b803b228957b1dbcc5c2
10.32.12.131 - - [29/Apr/2024:06:32:24 +0000] "POST /object/alarm/status HTTP/1.1" 400 209 "-" "Apache-HttpClient/4.5.9 (Java/1.8.0_282)" 446 0.003 [edge365-wise-mplus-userfunctions-80] [] 10.32.12.75:8080 209 0.000 400 7f80b67d3bec5c50fa3d409ad5796fe6
10.32.12.5 - - [29/Apr/2024:06:32:24 +0000] "POST /group/param/sum HTTP/1.1" 500 151 "-" "Apache-HttpClient/4.5.9 (Java/1.8.0_282)" 447 0.004 [edge365-wise-mplus-userfunctions-80] [] 10.32.12.75:8080 151 0.004 500 4d677925d036b25082cf22eb717809c6
10.32.12.5 - - [29/Apr/2024:06:32:24 +0000] "POST /group/param/sum HTTP/1.1" 500 151 "-" "Apache-HttpClient/4.5.9 (Java/1.8.0_282)" 451 0.002 [edge365-wise-mplus-userfunctions-80] [] 10.32.12.75:8080 151 0.004 500 a8412818409be6d1a1c119923fcc4b7d
10.32.12.131 - - [29/Apr/2024:06:32:24 +0000] "POST /object/alarm/status HTTP/1.1" 200 102 "-" "Apache-HttpClient/4.5.9 (Java/1.8.0_282)" 453 0.009 [edge365-wise-mplus-userfunctions-80] [] 10.32.12.75:8080 102 0.008 200 733042afc25e9e0c1f9727747b5ef6c6
10.32.12.131 - - [29/Apr/2024:06:32:24 +0000] "POST /object/alarm/status HTTP/1.1" 200 102 "-" "Apache-HttpClient/4.5.9 (Java/1.8.0_282)" 453 0.005 [edge365-wise-mplus-userfunctions-80] [] 10.32.12.75:8080 102 0.004 200 676e2f74d415ad8fcf24b519ccb60f80
10.32.12.5 - - [29/Apr/2024:06:32:24 +0000] "POST /object/alarm/status HTTP/1.1" 200 102 "-" "Apache-HttpClient/4.5.9 (Java/1.8.0_282)" 453 0.007 [edge365-wise-mplus-userfunctions-80] [] 10.32.12.75:8080 102 0.008 200 86091dc0f94bd7cc3ab2d38d146e19d9
10.32.12.5 - - [29/Apr/2024:06:32:24 +0000] "POST /v1.0/cert/device/status/f969ba00-f059-4836-8795-05d9b56e8f87 HTTP/1.1" 200 94 "-" "go-resty/2.7.0 (https://github.com/go-resty/resty)" 601 0.004 [edge365-api-cert-revoke-80] [] 10.32.12.95:3000 94 0.004 200 10ba5ea116e85ff4fd32a904a369bd06
10.32.12.131 - - [29/Apr/2024:06:32:25 +0000] "POST /object/alarm/status HTTP/1.1" 200 102 "-" "Apache-HttpClient/4.5.9 (Java/1.8.0_282)" 453 0.007 [edge365-wise-mplus-userfunctions-80] [] 10.32.12.75:8080 102 0.004 200 1300fc28f2ff1f808d764823de9aa1cf
10.32.12.131 - - [29/Apr/2024:06:32:25 +0000] "POST /object/alarm/status HTTP/1.1" 200 102 "-" "Apache-HttpClient/4.5.9 (Java/1.8.0_282)" 453 0.007 [edge365-wise-mplus-userfunctions-80] [] 10.32.12.75:8080 102 0.008 200 8ffb9255edc8201f4bd657d12c9121e8
10.32.12.68 - - [29/Apr/2024:06:32:25 +0000] "POST /group/param/sum HTTP/1.1" 500 151 "-" "Apache-HttpClient/4.5.9 (Java/1.8.0_282)" 450 0.002 [edge365-wise-mplus-userfunctions-80] [] 10.32.12.75:8080 151 0.004 500 2ba0b578653a8bc84ae3dbcc788cbd5c
10.32.12.68 - - [29/Apr/2024:06:32:25 +0000] "POST /group/param/sum HTTP/1.1" 500 151 "-" "Apache-HttpClient/4.5.9 (Java/1.8.0_282)" 446 0.003 [edge365-wise-mplus-userfunctions-80] [] 10.32.12.75:8080 151 0.004 500 2da8947dd2feabccfbc4a08855e00d1e
10.32.12.195 - - [29/Apr/2024:06:32:25 +0000] "POST /group/param/sum HTTP/1.1" 500 151 "-" "Apache-HttpClient/4.5.9 (Java/1.8.0_282)" 447 0.003 [edge365-wise-mplus-userfunctions-80] [] 10.32.12.75:8080 151 0.000 500 311db33ec0b3dd36860116fb11783a9f
10.32.12.195 - - [29/Apr/2024:06:32:25 +0000] "POST /group/param/sum HTTP/1.1" 500 151 "-" "Apache-HttpClient/4.5.9 (Java/1.8.0_282)" 451 0.003 [edge365-wise-mplus-userfunctions-80] [] 10.32.12.75:8080 151 0.000 500 57eb0e89592689bd6fda537f1825f9f7
10.32.12.68 - - [29/Apr/2024:06:32:25 +0000] "POST /group/param/sum HTTP/1.1" 200 107 "-" "Apache-HttpClient/4.5.9 (Java/1.8.0_282)" 455 0.033 [edge365-wise-mplus-userfunctions-80] [] 10.32.12.75:8080 107 0.032 200 7c9457b2e6efe18881842c5fff927d57
10.32.12.5 - - [29/Apr/2024:06:32:26 +0000] "POST /group/alarm/status HTTP/1.1" 200 101 "-" "Apache-HttpClient/4.5.9 (Java/1.8.0_282)" 450 0.007 [edge365-wise-mplus-userfunctions-80] [] 10.32.12.75:8080 101 0.004 200 37829dde94c43208f901d7702571faaa
10.32.12.5 - - [29/Apr/2024:06:32:28 +0000] "POST /group/alarm/status HTTP/1.1" 200 101 "-" "Apache-HttpClient/4.5.9 (Java/1.8.0_282)" 450 0.005 [edge365-wise-mplus-userfunctions-80] [] 10.32.12.75:8080 101 0.004 200 ec3c2b8bf616306a623fe2b43568ef46
10.32.12.195 - - [29/Apr/2024:06:32:28 +0000] "POST /group/param/sum HTTP/1.1" 200 115 "-" "Apache-HttpClient/4.5.9 (Java/1.8.0_282)" 456 0.038 [edge365-wise-mplus-userfunctions-80] [] 10.32.12.75:8080 115 0.040 200 0c86d2317af3ccf5b7587cdfe33f9160
10.32.12.195 - - [29/Apr/2024:06:32:28 +0000] "POST /group/param/sum HTTP/1.1" 200 103 "-" "Apache-HttpClient/4.5.9 (Java/1.8.0_282)" 457 0.031 [edge365-wise-mplus-userfunctions-80] [] 10.32.12.75:8080 103 0.028 200 ed794e7a70b876646e482c86935207ee
10.32.12.195 - - [29/Apr/2024:06:32:29 +0000] "POST /group/param/sum HTTP/1.1" 200 103 "-" "Apache-HttpClient/4.5.9 (Java/1.8.0_282)" 453 0.010 [edge365-wise-mplus-userfunctions-80] [] 10.32.12.75:8080 103 0.012 200 62fe9f0047b8f6d46b0bfe1642e17821
10.32.12.68 - - [29/Apr/2024:06:32:29 +0000] "POST /object/alarm/status HTTP/1.1" 200 102 "-" "Apache-HttpClient/4.5.9 (Java/1.8.0_282)" 452 0.009 [edge365-wise-mplus-userfunctions-80] [] 10.32.12.75:8080 102 0.008 200 377753aaba6095d41e7c88d07612ae21
10.32.12.195 - - [29/Apr/2024:06:32:29 +0000] "POST /group/alarm/status HTTP/1.1" 200 101 "-" "Apache-HttpClient/4.5.9 (Java/1.8.0_282)" 450 0.009 [edge365-wise-mplus-userfunctions-80] [] 10.32.12.75:8080 101 0.008 200 f821e70ea4dd70f5e45af998c57d403a
10.32.12.68 - - [29/Apr/2024:06:32:31 +0000] "POST /group/param/sum HTTP/1.1" 200 98 "-" "Apache-HttpClient/4.5.9 (Java/1.8.0_282)" 458 0.004 [edge365-wise-mplus-userfunctions-80] [] 10.32.12.75:8080 98 0.004 200 ced2a671122a2e91619e751c82bba04e
10.32.12.68 - - [29/Apr/2024:06:32:31 +0000] "POST /group/alarm/status HTTP/1.1" 200 101 "-" "Apache-HttpClient/4.5.9 (Java/1.8.0_282)" 450 0.006 [edge365-wise-mplus-userfunctions-80] [] 10.32.12.75:8080 101 0.004 200 94d00a0d905de73777010641f1345f55
10.32.12.68 - - [29/Apr/2024:06:32:31 +0000] "POST /group/alarm/status HTTP/1.1" 200 101 "-" "Apache-HttpClient/4.5.9 (Java/1.8.0_282)" 450 0.010 [edge365-wise-mplus-userfunctions-80] [] 10.32.12.75:8080 101 0.012 200 fcc184541d5dd8e4dfc7f5cdeaf3c5c4
10.32.12.195 - - [29/Apr/2024:06:32:31 +0000] "POST /object/alarm/status HTTP/1.1" 200 102 "-" "Apache-HttpClient/4.5.9 (Java/1.8.0_282)" 452 0.004 [edge365-wise-mplus-userfunctions-80] [] 10.32.12.75:8080 102 0.008 200 01cdc5cfa5b651358e30333db75d7da0
10.32.12.68 - - [29/Apr/2024:06:32:31 +0000] "POST /object/alarm/status HTTP/1.1" 200 102 "-" "Apache-HttpClient/4.5.9 (Java/1.8.0_282)" 452 0.007 [edge365-wise-mplus-userfunctions-80] [] 10.32.12.75:8080 102 0.008 200 35465febdafd1d85d2e3550a8cc4297b
10.32.12.68 - - [29/Apr/2024:06:32:31 +0000] "POST /object/alarm/status HTTP/1.1" 200 102 "-" "Apache-HttpClient/4.5.9 (Java/1.8.0_282)" 452 0.007 [edge365-wise-mplus-userfunctions-80] [] 10.32.12.75:8080 102 0.004 200 80e9f42c214f46b50ed0ac0ecbfee79a
10.32.12.195 - - [29/Apr/2024:06:32:31 +0000] "POST /object/alarm/status HTTP/1.1" 200 102 "-" "Apache-HttpClient/4.5.9 (Java/1.8.0_282)" 452 0.005 [edge365-wise-mplus-userfunctions-80] [] 10.32.12.75:8080 102 0.004 200 7c2979f2a06be68669e9963d308bbc58
10.32.12.195 - - [29/Apr/2024:06:32:31 +0000] "POST /object/alarm/status HTTP/1.1" 200 102 "-" "Apache-HttpClient/4.5.9 (Java/1.8.0_282)" 452 0.006 [edge365-wise-mplus-userfunctions-80] [] 10.32.12.75:8080 102 0.004 200 93ff1d20294babfb2cb08c6e44f8a683
10.32.12.68 - - [29/Apr/2024:06:32:31 +0000] "POST /group/param/sum HTTP/1.1" 500 151 "-" "Apache-HttpClient/4.5.9 (Java/1.8.0_282)" 449 0.003 [edge365-wise-mplus-userfunctions-80] [] 10.32.12.75:8080 151 0.004 500 9078376a3ce3ec47a420d3cea1b22921
10.32.12.195 - - [29/Apr/2024:06:32:31 +0000] "POST /group/param/sum HTTP/1.1" 500 151 "-" "Apache-HttpClient/4.5.9 (Java/1.8.0_282)" 450 0.003 [edge365-wise-mplus-userfunctions-80] [] 10.32.12.75:8080 151 0.000 500 e67fc66ad6236ca85a546434b3b1ecd5
10.32.12.195 - - [29/Apr/2024:06:32:32 +0000] "POST /object/alarm/status HTTP/1.1" 200 102 "-" "Apache-HttpClient/4.5.9 (Java/1.8.0_282)" 452 0.006 [edge365-wise-mplus-userfunctions-80] [] 10.32.12.75:8080 102 0.008 200 3f646d2ee7a434498a3e39b30d570890
10.32.12.68 - - [29/Apr/2024:06:32:32 +0000] "POST /object/alarm/status HTTP/1.1" 200 102 "-" "Apache-HttpClient/4.5.9 (Java/1.8.0_282)" 451 0.008 [edge365-wise-mplus-userfunctions-80] [] 10.32.12.75:8080 102 0.008 200 d9d5ea268bdc51a9c40fc76c4ed1b0ee
10.32.12.195 - - [29/Apr/2024:06:32:32 +0000] "POST /object/alarm/status HTTP/1.1" 200 102 "-" "Apache-HttpClient/4.5.9 (Java/1.8.0_282)" 451 0.006 [edge365-wise-mplus-userfunctions-80] [] 10.32.12.75:8080 102 0.004 200 b3fc55635a229d4f0c08f3456ba1c495
10.32.12.131 - - [29/Apr/2024:06:32:32 +0000] "POST /object/alarm/status HTTP/1.1" 200 102 "-" "Apache-HttpClient/4.5.9 (Java/1.8.0_282)" 452 0.005 [edge365-wise-mplus-userfunctions-80] [] 10.32.12.75:8080 102 0.004 200 3e0653e20a69a06befc53b321ebe3c3f
10.32.12.131 - - [29/Apr/2024:06:32:32 +0000] "POST /group/param/sum HTTP/1.1" 500 151 "-" "Apache-HttpClient/4.5.9 (Java/1.8.0_282)" 447 0.003 [edge365-wise-mplus-userfunctions-80] [] 10.32.12.75:8080 151 0.004 500 3fb17b96c0b24009a94a17b60571edb6
10.32.12.5 - - [29/Apr/2024:06:32:32 +0000] "POST /group/param/sum HTTP/1.1" 500 151 "-" "Apache-HttpClient/4.5.9 (Java/1.8.0_282)" 446 0.003 [edge365-wise-mplus-userfunctions-80] [] 10.32.12.75:8080 151 0.004 500 cfae2ef10a02622006d975446599a18d
10.32.12.131 - - [29/Apr/2024:06:32:32 +0000] "POST /group/param/sum HTTP/1.1" 500 151 "-" "Apache-HttpClient/4.5.9 (Java/1.8.0_282)" 447 0.002 [edge365-wise-mplus-userfunctions-80] [] 10.32.12.75:8080 151 0.004 500 38f211884e2b78768d3b0d2a583292b3
10.32.12.131 - - [29/Apr/2024:06:32:41 +0000] "POST /v1.0/cert/device/status/57fcc025-dbf6-4cc3-ba57-482f4ab6d3db HTTP/1.1" 200 94 "-" "go-resty/2.7.0 (https://github.com/go-resty/resty)" 601 0.010 [edge365-api-cert-revoke-80] [] 10.32.12.95:3000 94 0.012 200 e2941ef3a789aaefe7d75233fd2c8ac9
10.32.12.5 - - [29/Apr/2024:06:32:43 +0000] "POST /group/alarm/status HTTP/1.1" 499 0 "-" "Apache-HttpClient/4.5.9 (Java/1.8.0_282)" 450 5.000 [edge365-wise-mplus-userfunctions-80] [] 10.32.12.75:8080 0 5.000 - aa488a53e9b324f0867b86efad9618b2
10.32.12.195 - - [29/Apr/2024:06:32:48 +0000] "POST /group/param/sum HTTP/1.1" 200 100 "-" "Apache-HttpClient/4.5.9 (Java/1.8.0_282)" 454 0.010 [edge365-wise-mplus-userfunctions-80] [] 10.32.12.75:8080 100 0.012 200 181748302817d6c2479dd4e808ad2f13
10.32.12.131 - - [29/Apr/2024:06:32:49 +0000] "POST /group/param/sum HTTP/1.1" 200 107 "-" "Apache-HttpClient/4.5.9 (Java/1.8.0_282)" 454 0.018 [edge365-wise-mplus-userfunctions-80] [] 10.32.12.75:8080 107 0.020 200 ad2b5bfb58439a376d4d24da0331a7eb
10.32.12.131 - - [29/Apr/2024:06:32:50 +0000] "POST /v1.0/cert/device/status/3623afdf-88db-42cc-a56a-8ab928fb7f7e HTTP/1.1" 200 94 "-" "go-resty/2.7.0 (https://github.com/go-resty/resty)" 601 0.007 [edge365-api-cert-revoke-80] [] 10.32.12.95:3000 94 0.008 200 09c4e95b236597deab78e8397cbf1880
10.32.12.5 - - [29/Apr/2024:06:32:52 +0000] "GET /v1/health/liveness HTTP/1.1" 404 19 "-" "axios/0.18.0" 166 0.006 [ensaas-service-kubeensaas-80] [] 10.32.12.118:8080 19 0.004 404 fd6d3a0c58567f09300015f161c70c92
10.32.12.5 - - [29/Apr/2024:06:32:52 +0000] "GET / HTTP/1.1" 200 519 "-" "axios/0.18.0" 148 0.002 [ensaas-service-kubeensaas-80] [] 10.32.12.118:8080 519 0.004 200 4c9f756b8b350a1f459a4c7cdcb6a925
10.32.12.131 - - [29/Apr/2024:06:32:54 +0000] "POST /group/alarm/status HTTP/1.1" 499 0 "-" "Apache-HttpClient/4.5.9 (Java/1.8.0_282)" 450 5.001 [edge365-wise-mplus-userfunctions-80] [] 10.32.12.75:8080 0 5.000 - 9f8901ed9aed1600d439e9ba58842412
10.32.12.68 - - [29/Apr/2024:06:32:59 +0000] "POST /group/param/sum HTTP/1.1" 200 107 "-" "Apache-HttpClient/4.5.9 (Java/1.8.0_282)" 458 0.011 [edge365-wise-mplus-userfunctions-80] [] 10.32.12.75:8080 107 0.008 200 057289833949e41e4f3c2a2821eeedd9
10.32.12.195 - - [29/Apr/2024:06:32:59 +0000] "POST /group/param/sum HTTP/1.1" 200 98 "-" "Apache-HttpClient/4.5.9 (Java/1.8.0_282)" 458 0.003 [edge365-wise-mplus-userfunctions-80] [] 10.32.12.75:8080 98 0.004 200 cce71f76c96facb0b5b54c09fef01fd2
10.32.12.195 - - [29/Apr/2024:06:33:09 +0000] "POST /group/param/sum HTTP/1.1" 200 104 "-" "Apache-HttpClient/4.5.9 (Java/1.8.0_282)" 454 0.017 [edge365-wise-mplus-userfunctions-80] [] 10.32.12.75:8080 104 0.016 200 d8de8f2cb97725998301ac18ba51c6d7
10.32.12.68 - - [29/Apr/2024:06:33:09 +0000] "POST /group/param/sum HTTP/1.1" 200 107 "-" "Apache-HttpClient/4.5.9 (Java/1.8.0_282)" 455 0.020 [edge365-wise-mplus-userfunctions-80] [] 10.32.12.75:8080 107 0.020 200 14d0c597a2538270bad4f1379c653a19
10.32.12.68 - - [29/Apr/2024:06:33:11 +0000] "POST /group/param/sum HTTP/1.1" 200 107 "-" "Apache-HttpClient/4.5.9 (Java/1.8.0_282)" 454 0.008 [edge365-wise-mplus-userfunctions-80] [] 10.32.12.75:8080 107 0.008 200 53620f57918408ee8436743ec7c7d499
10.32.12.68 - - [29/Apr/2024:06:33:11 +0000] "POST /group/param/sum HTTP/1.1" 200 107 "-" "Apache-HttpClient/4.5.9 (Java/1.8.0_282)" 458 0.008 [edge365-wise-mplus-userfunctions-80] [] 10.32.12.75:8080 107 0.008 200 eefd6b8ef76b3e42899ff0cbbfbb755b
10.32.12.68 - - [29/Apr/2024:06:33:11 +0000] "POST /group/param/sum HTTP/1.1" 200 98 "-" "Apache-HttpClient/4.5.9 (Java/1.8.0_282)" 458 0.003 [edge365-wise-mplus-userfunctions-80] [] 10.32.12.75:8080 98 0.004 200 2784f87fc7d11efd59cfacfd144a414a
10.32.12.68 - - [29/Apr/2024:06:33:12 +0000] "POST /object/alarm/status HTTP/1.1" 200 102 "-" "Apache-HttpClient/4.5.9 (Java/1.8.0_282)" 452 0.005 [edge365-wise-mplus-userfunctions-80] [] 10.32.12.75:8080 102 0.004 200 2ca0969830f1ac405c88a370c3bb55fe
10.32.12.195 - - [29/Apr/2024:06:33:12 +0000] "POST /object/alarm/status HTTP/1.1" 200 102 "-" "Apache-HttpClient/4.5.9 (Java/1.8.0_282)" 452 0.006 [edge365-wise-mplus-userfunctions-80] [] 10.32.12.75:8080 102 0.004 200 2a63424380389ca5e334633be1d6a363
10.32.12.68 - - [29/Apr/2024:06:33:12 +0000] "POST /object/alarm/status HTTP/1.1" 200 102 "-" "Apache-HttpClient/4.5.9 (Java/1.8.0_282)" 452 0.007 [edge365-wise-mplus-userfunctions-80] [] 10.32.12.75:8080 102 0.008 200 eb664b627bfabb054c516d6457baaa62
10.32.12.195 - - [29/Apr/2024:06:33:12 +0000] "POST /object/alarm/status HTTP/1.1" 200 102 "-" "Apache-HttpClient/4.5.9 (Java/1.8.0_282)" 452 0.005 [edge365-wise-mplus-userfunctions-80] [] 10.32.12.75:8080 102 0.008 200 23c0e8f966f15504312de35111ab95bd
10.32.12.195 - - [29/Apr/2024:06:33:12 +0000] "POST /object/alarm/status HTTP/1.1" 200 102 "-" "Apache-HttpClient/4.5.9 (Java/1.8.0_282)" 452 0.005 [edge365-wise-mplus-userfunctions-80] [] 10.32.12.75:8080 102 0.004 200 90b64fbc13a2670ae732938556f766fe
10.32.12.5 - - [29/Apr/2024:06:33:12 +0000] "POST /object/alarm/status HTTP/1.1" 200 102 "-" "Apache-HttpClient/4.5.9 (Java/1.8.0_282)" 452 0.005 [edge365-wise-mplus-userfunctions-80] [] 10.32.12.75:8080 102 0.008 200 941bda5564e72162fe623505aaa58913
10.32.12.131 - - [29/Apr/2024:06:33:12 +0000] "POST /group/param/sum HTTP/1.1" 500 151 "-" "Apache-HttpClient/4.5.9 (Java/1.8.0_282)" 448 0.002 [edge365-wise-mplus-userfunctions-80] [] 10.32.12.75:8080 151 0.000 500 4a034a31cc9a496bb4111e358a990bd6
10.32.12.131 - - [29/Apr/2024:06:33:12 +0000] "POST /group/param/sum HTTP/1.1" 500 151 "-" "Apache-HttpClient/4.5.9 (Java/1.8.0_282)" 450 0.002 [edge365-wise-mplus-userfunctions-80] [] 10.32.12.75:8080 151 0.000 500 d8438d27b0e6a3681ce7f7e3f4fc2159
10.32.12.5 - - [29/Apr/2024:06:33:12 +0000] "POST /group/param/sum HTTP/1.1" 500 151 "-" "Apache-HttpClient/4.5.9 (Java/1.8.0_282)" 446 0.003 [edge365-wise-mplus-userfunctions-80] [] 10.32.12.75:8080 151 0.004 500 f32735a50c7afe67884d052c5e018e0b
10.32.12.131 - - [29/Apr/2024:06:33:12 +0000] "POST /group/alarm/status HTTP/1.1" 400 208 "-" "Apache-HttpClient/4.5.9 (Java/1.8.0_282)" 444 0.002 [edge365-wise-mplus-userfunctions-80] [] 10.32.12.75:8080 208 0.004 400 79637df328dd7580635eb2ee8c0911c4
10.32.12.68 - - [29/Apr/2024:06:33:12 +0000] "POST /group/param/sum HTTP/1.1" 200 107 "-" "Apache-HttpClient/4.5.9 (Java/1.8.0_282)" 455 0.025 [edge365-wise-mplus-userfunctions-80] [] 10.32.12.75:8080 107 0.024 200 3232ba37b2a1b0a19b7a49b1bc6d3e6d
10.32.12.68 - - [29/Apr/2024:06:33:13 +0000] "POST /group/alarm/status HTTP/1.1" 200 101 "-" "Apache-HttpClient/4.5.9 (Java/1.8.0_282)" 450 0.006 [edge365-wise-mplus-userfunctions-80] [] 10.32.12.75:8080 101 0.008 200 9ebc4ab2259cfde569815322322c2f62
10.32.12.131 - - [29/Apr/2024:06:33:14 +0000] "POST /group/alarm/status HTTP/1.1" 200 101 "-" "Apache-HttpClient/4.5.9 (Java/1.8.0_282)" 450 0.006 [edge365-wise-mplus-userfunctions-80] [] 10.32.12.75:8080 101 0.004 200 0669cefdf59a54ed68476553951c8740
10.32.12.5 - - [29/Apr/2024:06:33:14 +0000] "POST /group/alarm/status HTTP/1.1" 200 101 "-" "Apache-HttpClient/4.5.9 (Java/1.8.0_282)" 450 0.005 [edge365-wise-mplus-userfunctions-80] [] 10.32.12.75:8080 101 0.008 200 9e809d875af0297fff12ed9f56ae8764
10.32.12.5 - - [29/Apr/2024:06:33:14 +0000] "POST /group/alarm/status HTTP/1.1" 200 101 "-" "Apache-HttpClient/4.5.9 (Java/1.8.0_282)" 450 0.006 [edge365-wise-mplus-userfunctions-80] [] 10.32.12.75:8080 101 0.008 200 cf944cc411f995e7c6240af5ffcb7d33
10.32.12.131 - - [29/Apr/2024:06:33:15 +0000] "POST /object/alarm/status HTTP/1.1" 200 102 "-" "Apache-HttpClient/4.5.9 (Java/1.8.0_282)" 451 0.005 [edge365-wise-mplus-userfunctions-80] [] 10.32.12.75:8080 102 0.004 200 59b0d10ff80d7669da2e09f2ae3c8d3e
10.32.12.131 - - [29/Apr/2024:06:33:15 +0000] "POST /object/alarm/status HTTP/1.1" 200 102 "-" "Apache-HttpClient/4.5.9 (Java/1.8.0_282)" 451 0.010 [edge365-wise-mplus-userfunctions-80] [] 10.32.12.75:8080 102 0.012 200 b9c296797dfec8e19793c9a5a000913a
10.32.12.131 - - [29/Apr/2024:06:33:15 +0000] "POST /object/alarm/status HTTP/1.1" 200 102 "-" "Apache-HttpClient/4.5.9 (Java/1.8.0_282)" 451 0.005 [edge365-wise-mplus-userfunctions-80] [] 10.32.12.75:8080 102 0.008 200 6474c4f3248a3a89138980514448a4ff
10.32.12.131 - - [29/Apr/2024:06:33:15 +0000] "POST /object/alarm/status HTTP/1.1" 200 102 "-" "Apache-HttpClient/4.5.9 (Java/1.8.0_282)" 451 0.005 [edge365-wise-mplus-userfunctions-80] [] 10.32.12.75:8080 102 0.004 200 47d92f9a7b1ae373d0c7f0216e94d155
10.32.12.131 - - [29/Apr/2024:06:33:15 +0000] "POST /group/alarm/status HTTP/1.1" 400 208 "-" "Apache-HttpClient/4.5.9 (Java/1.8.0_282)" 444 0.003 [edge365-wise-mplus-userfunctions-80] [] 10.32.12.75:8080 208 0.004 400 0ecc4edc08457d6a5cc2c6b245fba4f6
10.32.12.68 - - [29/Apr/2024:06:33:15 +0000] "POST /object/alarm/status HTTP/1.1" 200 102 "-" "Apache-HttpClient/4.5.9 (Java/1.8.0_282)" 453 0.006 [edge365-wise-mplus-userfunctions-80] [] 10.32.12.75:8080 102 0.004 200 37437ea9be77f0720fc92ee4e4aea081
10.32.12.68 - - [29/Apr/2024:06:33:15 +0000] "POST /object/alarm/status HTTP/1.1" 200 102 "-" "Apache-HttpClient/4.5.9 (Java/1.8.0_282)" 453 0.006 [edge365-wise-mplus-userfunctions-80] [] 10.32.12.75:8080 102 0.004 200 ffa3137a07f603e991cdd4131d449d17
10.32.12.68 - - [29/Apr/2024:06:33:15 +0000] "POST /object/alarm/status HTTP/1.1" 200 102 "-" "Apache-HttpClient/4.5.9 (Java/1.8.0_282)" 453 0.005 [edge365-wise-mplus-userfunctions-80] [] 10.32.12.75:8080 102 0.004 200 924b0a063f1b5cc82fe2316427c6af9d
10.32.12.195 - - [29/Apr/2024:06:33:15 +0000] "POST /object/alarm/status HTTP/1.1" 200 102 "-" "Apache-HttpClient/4.5.9 (Java/1.8.0_282)" 453 0.006 [edge365-wise-mplus-userfunctions-80] [] 10.32.12.75:8080 102 0.004 200 ad1c6f2ed641297e8519a0359cadc0ba
10.32.12.131 - - [29/Apr/2024:06:33:15 +0000] "POST /object/alarm/status HTTP/1.1" 200 102 "-" "Apache-HttpClient/4.5.9 (Java/1.8.0_282)" 453 0.005 [edge365-wise-mplus-userfunctions-80] [] 10.32.12.75:8080 102 0.004 200 e68df51304a46410c78014ee58e0f45d
10.32.12.131 - - [29/Apr/2024:06:33:15 +0000] "POST /object/alarm/status HTTP/1.1" 200 102 "-" "Apache-HttpClient/4.5.9 (Java/1.8.0_282)" 453 0.006 [edge365-wise-mplus-userfunctions-80] [] 10.32.12.75:8080 102 0.008 200 90cea0135270b569f1f69f174871dd96
10.32.12.131 - - [29/Apr/2024:06:33:15 +0000] "POST /object/alarm/status HTTP/1.1" 200 102 "-" "Apache-HttpClient/4.5.9 (Java/1.8.0_282)" 453 0.005 [edge365-wise-mplus-userfunctions-80] [] 10.32.12.75:8080 102 0.008 200 4b30e4335fb53ad87ba059e9eafb934a
10.32.12.131 - - [29/Apr/2024:06:33:15 +0000] "POST /object/alarm/status HTTP/1.1" 200 102 "-" "Apache-HttpClient/4.5.9 (Java/1.8.0_282)" 453 0.005 [edge365-wise-mplus-userfunctions-80] [] 10.32.12.75:8080 102 0.004 200 3d88a533ae9882a00e1d246294829b1c
10.32.12.5 - - [29/Apr/2024:06:33:15 +0000] "POST /object/alarm/status HTTP/1.1" 200 102 "-" "Apache-HttpClient/4.5.9 (Java/1.8.0_282)" 453 0.006 [edge365-wise-mplus-userfunctions-80] [] 10.32.12.75:8080 102 0.004 200 bf1e9876638bf3e96aaeebf867c400e0
10.32.12.131 - - [29/Apr/2024:06:33:15 +0000] "POST /group/param/sum HTTP/1.1" 200 103 "-" "Apache-HttpClient/4.5.9 (Java/1.8.0_282)" 455 0.012 [edge365-wise-mplus-userfunctions-80] [] 10.32.12.75:8080 103 0.008 200 98c679b6a1b46666bd5b5a88691e3c0c
10.32.12.195 - - [29/Apr/2024:06:33:16 +0000] "POST /group/param/sum HTTP/1.1" 200 106 "-" "Apache-HttpClient/4.5.9 (Java/1.8.0_282)" 455 0.007 [edge365-wise-mplus-userfunctions-80] [] 10.32.12.75:8080 106 0.008 200 76da84a075bf3fede1b272180bb47d94
10.32.12.68 - - [29/Apr/2024:06:33:16 +0000] "POST /group/param/sum HTTP/1.1" 200 104 "-" "Apache-HttpClient/4.5.9 (Java/1.8.0_282)" 455 0.011 [edge365-wise-mplus-userfunctions-80] [] 10.32.12.75:8080 104 0.012 200 05931ae40b425e5fab6c4e3a954d5949
10.32.12.5 - - [29/Apr/2024:06:33:18 +0000] "POST /group/alarm/status HTTP/1.1" 200 101 "-" "Apache-HttpClient/4.5.9 (Java/1.8.0_282)" 451 0.012 [edge365-wise-mplus-userfunctions-80] [] 10.32.12.75:8080 101 0.012 200 fa2d1783854a3ecb11db702b84765936
10.32.12.68 - - [29/Apr/2024:06:33:19 +0000] "POST /group/param/sum HTTP/1.1" 200 115 "-" "Apache-HttpClient/4.5.9 (Java/1.8.0_282)" 454 0.799 [edge365-wise-mplus-userfunctions-80] [] 10.32.12.75:8080 115 0.796 200 328edd52987b796f286b0a00df45d340
10.32.12.131 - - [29/Apr/2024:06:33:20 +0000] "POST /group/param/sum HTTP/1.1" 200 114 "-" "Apache-HttpClient/4.5.9 (Java/1.8.0_282)" 455 1.274 [edge365-wise-mplus-userfunctions-80] [] 10.32.12.75:8080 114 1.276 200 83557fd6228b98cbefbb39338756eb2b
10.32.12.131 - - [29/Apr/2024:06:33:22 +0000] "POST /group/param/sum HTTP/1.1" 200 114 "-" "Apache-HttpClient/4.5.9 (Java/1.8.0_282)" 457 0.852 [edge365-wise-mplus-userfunctions-80] [] 10.32.12.75:8080 114 0.852 200 4b994bd2f84830481e69544fe1ea270a
10.32.12.131 - - [29/Apr/2024:06:33:42 +0000] "POST /v1.0/cert/device/status/04852cee-5961-4b71-ac2d-5c9076e790ad HTTP/1.1" 200 94 "-" "go-resty/2.7.0 (https://github.com/go-resty/resty)" 601 0.012 [edge365-api-cert-revoke-80] [] 10.32.12.95:3000 94 0.012 200 864675d413fe28a529c91a62aa889b9e
10.32.12.131 - - [29/Apr/2024:06:33:43 +0000] "POST /v1.0/cert/device/status/57fcc025-dbf6-4cc3-ba57-482f4ab6d3db HTTP/1.1" 200 94 "-" "go-resty/2.7.0 (https://github.com/go-resty/resty)" 601 0.005 [edge365-api-cert-revoke-80] [] 10.32.12.95:3000 94 0.008 200 6da8a1b6cd49d76a4d009b2966f8dbfa
10.32.12.131 - - [29/Apr/2024:06:33:45 +0000] "POST /portal-proxy/edge/status HTTP/1.1" 200 376 "https://portal-dpm-edge365-solarscada.sembcorp.net/" "Mozilla/5.0 (Windows NT 10.0; Win64; x64) AppleWebKit/537.36 (KHTML, like Gecko) Chrome/123.0.0.0 Safari/537.36" 2308 0.067 [edge365-portal-dpm-80] [] 10.32.12.121:8080 376 0.064 200 4ab594f2eba1ef186d133ec07cd831b2
10.32.12.5 - - [29/Apr/2024:06:33:45 +0000] "GET /dm-proxy/v1.1/org/41/device/list HTTP/1.1" 200 5680 "https://portal-dpm-edge365-solarscada.sembcorp.net/" "Mozilla/5.0 (Windows NT 10.0; Win64; x64) AppleWebKit/537.36 (KHTML, like Gecko) Chrome/123.0.0.0 Safari/537.36" 2218 0.115 [edge365-portal-dpm-80] [] 10.32.12.121:8080 5674 0.116 200 ae5fef881853f2f0ccfa41743edc9370
10.32.12.131 - - [29/Apr/2024:06:33:52 +0000] "POST /v1.0/cert/device/status/69a7f7f4-f74d-4df8-863f-346e73073c85 HTTP/1.1" 200 94 "-" "go-resty/2.7.0 (https://github.com/go-resty/resty)" 601 0.008 [edge365-api-cert-revoke-80] [] 10.32.12.95:3000 94 0.008 200 60059b79d890dc2ebd7e5f5f3ecf9a28
10.32.12.195 - - [29/Apr/2024:06:33:54 +0000] "POST /v1.0/cert/device/status/69a7f7f4-f74d-4df8-863f-346e73073c85 HTTP/1.1" 200 94 "-" "go-resty/2.7.0 (https://github.com/go-resty/resty)" 601 0.005 [edge365-api-cert-revoke-80] [] 10.32.12.95:3000 94 0.004 200 bc3b69d480eed6ed8f63fe365a3929f0
10.32.12.68 - - [29/Apr/2024:06:33:57 +0000] "POST /v1.0/cert/device/status/f4d15f76-b79b-4cc9-aa5b-74291ab489be HTTP/1.1" 200 94 "-" "go-resty/2.7.0 (https://github.com/go-resty/resty)" 529 0.005 [edge365-api-cert-revoke-80] [] 10.32.12.95:3000 94 0.004 200 bfa19b585832c0992b5c3394df1d787e
10.32.12.195 - - [29/Apr/2024:06:34:01 +0000] "POST /v1.0/cert/device/status/33bd5e9e-e880-42b7-96c7-7bee1ec3840c HTTP/1.1" 200 94 "-" "go-resty/2.7.0 (https://github.com/go-resty/resty)" 601 0.005 [edge365-api-cert-revoke-80] [] 10.32.12.95:3000 94 0.004 200 e52835aef7d469ae35ca1dbf2ed32baa
10.32.12.131 - - [29/Apr/2024:06:34:20 +0000] "POST /v1.0/cert/device/status/cd096b75-b04e-4ccf-8162-1f251855693c HTTP/1.1" 200 94 "-" "go-resty/2.7.0 (https://github.com/go-resty/resty)" 601 0.008 [edge365-api-cert-revoke-80] [] 10.32.12.95:3000 94 0.008 200 fc806915ed4d28665f7f820404ef16a8
10.32.12.5 - - [29/Apr/2024:06:34:22 +0000] "GET /v4.0/health HTTP/1.1" 200 62 "-" "axios/0.18.0" 160 0.009 [ensaas-service-sso-http] [] 10.32.12.107:8080 62 0.008 200 1fd67509954aa4aa33a40d5476144bc5
10.32.12.195 - - [29/Apr/2024:06:34:28 +0000] "POST /v1.0/cert/device/status/f969ba00-f059-4836-8795-05d9b56e8f87 HTTP/1.1" 200 94 "-" "go-resty/2.7.0 (https://github.com/go-resty/resty)" 601 0.015 [edge365-api-cert-revoke-80] [] 10.32.12.95:3000 94 0.016 200 0bec1e32f6ac8d8be4c1f77575d8320e
10.32.12.195 - - [29/Apr/2024:06:34:41 +0000] "POST /v1.0/cert/device/status/04852cee-5961-4b71-ac2d-5c9076e790ad HTTP/1.1" 200 94 "-" "go-resty/2.7.0 (https://github.com/go-resty/resty)" 601 0.008 [edge365-api-cert-revoke-80] [] 10.32.12.95:3000 94 0.008 200 1e651e91b44e7b2fc85120ae2faf9f01
10.32.12.68 - - [29/Apr/2024:06:34:45 +0000] "POST /portal-proxy/edge/status HTTP/1.1" 200 376 "https://portal-dpm-edge365-solarscada.sembcorp.net/" "Mozilla/5.0 (Windows NT 10.0; Win64; x64) AppleWebKit/537.36 (KHTML, like Gecko) Chrome/123.0.0.0 Safari/537.36" 2308 0.065 [edge365-portal-dpm-80] [] 10.32.12.121:8080 376 0.064 200 428ec32e425c31255dd8dee8ec8f7484
10.32.12.68 - - [29/Apr/2024:06:34:45 +0000] "GET /dm-proxy/v1.1/org/41/device/list HTTP/1.1" 200 5708 "https://portal-dpm-edge365-solarscada.sembcorp.net/" "Mozilla/5.0 (Windows NT 10.0; Win64; x64) AppleWebKit/537.36 (KHTML, like Gecko) Chrome/123.0.0.0 Safari/537.36" 2218 0.132 [edge365-portal-dpm-80] [] 10.32.12.121:8080 5682 0.132 200 94198c5e1a15535d00e74ba1cc334725
10.32.12.5 - - [29/Apr/2024:06:34:52 +0000] "GET /v1/health/liveness HTTP/1.1" 404 19 "-" "axios/0.18.0" 166 0.005 [ensaas-service-kubeensaas-80] [] 10.32.12.118:8080 19 0.004 404 bfde4df1cd44f47891689bcf182c7f90
10.32.12.5 - - [29/Apr/2024:06:34:52 +0000] "GET / HTTP/1.1" 200 519 "-" "axios/0.18.0" 148 0.002 [ensaas-service-kubeensaas-80] [] 10.32.12.118:8080 519 0.000 200 02684746219a9aef809b08404fd509c0
10.32.12.5 - - [29/Apr/2024:06:34:53 +0000] "POST /v1.0/cert/device/status/57fcc025-dbf6-4cc3-ba57-482f4ab6d3db HTTP/1.1" 200 94 "-" "go-resty/2.7.0 (https://github.com/go-resty/resty)" 601 0.006 [edge365-api-cert-revoke-80] [] 10.32.12.95:3000 94 0.008 200 78eca1fdfc3e6e7a5758b96babaa4c47
10.32.12.5 - - [29/Apr/2024:06:34:54 +0000] "POST /v1.0/cert/device/status/69a7f7f4-f74d-4df8-863f-346e73073c85 HTTP/1.1" 200 94 "-" "go-resty/2.7.0 (https://github.com/go-resty/resty)" 601 0.005 [edge365-api-cert-revoke-80] [] 10.32.12.95:3000 94 0.008 200 a651de6952cfea7bb109bc2d0711b4c3
10.32.12.131 - - [29/Apr/2024:06:34:55 +0000] "POST /v1.0/cert/device/status/f4d15f76-b79b-4cc9-aa5b-74291ab489be HTTP/1.1" 200 94 "-" "go-resty/2.7.0 (https://github.com/go-resty/resty)" 529 0.005 [edge365-api-cert-revoke-80] [] 10.32.12.95:3000 94 0.004 200 bcd3eae500ec16b6865b7e6434f1ae8e
10.32.12.5 - - [29/Apr/2024:06:35:00 +0000] "POST /v1.0/cert/device/status/33bd5e9e-e880-42b7-96c7-7bee1ec3840c HTTP/1.1" 200 94 "-" "go-resty/2.7.0 (https://github.com/go-resty/resty)" 601 0.007 [edge365-api-cert-revoke-80] [] 10.32.12.95:3000 94 0.004 200 89855017887795b28063384199801121
10.32.12.68 - - [29/Apr/2024:06:35:19 +0000] "POST /group/param/sum HTTP/1.1" 200 115 "-" "Apache-HttpClient/4.5.9 (Java/1.8.0_282)" 453 0.478 [edge365-wise-mplus-userfunctions-80] [] 10.32.12.75:8080 115 0.480 200 86aaca73ddc34ed1a50653fce7f1a8d4
10.32.12.131 - - [29/Apr/2024:06:35:22 +0000] "POST /v1.0/cert/device/status/cd096b75-b04e-4ccf-8162-1f251855693c HTTP/1.1" 200 94 "-" "go-resty/2.7.0 (https://github.com/go-resty/resty)" 601 0.006 [edge365-api-cert-revoke-80] [] 10.32.12.95:3000 94 0.004 200 d1bae444a4c37da7d982b00fd26180bc
10.32.12.5 - - [29/Apr/2024:06:35:29 +0000] "POST /v1.0/cert/device/status/872eae8b-ee9e-4434-842c-928b0cbf55d6 HTTP/1.1" 200 94 "-" "go-resty/2.7.0 (https://github.com/go-resty/resty)" 601 0.008 [edge365-api-cert-revoke-80] [] 10.32.12.95:3000 94 0.008 200 cb968e23ab7534d707e496597813c5b2
10.32.12.5 - - [29/Apr/2024:06:35:30 +0000] "POST /v1.0/cert/device/status/f969ba00-f059-4836-8795-05d9b56e8f87 HTTP/1.1" 200 94 "-" "go-resty/2.7.0 (https://github.com/go-resty/resty)" 601 0.005 [edge365-api-cert-revoke-80] [] 10.32.12.95:3000 94 0.004 200 5229a51c3c2ea456afc3c207ab87967b
10.32.12.131 - - [29/Apr/2024:06:35:31 +0000] "POST /v1.0/cert/device/status/872eae8b-ee9e-4434-842c-928b0cbf55d6 HTTP/1.1" 200 94 "-" "go-resty/2.7.0 (https://github.com/go-resty/resty)" 601 0.011 [edge365-api-cert-revoke-80] [] 10.32.12.95:3000 94 0.012 200 76868ab175a0a6c5a809aa8c2eb7b0dc
10.32.12.5 - - [29/Apr/2024:06:35:33 +0000] "POST /v1.0/cert/device/status/bf8dcf19-7297-47d7-8ddf-fcbb58dc4163 HTTP/1.1" 200 94 "-" "go-resty/2.7.0 (https://github.com/go-resty/resty)" 601 0.005 [edge365-api-cert-revoke-80] [] 10.32.12.95:3000 94 0.004 200 3cc26afa0db8f964b9e2349bdb583574
10.32.12.5 - - [29/Apr/2024:06:35:36 +0000] "POST /v1.0/cert/device/status/bf8dcf19-7297-47d7-8ddf-fcbb58dc4163 HTTP/1.1" 200 94 "-" "go-resty/2.7.0 (https://github.com/go-resty/resty)" 601 0.006 [edge365-api-cert-revoke-80] [] 10.32.12.95:3000 94 0.008 200 4e163c9b88f10245761b6da4fcc13622
10.32.12.5 - - [29/Apr/2024:06:35:43 +0000] "POST /v1.0/cert/device/status/04852cee-5961-4b71-ac2d-5c9076e790ad HTTP/1.1" 200 94 "-" "go-resty/2.7.0 (https://github.com/go-resty/resty)" 601 0.007 [edge365-api-cert-revoke-80] [] 10.32.12.95:3000 94 0.008 200 ac2737fa5e14b26b51b75bf12c89747d
10.32.12.131 - - [29/Apr/2024:06:35:45 +0000] "POST /portal-proxy/edge/status HTTP/1.1" 200 376 "https://portal-dpm-edge365-solarscada.sembcorp.net/" "Mozilla/5.0 (Windows NT 10.0; Win64; x64) AppleWebKit/537.36 (KHTML, like Gecko) Chrome/123.0.0.0 Safari/537.36" 2308 0.070 [edge365-portal-dpm-80] [] 10.32.12.121:8080 376 0.072 200 d506de8bcc3acaf050efe74d5972a668
10.32.12.5 - - [29/Apr/2024:06:35:45 +0000] "GET /dm-proxy/v1.1/org/41/device/list HTTP/1.1" 200 5690 "https://portal-dpm-edge365-solarscada.sembcorp.net/" "Mozilla/5.0 (Windows NT 10.0; Win64; x64) AppleWebKit/537.36 (KHTML, like Gecko) Chrome/123.0.0.0 Safari/537.36" 2218 0.138 [edge365-portal-dpm-80] [] 10.32.12.121:8080 5671 0.140 200 4bc5666b4ad9767959142f642f1b1804
10.32.12.131 - - [29/Apr/2024:06:35:45 +0000] "POST /group/alarm/status HTTP/1.1" 499 0 "-" "Apache-HttpClient/4.5.9 (Java/1.8.0_282)" 450 5.003 [edge365-wise-mplus-userfunctions-80] [] 10.32.12.75:8080 0 5.004 - dbe03817d5e54f4cf817b5cad04720f6
10.32.12.5 - - [29/Apr/2024:06:35:52 +0000] "GET /v1/health/liveness HTTP/1.1" 404 19 "-" "axios/0.18.0" 166 0.002 [ensaas-service-kubeensaas-80] [] 10.32.12.118:8080 19 0.000 404 313922ff570d72f231d448b7530ed94f
10.32.12.5 - - [29/Apr/2024:06:35:52 +0000] "GET / HTTP/1.1" 200 519 "-" "axios/0.18.0" 148 0.002 [ensaas-service-kubeensaas-80] [] 10.32.12.118:8080 519 0.000 200 5d9a897408a714ad7c4c144db420157f
10.32.12.5 - - [29/Apr/2024:06:35:56 +0000] "POST /v1.0/cert/device/status/3623afdf-88db-42cc-a56a-8ab928fb7f7e HTTP/1.1" 200 94 "-" "go-resty/2.7.0 (https://github.com/go-resty/resty)" 601 0.009 [edge365-api-cert-revoke-80] [] 10.32.12.95:3000 94 0.008 200 52ce15ead680fcc8d654a1b66cd12b1c
10.32.12.5 - - [29/Apr/2024:06:35:58 +0000] "POST /v1.0/cert/device/status/69a7f7f4-f74d-4df8-863f-346e73073c85 HTTP/1.1" 200 94 "-" "go-resty/2.7.0 (https://github.com/go-resty/resty)" 601 0.007 [edge365-api-cert-revoke-80] [] 10.32.12.95:3000 94 0.004 200 bd5c40cf829eb9f33f8f339e84479a4a
10.32.12.195 - - [29/Apr/2024:06:36:06 +0000] "POST /v1.0/cert/device/status/46427a01-7efe-4fc5-b1f9-dd01e6ed0433 HTTP/1.1" 200 94 "-" "go-resty/2.7.0 (https://github.com/go-resty/resty)" 601 0.008 [edge365-api-cert-revoke-80] [] 10.32.12.95:3000 94 0.008 200 3957b4f7836bb40114a95c92503cc8eb
10.32.12.5 - - [29/Apr/2024:06:36:22 +0000] "GET /v4.0/health HTTP/1.1" 200 62 "-" "axios/0.18.0" 160 0.019 [ensaas-service-sso-http] [] 10.32.12.107:8080 62 0.016 200 3733261fa020ecbf940054b84ec6a3ae
10.32.12.195 - - [29/Apr/2024:06:36:23 +0000] "POST /v1.0/cert/device/status/f969ba00-f059-4836-8795-05d9b56e8f87 HTTP/1.1" 200 94 "-" "go-resty/2.7.0 (https://github.com/go-resty/resty)" 601 0.008 [edge365-api-cert-revoke-80] [] 10.32.12.95:3000 94 0.008 200 1329286c5cbe71069dfe2a45f51453c0
10.32.12.131 - - [29/Apr/2024:06:36:26 +0000] "POST /v1.0/cert/device/status/cd096b75-b04e-4ccf-8162-1f251855693c HTTP/1.1" 200 94 "-" "go-resty/2.7.0 (https://github.com/go-resty/resty)" 601 0.006 [edge365-api-cert-revoke-80] [] 10.32.12.95:3000 94 0.004 200 561699063bddf143dac5ee6ff3ef8123
10.32.12.5 - - [29/Apr/2024:06:36:31 +0000] "POST /v1.0/cert/device/status/872eae8b-ee9e-4434-842c-928b0cbf55d6 HTTP/1.1" 200 94 "-" "go-resty/2.7.0 (https://github.com/go-resty/resty)" 601 0.005 [edge365-api-cert-revoke-80] [] 10.32.12.95:3000 94 0.004 200 29d4fa6667d61f2810c30ae948b958ec
10.32.12.131 - - [29/Apr/2024:06:36:45 +0000] "POST /portal-proxy/edge/status HTTP/1.1" 200 376 "https://portal-dpm-edge365-solarscada.sembcorp.net/" "Mozilla/5.0 (Windows NT 10.0; Win64; x64) AppleWebKit/537.36 (KHTML, like Gecko) Chrome/123.0.0.0 Safari/537.36" 2308 0.073 [edge365-portal-dpm-80] [] 10.32.12.121:8080 376 0.072 200 9f75c691dacdc5d2f5cd0dd09e945227
10.32.12.195 - - [29/Apr/2024:06:36:49 +0000] "POST /v1.0/cert/device/status/04852cee-5961-4b71-ac2d-5c9076e790ad HTTP/1.1" 200 94 "-" "go-resty/2.7.0 (https://github.com/go-resty/resty)" 601 0.008 [edge365-api-cert-revoke-80] [] 10.32.12.95:3000 94 0.008 200 0c08b9397745822adcc514a04ecf9263
10.32.12.131 - - [29/Apr/2024:06:36:49 +0000] "POST /v1.0/cert/device/status/57fcc025-dbf6-4cc3-ba57-482f4ab6d3db HTTP/1.1" 200 94 "-" "go-resty/2.7.0 (https://github.com/go-resty/resty)" 601 0.005 [edge365-api-cert-revoke-80] [] 10.32.12.95:3000 94 0.008 200 ee5dede048e4caad8408c434f977d9ac
10.32.12.5 - - [29/Apr/2024:06:36:52 +0000] "GET /v1/health/liveness HTTP/1.1" 404 19 "-" "axios/0.18.0" 166 0.002 [ensaas-service-kubeensaas-80] [] 10.32.12.118:8080 19 0.004 404 16cb5e2d5c027dcdda084f3e5eaa82f3
10.32.12.5 - - [29/Apr/2024:06:36:52 +0000] "GET / HTTP/1.1" 200 519 "-" "axios/0.18.0" 148 0.001 [ensaas-service-kubeensaas-80] [] 10.32.12.118:8080 519 0.004 200 b7a2d9c3a18e0def564c17f90f2a2efb
10.32.12.68 - - [29/Apr/2024:06:36:59 +0000] "POST /v1.0/cert/device/status/f4d15f76-b79b-4cc9-aa5b-74291ab489be HTTP/1.1" 200 94 "-" "go-resty/2.7.0 (https://github.com/go-resty/resty)" 529 0.007 [edge365-api-cert-revoke-80] [] 10.32.12.95:3000 94 0.008 200 90935202b11500a48da37dea2f2334a3
10.32.12.5 - - [29/Apr/2024:06:37:07 +0000] "POST /v1.0/cert/device/status/33bd5e9e-e880-42b7-96c7-7bee1ec3840c HTTP/1.1" 200 94 "-" "go-resty/2.7.0 (https://github.com/go-resty/resty)" 601 0.007 [edge365-api-cert-revoke-80] [] 10.32.12.95:3000 94 0.008 200 76d0b39f2f46d2d962faf509afa648d8
10.32.12.5 - - [29/Apr/2024:06:37:09 +0000] "POST /v1.0/cert/device/status/46427a01-7efe-4fc5-b1f9-dd01e6ed0433 HTTP/1.1" 200 94 "-" "go-resty/2.7.0 (https://github.com/go-resty/resty)" 601 0.005 [edge365-api-cert-revoke-80] [] 10.32.12.95:3000 94 0.004 200 ae0112ecda739db550beae63ccb63294
10.32.12.131 - - [29/Apr/2024:06:37:11 +0000] "POST /v1.0/cert/device/status/46427a01-7efe-4fc5-b1f9-dd01e6ed0433 HTTP/1.1" 200 94 "-" "go-resty/2.7.0 (https://github.com/go-resty/resty)" 601 0.005 [edge365-api-cert-revoke-80] [] 10.32.12.95:3000 94 0.004 200 da04fe81290198e010f97e16fe3af1b8
10.32.12.5 - - [29/Apr/2024:06:37:22 +0000] "GET /v4.0/health HTTP/1.1" 200 62 "-" "axios/0.18.0" 160 0.009 [ensaas-service-sso-http] [] 10.32.12.107:8080 62 0.008 200 8adb9a173c741d07ee392ec759fd76b0
10.32.12.195 - - [29/Apr/2024:06:37:25 +0000] "POST /v1.0/cert/device/status/f969ba00-f059-4836-8795-05d9b56e8f87 HTTP/1.1" 200 94 "-" "go-resty/2.7.0 (https://github.com/go-resty/resty)" 601 0.008 [edge365-api-cert-revoke-80] [] 10.32.12.95:3000 94 0.008 200 8e8b9a065e53bb43df24347f94fcaa14
10.32.12.5 - - [29/Apr/2024:06:37:45 +0000] "POST /v4.0/tokenvalidation HTTP/1.1" 200 658 "-" "axios/0.18.0" 791 0.004 [ensaas-service-sso-http] [] 10.32.12.107:8080 658 0.004 200 b4fd77d4e57b2414cf2142974bc21f42
10.32.12.5 - - [29/Apr/2024:06:37:45 +0000] "POST /portal-proxy/edge/status HTTP/1.1" 200 376 "https://portal-dpm-edge365-solarscada.sembcorp.net/" "Mozilla/5.0 (Windows NT 10.0; Win64; x64) AppleWebKit/537.36 (KHTML, like Gecko) Chrome/123.0.0.0 Safari/537.36" 2308 0.074 [edge365-portal-dpm-80] [] 10.32.12.121:8080 376 0.072 200 3e7f958c3da4fd56b798bbb4f9910310
10.32.12.5 - - [29/Apr/2024:06:37:52 +0000] "GET /v1/health/liveness HTTP/1.1" 404 19 "-" "axios/0.18.0" 166 0.005 [ensaas-service-kubeensaas-80] [] 10.32.12.118:8080 19 0.004 404 4d97a446c06f5e019a282182b8d6685f
10.32.12.5 - - [29/Apr/2024:06:37:52 +0000] "GET / HTTP/1.1" 200 519 "-" "axios/0.18.0" 148 0.004 [ensaas-service-kubeensaas-80] [] 10.32.12.118:8080 519 0.004 200 676cfbfc5a01e17f85ec0c7c0e578cee
10.32.12.68 - - [29/Apr/2024:06:37:58 +0000] "POST /v1.0/cert/device/status/3623afdf-88db-42cc-a56a-8ab928fb7f7e HTTP/1.1" 200 94 "-" "go-resty/2.7.0 (https://github.com/go-resty/resty)" 601 0.008 [edge365-api-cert-revoke-80] [] 10.32.12.95:3000 94 0.008 200 1d6c55b53a36420d98612d5b9cdddfd5
10.32.12.131 - - [29/Apr/2024:06:37:59 +0000] "POST /v1.0/cert/device/status/57fcc025-dbf6-4cc3-ba57-482f4ab6d3db HTTP/1.1" 200 94 "-" "go-resty/2.7.0 (https://github.com/go-resty/resty)" 601 0.006 [edge365-api-cert-revoke-80] [] 10.32.12.95:3000 94 0.008 200 b5f78cc44059f4190a7e1c1d0c387d1f
10.32.12.5 - - [29/Apr/2024:06:38:03 +0000] "POST /v1.0/cert/device/status/f4d15f76-b79b-4cc9-aa5b-74291ab489be HTTP/1.1" 200 94 "-" "go-resty/2.7.0 (https://github.com/go-resty/resty)" 529 0.021 [edge365-api-cert-revoke-80] [] 10.32.12.95:3000 94 0.020 200 0f8e7de5bca4199949cd1c2b4a24b820
10.32.12.68 - - [29/Apr/2024:06:38:03 +0000] "POST /v1.0/cert/device/status/69a7f7f4-f74d-4df8-863f-346e73073c85 HTTP/1.1" 200 94 "-" "go-resty/2.7.0 (https://github.com/go-resty/resty)" 601 0.007 [edge365-api-cert-revoke-80] [] 10.32.12.95:3000 94 0.008 200 da61f68c1a4ff1aa60922635076675cb
10.32.12.5 - - [29/Apr/2024:06:38:04 +0000] "POST /v1.0/cert/device/status/f4d15f76-b79b-4cc9-aa5b-74291ab489be HTTP/1.1" 200 94 "-" "go-resty/2.7.0 (https://github.com/go-resty/resty)" 529 0.008 [edge365-api-cert-revoke-80] [] 10.32.12.95:3000 94 0.008 200 853378df23231c14762e0f198e17200f
10.32.12.5 - - [29/Apr/2024:06:38:45 +0000] "POST /v4.0/tokenvalidation HTTP/1.1" 200 658 "-" "axios/0.18.0" 791 0.008 [ensaas-service-sso-http] [] 10.32.12.107:8080 658 0.008 200 c71f65eeb7047084802559940c61aa1a
10.32.12.195 - - [29/Apr/2024:06:38:45 +0000] "GET /dm-proxy/v1.1/org/41/device/list HTTP/1.1" 200 5697 "https://portal-dpm-edge365-solarscada.sembcorp.net/" "Mozilla/5.0 (Windows NT 10.0; Win64; x64) AppleWebKit/537.36 (KHTML, like Gecko) Chrome/123.0.0.0 Safari/537.36" 2218 0.145 [edge365-portal-dpm-80] [] 10.32.12.121:8080 5684 0.144 200 72361230cd0369b6fbda262377d96039
10.32.12.131 - - [29/Apr/2024:06:38:50 +0000] "POST /v1.0/cert/device/status/04852cee-5961-4b71-ac2d-5c9076e790ad HTTP/1.1" 200 94 "-" "go-resty/2.7.0 (https://github.com/go-resty/resty)" 601 0.007 [edge365-api-cert-revoke-80] [] 10.32.12.95:3000 94 0.008 200 1dbeec6f95757fd7a4d5e17e56d2aa40
10.32.12.68 - - [29/Apr/2024:06:39:02 +0000] "POST /v1.0/cert/device/status/3623afdf-88db-42cc-a56a-8ab928fb7f7e HTTP/1.1" 200 94 "-" "go-resty/2.7.0 (https://github.com/go-resty/resty)" 601 0.012 [edge365-api-cert-revoke-80] [] 10.32.12.95:3000 94 0.012 200 cff983dcc5838a28a9976475523b5633
10.32.12.195 - - [29/Apr/2024:06:39:05 +0000] "POST /v1.0/cert/device/status/f4d15f76-b79b-4cc9-aa5b-74291ab489be HTTP/1.1" 200 94 "-" "go-resty/2.7.0 (https://github.com/go-resty/resty)" 529 0.004 [edge365-api-cert-revoke-80] [] 10.32.12.95:3000 94 0.004 200 fa7d1f712c421f6ee4cb3232a9540f91
10.32.12.5 - - [29/Apr/2024:06:39:22 +0000] "GET /v4.0/health HTTP/1.1" 200 62 "-" "axios/0.18.0" 160 0.005 [ensaas-service-sso-http] [] 10.32.12.107:8080 62 0.004 200 c1ae0c221a939041c20cdfd29f40243c
10.32.12.195 - - [29/Apr/2024:06:39:30 +0000] "POST /v1.0/cert/device/status/cd096b75-b04e-4ccf-8162-1f251855693c HTTP/1.1" 200 94 "-" "go-resty/2.7.0 (https://github.com/go-resty/resty)" 601 0.007 [edge365-api-cert-revoke-80] [] 10.32.12.95:3000 94 0.004 200 fead426dc19d28020361fbbf01942bcd
10.32.12.195 - - [29/Apr/2024:06:39:41 +0000] "POST /v1.0/cert/device/status/872eae8b-ee9e-4434-842c-928b0cbf55d6 HTTP/1.1" 200 94 "-" "go-resty/2.7.0 (https://github.com/go-resty/resty)" 601 0.008 [edge365-api-cert-revoke-80] [] 10.32.12.95:3000 94 0.008 200 e6b279174b09c12d0b955289f40bb4e3
10.32.12.68 - - [29/Apr/2024:06:39:41 +0000] "POST /v1.0/cert/device/status/bf8dcf19-7297-47d7-8ddf-fcbb58dc4163 HTTP/1.1" 200 94 "-" "go-resty/2.7.0 (https://github.com/go-resty/resty)" 601 0.005 [edge365-api-cert-revoke-80] [] 10.32.12.95:3000 94 0.004 200 69727f7b17f102008d97c2ac18f9fc06
10.32.12.5 - - [29/Apr/2024:06:39:52 +0000] "GET /v4.0/health HTTP/1.1" 200 62 "-" "axios/0.18.0" 160 0.005 [ensaas-service-sso-http] [] 10.32.12.107:8080 62 0.004 200 2b7f75ebead9be20f28d8677bf353967
10.32.12.68 - - [29/Apr/2024:06:39:52 +0000] "POST /v1.0/cert/device/status/04852cee-5961-4b71-ac2d-5c9076e790ad HTTP/1.1" 200 94 "-" "go-resty/2.7.0 (https://github.com/go-resty/resty)" 601 0.007 [edge365-api-cert-revoke-80] [] 10.32.12.95:3000 94 0.004 200 7e9b54aae079b67f79aee4e0601716ce
10.32.12.5 - - [29/Apr/2024:06:40:03 +0000] "POST /v1.0/cert/device/status/57fcc025-dbf6-4cc3-ba57-482f4ab6d3db HTTP/1.1" 200 94 "-" "go-resty/2.7.0 (https://github.com/go-resty/resty)" 601 0.007 [edge365-api-cert-revoke-80] [] 10.32.12.95:3000 94 0.008 200 3caabccba381a27ac54e3165c2057e7f
10.32.12.131 - - [29/Apr/2024:06:40:08 +0000] "POST /v1.0/cert/device/status/69a7f7f4-f74d-4df8-863f-346e73073c85 HTTP/1.1" 200 94 "-" "go-resty/2.7.0 (https://github.com/go-resty/resty)" 601 0.004 [edge365-api-cert-revoke-80] [] 10.32.12.95:3000 94 0.004 200 efa16ff9b47c7a2deb69e88a0fdd2919
10.32.12.5 - - [29/Apr/2024:06:40:08 +0000] "POST /v1.0/cert/device/status/f4d15f76-b79b-4cc9-aa5b-74291ab489be HTTP/1.1" 200 94 "-" "go-resty/2.7.0 (https://github.com/go-resty/resty)" 529 0.004 [edge365-api-cert-revoke-80] [] 10.32.12.95:3000 94 0.004 200 96baa9ef04cb017bb40a095566bec003
10.32.12.5 - - [29/Apr/2024:06:40:11 +0000] "POST /v1.0/cert/device/status/33bd5e9e-e880-42b7-96c7-7bee1ec3840c HTTP/1.1" 200 94 "-" "go-resty/2.7.0 (https://github.com/go-resty/resty)" 601 0.005 [edge365-api-cert-revoke-80] [] 10.32.12.95:3000 94 0.004 200 ae6425055c1789de97374ea3474cf262
10.32.12.195 - - [29/Apr/2024:06:40:15 +0000] "POST /v1.0/cert/device/status/46427a01-7efe-4fc5-b1f9-dd01e6ed0433 HTTP/1.1" 200 94 "-" "go-resty/2.7.0 (https://github.com/go-resty/resty)" 601 0.006 [edge365-api-cert-revoke-80] [] 10.32.12.95:3000 94 0.004 200 5358c7ad2bb65e88e033808d34f0eae5
10.32.12.195 - - [29/Apr/2024:06:40:18 +0000] "POST /v1.0/cert/device/status/46427a01-7efe-4fc5-b1f9-dd01e6ed0433 HTTP/1.1" 200 94 "-" "go-resty/2.7.0 (https://github.com/go-resty/resty)" 601 0.012 [edge365-api-cert-revoke-80] [] 10.32.12.95:3000 94 0.016 200 571b4644ecd6982aa6d4c3938f0b1cd5
10.32.12.5 - - [29/Apr/2024:06:40:22 +0000] "GET /v1/health/liveness HTTP/1.1" 404 19 "-" "axios/0.18.0" 166 0.005 [ensaas-service-kubeensaas-80] [] 10.32.12.118:8080 19 0.008 404 265317d55ffd0df61d3f5c4e6f2f1dd3
10.32.12.5 - - [29/Apr/2024:06:40:22 +0000] "GET /v4.0/health HTTP/1.1" 200 62 "-" "axios/0.18.0" 160 0.005 [ensaas-service-sso-http] [] 10.32.12.107:8080 62 0.004 200 740ce7f82a69f1142432e82e81abf2d8
10.32.12.5 - - [29/Apr/2024:06:40:22 +0000] "GET / HTTP/1.1" 200 519 "-" "axios/0.18.0" 148 0.002 [ensaas-service-kubeensaas-80] [] 10.32.12.118:8080 519 0.004 200 1bdf095f893c2fee4428499c14ee3584
10.32.12.68 - - [29/Apr/2024:06:40:24 +0000] "POST /group/alarm/status HTTP/1.1" 499 0 "-" "Apache-HttpClient/4.5.9 (Java/1.8.0_282)" 450 4.992 [edge365-wise-mplus-userfunctions-80] [] 10.32.12.75:8080 0 4.992 - 01741ae0cf57b4525d8f840437ef322f
10.32.12.68 - - [29/Apr/2024:06:40:32 +0000] "POST /v1.0/cert/device/status/cd096b75-b04e-4ccf-8162-1f251855693c HTTP/1.1" 200 94 "-" "go-resty/2.7.0 (https://github.com/go-resty/resty)" 601 0.008 [edge365-api-cert-revoke-80] [] 10.32.12.95:3000 94 0.008 200 294460f7b1eab8dc1db75af8f7918393
10.32.12.131 - - [29/Apr/2024:06:40:35 +0000] "POST /v1.0/cert/device/status/cd096b75-b04e-4ccf-8162-1f251855693c HTTP/1.1" 200 94 "-" "go-resty/2.7.0 (https://github.com/go-resty/resty)" 601 0.005 [edge365-api-cert-revoke-80] [] 10.32.12.95:3000 94 0.004 200 bdde00774b473af9eade3c2093b22406
10.32.12.195 - - [29/Apr/2024:06:40:38 +0000] "POST /group/param/sum HTTP/1.1" 200 114 "-" "Apache-HttpClient/4.5.9 (Java/1.8.0_282)" 455 1.301 [edge365-wise-mplus-userfunctions-80] [] 10.32.12.75:8080 114 1.300 200 14966ea751bca3aed50fd0941aa6e886
10.32.12.195 - - [29/Apr/2024:06:40:41 +0000] "POST /group/param/sum HTTP/1.1" 200 106 "-" "Apache-HttpClient/4.5.9 (Java/1.8.0_282)" 457 1.441 [edge365-wise-mplus-userfunctions-80] [] 10.32.12.75:8080 106 1.440 200 3825d088242210323520f9ed25067c03
10.32.12.68 - - [29/Apr/2024:06:40:43 +0000] "POST /v1.0/cert/device/status/bf8dcf19-7297-47d7-8ddf-fcbb58dc4163 HTTP/1.1" 200 94 "-" "go-resty/2.7.0 (https://github.com/go-resty/resty)" 601 0.008 [edge365-api-cert-revoke-80] [] 10.32.12.95:3000 94 0.008 200 302969bcfb26f274ef2830b14b093956
10.32.12.195 - - [29/Apr/2024:06:40:45 +0000] "POST /portal-proxy/edge/status HTTP/1.1" 200 376 "https://portal-dpm-edge365-solarscada.sembcorp.net/" "Mozilla/5.0 (Windows NT 10.0; Win64; x64) AppleWebKit/537.36 (KHTML, like Gecko) Chrome/123.0.0.0 Safari/537.36" 2308 0.070 [edge365-portal-dpm-80] [] 10.32.12.121:8080 376 0.072 200 885f0f1a4fa1bda0ade6db964948aa26
10.32.12.68 - - [29/Apr/2024:06:40:54 +0000] "POST /v1.0/cert/device/status/04852cee-5961-4b71-ac2d-5c9076e790ad HTTP/1.1" 200 94 "-" "go-resty/2.7.0 (https://github.com/go-resty/resty)" 601 0.010 [edge365-api-cert-revoke-80] [] 10.32.12.95:3000 94 0.012 200 4604582df4490e8a3a495fc899fab389
